/home/bkai/miniconda3/envs/fastgs2/lib/python3.10/site-packages/torchvision/models/_utils.py:208: UserWarning: The parameter 'pretrained' is deprecated since 0.13 and may be removed in the future, please use 'weights' instead.
  warnings.warn(
/home/bkai/miniconda3/envs/fastgs2/lib/python3.10/site-packages/torchvision/models/_utils.py:223: UserWarning: Arguments other than a weight enum or `None` for 'weights' are deprecated since 0.13 and may be removed in the future. The current behavior is equivalent to passing `weights=VGG16_Weights.IMAGENET1K_V1`. You can also use `weights=VGG16_Weights.DEFAULT` to get the most up-to-date weights.
  warnings.warn(msg)
Setting up [LPIPS] perceptual loss: trunk [vgg], v[0.1], spatial [off]
Loading model from: /home/bkai/miniconda3/envs/fastgs2/lib/python3.10/site-packages/lpips/weights/v0.1/vgg.pth
=== per-arm mean |err| (0-255), 8 eval views ===
  K1_noUT_aa       10.478  shape_ok=True
  K2_clip_full     49.002  shape_ok=True
  K4_pC_seed1k     10.709  shape_ok=True
  K4_pC_seed7      11.021  shape_ok=True
  eps10            10.769  shape_ok=True
  eps20            10.808  shape_ok=True
  ppisp_pc         11.164  shape_ok=True
homogeneous pool: ['K1_noUT_aa', 'K4_pC_seed1k', 'K4_pC_seed7', 'eps10', 'eps20', 'ppisp_pc']

===== single_K4_pC_seed7  n=28  (after JPEG q100/ss2) =====
 region                 area%   L1     LFerr  HFerr  L1share LPIPSshare (1-SSIM)share  LPIPSdens/hf
  top 0-1 bg            25.0   4.289  2.677  2.824    15.1%    21.0%        14.5%      0.0589
  row2                  12.5   6.336  3.571  4.563    11.1%    11.2%        11.7%      0.0378
  mid 3-4 plant         25.0   8.223  5.053  5.399    28.9%    25.1%        26.7%      0.0384
  bottom 5-7 GLASS      37.5   8.515  5.145  5.556    44.9%    42.7%        47.1%      0.0465
  fit L1      = 2.837 + 0.6839*hf  |  resid%: top -30.1%  row2 -16.5%  mid +4.4%  bottom +11.4%  
  fit LPIPS   = 0.2492 + 0.005132*hf  |  resid%: top -14.1%  row2 -12.6%  mid -1.6%  bottom +11.2%  
  fit 1-SSIM  = 0.03006 + 0.02094*hf  |  resid%: top -22.2%  row2 -12.7%  mid -6.9%  bottom +13.9%  

===== ens_6  n=28  (after JPEG q100/ss2) =====
 region                 area%   L1     LFerr  HFerr  L1share LPIPSshare (1-SSIM)share  LPIPSdens/hf
  top 0-1 bg            25.0   3.656  2.088  2.554    14.5%    19.8%        13.6%      0.0531
  row2                  12.5   5.680  3.031  4.212    11.2%    10.8%        11.3%      0.0351
  mid 3-4 plant         25.0   7.318  4.344  4.964    28.9%    25.0%        26.2%      0.0367
  bottom 5-7 GLASS      37.5   7.648  4.299  5.246    45.4%    44.4%        48.8%      0.0463
  fit L1      = 2.321 + 0.6397*hf  |  resid%: top -33.7%  row2 -15.7%  mid +4.0%  bottom +12.1%  
  fit LPIPS   = 0.2316 + 0.006061*hf  |  resid%: top -20.1%  row2 -16.5%  mid -2.4%  bottom +14.3%  
  fit 1-SSIM  = 0.02455 + 0.01947*hf  |  resid%: top -28.6%  row2 -16.0%  mid -9.1%  bottom +16.6%  
