419.4MB > 350.0MB, re-encoding chair at q99
413.3MB > 350.0MB, re-encoding chair at q98
403.4MB > 350.0MB, re-encoding HCM0421 at q99
396.5MB > 350.0MB, re-encoding HCM0540 at q99
389.5MB > 350.0MB, re-encoding HCM0539 at q99
382.5MB > 350.0MB, re-encoding HCM0674 at q99
375.6MB > 350.0MB, re-encoding HCM0644 at q99
368.8MB > 350.0MB, re-encoding HCM0421 at q98
360.4MB > 350.0MB, re-encoding chair at q97
355.4MB > 350.0MB, re-encoding HCM0540 at q98
OK: /mnt/d/avv/submissions/sub_round23_jpegfix.zip  347.0MB  386 files
  HCM0421: q98 ss2
  HCM0539: q99 ss2
  HCM0540: q98 ss2
  HCM0644: q99 ss2
  HCM0674: q99 ss2
  bonsai: q100 ss0 keep_rgb
  chair: q97 ss0 keep_rgb
=== verify ===
CRC: OK
  HCM0421:  60/60 exact, all 1320x989, JPEG
  HCM0539:  60/60 exact, all 1320x989, JPEG
  HCM0540:  60/60 exact, all 1320x989, JPEG
  HCM0644:  60/60 exact, all 1320x989, JPEG
  HCM0674:  60/60 exact, all 1320x989, JPEG
  bonsai:  28/28 exact, all 1920x1080, JPEG
  chair:  58/58 exact, all 720x1280, JPEG

files 386/386   size 347.0 MB (limit 350.0)
VERIFY PASSED
=== confirm video scenes really are keep_rgb RGB-mode jpegs, towers unchanged ===
bonsai   bonsai/frame_000080.jpg      fmt=JPEG mode=RGB size=(1920, 1080) bytes= 1926451  (r22   797608)
chair    chair/frame_000025.jpg       fmt=JPEG mode=RGB size=(720, 1280) bytes= 1130257  (r22   597635)
HCM0421  HCM0421/DJI_20241230093347_0009_V.JPG fmt=JPEG mode=RGB size=(1320, 989) bytes=  869885  (r22  1013262)
all scenes decode as real JPEGs at correct size
=== R23 BUILD DONE Sun Jul 26 02:19:15 +07 2026 ===
