=== HCM0421: refitting field with median estimator ===
  fit on 120 pairs -> field 165x123  mean |d| 0.156 px  max 1.02 px
saved -> /mnt/d/avv/fields_median/HCM0421.npy (+ .meta.json)
=== HCM0539: refitting field with median estimator ===
  fit on 120 pairs -> field 165x123  mean |d| 0.160 px  max 1.56 px
saved -> /mnt/d/avv/fields_median/HCM0539.npy (+ .meta.json)
=== HCM0540: refitting field with median estimator ===
  fit on 120 pairs -> field 165x123  mean |d| 0.158 px  max 1.07 px
saved -> /mnt/d/avv/fields_median/HCM0540.npy (+ .meta.json)
=== HCM0644: refitting field with median estimator ===
  fit on 120 pairs -> field 165x123  mean |d| 0.158 px  max 1.24 px
saved -> /mnt/d/avv/fields_median/HCM0644.npy (+ .meta.json)
=== HCM0674: refitting field with median estimator ===
  fit on 120 pairs -> field 165x123  mean |d| 0.157 px  max 1.26 px
saved -> /mnt/d/avv/fields_median/HCM0674.npy (+ .meta.json)

=== HCM0421: applying median field to r25's ensemble ===
field HCM0421.npy: mean|d| 0.1013px  max|d| 0.8377px
corrected 60 images -> /mnt/d/avv/r26/tower_ens/HCM0421/png
=== HCM0539: applying median field to r25's ensemble ===
field HCM0539.npy: mean|d| 0.1039px  max|d| 1.1304px
corrected 60 images -> /mnt/d/avv/r26/tower_ens/HCM0539/png
=== HCM0540: applying median field to r25's ensemble ===
field HCM0540.npy: mean|d| 0.1025px  max|d| 0.8351px
corrected 60 images -> /mnt/d/avv/r26/tower_ens/HCM0540/png
=== HCM0644: applying median field to r25's ensemble ===
field HCM0644.npy: mean|d| 0.1024px  max|d| 1.0476px
corrected 60 images -> /mnt/d/avv/r26/tower_ens/HCM0644/png
=== HCM0674: applying median field to r25's ensemble ===
field HCM0674.npy: mean|d| 0.1013px  max|d| 1.1281px
corrected 60 images -> /mnt/d/avv/r26/tower_ens/HCM0674/png
=== assemble: 5 towers refielded, chair+bonsai byte-identical from r25 ===
re-encoded 300 tower files, copied 86 chair/bonsai verbatim
=== verify ===
CRC: OK
  HCM0421:  60/60 exact, all 1320x989, JPEG
  HCM0539:  60/60 exact, all 1320x989, JPEG
  HCM0540:  60/60 exact, all 1320x989, JPEG
  HCM0644:  60/60 exact, all 1320x989, JPEG
  HCM0674:  60/60 exact, all 1320x989, JPEG
  bonsai:  28/28 exact, all 1920x1080, JPEG
  chair:  58/58 exact, all 720x1280, JPEG

files 386/386   size 344.1 MB (limit 350.0)
VERIFY PASSED
=== confirm ONLY the towers differ from r25 ===
scenes changed vs r25: ['HCM0421', 'HCM0539', 'HCM0540', 'HCM0644', 'HCM0674']
CONFIRMED: single-variable (field estimator only); chair+bonsai byte-identical
=== R26 BUILD DONE Mon Jul 27 09:20:48 +07 2026 ===
