=== HCM0421: 6-member base (w 0.8) + mip3d (w 0.2) -> field -> ===
Ensembled 60 images from 2 members -> /mnt/d/avv/r25/tower_ens/HCM0421/jpg_tmp
field HCM0421.npy: mean|d| 0.1112px  max|d| 1.0067px
corrected 60 images -> /mnt/d/avv/r25/tower_ens/HCM0421/png
=== HCM0539: 6-member base (w 0.8) + mip3d (w 0.2) -> field -> ===
Ensembled 60 images from 2 members -> /mnt/d/avv/r25/tower_ens/HCM0539/jpg_tmp
field HCM0539.npy: mean|d| 0.1165px  max|d| 1.1973px
corrected 60 images -> /mnt/d/avv/r25/tower_ens/HCM0539/png
=== HCM0540: 6-member base (w 0.8) + mip3d (w 0.2) -> field -> ===
Ensembled 60 images from 2 members -> /mnt/d/avv/r25/tower_ens/HCM0540/jpg_tmp
field HCM0540.npy: mean|d| 0.1129px  max|d| 1.0178px
corrected 60 images -> /mnt/d/avv/r25/tower_ens/HCM0540/png
=== HCM0644: 6-member base (w 0.8) + mip3d (w 0.2) -> field -> ===
Ensembled 60 images from 2 members -> /mnt/d/avv/r25/tower_ens/HCM0644/jpg_tmp
field HCM0644.npy: mean|d| 0.1252px  max|d| 0.9605px
corrected 60 images -> /mnt/d/avv/r25/tower_ens/HCM0644/png
=== HCM0674: 6-member base (w 0.8) + mip3d (w 0.2) -> field -> ===
Ensembled 60 images from 2 members -> /mnt/d/avv/r25/tower_ens/HCM0674/jpg_tmp
field HCM0674.npy: mean|d| 0.1163px  max|d| 1.3136px
corrected 60 images -> /mnt/d/avv/r25/tower_ens/HCM0674/png
=== assemble: 5 towers new, chair+bonsai byte-identical from r24 ===
re-encoded 300 tower files, copied 86 chair/bonsai files verbatim
=== verify ===
CRC: OK
  HCM0421:  60/60 exact, all 1320x989, JPEG
  HCM0539:  60/60 exact, all 1320x989, JPEG
  HCM0540:  60/60 exact, all 1320x989, JPEG
  HCM0644:  60/60 exact, all 1320x989, JPEG
  HCM0674:  60/60 exact, all 1320x989, JPEG
  bonsai:  28/28 exact, all 1920x1080, JPEG
  chair:  58/58 exact, all 720x1280, JPEG

files 386/386   size 343.8 MB (limit 350.0)
VERIFY PASSED
=== confirm ONLY the 5 towers differ from r24 ===
scenes changed vs r24: ['HCM0421', 'HCM0539', 'HCM0540', 'HCM0644', 'HCM0674']
CONFIRMED: chair + bonsai byte-identical to r24; only towers changed
=== R25 BUILD DONE Mon Jul 27 08:17:48 +07 2026 ===
