240/371 images.bin entries have files in /home/bkai/data/phase1/public_set/HCM0181/train/images
240 views, 224928 init points, K=[[926.4,0,660.0],[0,926.4,494.5]], size 1320x989
3DGUT mode: classic + with_ut + with_eval3d, k1=+0.009004
scene_scale 10.363
/mnt/c/Users/BKAI/an_plaza2/FastGS/gsplat_track/train_gsplat.py:325: UserWarning: The given NumPy array is not writable, and PyTorch does not support non-writable tensors. This means writing to this tensor will result in undefined behavior. You may want to copy the array to protect its data or make it writable before converting it to a tensor. This type of warning will be suppressed for the rest of this program. (Triggered internally at /pytorch/torch/csrc/utils/tensor_numpy.cpp:203.)
  gt_cache[vi] = torch.from_numpy(
[0] loss 0.3489 l1 0.2403 ssim 0.2465 N 224928
Step 600: Relocated 26713 GSs.
Step 600: Added 11246 GSs. Now having 236174 GSs.
Step 700: Relocated 6628 GSs.
Step 700: Added 11808 GSs. Now having 247982 GSs.
Step 800: Relocated 5995 GSs.
Step 800: Added 12399 GSs. Now having 260381 GSs.
Step 900: Relocated 6294 GSs.
Step 900: Added 13019 GSs. Now having 273400 GSs.
Step 1000: Relocated 6690 GSs.
Step 1000: Added 13670 GSs. Now having 287070 GSs.
[1000] loss 0.1265 l1 0.0624 ssim 0.6356 N 287070
Step 1100: Relocated 8114 GSs.
Step 1100: Added 14353 GSs. Now having 301423 GSs.
Step 1200: Relocated 7754 GSs.
Step 1200: Added 15071 GSs. Now having 316494 GSs.
Step 1300: Relocated 9440 GSs.
Step 1300: Added 15824 GSs. Now having 332318 GSs.
Step 1400: Relocated 9312 GSs.
Step 1400: Added 16615 GSs. Now having 348933 GSs.
Step 1500: Relocated 11254 GSs.
Step 1500: Added 17446 GSs. Now having 366379 GSs.
Step 1600: Relocated 11073 GSs.
Step 1600: Added 18318 GSs. Now having 384697 GSs.
Step 1700: Relocated 12134 GSs.
Step 1700: Added 19234 GSs. Now having 403931 GSs.
Step 1800: Relocated 12547 GSs.
Step 1800: Added 20196 GSs. Now having 424127 GSs.
Step 1900: Relocated 14152 GSs.
Step 1900: Added 21206 GSs. Now having 445333 GSs.
Step 2000: Relocated 17074 GSs.
Step 2000: Added 22266 GSs. Now having 467599 GSs.
[2000] loss 0.1317 l1 0.0579 ssim 0.5881 N 467599
Step 2100: Relocated 21176 GSs.
Step 2100: Added 23379 GSs. Now having 490978 GSs.
Step 2200: Relocated 20144 GSs.
Step 2200: Added 24548 GSs. Now having 515526 GSs.
Step 2300: Relocated 20811 GSs.
Step 2300: Added 25776 GSs. Now having 541302 GSs.
Step 2400: Relocated 24342 GSs.
Step 2400: Added 27065 GSs. Now having 568367 GSs.
Step 2500: Relocated 24294 GSs.
Step 2500: Added 28418 GSs. Now having 596785 GSs.
Step 2600: Relocated 27839 GSs.
Step 2600: Added 29839 GSs. Now having 626624 GSs.
Step 2700: Relocated 26704 GSs.
Step 2700: Added 31331 GSs. Now having 657955 GSs.
Step 2800: Relocated 28002 GSs.
Step 2800: Added 32897 GSs. Now having 690852 GSs.
Step 2900: Relocated 29730 GSs.
Step 2900: Added 34542 GSs. Now having 725394 GSs.
Step 3000: Relocated 34227 GSs.
Step 3000: Added 36269 GSs. Now having 761663 GSs.
[3000] loss 0.1034 l1 0.0527 ssim 0.7059 N 761663
Step 3100: Relocated 35762 GSs.
Step 3100: Added 38083 GSs. Now having 799746 GSs.
Step 3200: Relocated 37880 GSs.
Step 3200: Added 39987 GSs. Now having 839733 GSs.
Step 3300: Relocated 46176 GSs.
Step 3300: Added 41986 GSs. Now having 881719 GSs.
Step 3400: Relocated 52962 GSs.
Step 3400: Added 44085 GSs. Now having 925804 GSs.
Step 3500: Relocated 50001 GSs.
Step 3500: Added 46290 GSs. Now having 972094 GSs.
Step 3600: Relocated 61217 GSs.
Step 3600: Added 48604 GSs. Now having 1020698 GSs.
Step 3700: Relocated 60245 GSs.
Step 3700: Added 51034 GSs. Now having 1071732 GSs.
Step 3800: Relocated 58538 GSs.
Step 3800: Added 53586 GSs. Now having 1125318 GSs.
Step 3900: Relocated 62585 GSs.
Step 3900: Added 56265 GSs. Now having 1181583 GSs.
Step 4000: Relocated 70308 GSs.
Step 4000: Added 59079 GSs. Now having 1240662 GSs.
[4000] loss 0.1167 l1 0.0536 ssim 0.6415 N 1240662
Step 4100: Relocated 71970 GSs.
Step 4100: Added 62033 GSs. Now having 1302695 GSs.
Step 4200: Relocated 80743 GSs.
Step 4200: Added 65134 GSs. Now having 1367829 GSs.
Step 4300: Relocated 81206 GSs.
Step 4300: Added 68391 GSs. Now having 1436220 GSs.
Step 4400: Relocated 81759 GSs.
Step 4400: Added 71811 GSs. Now having 1508031 GSs.
Step 4500: Relocated 86284 GSs.
Step 4500: Added 75401 GSs. Now having 1583432 GSs.
Step 4600: Relocated 89302 GSs.
Step 4600: Added 79171 GSs. Now having 1662603 GSs.
Step 4700: Relocated 116524 GSs.
Step 4700: Added 83130 GSs. Now having 1745733 GSs.
Step 4800: Relocated 103717 GSs.
Step 4800: Added 87286 GSs. Now having 1833019 GSs.
Step 4900: Relocated 125549 GSs.
Step 4900: Added 91650 GSs. Now having 1924669 GSs.
Step 5000: Relocated 126262 GSs.
Step 5000: Added 96233 GSs. Now having 2020902 GSs.
[5000] loss 0.1047 l1 0.0540 ssim 0.7015 N 2020902
Step 5100: Relocated 128040 GSs.
Step 5100: Added 101045 GSs. Now having 2121947 GSs.
Step 5200: Relocated 129862 GSs.
Step 5200: Added 106097 GSs. Now having 2228044 GSs.
Step 5300: Relocated 162002 GSs.
Step 5300: Added 111402 GSs. Now having 2339446 GSs.
Step 5400: Relocated 159885 GSs.
Step 5400: Added 116972 GSs. Now having 2456418 GSs.
Step 5500: Relocated 162543 GSs.
Step 5500: Added 122820 GSs. Now having 2579238 GSs.
Step 5600: Relocated 183687 GSs.
Step 5600: Added 128961 GSs. Now having 2708199 GSs.
Step 5700: Relocated 190749 GSs.
Step 5700: Added 135409 GSs. Now having 2843608 GSs.
Step 5800: Relocated 187028 GSs.
Step 5800: Added 142180 GSs. Now having 2985788 GSs.
Step 5900: Relocated 207046 GSs.
Step 5900: Added 149289 GSs. Now having 3135077 GSs.
Step 6000: Relocated 218717 GSs.
Step 6000: Added 156753 GSs. Now having 3291830 GSs.
[6000] loss 0.0992 l1 0.0544 ssim 0.7291 N 3291830
Step 6100: Relocated 238446 GSs.
Step 6100: Added 164591 GSs. Now having 3456421 GSs.
Step 6200: Relocated 247302 GSs.
Step 6200: Added 172821 GSs. Now having 3629242 GSs.
Step 6300: Relocated 258327 GSs.
Step 6300: Added 181462 GSs. Now having 3810704 GSs.
Step 6400: Relocated 275040 GSs.
Step 6400: Added 190535 GSs. Now having 4001239 GSs.
Step 6500: Relocated 298557 GSs.
Step 6500: Added 200061 GSs. Now having 4201300 GSs.
Step 6600: Relocated 311083 GSs.
Step 6600: Added 210065 GSs. Now having 4411365 GSs.
Step 6700: Relocated 336095 GSs.
Step 6700: Added 220568 GSs. Now having 4631933 GSs.
Step 6800: Relocated 347933 GSs.
Step 6800: Added 231596 GSs. Now having 4863529 GSs.
Step 6900: Relocated 372699 GSs.
Step 6900: Added 243176 GSs. Now having 5106705 GSs.
Step 7000: Relocated 452240 GSs.
Step 7000: Added 255335 GSs. Now having 5362040 GSs.
[7000] loss 0.1165 l1 0.0589 ssim 0.6598 N 5362040
Step 7100: Relocated 457166 GSs.
Step 7100: Added 268102 GSs. Now having 5630142 GSs.
Step 7200: Relocated 438261 GSs.
Step 7200: Added 281507 GSs. Now having 5911649 GSs.
Step 7300: Relocated 513071 GSs.
Step 7300: Added 295582 GSs. Now having 6207231 GSs.
Step 7400: Relocated 513545 GSs.
Step 7400: Added 310361 GSs. Now having 6517592 GSs.
Step 7500: Relocated 520372 GSs.
Step 7500: Added 325879 GSs. Now having 6843471 GSs.
Step 7600: Relocated 548313 GSs.
Step 7600: Added 342173 GSs. Now having 7185644 GSs.
Step 7700: Relocated 626822 GSs.
Step 7700: Added 359282 GSs. Now having 7544926 GSs.
Step 7800: Relocated 659768 GSs.
Step 7800: Added 377246 GSs. Now having 7922172 GSs.
Step 7900: Relocated 717511 GSs.
Step 7900: Added 396108 GSs. Now having 8318280 GSs.
Step 8000: Relocated 788103 GSs.
Step 8000: Added 415914 GSs. Now having 8734194 GSs.
[8000] loss 0.0914 l1 0.0465 ssim 0.7343 N 8734194
Step 8100: Relocated 730815 GSs.
Step 8100: Added 436709 GSs. Now having 9170903 GSs.
Step 8200: Relocated 786726 GSs.
Step 8200: Added 458545 GSs. Now having 9629448 GSs.
Step 8300: Relocated 850805 GSs.
Step 8300: Added 481472 GSs. Now having 10110920 GSs.
Step 8400: Relocated 901563 GSs.
Step 8400: Added 505546 GSs. Now having 10616466 GSs.
Step 8500: Relocated 959558 GSs.
Step 8500: Added 530823 GSs. Now having 11147289 GSs.
Step 8600: Relocated 1062253 GSs.
Step 8600: Added 557364 GSs. Now having 11704653 GSs.
Step 8700: Relocated 1039993 GSs.
Step 8700: Added 585232 GSs. Now having 12289885 GSs.
Step 8800: Relocated 1184261 GSs.
Step 8800: Added 614494 GSs. Now having 12904379 GSs.
Step 8900: Relocated 1213860 GSs.
Step 8900: Added 645218 GSs. Now having 13549597 GSs.
Step 9000: Relocated 1225211 GSs.
Step 9000: Added 677479 GSs. Now having 14227076 GSs.
[9000] loss 0.0994 l1 0.0485 ssim 0.7022 N 14227076
Step 9100: Relocated 1321907 GSs.
Step 9100: Added 711353 GSs. Now having 14938429 GSs.
Step 9200: Relocated 1416068 GSs.
Step 9200: Added 746921 GSs. Now having 15685350 GSs.
Step 9300: Relocated 1545348 GSs.
Step 9300: Added 314650 GSs. Now having 16000000 GSs.
Step 9400: Relocated 1356800 GSs.
Step 9400: Added 0 GSs. Now having 16000000 GSs.
Step 9500: Relocated 1230332 GSs.
Step 9500: Added 0 GSs. Now having 16000000 GSs.
Step 9600: Relocated 1100724 GSs.
Step 9600: Added 0 GSs. Now having 16000000 GSs.
Step 9700: Relocated 1071873 GSs.
Step 9700: Added 0 GSs. Now having 16000000 GSs.
Step 9800: Relocated 1041073 GSs.
Step 9800: Added 0 GSs. Now having 16000000 GSs.
Step 9900: Relocated 975170 GSs.
Step 9900: Added 0 GSs. Now having 16000000 GSs.
Step 10000: Relocated 962944 GSs.
Step 10000: Added 0 GSs. Now having 16000000 GSs.
[10000] loss 0.1065 l1 0.0552 ssim 0.6935 N 16000000
Step 10100: Relocated 896486 GSs.
Step 10100: Added 0 GSs. Now having 16000000 GSs.
Step 10200: Relocated 870594 GSs.
Step 10200: Added 0 GSs. Now having 16000000 GSs.
Step 10300: Relocated 855131 GSs.
Step 10300: Added 0 GSs. Now having 16000000 GSs.
Step 10400: Relocated 867283 GSs.
Step 10400: Added 0 GSs. Now having 16000000 GSs.
Step 10500: Relocated 845873 GSs.
Step 10500: Added 0 GSs. Now having 16000000 GSs.
Step 10600: Relocated 856846 GSs.
Step 10600: Added 0 GSs. Now having 16000000 GSs.
Step 10700: Relocated 821371 GSs.
Step 10700: Added 0 GSs. Now having 16000000 GSs.
Step 10800: Relocated 820271 GSs.
Step 10800: Added 0 GSs. Now having 16000000 GSs.
Step 10900: Relocated 826542 GSs.
Step 10900: Added 0 GSs. Now having 16000000 GSs.
Step 11000: Relocated 795561 GSs.
Step 11000: Added 0 GSs. Now having 16000000 GSs.
[11000] loss 0.0836 l1 0.0475 ssim 0.7771 N 16000000
Step 11100: Relocated 790985 GSs.
Step 11100: Added 0 GSs. Now having 16000000 GSs.
Step 11200: Relocated 789547 GSs.
Step 11200: Added 0 GSs. Now having 16000000 GSs.
Step 11300: Relocated 831471 GSs.
Step 11300: Added 0 GSs. Now having 16000000 GSs.
Step 11400: Relocated 831648 GSs.
Step 11400: Added 0 GSs. Now having 16000000 GSs.
Step 11500: Relocated 787912 GSs.
Step 11500: Added 0 GSs. Now having 16000000 GSs.
Step 11600: Relocated 811389 GSs.
Step 11600: Added 0 GSs. Now having 16000000 GSs.
Step 11700: Relocated 812071 GSs.
Step 11700: Added 0 GSs. Now having 16000000 GSs.
Step 11800: Relocated 796694 GSs.
Step 11800: Added 0 GSs. Now having 16000000 GSs.
Step 11900: Relocated 756525 GSs.
Step 11900: Added 0 GSs. Now having 16000000 GSs.
Step 12000: Relocated 829232 GSs.
Step 12000: Added 0 GSs. Now having 16000000 GSs.
[12000] loss 0.0743 l1 0.0441 ssim 0.8102 N 16000000
Step 12100: Relocated 787139 GSs.
Step 12100: Added 0 GSs. Now having 16000000 GSs.
Step 12200: Relocated 874794 GSs.
Step 12200: Added 0 GSs. Now having 16000000 GSs.
Step 12300: Relocated 801227 GSs.
Step 12300: Added 0 GSs. Now having 16000000 GSs.
Step 12400: Relocated 798398 GSs.
Step 12400: Added 0 GSs. Now having 16000000 GSs.
Step 12500: Relocated 787221 GSs.
Step 12500: Added 0 GSs. Now having 16000000 GSs.
Terminated
=== cap16M TRAIN FAILED (OOM? retry 12M) ===
