/home/bkai/miniconda3/envs/fastgs2/lib/python3.10/site-packages/torchvision/models/_utils.py:208: UserWarning: The parameter 'pretrained' is deprecated since 0.13 and may be removed in the future, please use 'weights' instead.
  warnings.warn(
/home/bkai/miniconda3/envs/fastgs2/lib/python3.10/site-packages/torchvision/models/_utils.py:223: UserWarning: Arguments other than a weight enum or `None` for 'weights' are deprecated since 0.13 and may be removed in the future. The current behavior is equivalent to passing `weights=VGG16_Weights.IMAGENET1K_V1`. You can also use `weights=VGG16_Weights.DEFAULT` to get the most up-to-date weights.
  warnings.warn(msg)
  1/60 2s
  6/60 11s
  11/60 19s
  16/60 27s
  21/60 38s
  26/60 47s
  31/60 57s
  36/60 70s
  41/60 80s
  46/60 89s
  51/60 99s
  56/60 108s

POOL A6  big=4 small=2  k=6  n=60  lam=1.0 gain=1.3
FULL SHIPPED CHAIN: combine -> uint8 -> restore(k=6) -> field(lanczos4) -> JPEG q100/ss2
           arm     SCORE     PSNR     SSIM    LPIPS   d(mean8)      se      t    wins      MB
    winsorx0.5   78.8058  26.1755  0.89474  0.09354    +0.0083  0.0026   3.25  35/60   62.50
    winsorx0.7   78.8015  26.1708  0.89467  0.09353    +0.0040  0.0031   1.29  26/60   62.59
         mean8   78.7975  26.1768  0.89465  0.09370    +0.0000  0.0000   0.00   0/60   62.42
   famw_s0.333   78.7974  26.1768  0.89465  0.09370    -0.0000  0.0001  -0.51  30/60   62.42
       winsor1   78.7912  26.1627  0.89445  0.09350    -0.0063  0.0034  -1.84  22/60   62.77
wrote cbA6.json
