/home/bkai/miniconda3/envs/fastgs2/lib/python3.10/site-packages/torchvision/models/_utils.py:208: UserWarning: The parameter 'pretrained' is deprecated since 0.13 and may be removed in the future, please use 'weights' instead.
  warnings.warn(
/home/bkai/miniconda3/envs/fastgs2/lib/python3.10/site-packages/torchvision/models/_utils.py:223: UserWarning: Arguments other than a weight enum or `None` for 'weights' are deprecated since 0.13 and may be removed in the future. The current behavior is equivalent to passing `weights=VGG16_Weights.IMAGENET1K_V1`. You can also use `weights=VGG16_Weights.DEFAULT` to get the most up-to-date weights.
  warnings.warn(msg)
  1/50 9s
  6/50 49s
  11/50 93s
  16/50 143s
  21/50 215s
  26/50 252s
  31/50 301s
  36/50 351s
  41/50 396s
  46/50 442s

POOL A  big=6 small=2  k=8  n=50  lam=1.0 gain=1.3
FULL SHIPPED CHAIN: combine -> uint8 -> restore(k=8) -> field(lanczos4) -> JPEG q100/ss2
           arm     SCORE     PSNR     SSIM    LPIPS   d(mean8)      se      t    wins      MB
         mean8   79.2694  26.5089  0.90074  0.09145    +0.0000  0.0000   0.00   0/50   52.74
   famw_s0.333   79.2555  26.5072  0.90077  0.09180    -0.0139  0.0080  -1.73  18/50   52.58
    famw_s0.20   79.2508  26.4926  0.90043  0.09144    -0.0186  0.0056  -3.35  19/50   52.89
    famw_s0.15   79.2163  26.4653  0.89992  0.09152    -0.0532  0.0115  -4.61  16/50   53.04
    famw_s0.40   79.2060  26.4834  0.90039  0.09239    -0.0634  0.0135  -4.71   9/50   52.49
    famw_s0.50   79.0685  26.4076  0.89910  0.09373    -0.2010  0.0205  -9.81   5/50   52.44
wrote cbA_fam.json
