/home/bkai/miniconda3/envs/fastgs2/lib/python3.10/site-packages/torchvision/models/_utils.py:208: UserWarning: The parameter 'pretrained' is deprecated since 0.13 and may be removed in the future, please use 'weights' instead.
  warnings.warn(
/home/bkai/miniconda3/envs/fastgs2/lib/python3.10/site-packages/torchvision/models/_utils.py:223: UserWarning: Arguments other than a weight enum or `None` for 'weights' are deprecated since 0.13 and may be removed in the future. The current behavior is equivalent to passing `weights=VGG16_Weights.IMAGENET1K_V1`. You can also use `weights=VGG16_Weights.DEFAULT` to get the most up-to-date weights.
  warnings.warn(msg)
  1/60 10s
  6/60 34s
  11/60 57s
  16/60 75s
  21/60 93s
  26/60 107s
  31/60 127s
  36/60 140s
  41/60 153s
  46/60 171s
  51/60 190s
  56/60 207s

POOL A  big=6 small=2  k=8  n=60  lam=1.0 gain=1.3
FULL SHIPPED CHAIN: combine -> uint8 -> restore(k=8) -> field(lanczos4) -> JPEG q100/ss2
           arm     SCORE     PSNR     SSIM    LPIPS   d(mean8)      se      t    wins      MB
    winsorx0.5   78.8732  26.2264  0.89546  0.09316    +0.0079  0.0018   4.27  44/60   62.62
    winsorx0.7   78.8730  26.2238  0.89545  0.09312    +0.0077  0.0021   3.58  42/60   62.68
   winsorx0.85   78.8723  26.2216  0.89542  0.09308    +0.0070  0.0024   2.95  40/60   62.71
   winsorx0.25   78.8692  26.2270  0.89543  0.09325    +0.0038  0.0012   3.18  36/60   62.59
         mean8   78.8653  26.2274  0.89538  0.09331    +0.0000  0.0000   0.00   0/60   62.57
wrote cbA_w.json
