/home/bkai/miniconda3/envs/fastgs2/lib/python3.10/site-packages/torchvision/models/_utils.py:208: UserWarning: The parameter 'pretrained' is deprecated since 0.13 and may be removed in the future, please use 'weights' instead.
  warnings.warn(
/home/bkai/miniconda3/envs/fastgs2/lib/python3.10/site-packages/torchvision/models/_utils.py:223: UserWarning: Arguments other than a weight enum or `None` for 'weights' are deprecated since 0.13 and may be removed in the future. The current behavior is equivalent to passing `weights=VGG16_Weights.IMAGENET1K_V1`. You can also use `weights=VGG16_Weights.DEFAULT` to get the most up-to-date weights.
  warnings.warn(msg)
  1/60 2s
  6/60 13s
  11/60 23s
  16/60 34s
  21/60 45s
  26/60 56s
  31/60 65s
  36/60 76s
  41/60 87s
  46/60 95s
  51/60 105s
  56/60 113s

POOL A  big=6 small=2  k=8  n=60  lam=1.0 gain=1.3
FULL SHIPPED CHAIN: combine -> uint8 -> restore(k=8) -> field(lanczos4) -> JPEG q100/ss2
           arm     SCORE     PSNR     SSIM    LPIPS   d(mean8)      se      t    wins      MB
    wx05_patch   78.8738  26.2276  0.89547  0.09317    +0.0084  0.0015   5.79  49/60   62.62
    winsorx0.5   78.8732  26.2264  0.89546  0.09316    +0.0079  0.0018   4.27  44/60   62.62
         mean8   78.8653  26.2274  0.89538  0.09331    +0.0000  0.0000   0.00   0/60   62.57
     prod2s_wx   78.8598  26.2293  0.89542  0.09351    -0.0055  0.0071  -0.78  25/60   62.59
        prod2s   78.8487  26.2275  0.89530  0.09367    -0.0166  0.0068  -2.45  19/60   62.55
wrote cbA_ship.json
