/home/bkai/miniconda3/envs/fastgs2/lib/python3.10/site-packages/torchvision/models/_utils.py:208: UserWarning: The parameter 'pretrained' is deprecated since 0.13 and may be removed in the future, please use 'weights' instead.
  warnings.warn(
/home/bkai/miniconda3/envs/fastgs2/lib/python3.10/site-packages/torchvision/models/_utils.py:223: UserWarning: Arguments other than a weight enum or `None` for 'weights' are deprecated since 0.13 and may be removed in the future. The current behavior is equivalent to passing `weights=VGG16_Weights.IMAGENET1K_V1`. You can also use `weights=VGG16_Weights.DEFAULT` to get the most up-to-date weights.
  warnings.warn(msg)
  1/60 3s
  6/60 15s
  11/60 24s
  16/60 35s
  21/60 45s
  26/60 54s
  31/60 64s
  36/60 74s
  41/60 85s
  46/60 97s
  51/60 107s
  56/60 117s

POOL B  big=6 small=2  k=8  n=60  lam=1.0 gain=1.3
FULL SHIPPED CHAIN: combine -> uint8 -> restore(k=8) -> field(lanczos4) -> JPEG q100/ss2
           arm     SCORE     PSNR     SSIM    LPIPS   d(mean8)      se      t    wins      MB
    famw_s0.50   78.3477  26.0983  0.89016  0.10040    +0.2848  0.0186  15.27  57/60   61.93
    winsorx0.5   78.0696  26.0316  0.88796  0.10470    +0.0066  0.0015   4.40  40/60   60.38
    winsorx0.7   78.0691  26.0282  0.88793  0.10464    +0.0062  0.0020   3.11  41/60   60.45
       winsor1   78.0667  26.0234  0.88783  0.10455    +0.0038  0.0025   1.52  34/60   60.59
         mean8   78.0630  26.0352  0.88789  0.10487    +0.0000  0.0000   0.00   0/60   60.30
wrote cbB_w.json
