Setting up [LPIPS] perceptual loss: trunk [vgg], v[0.1], spatial [off]
/home/bkai/miniconda3/envs/fastgs2/lib/python3.10/site-packages/torchvision/models/_utils.py:208: UserWarning: The parameter 'pretrained' is deprecated since 0.13 and may be removed in the future, please use 'weights' instead.
  warnings.warn(
/home/bkai/miniconda3/envs/fastgs2/lib/python3.10/site-packages/torchvision/models/_utils.py:223: UserWarning: Arguments other than a weight enum or `None` for 'weights' are deprecated since 0.13 and may be removed in the future. The current behavior is equivalent to passing `weights=VGG16_Weights.IMAGENET1K_V1`. You can also use `weights=VGG16_Weights.DEFAULT` to get the most up-to-date weights.
  warnings.warn(msg)
Loading model from: /home/bkai/miniconda3/envs/fastgs2/lib/python3.10/site-packages/lpips/weights/v0.1/vgg.pth
chair: 58 poses, 4 members available

 k encode                     SCORE    LPIPS    SSIM     PSNR   delta_vs_png
 1 png (no encode)          69.8051   0.2277  0.7942  25.1490    +0.0000
 1 q100 ss2 [SHIPPED]       69.4974   0.2336  0.7919  25.1392    -0.3077
 1 q98 ss0 keep_rgb         69.7564   0.2280  0.7931  25.1381    -0.0487
   -> keep_rgb minus shipped at k=1: +0.2590

 2 png (no encode)          70.7828   0.2190  0.8071  25.5509    +0.0000
 2 q100 ss2 [SHIPPED]       70.5596   0.2227  0.8048  25.5392    -0.2232
 2 q98 ss0 keep_rgb         70.7539   0.2189  0.8062  25.5410    -0.0289
   -> keep_rgb minus shipped at k=2: +0.1944

 4 png (no encode)          71.1203   0.2193  0.8147  25.7500    +0.0000
 4 q100 ss2 [SHIPPED]       71.0094   0.2202  0.8125  25.7372    -0.1109
 4 q98 ss0 keep_rgb         71.1248   0.2185  0.8140  25.7418    +0.0045
   -> keep_rgb minus shipped at k=4: +0.1154

