Ensembled 60 images from 2 members -> /mnt/d/avv/ens/private_AB/HCM0249/jpg
=== ensemble HCM0249 done ===
Ensembled 60 images from 2 members -> /mnt/d/avv/ens/private_AB/HCM0254/jpg
=== ensemble HCM0254 done ===
Ensembled 60 images from 2 members -> /mnt/d/avv/ens/private_AB/HCM0276/jpg
=== ensemble HCM0276 done ===
Ensembled 26 images from 2 members -> /mnt/d/avv/ens/private_AB/HCM1439/jpg
=== ensemble HCM1439 done ===
Ensembled 60 images from 2 members -> /mnt/d/avv/ens/private_AB/HNI0131/jpg
=== ensemble HNI0131 done ===
Ensembled 52 images from 2 members -> /mnt/d/avv/ens/private_AB/HNI0265/jpg
=== ensemble HNI0265 done ===
Ensembled 60 images from 2 members -> /mnt/d/avv/ens/private_AB/HNI0366/jpg
=== ensemble HNI0366 done ===
Ensembled 56 images from 2 members -> /mnt/d/avv/ens/private_AB/HNI0437/jpg
=== ensemble HNI0437 done ===
OK: /mnt/d/avv/submissions/sub_round2_ens2AB_private.zip  345.4MB  434 files
  HCM0249: q98
  HCM0254: q98
  HCM0276: q98
  HCM1439: q98
  HNI0131: q98
  HNI0265: q98
  HNI0366: q98
  HNI0437: q98
ENS2 ZIP DONE
