Ensembled 60 images from 3 members -> /mnt/d/avv/ens/private_ABC/HCM0249/jpg
=== ens3 HCM0249 done ===
Ensembled 60 images from 3 members -> /mnt/d/avv/ens/private_ABC/HCM0254/jpg
=== ens3 HCM0254 done ===
Ensembled 60 images from 3 members -> /mnt/d/avv/ens/private_ABC/HCM0276/jpg
=== ens3 HCM0276 done ===
Ensembled 26 images from 3 members -> /mnt/d/avv/ens/private_ABC/HCM1439/jpg
=== ens3 HCM1439 done ===
Ensembled 60 images from 3 members -> /mnt/d/avv/ens/private_ABC/HNI0131/jpg
=== ens3 HNI0131 done ===
Ensembled 52 images from 3 members -> /mnt/d/avv/ens/private_ABC/HNI0265/jpg
=== ens3 HNI0265 done ===
Ensembled 60 images from 3 members -> /mnt/d/avv/ens/private_ABC/HNI0366/jpg
=== ens3 HNI0366 done ===
Ensembled 56 images from 3 members -> /mnt/d/avv/ens/private_ABC/HNI0437/jpg
=== ens3 HNI0437 done ===
OK: /mnt/d/avv/submissions/sub_round3_ens3ABC_private.zip  342.6MB  434 files
  HCM0249: q98
  HCM0254: q98
  HCM0276: q98
  HCM1439: q98
  HNI0131: q98
  HNI0265: q98
  HNI0366: q98
  HNI0437: q98
ENS3 ZIP DONE
