240/371 images.bin entries have files in /home/bkai/data/phase1/public_set/HCM0181/train/images
240 views, 224928 init points, K=[[926.4,0,660.0],[0,926.4,494.5]], size 1320x989
3DGUT mode: classic + with_ut + with_eval3d, k1=+0.009004
scene_scale 10.363
Warm-start: 8000000 gaussians from /mnt/d/avv/output/HCM0181_gsplatB11ut60k/ckpt.pt (ut=True)
/mnt/c/Users/BKAI/an_plaza2/FastGS/gsplat_track/train_gsplat.py:320: UserWarning: The given NumPy array is not writable, and PyTorch does not support non-writable tensors. This means writing to this tensor will result in undefined behavior. You may want to copy the array to protect its data or make it writable before converting it to a tensor. This type of warning will be suppressed for the rest of this program. (Triggered internally at /pytorch/torch/csrc/utils/tensor_numpy.cpp:203.)
  gt_cache[vi] = torch.from_numpy(
[0] loss -0.1221 l1 0.0320 ssim 0.8976 N 8000000
[1000] loss -0.1237 l1 0.0292 ssim 0.8929 N 8000000
[2000] loss -0.1209 l1 0.0290 ssim 0.8754 N 8000000
[3000] loss -0.1296 l1 0.0272 ssim 0.9015 N 8000000
[4000] loss -0.1275 l1 0.0270 ssim 0.8957 N 8000000
[5000] loss -0.1416 l1 0.0249 ssim 0.9151 N 8000000
[6000] loss -0.1374 l1 0.0274 ssim 0.9176 N 8000000
[7000] loss -0.1559 l1 0.0223 ssim 0.9442 N 8000000
[7999] loss -0.1415 l1 0.0286 ssim 0.9233 N 8000000
Saved 8000000 gaussians to /mnt/d/avv/output/HCM0181_m31b_nolpips/ckpt.pt
=== m31b_nolpips TRAINED ===
Wrote 60 images to /mnt/d/avv/output/HCM0181_m31b_nolpips/test_poses_renders
rendered 30 train views -> /mnt/d/avv/output/HCM0181_m31b_nolpips/train_png
METRIC m31b_nolpips TRAIN-PSNR 27.6101
METRIC m31b_nolpips HCM0181    n= 60  PSNR 24.4641  SSIM 0.8515  LPIPS(alex) 0.0707 LPIPS(vgg) 0.1317  Score(alex) 0.7739  Score(vgg) 0.7496
METRIC m31b_nolpips   Score(vgg)  = 74.9563   [0.4*(1-LPIPS)=0.3473  0.3*SSIM=0.2554  0.3*PSNRn=0.1468]  (psnr_max=50.0)
=== m31b_nolpips SCORED ===
240/371 images.bin entries have files in /home/bkai/data/phase1/public_set/HCM0181/train/images
240 views, 224928 init points, K=[[926.4,0,660.0],[0,926.4,494.5]], size 1320x989
3DGUT mode: classic + with_ut + with_eval3d, k1=+0.009004
scene_scale 10.363
Warm-start: 8000000 gaussians from /mnt/d/avv/output/HCM0181_gsplatB11ut60k/ckpt.pt (ut=True)
/mnt/c/Users/BKAI/an_plaza2/FastGS/gsplat_track/train_gsplat.py:320: UserWarning: The given NumPy array is not writable, and PyTorch does not support non-writable tensors. This means writing to this tensor will result in undefined behavior. You may want to copy the array to protect its data or make it writable before converting it to a tensor. This type of warning will be suppressed for the rest of this program. (Triggered internally at /pytorch/torch/csrc/utils/tensor_numpy.cpp:203.)
  gt_cache[vi] = torch.from_numpy(
[0] loss -0.1221 l1 0.0320 ssim 0.8976 N 8000000
[1000] loss -0.1237 l1 0.0292 ssim 0.8930 N 8000000
[2000] loss -0.1208 l1 0.0290 ssim 0.8753 N 8000000
[3000] loss -0.1296 l1 0.0271 ssim 0.9015 N 8000000
[4000] loss -0.1276 l1 0.0270 ssim 0.8957 N 8000000
[5000] loss -0.1417 l1 0.0249 ssim 0.9151 N 8000000
[6000] loss -0.1373 l1 0.0274 ssim 0.9175 N 8000000
Setting up [LPIPS] perceptual loss: trunk [vgg], v[0.1], spatial [off]
/home/bkai/miniconda3/envs/gsplat/lib/python3.10/site-packages/torchvision/models/_utils.py:208: UserWarning: The parameter 'pretrained' is deprecated since 0.13 and may be removed in the future, please use 'weights' instead.
  warnings.warn(
/home/bkai/miniconda3/envs/gsplat/lib/python3.10/site-packages/torchvision/models/_utils.py:223: UserWarning: Arguments other than a weight enum or `None` for 'weights' are deprecated since 0.13 and may be removed in the future. The current behavior is equivalent to passing `weights=VGG16_Weights.IMAGENET1K_V1`. You can also use `weights=VGG16_Weights.DEFAULT` to get the most up-to-date weights.
  warnings.warn(msg)
Loading model from: /home/bkai/miniconda3/envs/gsplat/lib/python3.10/site-packages/lpips/weights/v0.1/vgg.pth
[7000] loss -0.1142 l1 0.0230 ssim 0.9341 N 8000000
[7999] loss -0.1046 l1 0.0292 ssim 0.9157 N 8000000
Saved 8000000 gaussians to /mnt/d/avv/output/HCM0181_m31b_taillpips/ckpt.pt
=== m31b_taillpips TRAINED ===
Wrote 60 images to /mnt/d/avv/output/HCM0181_m31b_taillpips/test_poses_renders
rendered 30 train views -> /mnt/d/avv/output/HCM0181_m31b_taillpips/train_png
METRIC m31b_taillpips TRAIN-PSNR 27.0618
METRIC m31b_taillpips HCM0181    n= 60  PSNR 24.4314  SSIM 0.8481  LPIPS(alex) 0.0643 LPIPS(vgg) 0.1118  Score(alex) 0.7753  Score(vgg) 0.7563
METRIC m31b_taillpips   Score(vgg)  = 75.6293   [0.4*(1-LPIPS)=0.3553  0.3*SSIM=0.2544  0.3*PSNRn=0.1466]  (psnr_max=50.0)
=== m31b_taillpips SCORED ===
EXP31B DONE
