Setting up [LPIPS] perceptual loss: trunk [vgg], v[0.1], spatial [off]
/home/bkai/miniconda3/envs/fastgs2/lib/python3.10/site-packages/torchvision/models/_utils.py:208: UserWarning: The parameter 'pretrained' is deprecated since 0.13 and may be removed in the future, please use 'weights' instead.
  warnings.warn(
/home/bkai/miniconda3/envs/fastgs2/lib/python3.10/site-packages/torchvision/models/_utils.py:223: UserWarning: Arguments other than a weight enum or `None` for 'weights' are deprecated since 0.13 and may be removed in the future. The current behavior is equivalent to passing `weights=VGG16_Weights.IMAGENET1K_V1`. You can also use `weights=VGG16_Weights.DEFAULT` to get the most up-to-date weights.
  warnings.warn(msg)
Loading model from: /home/bkai/miniconda3/envs/fastgs2/lib/python3.10/site-packages/lpips/weights/v0.1/vgg.pth
  0/60  10s
  10/60  98s
  20/60  198s
  30/60  321s
  40/60  441s
  50/60  556s

=== HCM0181  n=60  full_chain=True  lam=1.0 gain=1.3 ===
             arm     SCORE    dSCORE      t    wins     PSNR    SSIM   LPIPS      MB    dMB%
    prod_q100ss2   78.5245   +0.0000   0.00   0/60   25.9965  0.8901  0.0944   63.35   +0.00
     prod_q99ss2   78.5228   -0.0016  -1.65  28/60   25.9914  0.8898  0.0942   56.32  -11.10
     prod_q98ss2   78.5181   -0.0064  -3.90  21/60   25.9833  0.8895  0.0939   47.64  -24.79
     prod_q96ss2   78.3999   -0.1246 -43.76   0/60   25.9554  0.8879  0.0952   38.94  -38.52
    prod_q100ss1   78.5170   -0.0075  -6.46  11/60   25.9917  0.8894  0.0940   73.33  +15.76
    prod_q100ss0   78.5095   -0.0150  -5.18  14/60   25.9854  0.8890  0.0938   90.82  +43.38
        prod_rgb   78.5718   +0.0474  12.10  57/60   26.0000  0.8909  0.0939  156.99 +147.83
     prod_noprog   78.5245   +0.0000   0.00   0/60   25.9965  0.8901  0.0944   66.23   +4.55
      prod_noopt   78.5245   +0.0000   0.00   0/60   25.9965  0.8901  0.0944   63.35   +0.00
   b1_noensround   78.5226   -0.0019  -1.14  24/60   25.9935  0.8903  0.0946   63.41   +0.11
    b2_noerround   78.5280   +0.0035   3.43  40/60   25.9967  0.8903  0.0945   63.44   +0.14
     b3_allfloat   78.5277   +0.0033   2.15  35/60   25.9948  0.8905  0.0946   63.26   -0.14

pixel-identity to baseline: {'prod_noprog': True, 'prod_noopt': True}
