/home/bkai/miniconda3/envs/fastgs2/lib/python3.10/site-packages/torchvision/models/_utils.py:208: UserWarning: The parameter 'pretrained' is deprecated since 0.13 and may be removed in the future, please use 'weights' instead.
  warnings.warn(
/home/bkai/miniconda3/envs/fastgs2/lib/python3.10/site-packages/torchvision/models/_utils.py:223: UserWarning: Arguments other than a weight enum or `None` for 'weights' are deprecated since 0.13 and may be removed in the future. The current behavior is equivalent to passing `weights=VGG16_Weights.IMAGENET1K_V1`. You can also use `weights=VGG16_Weights.DEFAULT` to get the most up-to-date weights.
  warnings.warn(msg)
/mnt/d/avv/metric_probe/mlib.py:56: UserWarning: The given NumPy array is not writable, and PyTorch does not support non-writable tensors. This means writing to this tensor will result in undefined behavior. You may want to copy the array to protect its data or make it writable before converting it to a tensor. This type of warning will be suppressed for the rest of this program. (Triggered internally at /pytorch/torch/csrc/utils/tensor_numpy.cpp:203.)
  return torch.from_numpy(np.ascontiguousarray(arr_u8)).float().div_(255.0) \
img 0
img 15
img 30
img 45

mean |oracle flow| = 0.396 px
=== ORACLE geometric correction (upper bound, self-fitted on test GT) ===
  base               PSNR  25.8561 SSIM 0.88568 LPIPS 0.10307 score   77.9612 (+0.0000)
  oracle_flow        PSNR  27.3191 SSIM 0.90595 LPIPS 0.10150 score   79.5100 (+1.5488)
  oracle_flow_c1px   PSNR  27.0694 SSIM 0.90409 LPIPS 0.10170 score   79.2962 (+1.3350)
  oracle_shift       PSNR  25.8710 SSIM 0.88580 LPIPS 0.10336 score   77.9623 (+0.0011)

=== per-mask MSE before/after oracle dense flow ===
  flat(<p50)               MSE 0.000822 -> 0.000694  ( 15.7% of its SE was registration)
  mid(p50-95)              MSE 0.003589 -> 0.002654  ( 26.1% of its SE was registration)
  edge(>p95)               MSE 0.013535 -> 0.007384  ( 45.4% of its SE was registration)
  far-from-edge(>12px)     MSE 0.000788 -> 0.000673  ( 14.6% of its SE was registration)
  ALL                      MSE 0.002235 -> 0.001609 ( 28.0%)
