BONSAI  N=54422  reproj err mean 0.912 med 0.838  track mean 7.73 med 5  >=3 95%  ==2 5%

=== mean px distance to nearest SfM point (n=28 eval views) ===
[[56.5 55.2 45.6 36.3 32.3 32.4 34.3 39.6 48.7 43.1 50.5 63.4]
 [38.1 35.1 33.  28.1 20.3 19.1 16.5 24.6 30.7 28.5 27.8 43.2]
 [23.7 21.9 21.6 19.9 12.3  7.7  6.7  8.5 14.4 17.8 18.9 22.1]
 [15.1 13.5 12.  10.   7.7  4.3  3.2  6.3  7.6  9.1 12.  13.6]
 [10.5  9.   7.5  6.9  6.5  4.   2.9  4.3  5.2  5.6  7.3 10.4]
 [ 9.5  8.6  7.1  7.2  7.3  7.6  5.8  6.6  6.1  6.1  7.   8.5]
 [ 8.5  8.1  7.2  8.4  9.2  9.3 10.  10.6  9.4  7.9  7.5  7.5]
 [ 9.6  9.9 11.3 13.8 13.3 10.7  9.2 10.3 11.6 10.5 10.1  9.2]]

=== mean |render-GT| (0-255) per cell, arm K4_pC_seed7 ===
[[ 4.8   3.93  4.11  3.76  3.86  4.15  3.84  3.57  4.49  3.94  3.64  4.05]
 [ 4.95  4.24  4.46  4.62  5.99  6.24  6.48  5.76  5.61  4.7   3.75  4.04]
 [ 4.32  4.9   5.6   6.21  6.49  8.71 10.09  8.15  6.75  6.91  6.    5.52]
 [ 6.14  6.47  8.47  8.7   7.19  9.97 11.87  8.44  7.42  7.94  8.46  7.36]
 [ 8.56  9.26  9.93  8.88  7.08  8.78  9.49  8.17  6.82  8.34 10.21 10.2 ]
 [ 9.11  9.38  9.35  8.45  5.84  5.51  6.71  6.39  6.55  8.16  8.15 10.97]
 [ 9.62  9.56 10.21  8.62  7.75  6.72  7.02  6.72  6.69  9.09  8.52 10.6 ]
 [10.71 10.09 10.53 10.82  9.1   9.57 10.12  8.95  9.35  9.21  9.62  9.3 ]]

=== GT high-freq energy per cell ===
[[ 2.54  2.68  3.32  3.67  3.74  3.88  3.55  3.08  2.84  2.48  2.3   2.01]
 [ 3.59  3.88  4.42  5.44  7.45  7.37  7.14  5.55  4.83  4.38  3.44  2.66]
 [ 3.89  5.34  6.39  6.57  5.52  9.18 12.03  9.36  6.53  5.73  5.25  4.  ]
 [ 5.73  7.87  9.08  6.8   5.25 10.7  14.71  7.56  5.01  4.72  6.5   5.48]
 [ 7.47 10.36  9.56  6.25  3.85 10.37 12.24  7.26  3.54  3.14  5.73  7.18]
 [ 8.17 10.04  9.57  6.19  2.74  5.65  6.39  4.21  3.2   4.04  5.55  7.68]
 [ 8.36  9.52  8.88  6.43  5.15  6.47  6.69  5.1   4.72  5.3   6.24  7.67]
 [ 8.47  9.16  8.29  7.16  7.44  9.55  9.6   7.72  7.34  6.99  5.62  6.55]]

corr(NNdist, err)  = -0.775
corr(NNdist, GThf) = -0.625
corr(GThf,   err)  = +0.778
partial corr(NNdist, err | GThf) = -0.589

per-image n=28: corr(ptsInView, err)=+0.436  corr(meanNN, err)=-0.583

chair    N=80491  720x1280  reprojerr 0.967  track mean 7.51  ptsInView 59913  meanNN 7.2 px
HCM0421  N=171304  1320x989  reprojerr 1.175  track mean 5.68  ptsInView 68599  meanNN 19.4 px
HCM0539  N=218846  1320x989  reprojerr 1.166  track mean 6.25  ptsInView 91347  meanNN 17.1 px
HCM0540  N=203181  1320x989  reprojerr 1.151  track mean 6.05  ptsInView 98455  meanNN 17.3 px
HCM0644  N=209560  1320x989  reprojerr 1.163  track mean 6.38  ptsInView 106773  meanNN 5.4 px
HCM0674  N=154271  1320x989  reprojerr 1.141  track mean 5.94  ptsInView 77819  meanNN 12.3 px
