/home/bkai/miniconda3/envs/fastgs2/lib/python3.10/site-packages/torchvision/models/_utils.py:208: UserWarning: The parameter 'pretrained' is deprecated since 0.13 and may be removed in the future, please use 'weights' instead.
  warnings.warn(
/home/bkai/miniconda3/envs/fastgs2/lib/python3.10/site-packages/torchvision/models/_utils.py:223: UserWarning: Arguments other than a weight enum or `None` for 'weights' are deprecated since 0.13 and may be removed in the future. The current behavior is equivalent to passing `weights=VGG16_Weights.IMAGENET1K_V1`. You can also use `weights=VGG16_Weights.DEFAULT` to get the most up-to-date weights.
  warnings.warn(msg)
Setting up [LPIPS] perceptual loss: trunk [vgg], v[0.1], spatial [off]
Loading model from: /home/bkai/miniconda3/envs/fastgs2/lib/python3.10/site-packages/lpips/weights/v0.1/vgg.pth
HCM0181: 4 members, 60 poses, lam=1.0 field=1 gain=1.3
  0/60  8s
  10/60  99s
  20/60  218s
  30/60  365s
  40/60  490s
  50/60  621s

=== HCM0181 FULL SHIPPED CHAIN, n=60, lam=1.0, field=1 ===
      arm     SCORE     PSNR     SSIM    LPIPS  d_vs_q100ss2  MB/scene      dMB      d/MB
  q100ss2   78.5277  25.9948  0.89050  0.09461       +0.0000     63.26    +0.00      +nan
   q99ss2   78.5305  25.9898  0.89020  0.09424       +0.0027     56.24    -7.02   -0.0004
   q98ss2   78.5286  25.9816  0.88982  0.09387       +0.0009     47.67   -15.59   -0.0001
   q97ss2   78.4963  25.9703  0.88920  0.09405       -0.0314     42.93   -20.32   +0.0015
  q100ss1   78.5242  25.9908  0.88988  0.09417       -0.0035     72.75    +9.49   -0.0004
   q99ss1   78.5336  25.9861  0.88971  0.09373       +0.0059     61.87    -1.39   -0.0042
   q98ss1   78.5429  25.9794  0.88950  0.09324       +0.0152     51.24   -12.02   -0.0013
  q100ss0   78.5205  25.9854  0.88966  0.09401       -0.0072     89.12   +25.86   -0.0003
   q99ss0   78.5379  25.9811  0.88966  0.09352       +0.0102     71.09    +7.83   +0.0013
   q98ss0   78.5526  25.9757  0.88947  0.09292       +0.0249     56.96    -6.30   -0.0039
   q97ss0   78.5245  25.9654  0.88881  0.09297       -0.0033     50.67   -12.59   +0.0003
   q96ss0   78.4589  25.9509  0.88781  0.09365       -0.0689     45.68   -17.58   +0.0039
      png   78.5794  26.0034  0.89184  0.09445       +0.0517    146.89   +83.63   +0.0006

PAIRED vs q100ss2 (n=60)
      arm    mean_d       se       t    wins    dPSNR     dSSIM     dLPIPS
   q99ss2   +0.0027   0.0013    2.18   37/60   -0.0051  -0.00030   -0.00037
   q98ss2   +0.0009   0.0017    0.53   29/60   -0.0133  -0.00068   -0.00074
   q97ss2   -0.0314   0.0020  -15.93    2/60   -0.0246  -0.00130   -0.00056
  q100ss1   -0.0035   0.0013   -2.64   25/60   -0.0041  -0.00062   -0.00044
   q99ss1   +0.0059   0.0017    3.38   46/60   -0.0087  -0.00080   -0.00087
   q98ss1   +0.0152   0.0020    7.49   51/60   -0.0155  -0.00100   -0.00136
  q100ss0   -0.0072   0.0030   -2.42   26/60   -0.0094  -0.00084   -0.00059
   q99ss0   +0.0102   0.0032    3.14   47/60   -0.0138  -0.00084   -0.00109
   q98ss0   +0.0249   0.0034    7.40   49/60   -0.0191  -0.00103   -0.00168
   q97ss0   -0.0033   0.0034   -0.95   30/60   -0.0294  -0.00170   -0.00163
   q96ss0   -0.0689   0.0035  -19.63    0/60   -0.0439  -0.00269   -0.00096
      png   +0.0517   0.0040   12.78   58/60   +0.0085  +0.00134   -0.00016

elapsed 707s
