/home/bkai/miniconda3/envs/fastgs2/lib/python3.10/site-packages/torchvision/models/_utils.py:208: UserWarning: The parameter 'pretrained' is deprecated since 0.13 and may be removed in the future, please use 'weights' instead.
  warnings.warn(
/home/bkai/miniconda3/envs/fastgs2/lib/python3.10/site-packages/torchvision/models/_utils.py:223: UserWarning: Arguments other than a weight enum or `None` for 'weights' are deprecated since 0.13 and may be removed in the future. The current behavior is equivalent to passing `weights=VGG16_Weights.IMAGENET1K_V1`. You can also use `weights=VGG16_Weights.DEFAULT` to get the most up-to-date weights.
  warnings.warn(msg)
Setting up [LPIPS] perceptual loss: trunk [vgg], v[0.1], spatial [off]
Loading model from: /home/bkai/miniconda3/envs/fastgs2/lib/python3.10/site-packages/lpips/weights/v0.1/vgg.pth
pool=pB k=4 views=60
  10/60 (61s)
  20/60 (123s)
  30/60 (196s)
  40/60 (254s)
  50/60 (291s)
  60/60 (322s)

variant                    SCORE   d(mean)     PSNR    SSIM   LPIPS
align_lz4_l1.00          75.3987   +0.0463  24.6421  0.8534  0.1247
align_cub_l1.00          75.3744   +0.0219  24.6370  0.8533  0.1252
align_lz4_l0.50          75.3742   +0.0218  24.6479  0.8534  0.1254
align_cub_l0.75          75.3688   +0.0163  24.6417  0.8533  0.1254
align_cub_l0.50          75.3630   +0.0105  24.6455  0.8534  0.1256
align_cub_l0.25          75.3574   +0.0050  24.6483  0.8533  0.1258
mean                     75.3525   +0.0000  24.6503  0.8533  0.1259
ctrl_resample            75.3525   +0.0000  24.6503  0.8533  0.1259
