/home/bkai/miniconda3/envs/fastgs2/lib/python3.10/site-packages/torchvision/models/_utils.py:208: UserWarning: The parameter 'pretrained' is deprecated since 0.13 and may be removed in the future, please use 'weights' instead.
  warnings.warn(
/home/bkai/miniconda3/envs/fastgs2/lib/python3.10/site-packages/torchvision/models/_utils.py:223: UserWarning: Arguments other than a weight enum or `None` for 'weights' are deprecated since 0.13 and may be removed in the future. The current behavior is equivalent to passing `weights=VGG16_Weights.IMAGENET1K_V1`. You can also use `weights=VGG16_Weights.DEFAULT` to get the most up-to-date weights.
  warnings.warn(msg)
Setting up [LPIPS] perceptual loss: trunk [vgg], v[0.1], spatial [off]
Loading model from: /home/bkai/miniconda3/envs/fastgs2/lib/python3.10/site-packages/lpips/weights/v0.1/vgg.pth
pool=p7 mode=prod k=7 views=60
  15/60 (53s)
  30/60 (106s)
  45/60 (166s)
  60/60 (221s)

variant                    SCORE   d(mean)     PSNR    SSIM   LPIPS
align+field+jpeg         78.2559   +1.2631  26.0382  0.8890  0.1009
align+field              78.2188   +1.2261  26.0521  0.8906  0.1033
mean+field+jpeg          78.1942   +1.2015  26.0339  0.8884  0.1020
mean+field               78.1533   +1.1605  26.0475  0.8901  0.1044
align+jpeg               77.0810   +0.0883  25.0910  0.8692  0.1012
align                    77.0433   +0.0505  25.1056  0.8709  0.1037
mean+jpeg                77.0330   +0.0402  25.0976  0.8688  0.1023
mean                     76.9928   +0.0000  25.1119  0.8706  0.1048
