harness: 60 poses x 4 members ['m1', 'm2', 'm3', 'm4']
  return (torch.from_numpy(self.G[i]).to(self.dev).float().permute(2, 0, 1).unsqueeze(0) / 255.0)

====================================================================================
  raw PNG
====================================================================================
variant                        SCORE    delta     PSNR    SSIM    LPIPS
pixel-mean (SHIPPED)         76.6749  +0.0000  24.9018  0.8650   0.1054
LAPFUSE lam0.50 win3         76.8074  +0.1326  24.8750  0.8653   0.1019
LAPFUSE lam1.00 win3         76.8736  +0.1988  24.8414  0.8653   0.0998
LAPFUSE lam1.25 win3         76.8848  +0.2099  24.8214  0.8652   0.0991

====================================================================================
  +field  PNG
====================================================================================
variant                        SCORE    delta     PSNR    SSIM    LPIPS
pixel-mean (SHIPPED)         78.0464  +0.0000  25.9195  0.8871   0.1030
LAPFUSE lam0.50 win3         78.1971  +0.1508  25.9048  0.8878   0.0995
LAPFUSE lam1.00 win3         78.2807  +0.2344  25.8822  0.8882   0.0973
LAPFUSE lam1.25 win3         78.3010  +0.2546  25.8669  0.8882   0.0966

====================================================================================
  +JPEG
====================================================================================
variant                        SCORE    delta     PSNR    SSIM    LPIPS
pixel-mean (SHIPPED)         76.6936  +0.0000  24.8918  0.8637   0.1038
LAPFUSE lam0.50 win3         76.7889  +0.0953  24.8649  0.8639   0.1012
LAPFUSE lam1.00 win3         76.8270  +0.1334  24.8313  0.8639   0.0997
LAPFUSE lam1.25 win3         76.8280  +0.1344  24.8114  0.8637   0.0993

====================================================================================
  +field +JPEG  <<< SHIPPED CHAIN
====================================================================================
variant                        SCORE    delta     PSNR    SSIM    LPIPS
pixel-mean (SHIPPED)         78.0651  +0.0000  25.9111  0.8859   0.1015
LAPFUSE lam0.50 win3         78.1803  +0.1152  25.8963  0.8865   0.0988
LAPFUSE lam1.00 win3         78.2368  +0.1718  25.8737  0.8868   0.0973
LAPFUSE lam1.25 win3         78.2466  +0.1815  25.8586  0.8869   0.0969
