================================================================================================
E(cont). CROSS-FAMILY TRANSFER, third family
================================================================================================
harness: 60 poses x 4 members ['b1', 'b2', 'b3', 'b8']
  return (torch.from_numpy(self.G[i]).to(self.dev).float().permute(2, 0, 1).unsqueeze(0) / 255.0)
gsplatB1/2/3/8              75.4707     75.6877    +0.2170

================================================================================================
F. CONSERVATIVE OPERATING POINT. lam=1.25/win=3 is the HCM0181 optimum; lam=0.5 is the
   HCM0421 cross-scene optimum. Measure both ends at k=4, PNG and shipped JPEG.
================================================================================================
harness: 60 poses x 4 members ['m1', 'm2', 'm3', 'm4']
config                             PNG     dPNG      JPEG    dJPEG
pixelmean (baseline)           76.6749  +0.0000   76.6936  +0.0000
lam0.50 win3                   76.8074  +0.1326   76.7889  +0.0953
lam0.50 win5                   76.7932  +0.1184   76.7761  +0.0825
lam0.75 win3                   76.8473  +0.1725   76.8156  +0.1220
lam1.00 win1                   76.8089  +0.1340   76.7782  +0.0846
lam1.00 win3                   76.8736  +0.1988   76.8270  +0.1334
lam1.25 win3                   76.8848  +0.2099   76.8280  +0.1344
lam1.50 win3                   76.8821  +0.2072   76.8157  +0.1220

================================================================================================
G. k-CURVE at the conservative setting (lam=0.5,win=3) and the aggressive one (1.25,win3)
================================================================================================
 k  pixelmean  d(0.5,w3)  d(1.25,w3)
harness: 60 poses x 2 members ['m1', 'm2']
 2    76.0694    +0.0802     +0.1039
harness: 60 poses x 3 members ['m1', 'm2', 'm3']
 3    76.5762    +0.0978     +0.1737
harness: 60 poses x 4 members ['m1', 'm2', 'm3', 'm4']
 4    76.6749    +0.1326     +0.2099
