/home/bkai/miniconda3/envs/fastgs2/lib/python3.10/site-packages/torchvision/models/_utils.py:208: UserWarning: The parameter 'pretrained' is deprecated since 0.13 and may be removed in the future, please use 'weights' instead.
  warnings.warn(
/home/bkai/miniconda3/envs/fastgs2/lib/python3.10/site-packages/torchvision/models/_utils.py:223: UserWarning: Arguments other than a weight enum or `None` for 'weights' are deprecated since 0.13 and may be removed in the future. The current behavior is equivalent to passing `weights=VGG16_Weights.IMAGENET1K_V1`. You can also use `weights=VGG16_Weights.DEFAULT` to get the most up-to-date weights.
  warnings.warn(msg)
Setting up [LPIPS] perceptual loss: trunk [vgg], v[0.1], spatial [off]
Loading model from: /home/bkai/miniconda3/envs/fastgs2/lib/python3.10/site-packages/lpips/weights/v0.1/vgg.pth
  0/60  14s
  10/60  127s
  20/60  202s
  30/60  273s
  40/60  367s
  50/60  462s

lam0 RE-SWEEP AT PRODUCTION k, HCM0181, n=60, FULL shipped chain
         arm     SCORE     PSNR    SSIM    LPIPS  vs lam1.0   MB/60
   p8_lam0.0   78.0394  25.6379  0.8891   0.1004    -0.2940   60.12
  p8_lam0.75   78.3036  25.6361  0.8912   0.0954    -0.0298   61.39
   p8_lam1.0   78.3334  25.6244  0.8915   0.0947    +0.0000   61.79
  p8_lam1.25   78.3378  25.6074  0.8916   0.0944    +0.0044   62.18
   p8_lam1.5   78.3224  25.5849  0.8916   0.0944    -0.0110   62.56
   p4_lam1.0   78.3877  25.8879  0.8883   0.0948    +0.0000   63.36
  p4_lam1.25   78.3815  25.8640  0.8882   0.0946    -0.0063   63.69

total 515s
