/mnt/c/Users/BKAI/an_plaza2/FastGS/gsplat_track/train_gsplat.py:302: UserWarning: The given NumPy array is not writable, and PyTorch does not support non-writable tensors. This means writing to this tensor will result in undefined behavior. You may want to copy the array to protect its data or make it writable before converting it to a tensor. This type of warning will be suppressed for the rest of this program. (Triggered internally at /pytorch/torch/csrc/utils/tensor_numpy.cpp:203.)
  gt_cache[vi] = torch.from_numpy(
240/306 images.bin entries have files in /home/bkai/data/phase1/private_set1/HCM0249/train/images
240 views, 165726 init points, K=[[928.2,0,660.0],[0,928.2,494.5]], size 1320x989
3DGUT mode: classic + with_ut + with_eval3d, k1=+0.008910
scene_scale 10.382
[0] loss 0.3300 l1 0.2131 ssim 0.2330 N 165726
Step 600: Relocated 20067 GSs.
Step 600: Added 8286 GSs. Now having 174012 GSs.
Step 700: Relocated 5033 GSs.
Step 700: Added 8700 GSs. Now having 182712 GSs.
Step 800: Relocated 4652 GSs.
Step 800: Added 9135 GSs. Now having 191847 GSs.
Step 900: Relocated 5176 GSs.
Step 900: Added 9592 GSs. Now having 201439 GSs.
Step 1000: Relocated 5263 GSs.
Step 1000: Added 10071 GSs. Now having 211510 GSs.
[1000] loss 0.1281 l1 0.0655 ssim 0.6405 N 211510
Step 1100: Relocated 5680 GSs.
Step 1100: Added 10575 GSs. Now having 222085 GSs.
Step 1200: Relocated 5656 GSs.
Step 1200: Added 11104 GSs. Now having 233189 GSs.
Step 1300: Relocated 6723 GSs.
Step 1300: Added 11659 GSs. Now having 244848 GSs.
Step 1400: Relocated 6793 GSs.
Step 1400: Added 12242 GSs. Now having 257090 GSs.
Step 1500: Relocated 8416 GSs.
Step 1500: Added 12854 GSs. Now having 269944 GSs.
Step 1600: Relocated 8898 GSs.
Step 1600: Added 13497 GSs. Now having 283441 GSs.
Step 1700: Relocated 8793 GSs.
Step 1700: Added 14172 GSs. Now having 297613 GSs.
Step 1800: Relocated 9888 GSs.
Step 1800: Added 14880 GSs. Now having 312493 GSs.
Step 1900: Relocated 10531 GSs.
Step 1900: Added 15624 GSs. Now having 328117 GSs.
Step 2000: Relocated 12471 GSs.
Step 2000: Added 16405 GSs. Now having 344522 GSs.
[2000] loss 0.1316 l1 0.0678 ssim 0.6288 N 344522
Step 2100: Relocated 15398 GSs.
Step 2100: Added 17226 GSs. Now having 361748 GSs.
Step 2200: Relocated 14796 GSs.
Step 2200: Added 18087 GSs. Now having 379835 GSs.
Step 2300: Relocated 16085 GSs.
Step 2300: Added 18991 GSs. Now having 398826 GSs.
Step 2400: Relocated 17233 GSs.
Step 2400: Added 19941 GSs. Now having 418767 GSs.
Step 2500: Relocated 18172 GSs.
Step 2500: Added 20938 GSs. Now having 439705 GSs.
Step 2600: Relocated 20144 GSs.
Step 2600: Added 21985 GSs. Now having 461690 GSs.
Step 2700: Relocated 19480 GSs.
Step 2700: Added 23084 GSs. Now having 484774 GSs.
Step 2800: Relocated 22103 GSs.
Step 2800: Added 24238 GSs. Now having 509012 GSs.
Step 2900: Relocated 23809 GSs.
Step 2900: Added 25450 GSs. Now having 534462 GSs.
Step 3000: Relocated 25286 GSs.
Step 3000: Added 26723 GSs. Now having 561185 GSs.
[3000] loss 0.1164 l1 0.0617 ssim 0.6777 N 561185
Step 3100: Relocated 26116 GSs.
Step 3100: Added 28059 GSs. Now having 589244 GSs.
Step 3200: Relocated 27920 GSs.
Step 3200: Added 29462 GSs. Now having 618706 GSs.
Step 3300: Relocated 32086 GSs.
Step 3300: Added 30935 GSs. Now having 649641 GSs.
Step 3400: Relocated 34805 GSs.
Step 3400: Added 32482 GSs. Now having 682123 GSs.
Step 3500: Relocated 35152 GSs.
Step 3500: Added 34106 GSs. Now having 716229 GSs.
Step 3600: Relocated 39569 GSs.
Step 3600: Added 35811 GSs. Now having 752040 GSs.
Step 3700: Relocated 45745 GSs.
Step 3700: Added 37602 GSs. Now having 789642 GSs.
Step 3800: Relocated 44900 GSs.
Step 3800: Added 39482 GSs. Now having 829124 GSs.
Step 3900: Relocated 49772 GSs.
Step 3900: Added 41456 GSs. Now having 870580 GSs.
Step 4000: Relocated 53351 GSs.
Step 4000: Added 43529 GSs. Now having 914109 GSs.
[4000] loss 0.1119 l1 0.0582 ssim 0.6844 N 914109
Step 4100: Relocated 56681 GSs.
Step 4100: Added 45705 GSs. Now having 959814 GSs.
Step 4200: Relocated 65759 GSs.
Step 4200: Added 47990 GSs. Now having 1007804 GSs.
Step 4300: Relocated 61400 GSs.
Step 4300: Added 50390 GSs. Now having 1058194 GSs.
Step 4400: Relocated 62277 GSs.
Step 4400: Added 52909 GSs. Now having 1111103 GSs.
Step 4500: Relocated 63383 GSs.
Step 4500: Added 55555 GSs. Now having 1166658 GSs.
Step 4600: Relocated 65955 GSs.
Step 4600: Added 58332 GSs. Now having 1224990 GSs.
Step 4700: Relocated 81463 GSs.
Step 4700: Added 61249 GSs. Now having 1286239 GSs.
Step 4800: Relocated 86109 GSs.
Step 4800: Added 64311 GSs. Now having 1350550 GSs.
Step 4900: Relocated 88634 GSs.
Step 4900: Added 67527 GSs. Now having 1418077 GSs.
Step 5000: Relocated 88215 GSs.
Step 5000: Added 70903 GSs. Now having 1488980 GSs.
[5000] loss 0.1341 l1 0.0699 ssim 0.6181 N 1488980
Step 5100: Relocated 102813 GSs.
Step 5100: Added 74449 GSs. Now having 1563429 GSs.
Step 5200: Relocated 105112 GSs.
Step 5200: Added 78171 GSs. Now having 1641600 GSs.
Step 5300: Relocated 108187 GSs.
Step 5300: Added 82080 GSs. Now having 1723680 GSs.
Step 5400: Relocated 113638 GSs.
Step 5400: Added 86184 GSs. Now having 1809864 GSs.
Step 5500: Relocated 121788 GSs.
Step 5500: Added 90493 GSs. Now having 1900357 GSs.
Step 5600: Relocated 142543 GSs.
Step 5600: Added 95017 GSs. Now having 1995374 GSs.
Step 5700: Relocated 151941 GSs.
Step 5700: Added 99768 GSs. Now having 2095142 GSs.
Step 5800: Relocated 142618 GSs.
Step 5800: Added 104757 GSs. Now having 2199899 GSs.
Step 5900: Relocated 156872 GSs.
Step 5900: Added 109994 GSs. Now having 2309893 GSs.
Step 6000: Relocated 181137 GSs.
Step 6000: Added 115494 GSs. Now having 2425387 GSs.
[6000] loss 0.1106 l1 0.0572 ssim 0.6840 N 2425387
Step 6100: Relocated 178084 GSs.
Step 6100: Added 121269 GSs. Now having 2546656 GSs.
Step 6200: Relocated 188467 GSs.
Step 6200: Added 127332 GSs. Now having 2673988 GSs.
Step 6300: Relocated 195796 GSs.
Step 6300: Added 133699 GSs. Now having 2807687 GSs.
Step 6400: Relocated 199018 GSs.
Step 6400: Added 140384 GSs. Now having 2948071 GSs.
Step 6500: Relocated 232983 GSs.
Step 6500: Added 147403 GSs. Now having 3095474 GSs.
Step 6600: Relocated 250167 GSs.
Step 6600: Added 154773 GSs. Now having 3250247 GSs.
Step 6700: Relocated 257771 GSs.
Step 6700: Added 162512 GSs. Now having 3412759 GSs.
Step 6800: Relocated 261250 GSs.
Step 6800: Added 170637 GSs. Now having 3583396 GSs.
Step 6900: Relocated 265860 GSs.
Step 6900: Added 179169 GSs. Now having 3762565 GSs.
Step 7000: Relocated 295177 GSs.
Step 7000: Added 188128 GSs. Now having 3950693 GSs.
[7000] loss 0.1077 l1 0.0593 ssim 0.7057 N 3950693
Step 7100: Relocated 317041 GSs.
Step 7100: Added 197534 GSs. Now having 4148227 GSs.
Step 7200: Relocated 329445 GSs.
Step 7200: Added 207411 GSs. Now having 4355638 GSs.
Step 7300: Relocated 371587 GSs.
Step 7300: Added 217781 GSs. Now having 4573419 GSs.
Step 7400: Relocated 399018 GSs.
Step 7400: Added 228670 GSs. Now having 4802089 GSs.
Step 7500: Relocated 387978 GSs.
Step 7500: Added 197911 GSs. Now having 5000000 GSs.
Step 7600: Relocated 422314 GSs.
Step 7600: Added 0 GSs. Now having 5000000 GSs.
Step 7700: Relocated 364574 GSs.
Step 7700: Added 0 GSs. Now having 5000000 GSs.
Step 7800: Relocated 314821 GSs.
Step 7800: Added 0 GSs. Now having 5000000 GSs.
Step 7900: Relocated 317609 GSs.
Step 7900: Added 0 GSs. Now having 5000000 GSs.
Step 8000: Relocated 298108 GSs.
Step 8000: Added 0 GSs. Now having 5000000 GSs.
[8000] loss 0.0874 l1 0.0540 ssim 0.7859 N 5000000
Step 8100: Relocated 278080 GSs.
Step 8100: Added 0 GSs. Now having 5000000 GSs.
Step 8200: Relocated 265135 GSs.
Step 8200: Added 0 GSs. Now having 5000000 GSs.
Step 8300: Relocated 276691 GSs.
Step 8300: Added 0 GSs. Now having 5000000 GSs.
Step 8400: Relocated 255042 GSs.
Step 8400: Added 0 GSs. Now having 5000000 GSs.
Step 8500: Relocated 255118 GSs.
Step 8500: Added 0 GSs. Now having 5000000 GSs.
Step 8600: Relocated 247436 GSs.
Step 8600: Added 0 GSs. Now having 5000000 GSs.
Step 8700: Relocated 241350 GSs.
Step 8700: Added 0 GSs. Now having 5000000 GSs.
Step 8800: Relocated 239651 GSs.
Step 8800: Added 0 GSs. Now having 5000000 GSs.
Step 8900: Relocated 241022 GSs.
Step 8900: Added 0 GSs. Now having 5000000 GSs.
Step 9000: Relocated 231866 GSs.
Step 9000: Added 0 GSs. Now having 5000000 GSs.
[9000] loss 0.0837 l1 0.0499 ssim 0.7882 N 5000000
Step 9100: Relocated 227178 GSs.
Step 9100: Added 0 GSs. Now having 5000000 GSs.
Step 9200: Relocated 235561 GSs.
Step 9200: Added 0 GSs. Now having 5000000 GSs.
Step 9300: Relocated 243873 GSs.
Step 9300: Added 0 GSs. Now having 5000000 GSs.
Step 9400: Relocated 232073 GSs.
Step 9400: Added 0 GSs. Now having 5000000 GSs.
Step 9500: Relocated 244398 GSs.
Step 9500: Added 0 GSs. Now having 5000000 GSs.
Step 9600: Relocated 234048 GSs.
Step 9600: Added 0 GSs. Now having 5000000 GSs.
Step 9700: Relocated 225555 GSs.
Step 9700: Added 0 GSs. Now having 5000000 GSs.
Step 9800: Relocated 247189 GSs.
Step 9800: Added 0 GSs. Now having 5000000 GSs.
Step 9900: Relocated 234969 GSs.
Step 9900: Added 0 GSs. Now having 5000000 GSs.
Step 10000: Relocated 236261 GSs.
Step 10000: Added 0 GSs. Now having 5000000 GSs.
[10000] loss 0.0880 l1 0.0511 ssim 0.7717 N 5000000
Step 10100: Relocated 224773 GSs.
Step 10100: Added 0 GSs. Now having 5000000 GSs.
Step 10200: Relocated 224929 GSs.
Step 10200: Added 0 GSs. Now having 5000000 GSs.
Step 10300: Relocated 230356 GSs.
Step 10300: Added 0 GSs. Now having 5000000 GSs.
Step 10400: Relocated 229044 GSs.
Step 10400: Added 0 GSs. Now having 5000000 GSs.
Step 10500: Relocated 225625 GSs.
Step 10500: Added 0 GSs. Now having 5000000 GSs.
Step 10600: Relocated 230599 GSs.
Step 10600: Added 0 GSs. Now having 5000000 GSs.
Step 10700: Relocated 221955 GSs.
Step 10700: Added 0 GSs. Now having 5000000 GSs.
Step 10800: Relocated 224930 GSs.
Step 10800: Added 0 GSs. Now having 5000000 GSs.
Step 10900: Relocated 215846 GSs.
Step 10900: Added 0 GSs. Now having 5000000 GSs.
Step 11000: Relocated 217715 GSs.
Step 11000: Added 0 GSs. Now having 5000000 GSs.
[11000] loss 0.0927 l1 0.0518 ssim 0.7513 N 5000000
Step 11100: Relocated 210281 GSs.
Step 11100: Added 0 GSs. Now having 5000000 GSs.
Step 11200: Relocated 212271 GSs.
Step 11200: Added 0 GSs. Now having 5000000 GSs.
Step 11300: Relocated 209185 GSs.
Step 11300: Added 0 GSs. Now having 5000000 GSs.
Step 11400: Relocated 225264 GSs.
Step 11400: Added 0 GSs. Now having 5000000 GSs.
Step 11500: Relocated 216884 GSs.
Step 11500: Added 0 GSs. Now having 5000000 GSs.
Step 11600: Relocated 200286 GSs.
Step 11600: Added 0 GSs. Now having 5000000 GSs.
Step 11700: Relocated 202794 GSs.
Step 11700: Added 0 GSs. Now having 5000000 GSs.
Step 11800: Relocated 214377 GSs.
Step 11800: Added 0 GSs. Now having 5000000 GSs.
Step 11900: Relocated 209703 GSs.
Step 11900: Added 0 GSs. Now having 5000000 GSs.
Step 12000: Relocated 211151 GSs.
Step 12000: Added 0 GSs. Now having 5000000 GSs.
[12000] loss 0.0589 l1 0.0365 ssim 0.8594 N 5000000
Step 12100: Relocated 216640 GSs.
Step 12100: Added 0 GSs. Now having 5000000 GSs.
Step 12200: Relocated 214917 GSs.
Step 12200: Added 0 GSs. Now having 5000000 GSs.
Step 12300: Relocated 209430 GSs.
Step 12300: Added 0 GSs. Now having 5000000 GSs.
Step 12400: Relocated 203415 GSs.
Step 12400: Added 0 GSs. Now having 5000000 GSs.
Step 12500: Relocated 203153 GSs.
Step 12500: Added 0 GSs. Now having 5000000 GSs.
Step 12600: Relocated 200091 GSs.
Step 12600: Added 0 GSs. Now having 5000000 GSs.
Step 12700: Relocated 211737 GSs.
Step 12700: Added 0 GSs. Now having 5000000 GSs.
Step 12800: Relocated 230456 GSs.
Step 12800: Added 0 GSs. Now having 5000000 GSs.
Step 12900: Relocated 209714 GSs.
Step 12900: Added 0 GSs. Now having 5000000 GSs.
Step 13000: Relocated 223721 GSs.
Step 13000: Added 0 GSs. Now having 5000000 GSs.
[13000] loss 0.0832 l1 0.0460 ssim 0.7765 N 5000000
Step 13100: Relocated 220789 GSs.
Step 13100: Added 0 GSs. Now having 5000000 GSs.
Step 13200: Relocated 202220 GSs.
Step 13200: Added 0 GSs. Now having 5000000 GSs.
Step 13300: Relocated 209006 GSs.
Step 13300: Added 0 GSs. Now having 5000000 GSs.
Step 13400: Relocated 215423 GSs.
Step 13400: Added 0 GSs. Now having 5000000 GSs.
Step 13500: Relocated 212081 GSs.
Step 13500: Added 0 GSs. Now having 5000000 GSs.
Step 13600: Relocated 210875 GSs.
Step 13600: Added 0 GSs. Now having 5000000 GSs.
Step 13700: Relocated 222185 GSs.
Step 13700: Added 0 GSs. Now having 5000000 GSs.
Step 13800: Relocated 209665 GSs.
Step 13800: Added 0 GSs. Now having 5000000 GSs.
Step 13900: Relocated 199882 GSs.
Step 13900: Added 0 GSs. Now having 5000000 GSs.
Step 14000: Relocated 214240 GSs.
Step 14000: Added 0 GSs. Now having 5000000 GSs.
[14000] loss 0.0737 l1 0.0446 ssim 0.8180 N 5000000
Step 14100: Relocated 196451 GSs.
Step 14100: Added 0 GSs. Now having 5000000 GSs.
Step 14200: Relocated 201299 GSs.
Step 14200: Added 0 GSs. Now having 5000000 GSs.
Step 14300: Relocated 181642 GSs.
Step 14300: Added 0 GSs. Now having 5000000 GSs.
Step 14400: Relocated 188324 GSs.
Step 14400: Added 0 GSs. Now having 5000000 GSs.
Step 14500: Relocated 190843 GSs.
Step 14500: Added 0 GSs. Now having 5000000 GSs.
Step 14600: Relocated 192093 GSs.
Step 14600: Added 0 GSs. Now having 5000000 GSs.
Step 14700: Relocated 201320 GSs.
Step 14700: Added 0 GSs. Now having 5000000 GSs.
Step 14800: Relocated 198459 GSs.
Step 14800: Added 0 GSs. Now having 5000000 GSs.
Step 14900: Relocated 182559 GSs.
Step 14900: Added 0 GSs. Now having 5000000 GSs.
Step 15000: Relocated 185603 GSs.
Step 15000: Added 0 GSs. Now having 5000000 GSs.
[15000] loss 0.0533 l1 0.0340 ssim 0.8783 N 5000000
Step 15100: Relocated 200025 GSs.
Step 15100: Added 0 GSs. Now having 5000000 GSs.
Step 15200: Relocated 190776 GSs.
Step 15200: Added 0 GSs. Now having 5000000 GSs.
Step 15300: Relocated 189115 GSs.
Step 15300: Added 0 GSs. Now having 5000000 GSs.
Step 15400: Relocated 182933 GSs.
Step 15400: Added 0 GSs. Now having 5000000 GSs.
Step 15500: Relocated 188041 GSs.
Step 15500: Added 0 GSs. Now having 5000000 GSs.
Step 15600: Relocated 186156 GSs.
Step 15600: Added 0 GSs. Now having 5000000 GSs.
Step 15700: Relocated 183341 GSs.
Step 15700: Added 0 GSs. Now having 5000000 GSs.
Step 15800: Relocated 169812 GSs.
Step 15800: Added 0 GSs. Now having 5000000 GSs.
Step 15900: Relocated 188569 GSs.
Step 15900: Added 0 GSs. Now having 5000000 GSs.
Step 16000: Relocated 171178 GSs.
Step 16000: Added 0 GSs. Now having 5000000 GSs.
[16000] loss 0.0662 l1 0.0413 ssim 0.8427 N 5000000
Step 16100: Relocated 171173 GSs.
Step 16100: Added 0 GSs. Now having 5000000 GSs.
Step 16200: Relocated 175909 GSs.
Step 16200: Added 0 GSs. Now having 5000000 GSs.
Step 16300: Relocated 186992 GSs.
Step 16300: Added 0 GSs. Now having 5000000 GSs.
Step 16400: Relocated 188732 GSs.
Step 16400: Added 0 GSs. Now having 5000000 GSs.
Step 16500: Relocated 178055 GSs.
Step 16500: Added 0 GSs. Now having 5000000 GSs.
Step 16600: Relocated 165687 GSs.
Step 16600: Added 0 GSs. Now having 5000000 GSs.
Step 16700: Relocated 159899 GSs.
Step 16700: Added 0 GSs. Now having 5000000 GSs.
Step 16800: Relocated 160438 GSs.
Step 16800: Added 0 GSs. Now having 5000000 GSs.
Step 16900: Relocated 160238 GSs.
Step 16900: Added 0 GSs. Now having 5000000 GSs.
Step 17000: Relocated 168059 GSs.
Step 17000: Added 0 GSs. Now having 5000000 GSs.
[17000] loss 0.0600 l1 0.0399 ssim 0.8682 N 5000000
Step 17100: Relocated 154552 GSs.
Step 17100: Added 0 GSs. Now having 5000000 GSs.
Step 17200: Relocated 161386 GSs.
Step 17200: Added 0 GSs. Now having 5000000 GSs.
Step 17300: Relocated 162350 GSs.
Step 17300: Added 0 GSs. Now having 5000000 GSs.
Step 17400: Relocated 162388 GSs.
Step 17400: Added 0 GSs. Now having 5000000 GSs.
Step 17500: Relocated 155052 GSs.
Step 17500: Added 0 GSs. Now having 5000000 GSs.
Step 17600: Relocated 155509 GSs.
Step 17600: Added 0 GSs. Now having 5000000 GSs.
Step 17700: Relocated 153241 GSs.
Step 17700: Added 0 GSs. Now having 5000000 GSs.
Step 17800: Relocated 158554 GSs.
Step 17800: Added 0 GSs. Now having 5000000 GSs.
Step 17900: Relocated 159371 GSs.
Step 17900: Added 0 GSs. Now having 5000000 GSs.
Step 18000: Relocated 149147 GSs.
Step 18000: Added 0 GSs. Now having 5000000 GSs.
[18000] loss 0.0533 l1 0.0356 ssim 0.8846 N 5000000
Step 18100: Relocated 142219 GSs.
Step 18100: Added 0 GSs. Now having 5000000 GSs.
Step 18200: Relocated 140649 GSs.
Step 18200: Added 0 GSs. Now having 5000000 GSs.
Step 18300: Relocated 140392 GSs.
Step 18300: Added 0 GSs. Now having 5000000 GSs.
Step 18400: Relocated 138430 GSs.
Step 18400: Added 0 GSs. Now having 5000000 GSs.
Step 18500: Relocated 135827 GSs.
Step 18500: Added 0 GSs. Now having 5000000 GSs.
Step 18600: Relocated 133955 GSs.
Step 18600: Added 0 GSs. Now having 5000000 GSs.
Step 18700: Relocated 130035 GSs.
Step 18700: Added 0 GSs. Now having 5000000 GSs.
/home/bkai/miniconda3/envs/gsplat/lib/python3.10/site-packages/torchvision/models/_utils.py:208: UserWarning: The parameter 'pretrained' is deprecated since 0.13 and may be removed in the future, please use 'weights' instead.
  warnings.warn(
/home/bkai/miniconda3/envs/gsplat/lib/python3.10/site-packages/torchvision/models/_utils.py:223: UserWarning: Arguments other than a weight enum or `None` for 'weights' are deprecated since 0.13 and may be removed in the future. The current behavior is equivalent to passing `weights=VGG16_Weights.IMAGENET1K_V1`. You can also use `weights=VGG16_Weights.DEFAULT` to get the most up-to-date weights.
  warnings.warn(msg)
Step 18800: Relocated 139575 GSs.
Step 18800: Added 0 GSs. Now having 5000000 GSs.
Step 18900: Relocated 141787 GSs.
Step 18900: Added 0 GSs. Now having 5000000 GSs.
Step 19000: Relocated 131671 GSs.
Step 19000: Added 0 GSs. Now having 5000000 GSs.
[19000] loss 0.0622 l1 0.0374 ssim 0.8475 N 5000000
Step 19100: Relocated 132656 GSs.
Step 19100: Added 0 GSs. Now having 5000000 GSs.
Step 19200: Relocated 135671 GSs.
Step 19200: Added 0 GSs. Now having 5000000 GSs.
Step 19300: Relocated 128865 GSs.
Step 19300: Added 0 GSs. Now having 5000000 GSs.
Step 19400: Relocated 135060 GSs.
Step 19400: Added 0 GSs. Now having 5000000 GSs.
Step 19500: Relocated 138672 GSs.
Step 19500: Added 0 GSs. Now having 5000000 GSs.
Step 19600: Relocated 131452 GSs.
Step 19600: Added 0 GSs. Now having 5000000 GSs.
Step 19700: Relocated 126593 GSs.
Step 19700: Added 0 GSs. Now having 5000000 GSs.
Step 19800: Relocated 122425 GSs.
Step 19800: Added 0 GSs. Now having 5000000 GSs.
Step 19900: Relocated 122790 GSs.
Step 19900: Added 0 GSs. Now having 5000000 GSs.
Step 20000: Relocated 123830 GSs.
Step 20000: Added 0 GSs. Now having 5000000 GSs.
[20000] loss 0.0703 l1 0.0444 ssim 0.8358 N 5000000
Step 20100: Relocated 120030 GSs.
Step 20100: Added 0 GSs. Now having 5000000 GSs.
Step 20200: Relocated 118926 GSs.
Step 20200: Added 0 GSs. Now having 5000000 GSs.
Step 20300: Relocated 122514 GSs.
Step 20300: Added 0 GSs. Now having 5000000 GSs.
Step 20400: Relocated 112647 GSs.
Step 20400: Added 0 GSs. Now having 5000000 GSs.
Step 20500: Relocated 119941 GSs.
Step 20500: Added 0 GSs. Now having 5000000 GSs.
Step 20600: Relocated 126112 GSs.
Step 20600: Added 0 GSs. Now having 5000000 GSs.
Step 20700: Relocated 119006 GSs.
Step 20700: Added 0 GSs. Now having 5000000 GSs.
Step 20800: Relocated 120762 GSs.
Step 20800: Added 0 GSs. Now having 5000000 GSs.
Step 20900: Relocated 115546 GSs.
Step 20900: Added 0 GSs. Now having 5000000 GSs.
Step 21000: Relocated 116522 GSs.
Step 21000: Added 0 GSs. Now having 5000000 GSs.
[21000] loss 0.0529 l1 0.0344 ssim 0.8828 N 5000000
Step 21100: Relocated 114008 GSs.
Step 21100: Added 0 GSs. Now having 5000000 GSs.
Step 21200: Relocated 110063 GSs.
Step 21200: Added 0 GSs. Now having 5000000 GSs.
Step 21300: Relocated 117002 GSs.
Step 21300: Added 0 GSs. Now having 5000000 GSs.
Step 21400: Relocated 100558 GSs.
Step 21400: Added 0 GSs. Now having 5000000 GSs.
Step 21500: Relocated 101206 GSs.
Step 21500: Added 0 GSs. Now having 5000000 GSs.
Step 21600: Relocated 104891 GSs.
Step 21600: Added 0 GSs. Now having 5000000 GSs.
Step 21700: Relocated 101642 GSs.
Step 21700: Added 0 GSs. Now having 5000000 GSs.
Step 21800: Relocated 106900 GSs.
Step 21800: Added 0 GSs. Now having 5000000 GSs.
Step 21900: Relocated 108306 GSs.
Step 21900: Added 0 GSs. Now having 5000000 GSs.
Step 22000: Relocated 107358 GSs.
Step 22000: Added 0 GSs. Now having 5000000 GSs.
[22000] loss 0.0672 l1 0.0397 ssim 0.8324 N 5000000
Step 22100: Relocated 105595 GSs.
Step 22100: Added 0 GSs. Now having 5000000 GSs.
Step 22200: Relocated 102117 GSs.
Step 22200: Added 0 GSs. Now having 5000000 GSs.
Step 22300: Relocated 96381 GSs.
Step 22300: Added 0 GSs. Now having 5000000 GSs.
Step 22400: Relocated 96740 GSs.
Step 22400: Added 0 GSs. Now having 5000000 GSs.
Step 22500: Relocated 92181 GSs.
Step 22500: Added 0 GSs. Now having 5000000 GSs.
Step 22600: Relocated 92760 GSs.
Step 22600: Added 0 GSs. Now having 5000000 GSs.
Step 22700: Relocated 87975 GSs.
Step 22700: Added 0 GSs. Now having 5000000 GSs.
Step 22800: Relocated 92133 GSs.
Step 22800: Added 0 GSs. Now having 5000000 GSs.
Step 22900: Relocated 93554 GSs.
Step 22900: Added 0 GSs. Now having 5000000 GSs.
Step 23000: Relocated 90800 GSs.
Step 23000: Added 0 GSs. Now having 5000000 GSs.
[23000] loss 0.0789 l1 0.0454 ssim 0.7970 N 5000000
Step 23100: Relocated 83167 GSs.
Step 23100: Added 0 GSs. Now having 5000000 GSs.
Step 23200: Relocated 89122 GSs.
Step 23200: Added 0 GSs. Now having 5000000 GSs.
Step 23300: Relocated 82958 GSs.
Step 23300: Added 0 GSs. Now having 5000000 GSs.
Step 23400: Relocated 82840 GSs.
Step 23400: Added 0 GSs. Now having 5000000 GSs.
Step 23500: Relocated 87374 GSs.
Step 23500: Added 0 GSs. Now having 5000000 GSs.
Step 23600: Relocated 83103 GSs.
Step 23600: Added 0 GSs. Now having 5000000 GSs.
Step 23700: Relocated 76948 GSs.
Step 23700: Added 0 GSs. Now having 5000000 GSs.
Step 23800: Relocated 79659 GSs.
Step 23800: Added 0 GSs. Now having 5000000 GSs.
Step 23900: Relocated 78680 GSs.
Step 23900: Added 0 GSs. Now having 5000000 GSs.
Step 24000: Relocated 82430 GSs.
Step 24000: Added 0 GSs. Now having 5000000 GSs.
[24000] loss 0.0624 l1 0.0387 ssim 0.8526 N 5000000
Step 24100: Relocated 78143 GSs.
Step 24100: Added 0 GSs. Now having 5000000 GSs.
Step 24200: Relocated 79835 GSs.
Step 24200: Added 0 GSs. Now having 5000000 GSs.
Step 24300: Relocated 76753 GSs.
Step 24300: Added 0 GSs. Now having 5000000 GSs.
Step 24400: Relocated 77542 GSs.
Step 24400: Added 0 GSs. Now having 5000000 GSs.
Step 24500: Relocated 76885 GSs.
Step 24500: Added 0 GSs. Now having 5000000 GSs.
Step 24600: Relocated 71156 GSs.
Step 24600: Added 0 GSs. Now having 5000000 GSs.
Step 24700: Relocated 72634 GSs.
Step 24700: Added 0 GSs. Now having 5000000 GSs.
Step 24800: Relocated 69546 GSs.
Step 24800: Added 0 GSs. Now having 5000000 GSs.
Step 24900: Relocated 73177 GSs.
Step 24900: Added 0 GSs. Now having 5000000 GSs.
[25000] loss 0.0568 l1 0.0381 ssim 0.8785 N 5000000
Setting up [LPIPS] perceptual loss: trunk [vgg], v[0.1], spatial [off]
Loading model from: /home/bkai/miniconda3/envs/gsplat/lib/python3.10/site-packages/lpips/weights/v0.1/vgg.pth
[26000] loss 0.0805 l1 0.0381 ssim 0.8368 N 5000000
[27000] loss 0.0572 l1 0.0315 ssim 0.8975 N 5000000
[28000] loss 0.1004 l1 0.0609 ssim 0.8255 N 5000000
[29000] loss 0.0529 l1 0.0295 ssim 0.9053 N 5000000
[29999] loss 0.0587 l1 0.0324 ssim 0.8896 N 5000000
Saved 5000000 gaussians to /mnt/d/avv/output/HCM0249_gsplatB9ut/ckpt.pt
=== privUT HCM0249 TRAIN DONE ===
Wrote 60 images to /mnt/d/avv/output/HCM0249_gsplatB9ut/test_poses_renders
=== privUT HCM0249 RENDERED ===
/mnt/c/Users/BKAI/an_plaza2/FastGS/gsplat_track/train_gsplat.py:302: UserWarning: The given NumPy array is not writable, and PyTorch does not support non-writable tensors. This means writing to this tensor will result in undefined behavior. You may want to copy the array to protect its data or make it writable before converting it to a tensor. This type of warning will be suppressed for the rest of this program. (Triggered internally at /pytorch/torch/csrc/utils/tensor_numpy.cpp:203.)
  gt_cache[vi] = torch.from_numpy(
240/341 images.bin entries have files in /home/bkai/data/phase1/private_set1/HCM0254/train/images
240 views, 176590 init points, K=[[926.4,0,660.0],[0,926.4,494.5]], size 1320x989
3DGUT mode: classic + with_ut + with_eval3d, k1=+0.009819
scene_scale 10.346
[0] loss 0.3182 l1 0.2071 ssim 0.2660 N 176590
Step 600: Relocated 14844 GSs.
Step 600: Added 8829 GSs. Now having 185419 GSs.
Step 700: Relocated 4165 GSs.
Step 700: Added 9270 GSs. Now having 194689 GSs.
Step 800: Relocated 3795 GSs.
Step 800: Added 9734 GSs. Now having 204423 GSs.
Step 900: Relocated 4366 GSs.
Step 900: Added 10221 GSs. Now having 214644 GSs.
Step 1000: Relocated 4687 GSs.
Step 1000: Added 10732 GSs. Now having 225376 GSs.
[1000] loss 0.1201 l1 0.0563 ssim 0.6436 N 225376
Step 1100: Relocated 5031 GSs.
Step 1100: Added 11268 GSs. Now having 236644 GSs.
Step 1200: Relocated 5288 GSs.
Step 1200: Added 11832 GSs. Now having 248476 GSs.
Step 1300: Relocated 6462 GSs.
Step 1300: Added 12423 GSs. Now having 260899 GSs.
Step 1400: Relocated 6597 GSs.
Step 1400: Added 13044 GSs. Now having 273943 GSs.
Step 1500: Relocated 7661 GSs.
Step 1500: Added 13697 GSs. Now having 287640 GSs.
Step 1600: Relocated 8277 GSs.
Step 1600: Added 14382 GSs. Now having 302022 GSs.
Step 1700: Relocated 8592 GSs.
Step 1700: Added 15101 GSs. Now having 317123 GSs.
Step 1800: Relocated 10030 GSs.
Step 1800: Added 15856 GSs. Now having 332979 GSs.
Step 1900: Relocated 11664 GSs.
Step 1900: Added 16648 GSs. Now having 349627 GSs.
Step 2000: Relocated 12341 GSs.
Step 2000: Added 17481 GSs. Now having 367108 GSs.
[2000] loss 0.1440 l1 0.0759 ssim 0.5990 N 367108
Step 2100: Relocated 14261 GSs.
Step 2100: Added 18355 GSs. Now having 385463 GSs.
Step 2200: Relocated 14452 GSs.
Step 2200: Added 19273 GSs. Now having 404736 GSs.
Step 2300: Relocated 16770 GSs.
Step 2300: Added 20236 GSs. Now having 424972 GSs.
Step 2400: Relocated 20562 GSs.
Step 2400: Added 21248 GSs. Now having 446220 GSs.
Step 2500: Relocated 19113 GSs.
Step 2500: Added 22311 GSs. Now having 468531 GSs.
Step 2600: Relocated 20001 GSs.
Step 2600: Added 23426 GSs. Now having 491957 GSs.
Step 2700: Relocated 20720 GSs.
Step 2700: Added 24597 GSs. Now having 516554 GSs.
Step 2800: Relocated 22179 GSs.
Step 2800: Added 25827 GSs. Now having 542381 GSs.
Step 2900: Relocated 24637 GSs.
Step 2900: Added 27119 GSs. Now having 569500 GSs.
Step 3000: Relocated 27533 GSs.
Step 3000: Added 28475 GSs. Now having 597975 GSs.
[3000] loss 0.0963 l1 0.0467 ssim 0.7175 N 597975
Step 3100: Relocated 26125 GSs.
Step 3100: Added 29898 GSs. Now having 627873 GSs.
Step 3200: Relocated 31961 GSs.
Step 3200: Added 31393 GSs. Now having 659266 GSs.
Step 3300: Relocated 35761 GSs.
Step 3300: Added 32963 GSs. Now having 692229 GSs.
Step 3400: Relocated 33001 GSs.
Step 3400: Added 34611 GSs. Now having 726840 GSs.
Step 3500: Relocated 35032 GSs.
Step 3500: Added 36342 GSs. Now having 763182 GSs.
Step 3600: Relocated 36779 GSs.
Step 3600: Added 38159 GSs. Now having 801341 GSs.
Step 3700: Relocated 40814 GSs.
Step 3700: Added 40067 GSs. Now having 841408 GSs.
Step 3800: Relocated 45672 GSs.
Step 3800: Added 42070 GSs. Now having 883478 GSs.
Step 3900: Relocated 51080 GSs.
Step 3900: Added 44173 GSs. Now having 927651 GSs.
Step 4000: Relocated 51696 GSs.
Step 4000: Added 46382 GSs. Now having 974033 GSs.
[4000] loss 0.1195 l1 0.0570 ssim 0.6410 N 974033
Step 4100: Relocated 55705 GSs.
Step 4100: Added 48701 GSs. Now having 1022734 GSs.
Step 4200: Relocated 60487 GSs.
Step 4200: Added 51136 GSs. Now having 1073870 GSs.
Step 4300: Relocated 59383 GSs.
Step 4300: Added 53693 GSs. Now having 1127563 GSs.
Step 4400: Relocated 64539 GSs.
Step 4400: Added 56378 GSs. Now having 1183941 GSs.
Step 4500: Relocated 69930 GSs.
Step 4500: Added 59197 GSs. Now having 1243138 GSs.
Step 4600: Relocated 73853 GSs.
Step 4600: Added 62156 GSs. Now having 1305294 GSs.
Step 4700: Relocated 97313 GSs.
Step 4700: Added 65264 GSs. Now having 1370558 GSs.
Step 4800: Relocated 81529 GSs.
Step 4800: Added 68527 GSs. Now having 1439085 GSs.
Step 4900: Relocated 96949 GSs.
Step 4900: Added 71954 GSs. Now having 1511039 GSs.
Step 5000: Relocated 100046 GSs.
Step 5000: Added 75551 GSs. Now having 1586590 GSs.
[5000] loss 0.0871 l1 0.0451 ssim 0.7534 N 1586590
Step 5100: Relocated 103765 GSs.
Step 5100: Added 79329 GSs. Now having 1665919 GSs.
Step 5200: Relocated 104901 GSs.
Step 5200: Added 83295 GSs. Now having 1749214 GSs.
Step 5300: Relocated 110639 GSs.
Step 5300: Added 87460 GSs. Now having 1836674 GSs.
Step 5400: Relocated 109573 GSs.
Step 5400: Added 91833 GSs. Now having 1928507 GSs.
Step 5500: Relocated 118265 GSs.
Step 5500: Added 96425 GSs. Now having 2024932 GSs.
Step 5600: Relocated 129225 GSs.
Step 5600: Added 101246 GSs. Now having 2126178 GSs.
Step 5700: Relocated 142389 GSs.
Step 5700: Added 106308 GSs. Now having 2232486 GSs.
Step 5800: Relocated 156560 GSs.
Step 5800: Added 111624 GSs. Now having 2344110 GSs.
Step 5900: Relocated 170618 GSs.
Step 5900: Added 117205 GSs. Now having 2461315 GSs.
Step 6000: Relocated 185335 GSs.
Step 6000: Added 123065 GSs. Now having 2584380 GSs.
[6000] loss 0.0878 l1 0.0449 ssim 0.7478 N 2584380
Step 6100: Relocated 185776 GSs.
Step 6100: Added 129219 GSs. Now having 2713599 GSs.
Step 6200: Relocated 211608 GSs.
Step 6200: Added 135679 GSs. Now having 2849278 GSs.
Step 6300: Relocated 209407 GSs.
Step 6300: Added 142463 GSs. Now having 2991741 GSs.
Step 6400: Relocated 213780 GSs.
Step 6400: Added 149587 GSs. Now having 3141328 GSs.
Step 6500: Relocated 230869 GSs.
Step 6500: Added 157066 GSs. Now having 3298394 GSs.
Step 6600: Relocated 241443 GSs.
Step 6600: Added 164919 GSs. Now having 3463313 GSs.
Step 6700: Relocated 255170 GSs.
Step 6700: Added 173165 GSs. Now having 3636478 GSs.
Step 6800: Relocated 256277 GSs.
Step 6800: Added 181823 GSs. Now having 3818301 GSs.
Step 6900: Relocated 270781 GSs.
Step 6900: Added 190915 GSs. Now having 4009216 GSs.
Step 7000: Relocated 320111 GSs.
Step 7000: Added 200460 GSs. Now having 4209676 GSs.
[7000] loss 0.1111 l1 0.0630 ssim 0.7031 N 4209676
Step 7100: Relocated 323598 GSs.
Step 7100: Added 210483 GSs. Now having 4420159 GSs.
Step 7200: Relocated 340246 GSs.
Step 7200: Added 221007 GSs. Now having 4641166 GSs.
Step 7300: Relocated 386614 GSs.
Step 7300: Added 232058 GSs. Now having 4873224 GSs.
Step 7400: Relocated 428464 GSs.
Step 7400: Added 126776 GSs. Now having 5000000 GSs.
Step 7500: Relocated 393411 GSs.
Step 7500: Added 0 GSs. Now having 5000000 GSs.
Step 7600: Relocated 346412 GSs.
Step 7600: Added 0 GSs. Now having 5000000 GSs.
Step 7700: Relocated 316487 GSs.
Step 7700: Added 0 GSs. Now having 5000000 GSs.
Step 7800: Relocated 307513 GSs.
Step 7800: Added 0 GSs. Now having 5000000 GSs.
Step 7900: Relocated 288002 GSs.
Step 7900: Added 0 GSs. Now having 5000000 GSs.
Step 8000: Relocated 273040 GSs.
Step 8000: Added 0 GSs. Now having 5000000 GSs.
[8000] loss 0.0805 l1 0.0438 ssim 0.7790 N 5000000
Step 8100: Relocated 270209 GSs.
Step 8100: Added 0 GSs. Now having 5000000 GSs.
Step 8200: Relocated 244983 GSs.
Step 8200: Added 0 GSs. Now having 5000000 GSs.
Step 8300: Relocated 248518 GSs.
Step 8300: Added 0 GSs. Now having 5000000 GSs.
Step 8400: Relocated 252644 GSs.
Step 8400: Added 0 GSs. Now having 5000000 GSs.
Step 8500: Relocated 248005 GSs.
Step 8500: Added 0 GSs. Now having 5000000 GSs.
Step 8600: Relocated 237318 GSs.
Step 8600: Added 0 GSs. Now having 5000000 GSs.
Step 8700: Relocated 231209 GSs.
Step 8700: Added 0 GSs. Now having 5000000 GSs.
Step 8800: Relocated 235175 GSs.
Step 8800: Added 0 GSs. Now having 5000000 GSs.
Step 8900: Relocated 227858 GSs.
Step 8900: Added 0 GSs. Now having 5000000 GSs.
Step 9000: Relocated 231239 GSs.
Step 9000: Added 0 GSs. Now having 5000000 GSs.
[9000] loss 0.0895 l1 0.0460 ssim 0.7433 N 5000000
Step 9100: Relocated 222676 GSs.
Step 9100: Added 0 GSs. Now having 5000000 GSs.
Step 9200: Relocated 221502 GSs.
Step 9200: Added 0 GSs. Now having 5000000 GSs.
Step 9300: Relocated 244016 GSs.
Step 9300: Added 0 GSs. Now having 5000000 GSs.
Step 9400: Relocated 226632 GSs.
Step 9400: Added 0 GSs. Now having 5000000 GSs.
Step 9500: Relocated 233177 GSs.
Step 9500: Added 0 GSs. Now having 5000000 GSs.
Step 9600: Relocated 239567 GSs.
Step 9600: Added 0 GSs. Now having 5000000 GSs.
Step 9700: Relocated 223271 GSs.
Step 9700: Added 0 GSs. Now having 5000000 GSs.
Step 9800: Relocated 237714 GSs.
Step 9800: Added 0 GSs. Now having 5000000 GSs.
Step 9900: Relocated 219187 GSs.
Step 9900: Added 0 GSs. Now having 5000000 GSs.
Step 10000: Relocated 226959 GSs.
Step 10000: Added 0 GSs. Now having 5000000 GSs.
[10000] loss 0.0758 l1 0.0433 ssim 0.8013 N 5000000
Step 10100: Relocated 215667 GSs.
Step 10100: Added 0 GSs. Now having 5000000 GSs.
Step 10200: Relocated 213290 GSs.
Step 10200: Added 0 GSs. Now having 5000000 GSs.
Step 10300: Relocated 217098 GSs.
Step 10300: Added 0 GSs. Now having 5000000 GSs.
Step 10400: Relocated 221304 GSs.
Step 10400: Added 0 GSs. Now having 5000000 GSs.
Step 10500: Relocated 217881 GSs.
Step 10500: Added 0 GSs. Now having 5000000 GSs.
Step 10600: Relocated 211491 GSs.
Step 10600: Added 0 GSs. Now having 5000000 GSs.
Step 10700: Relocated 222400 GSs.
Step 10700: Added 0 GSs. Now having 5000000 GSs.
Step 10800: Relocated 210816 GSs.
Step 10800: Added 0 GSs. Now having 5000000 GSs.
Step 10900: Relocated 211511 GSs.
Step 10900: Added 0 GSs. Now having 5000000 GSs.
Step 11000: Relocated 216315 GSs.
Step 11000: Added 0 GSs. Now having 5000000 GSs.
[11000] loss 0.0814 l1 0.0470 ssim 0.7882 N 5000000
Step 11100: Relocated 222306 GSs.
Step 11100: Added 0 GSs. Now having 5000000 GSs.
Step 11200: Relocated 213709 GSs.
Step 11200: Added 0 GSs. Now having 5000000 GSs.
Step 11300: Relocated 209501 GSs.
Step 11300: Added 0 GSs. Now having 5000000 GSs.
Step 11400: Relocated 205945 GSs.
Step 11400: Added 0 GSs. Now having 5000000 GSs.
Step 11500: Relocated 203442 GSs.
Step 11500: Added 0 GSs. Now having 5000000 GSs.
Step 11600: Relocated 211306 GSs.
Step 11600: Added 0 GSs. Now having 5000000 GSs.
Step 11700: Relocated 215150 GSs.
Step 11700: Added 0 GSs. Now having 5000000 GSs.
Step 11800: Relocated 199679 GSs.
Step 11800: Added 0 GSs. Now having 5000000 GSs.
Step 11900: Relocated 202873 GSs.
Step 11900: Added 0 GSs. Now having 5000000 GSs.
Step 12000: Relocated 222905 GSs.
Step 12000: Added 0 GSs. Now having 5000000 GSs.
[12000] loss 0.0668 l1 0.0387 ssim 0.8281 N 5000000
Step 12100: Relocated 213312 GSs.
Step 12100: Added 0 GSs. Now having 5000000 GSs.
Step 12200: Relocated 203920 GSs.
Step 12200: Added 0 GSs. Now having 5000000 GSs.
Step 12300: Relocated 205900 GSs.
Step 12300: Added 0 GSs. Now having 5000000 GSs.
Step 12400: Relocated 202211 GSs.
Step 12400: Added 0 GSs. Now having 5000000 GSs.
Step 12500: Relocated 203353 GSs.
Step 12500: Added 0 GSs. Now having 5000000 GSs.
Step 12600: Relocated 198750 GSs.
Step 12600: Added 0 GSs. Now having 5000000 GSs.
Step 12700: Relocated 197231 GSs.
Step 12700: Added 0 GSs. Now having 5000000 GSs.
Step 12800: Relocated 213035 GSs.
Step 12800: Added 0 GSs. Now having 5000000 GSs.
Step 12900: Relocated 197694 GSs.
Step 12900: Added 0 GSs. Now having 5000000 GSs.
Step 13000: Relocated 210678 GSs.
Step 13000: Added 0 GSs. Now having 5000000 GSs.
[13000] loss 0.0783 l1 0.0459 ssim 0.8000 N 5000000
Step 13100: Relocated 201081 GSs.
Step 13100: Added 0 GSs. Now having 5000000 GSs.
Step 13200: Relocated 201669 GSs.
Step 13200: Added 0 GSs. Now having 5000000 GSs.
Step 13300: Relocated 208328 GSs.
Step 13300: Added 0 GSs. Now having 5000000 GSs.
Step 13400: Relocated 217816 GSs.
Step 13400: Added 0 GSs. Now having 5000000 GSs.
Step 13500: Relocated 206156 GSs.
Step 13500: Added 0 GSs. Now having 5000000 GSs.
Step 13600: Relocated 199672 GSs.
Step 13600: Added 0 GSs. Now having 5000000 GSs.
Step 13700: Relocated 210486 GSs.
Step 13700: Added 0 GSs. Now having 5000000 GSs.
Step 13800: Relocated 202736 GSs.
Step 13800: Added 0 GSs. Now having 5000000 GSs.
Step 13900: Relocated 188619 GSs.
Step 13900: Added 0 GSs. Now having 5000000 GSs.
Step 14000: Relocated 187604 GSs.
Step 14000: Added 0 GSs. Now having 5000000 GSs.
[14000] loss 0.0618 l1 0.0363 ssim 0.8443 N 5000000
Step 14100: Relocated 185630 GSs.
Step 14100: Added 0 GSs. Now having 5000000 GSs.
Step 14200: Relocated 185650 GSs.
Step 14200: Added 0 GSs. Now having 5000000 GSs.
Step 14300: Relocated 180554 GSs.
Step 14300: Added 0 GSs. Now having 5000000 GSs.
Step 14400: Relocated 181904 GSs.
Step 14400: Added 0 GSs. Now having 5000000 GSs.
Step 14500: Relocated 178390 GSs.
Step 14500: Added 0 GSs. Now having 5000000 GSs.
Step 14600: Relocated 182265 GSs.
Step 14600: Added 0 GSs. Now having 5000000 GSs.
Step 14700: Relocated 187247 GSs.
Step 14700: Added 0 GSs. Now having 5000000 GSs.
Step 14800: Relocated 183457 GSs.
Step 14800: Added 0 GSs. Now having 5000000 GSs.
Step 14900: Relocated 167348 GSs.
Step 14900: Added 0 GSs. Now having 5000000 GSs.
Step 15000: Relocated 175735 GSs.
Step 15000: Added 0 GSs. Now having 5000000 GSs.
[15000] loss 0.0665 l1 0.0368 ssim 0.8232 N 5000000
Step 15100: Relocated 170924 GSs.
Step 15100: Added 0 GSs. Now having 5000000 GSs.
Step 15200: Relocated 171124 GSs.
Step 15200: Added 0 GSs. Now having 5000000 GSs.
Step 15300: Relocated 163950 GSs.
Step 15300: Added 0 GSs. Now having 5000000 GSs.
Step 15400: Relocated 172188 GSs.
Step 15400: Added 0 GSs. Now having 5000000 GSs.
Step 15500: Relocated 170881 GSs.
Step 15500: Added 0 GSs. Now having 5000000 GSs.
Step 15600: Relocated 160588 GSs.
Step 15600: Added 0 GSs. Now having 5000000 GSs.
Step 15700: Relocated 169421 GSs.
Step 15700: Added 0 GSs. Now having 5000000 GSs.
Step 15800: Relocated 161862 GSs.
Step 15800: Added 0 GSs. Now having 5000000 GSs.
Step 15900: Relocated 161765 GSs.
Step 15900: Added 0 GSs. Now having 5000000 GSs.
Step 16000: Relocated 155302 GSs.
Step 16000: Added 0 GSs. Now having 5000000 GSs.
[16000] loss 0.0575 l1 0.0346 ssim 0.8597 N 5000000
Step 16100: Relocated 151519 GSs.
Step 16100: Added 0 GSs. Now having 5000000 GSs.
Step 16200: Relocated 159981 GSs.
Step 16200: Added 0 GSs. Now having 5000000 GSs.
Step 16300: Relocated 165532 GSs.
Step 16300: Added 0 GSs. Now having 5000000 GSs.
Step 16400: Relocated 150135 GSs.
Step 16400: Added 0 GSs. Now having 5000000 GSs.
Step 16500: Relocated 153885 GSs.
Step 16500: Added 0 GSs. Now having 5000000 GSs.
Step 16600: Relocated 152787 GSs.
Step 16600: Added 0 GSs. Now having 5000000 GSs.
Step 16700: Relocated 143620 GSs.
Step 16700: Added 0 GSs. Now having 5000000 GSs.
Step 16800: Relocated 150007 GSs.
Step 16800: Added 0 GSs. Now having 5000000 GSs.
Step 16900: Relocated 145276 GSs.
Step 16900: Added 0 GSs. Now having 5000000 GSs.
Step 17000: Relocated 140032 GSs.
Step 17000: Added 0 GSs. Now having 5000000 GSs.
[17000] loss 0.0576 l1 0.0345 ssim 0.8585 N 5000000
Step 17100: Relocated 146165 GSs.
Step 17100: Added 0 GSs. Now having 5000000 GSs.
Step 17200: Relocated 138470 GSs.
Step 17200: Added 0 GSs. Now having 5000000 GSs.
Step 17300: Relocated 139836 GSs.
Step 17300: Added 0 GSs. Now having 5000000 GSs.
Step 17400: Relocated 138726 GSs.
Step 17400: Added 0 GSs. Now having 5000000 GSs.
Step 17500: Relocated 143445 GSs.
Step 17500: Added 0 GSs. Now having 5000000 GSs.
Step 17600: Relocated 134423 GSs.
Step 17600: Added 0 GSs. Now having 5000000 GSs.
Step 17700: Relocated 132368 GSs.
Step 17700: Added 0 GSs. Now having 5000000 GSs.
Step 17800: Relocated 133297 GSs.
Step 17800: Added 0 GSs. Now having 5000000 GSs.
Step 17900: Relocated 132963 GSs.
Step 17900: Added 0 GSs. Now having 5000000 GSs.
Step 18000: Relocated 134872 GSs.
Step 18000: Added 0 GSs. Now having 5000000 GSs.
[18000] loss 0.0423 l1 0.0273 ssim 0.9067 N 5000000
Step 18100: Relocated 137856 GSs.
Step 18100: Added 0 GSs. Now having 5000000 GSs.
Step 18200: Relocated 128425 GSs.
Step 18200: Added 0 GSs. Now having 5000000 GSs.
Step 18300: Relocated 135818 GSs.
Step 18300: Added 0 GSs. Now having 5000000 GSs.
Step 18400: Relocated 123480 GSs.
Step 18400: Added 0 GSs. Now having 5000000 GSs.
Step 18500: Relocated 125911 GSs.
Step 18500: Added 0 GSs. Now having 5000000 GSs.
Step 18600: Relocated 129154 GSs.
Step 18600: Added 0 GSs. Now having 5000000 GSs.
Step 18700: Relocated 126489 GSs.
Step 18700: Added 0 GSs. Now having 5000000 GSs.
/home/bkai/miniconda3/envs/gsplat/lib/python3.10/site-packages/torchvision/models/_utils.py:208: UserWarning: The parameter 'pretrained' is deprecated since 0.13 and may be removed in the future, please use 'weights' instead.
  warnings.warn(
/home/bkai/miniconda3/envs/gsplat/lib/python3.10/site-packages/torchvision/models/_utils.py:223: UserWarning: Arguments other than a weight enum or `None` for 'weights' are deprecated since 0.13 and may be removed in the future. The current behavior is equivalent to passing `weights=VGG16_Weights.IMAGENET1K_V1`. You can also use `weights=VGG16_Weights.DEFAULT` to get the most up-to-date weights.
  warnings.warn(msg)
Step 18800: Relocated 124922 GSs.
Step 18800: Added 0 GSs. Now having 5000000 GSs.
Step 18900: Relocated 130457 GSs.
Step 18900: Added 0 GSs. Now having 5000000 GSs.
Step 19000: Relocated 130618 GSs.
Step 19000: Added 0 GSs. Now having 5000000 GSs.
[19000] loss 0.0803 l1 0.0484 ssim 0.8012 N 5000000
Step 19100: Relocated 132022 GSs.
Step 19100: Added 0 GSs. Now having 5000000 GSs.
Step 19200: Relocated 119432 GSs.
Step 19200: Added 0 GSs. Now having 5000000 GSs.
Step 19300: Relocated 113637 GSs.
Step 19300: Added 0 GSs. Now having 5000000 GSs.
Step 19400: Relocated 110310 GSs.
Step 19400: Added 0 GSs. Now having 5000000 GSs.
Step 19500: Relocated 120043 GSs.
Step 19500: Added 0 GSs. Now having 5000000 GSs.
Step 19600: Relocated 113525 GSs.
Step 19600: Added 0 GSs. Now having 5000000 GSs.
Step 19700: Relocated 108988 GSs.
Step 19700: Added 0 GSs. Now having 5000000 GSs.
Step 19800: Relocated 104731 GSs.
Step 19800: Added 0 GSs. Now having 5000000 GSs.
Step 19900: Relocated 100363 GSs.
Step 19900: Added 0 GSs. Now having 5000000 GSs.
Step 20000: Relocated 104286 GSs.
Step 20000: Added 0 GSs. Now having 5000000 GSs.
[20000] loss 0.0517 l1 0.0304 ssim 0.8723 N 5000000
Step 20100: Relocated 102482 GSs.
Step 20100: Added 0 GSs. Now having 5000000 GSs.
Step 20200: Relocated 106057 GSs.
Step 20200: Added 0 GSs. Now having 5000000 GSs.
Step 20300: Relocated 102469 GSs.
Step 20300: Added 0 GSs. Now having 5000000 GSs.
Step 20400: Relocated 95388 GSs.
Step 20400: Added 0 GSs. Now having 5000000 GSs.
Step 20500: Relocated 103977 GSs.
Step 20500: Added 0 GSs. Now having 5000000 GSs.
Step 20600: Relocated 95051 GSs.
Step 20600: Added 0 GSs. Now having 5000000 GSs.
Step 20700: Relocated 94590 GSs.
Step 20700: Added 0 GSs. Now having 5000000 GSs.
Step 20800: Relocated 92761 GSs.
Step 20800: Added 0 GSs. Now having 5000000 GSs.
Step 20900: Relocated 93380 GSs.
Step 20900: Added 0 GSs. Now having 5000000 GSs.
Step 21000: Relocated 95720 GSs.
Step 21000: Added 0 GSs. Now having 5000000 GSs.
[21000] loss 0.0605 l1 0.0387 ssim 0.8618 N 5000000
Step 21100: Relocated 97739 GSs.
Step 21100: Added 0 GSs. Now having 5000000 GSs.
Step 21200: Relocated 94275 GSs.
Step 21200: Added 0 GSs. Now having 5000000 GSs.
Step 21300: Relocated 88664 GSs.
Step 21300: Added 0 GSs. Now having 5000000 GSs.
Step 21400: Relocated 87688 GSs.
Step 21400: Added 0 GSs. Now having 5000000 GSs.
Step 21500: Relocated 86606 GSs.
Step 21500: Added 0 GSs. Now having 5000000 GSs.
Step 21600: Relocated 84522 GSs.
Step 21600: Added 0 GSs. Now having 5000000 GSs.
Step 21700: Relocated 84453 GSs.
Step 21700: Added 0 GSs. Now having 5000000 GSs.
Step 21800: Relocated 90855 GSs.
Step 21800: Added 0 GSs. Now having 5000000 GSs.
Step 21900: Relocated 87191 GSs.
Step 21900: Added 0 GSs. Now having 5000000 GSs.
Step 22000: Relocated 86099 GSs.
Step 22000: Added 0 GSs. Now having 5000000 GSs.
[22000] loss 0.0409 l1 0.0246 ssim 0.9039 N 5000000
Step 22100: Relocated 81432 GSs.
Step 22100: Added 0 GSs. Now having 5000000 GSs.
Step 22200: Relocated 78435 GSs.
Step 22200: Added 0 GSs. Now having 5000000 GSs.
Step 22300: Relocated 82537 GSs.
Step 22300: Added 0 GSs. Now having 5000000 GSs.
Step 22400: Relocated 80850 GSs.
Step 22400: Added 0 GSs. Now having 5000000 GSs.
Step 22500: Relocated 83283 GSs.
Step 22500: Added 0 GSs. Now having 5000000 GSs.
Step 22600: Relocated 76753 GSs.
Step 22600: Added 0 GSs. Now having 5000000 GSs.
Step 22700: Relocated 72125 GSs.
Step 22700: Added 0 GSs. Now having 5000000 GSs.
Step 22800: Relocated 74499 GSs.
Step 22800: Added 0 GSs. Now having 5000000 GSs.
Step 22900: Relocated 72386 GSs.
Step 22900: Added 0 GSs. Now having 5000000 GSs.
Step 23000: Relocated 71348 GSs.
Step 23000: Added 0 GSs. Now having 5000000 GSs.
[23000] loss 0.0506 l1 0.0302 ssim 0.8780 N 5000000
Step 23100: Relocated 66436 GSs.
Step 23100: Added 0 GSs. Now having 5000000 GSs.
Step 23200: Relocated 68326 GSs.
Step 23200: Added 0 GSs. Now having 5000000 GSs.
Step 23300: Relocated 67545 GSs.
Step 23300: Added 0 GSs. Now having 5000000 GSs.
Step 23400: Relocated 67789 GSs.
Step 23400: Added 0 GSs. Now having 5000000 GSs.
Step 23500: Relocated 72088 GSs.
Step 23500: Added 0 GSs. Now having 5000000 GSs.
Step 23600: Relocated 69247 GSs.
Step 23600: Added 0 GSs. Now having 5000000 GSs.
Step 23700: Relocated 63030 GSs.
Step 23700: Added 0 GSs. Now having 5000000 GSs.
Step 23800: Relocated 63447 GSs.
Step 23800: Added 0 GSs. Now having 5000000 GSs.
Step 23900: Relocated 63652 GSs.
Step 23900: Added 0 GSs. Now having 5000000 GSs.
Step 24000: Relocated 64637 GSs.
Step 24000: Added 0 GSs. Now having 5000000 GSs.
[24000] loss 0.0465 l1 0.0291 ssim 0.8941 N 5000000
Step 24100: Relocated 59806 GSs.
Step 24100: Added 0 GSs. Now having 5000000 GSs.
Step 24200: Relocated 60706 GSs.
Step 24200: Added 0 GSs. Now having 5000000 GSs.
Step 24300: Relocated 59718 GSs.
Step 24300: Added 0 GSs. Now having 5000000 GSs.
Step 24400: Relocated 59191 GSs.
Step 24400: Added 0 GSs. Now having 5000000 GSs.
Step 24500: Relocated 62285 GSs.
Step 24500: Added 0 GSs. Now having 5000000 GSs.
Step 24600: Relocated 57224 GSs.
Step 24600: Added 0 GSs. Now having 5000000 GSs.
Step 24700: Relocated 55443 GSs.
Step 24700: Added 0 GSs. Now having 5000000 GSs.
Step 24800: Relocated 57596 GSs.
Step 24800: Added 0 GSs. Now having 5000000 GSs.
Step 24900: Relocated 54409 GSs.
Step 24900: Added 0 GSs. Now having 5000000 GSs.
[25000] loss 0.0639 l1 0.0396 ssim 0.8492 N 5000000
Setting up [LPIPS] perceptual loss: trunk [vgg], v[0.1], spatial [off]
Loading model from: /home/bkai/miniconda3/envs/gsplat/lib/python3.10/site-packages/lpips/weights/v0.1/vgg.pth
[26000] loss 0.0500 l1 0.0261 ssim 0.9057 N 5000000
[27000] loss 0.0642 l1 0.0331 ssim 0.8672 N 5000000
[28000] loss 0.0745 l1 0.0368 ssim 0.8408 N 5000000
[29000] loss 0.0662 l1 0.0335 ssim 0.8694 N 5000000
[29999] loss 0.0502 l1 0.0261 ssim 0.9013 N 5000000
Saved 5000000 gaussians to /mnt/d/avv/output/HCM0254_gsplatB9ut/ckpt.pt
=== privUT HCM0254 TRAIN DONE ===
Wrote 60 images to /mnt/d/avv/output/HCM0254_gsplatB9ut/test_poses_renders
=== privUT HCM0254 RENDERED ===
/mnt/c/Users/BKAI/an_plaza2/FastGS/gsplat_track/train_gsplat.py:302: UserWarning: The given NumPy array is not writable, and PyTorch does not support non-writable tensors. This means writing to this tensor will result in undefined behavior. You may want to copy the array to protect its data or make it writable before converting it to a tensor. This type of warning will be suppressed for the rest of this program. (Triggered internally at /pytorch/torch/csrc/utils/tensor_numpy.cpp:203.)
  gt_cache[vi] = torch.from_numpy(
240/372 images.bin entries have files in /home/bkai/data/phase1/private_set1/HCM0276/train/images
240 views, 220581 init points, K=[[925.7,0,660.0],[0,925.7,494.5]], size 1320x989
3DGUT mode: classic + with_ut + with_eval3d, k1=+0.008102
scene_scale 10.787
[0] loss 0.3267 l1 0.2148 ssim 0.2547 N 220581
Step 600: Relocated 21342 GSs.
Step 600: Added 11029 GSs. Now having 231610 GSs.
Step 700: Relocated 5608 GSs.
Step 700: Added 11580 GSs. Now having 243190 GSs.
Step 800: Relocated 5317 GSs.
Step 800: Added 12159 GSs. Now having 255349 GSs.
Step 900: Relocated 6284 GSs.
Step 900: Added 12767 GSs. Now having 268116 GSs.
Step 1000: Relocated 6220 GSs.
Step 1000: Added 13405 GSs. Now having 281521 GSs.
[1000] loss 0.1304 l1 0.0609 ssim 0.6098 N 281521
Step 1100: Relocated 7573 GSs.
Step 1100: Added 14076 GSs. Now having 295597 GSs.
Step 1200: Relocated 6794 GSs.
Step 1200: Added 14779 GSs. Now having 310376 GSs.
Step 1300: Relocated 8212 GSs.
Step 1300: Added 15518 GSs. Now having 325894 GSs.
Step 1400: Relocated 9621 GSs.
Step 1400: Added 16294 GSs. Now having 342188 GSs.
Step 1500: Relocated 10840 GSs.
Step 1500: Added 17109 GSs. Now having 359297 GSs.
Step 1600: Relocated 11112 GSs.
Step 1600: Added 17964 GSs. Now having 377261 GSs.
Step 1700: Relocated 11294 GSs.
Step 1700: Added 18863 GSs. Now having 396124 GSs.
Step 1800: Relocated 11795 GSs.
Step 1800: Added 19806 GSs. Now having 415930 GSs.
Step 1900: Relocated 13842 GSs.
Step 1900: Added 20796 GSs. Now having 436726 GSs.
Step 2000: Relocated 16486 GSs.
Step 2000: Added 21836 GSs. Now having 458562 GSs.
[2000] loss 0.1031 l1 0.0533 ssim 0.7122 N 458562
Step 2100: Relocated 18196 GSs.
Step 2100: Added 22928 GSs. Now having 481490 GSs.
Step 2200: Relocated 19299 GSs.
Step 2200: Added 24074 GSs. Now having 505564 GSs.
Step 2300: Relocated 19939 GSs.
Step 2300: Added 25278 GSs. Now having 530842 GSs.
Step 2400: Relocated 24997 GSs.
Step 2400: Added 26542 GSs. Now having 557384 GSs.
Step 2500: Relocated 23622 GSs.
Step 2500: Added 27869 GSs. Now having 585253 GSs.
Step 2600: Relocated 26564 GSs.
Step 2600: Added 29262 GSs. Now having 614515 GSs.
Step 2700: Relocated 27606 GSs.
Step 2700: Added 30725 GSs. Now having 645240 GSs.
Step 2800: Relocated 30707 GSs.
Step 2800: Added 32262 GSs. Now having 677502 GSs.
Step 2900: Relocated 32970 GSs.
Step 2900: Added 33875 GSs. Now having 711377 GSs.
Step 3000: Relocated 38744 GSs.
Step 3000: Added 35568 GSs. Now having 746945 GSs.
[3000] loss 0.1305 l1 0.0676 ssim 0.6299 N 746945
Step 3100: Relocated 36065 GSs.
Step 3100: Added 37347 GSs. Now having 784292 GSs.
Step 3200: Relocated 38062 GSs.
Step 3200: Added 39214 GSs. Now having 823506 GSs.
Step 3300: Relocated 44041 GSs.
Step 3300: Added 41175 GSs. Now having 864681 GSs.
Step 3400: Relocated 49270 GSs.
Step 3400: Added 43234 GSs. Now having 907915 GSs.
Step 3500: Relocated 46453 GSs.
Step 3500: Added 45395 GSs. Now having 953310 GSs.
Step 3600: Relocated 52703 GSs.
Step 3600: Added 47665 GSs. Now having 1000975 GSs.
Step 3700: Relocated 61855 GSs.
Step 3700: Added 50048 GSs. Now having 1051023 GSs.
Step 3800: Relocated 59479 GSs.
Step 3800: Added 52551 GSs. Now having 1103574 GSs.
Step 3900: Relocated 67713 GSs.
Step 3900: Added 55178 GSs. Now having 1158752 GSs.
Step 4000: Relocated 69036 GSs.
Step 4000: Added 57937 GSs. Now having 1216689 GSs.
[4000] loss 0.1154 l1 0.0560 ssim 0.6569 N 1216689
Step 4100: Relocated 76948 GSs.
Step 4100: Added 60834 GSs. Now having 1277523 GSs.
Step 4200: Relocated 82168 GSs.
Step 4200: Added 63876 GSs. Now having 1341399 GSs.
Step 4300: Relocated 85932 GSs.
Step 4300: Added 67069 GSs. Now having 1408468 GSs.
Step 4400: Relocated 86177 GSs.
Step 4400: Added 70423 GSs. Now having 1478891 GSs.
Step 4500: Relocated 87983 GSs.
Step 4500: Added 73944 GSs. Now having 1552835 GSs.
Step 4600: Relocated 94070 GSs.
Step 4600: Added 77641 GSs. Now having 1630476 GSs.
Step 4700: Relocated 112934 GSs.
Step 4700: Added 81523 GSs. Now having 1711999 GSs.
Step 4800: Relocated 113379 GSs.
Step 4800: Added 85599 GSs. Now having 1797598 GSs.
Step 4900: Relocated 120542 GSs.
Step 4900: Added 89879 GSs. Now having 1887477 GSs.
Step 5000: Relocated 118716 GSs.
Step 5000: Added 94373 GSs. Now having 1981850 GSs.
[5000] loss 0.1058 l1 0.0580 ssim 0.7112 N 1981850
Step 5100: Relocated 135140 GSs.
Step 5100: Added 99092 GSs. Now having 2080942 GSs.
Step 5200: Relocated 127621 GSs.
Step 5200: Added 104047 GSs. Now having 2184989 GSs.
Step 5300: Relocated 150804 GSs.
Step 5300: Added 109249 GSs. Now having 2294238 GSs.
Step 5400: Relocated 171593 GSs.
Step 5400: Added 114711 GSs. Now having 2408949 GSs.
Step 5500: Relocated 171117 GSs.
Step 5500: Added 120447 GSs. Now having 2529396 GSs.
Step 5600: Relocated 171628 GSs.
Step 5600: Added 126469 GSs. Now having 2655865 GSs.
Step 5700: Relocated 191376 GSs.
Step 5700: Added 132793 GSs. Now having 2788658 GSs.
Step 5800: Relocated 192047 GSs.
Step 5800: Added 139432 GSs. Now having 2928090 GSs.
Step 5900: Relocated 208190 GSs.
Step 5900: Added 146404 GSs. Now having 3074494 GSs.
Step 6000: Relocated 227431 GSs.
Step 6000: Added 153724 GSs. Now having 3228218 GSs.
[6000] loss 0.0875 l1 0.0486 ssim 0.7641 N 3228218
Step 6100: Relocated 236548 GSs.
Step 6100: Added 161410 GSs. Now having 3389628 GSs.
Step 6200: Relocated 260731 GSs.
Step 6200: Added 169481 GSs. Now having 3559109 GSs.
Step 6300: Relocated 265510 GSs.
Step 6300: Added 177955 GSs. Now having 3737064 GSs.
Step 6400: Relocated 267391 GSs.
Step 6400: Added 186853 GSs. Now having 3923917 GSs.
Step 6500: Relocated 282444 GSs.
Step 6500: Added 196195 GSs. Now having 4120112 GSs.
Step 6600: Relocated 292218 GSs.
Step 6600: Added 206005 GSs. Now having 4326117 GSs.
Step 6700: Relocated 315847 GSs.
Step 6700: Added 216305 GSs. Now having 4542422 GSs.
Step 6800: Relocated 366084 GSs.
Step 6800: Added 227121 GSs. Now having 4769543 GSs.
Step 6900: Relocated 368274 GSs.
Step 6900: Added 230457 GSs. Now having 5000000 GSs.
Step 7000: Relocated 419072 GSs.
Step 7000: Added 0 GSs. Now having 5000000 GSs.
[7000] loss 0.1091 l1 0.0599 ssim 0.7008 N 5000000
Step 7100: Relocated 363672 GSs.
Step 7100: Added 0 GSs. Now having 5000000 GSs.
Step 7200: Relocated 315446 GSs.
Step 7200: Added 0 GSs. Now having 5000000 GSs.
Step 7300: Relocated 293445 GSs.
Step 7300: Added 0 GSs. Now having 5000000 GSs.
Step 7400: Relocated 285409 GSs.
Step 7400: Added 0 GSs. Now having 5000000 GSs.
Step 7500: Relocated 260030 GSs.
Step 7500: Added 0 GSs. Now having 5000000 GSs.
Step 7600: Relocated 266887 GSs.
Step 7600: Added 0 GSs. Now having 5000000 GSs.
Step 7700: Relocated 254501 GSs.
Step 7700: Added 0 GSs. Now having 5000000 GSs.
Step 7800: Relocated 248250 GSs.
Step 7800: Added 0 GSs. Now having 5000000 GSs.
Step 7900: Relocated 242935 GSs.
Step 7900: Added 0 GSs. Now having 5000000 GSs.
Step 8000: Relocated 253433 GSs.
Step 8000: Added 0 GSs. Now having 5000000 GSs.
[8000] loss 0.0729 l1 0.0412 ssim 0.8071 N 5000000
Step 8100: Relocated 246729 GSs.
Step 8100: Added 0 GSs. Now having 5000000 GSs.
Step 8200: Relocated 227875 GSs.
Step 8200: Added 0 GSs. Now having 5000000 GSs.
Step 8300: Relocated 244429 GSs.
Step 8300: Added 0 GSs. Now having 5000000 GSs.
Step 8400: Relocated 233606 GSs.
Step 8400: Added 0 GSs. Now having 5000000 GSs.
Step 8500: Relocated 231805 GSs.
Step 8500: Added 0 GSs. Now having 5000000 GSs.
Step 8600: Relocated 225661 GSs.
Step 8600: Added 0 GSs. Now having 5000000 GSs.
Step 8700: Relocated 221565 GSs.
Step 8700: Added 0 GSs. Now having 5000000 GSs.
Step 8800: Relocated 220279 GSs.
Step 8800: Added 0 GSs. Now having 5000000 GSs.
Step 8900: Relocated 213004 GSs.
Step 8900: Added 0 GSs. Now having 5000000 GSs.
Step 9000: Relocated 225458 GSs.
Step 9000: Added 0 GSs. Now having 5000000 GSs.
[9000] loss 0.0607 l1 0.0366 ssim 0.8500 N 5000000
Step 9100: Relocated 207953 GSs.
Step 9100: Added 0 GSs. Now having 5000000 GSs.
Step 9200: Relocated 206886 GSs.
Step 9200: Added 0 GSs. Now having 5000000 GSs.
Step 9300: Relocated 228553 GSs.
Step 9300: Added 0 GSs. Now having 5000000 GSs.
Step 9400: Relocated 229582 GSs.
Step 9400: Added 0 GSs. Now having 5000000 GSs.
Step 9500: Relocated 230164 GSs.
Step 9500: Added 0 GSs. Now having 5000000 GSs.
Step 9600: Relocated 213582 GSs.
Step 9600: Added 0 GSs. Now having 5000000 GSs.
Step 9700: Relocated 211950 GSs.
Step 9700: Added 0 GSs. Now having 5000000 GSs.
Step 9800: Relocated 225536 GSs.
Step 9800: Added 0 GSs. Now having 5000000 GSs.
Step 9900: Relocated 215652 GSs.
Step 9900: Added 0 GSs. Now having 5000000 GSs.
Step 10000: Relocated 224679 GSs.
Step 10000: Added 0 GSs. Now having 5000000 GSs.
[10000] loss 0.0773 l1 0.0494 ssim 0.8185 N 5000000
Step 10100: Relocated 209582 GSs.
Step 10100: Added 0 GSs. Now having 5000000 GSs.
Step 10200: Relocated 216861 GSs.
Step 10200: Added 0 GSs. Now having 5000000 GSs.
Step 10300: Relocated 220893 GSs.
Step 10300: Added 0 GSs. Now having 5000000 GSs.
Step 10400: Relocated 214747 GSs.
Step 10400: Added 0 GSs. Now having 5000000 GSs.
Step 10500: Relocated 203083 GSs.
Step 10500: Added 0 GSs. Now having 5000000 GSs.
Step 10600: Relocated 205805 GSs.
Step 10600: Added 0 GSs. Now having 5000000 GSs.
Step 10700: Relocated 217309 GSs.
Step 10700: Added 0 GSs. Now having 5000000 GSs.
Step 10800: Relocated 212891 GSs.
Step 10800: Added 0 GSs. Now having 5000000 GSs.
Step 10900: Relocated 209613 GSs.
Step 10900: Added 0 GSs. Now having 5000000 GSs.
Step 11000: Relocated 205246 GSs.
Step 11000: Added 0 GSs. Now having 5000000 GSs.
[11000] loss 0.0772 l1 0.0415 ssim 0.7878 N 5000000
Step 11100: Relocated 205355 GSs.
Step 11100: Added 0 GSs. Now having 5000000 GSs.
Step 11200: Relocated 202751 GSs.
Step 11200: Added 0 GSs. Now having 5000000 GSs.
Step 11300: Relocated 214684 GSs.
Step 11300: Added 0 GSs. Now having 5000000 GSs.
Step 11400: Relocated 229794 GSs.
Step 11400: Added 0 GSs. Now having 5000000 GSs.
Step 11500: Relocated 212783 GSs.
Step 11500: Added 0 GSs. Now having 5000000 GSs.
Step 11600: Relocated 203654 GSs.
Step 11600: Added 0 GSs. Now having 5000000 GSs.
Step 11700: Relocated 211807 GSs.
Step 11700: Added 0 GSs. Now having 5000000 GSs.
Step 11800: Relocated 202538 GSs.
Step 11800: Added 0 GSs. Now having 5000000 GSs.
Step 11900: Relocated 195974 GSs.
Step 11900: Added 0 GSs. Now having 5000000 GSs.
Step 12000: Relocated 202543 GSs.
Step 12000: Added 0 GSs. Now having 5000000 GSs.
[12000] loss 0.0652 l1 0.0417 ssim 0.8487 N 5000000
Step 12100: Relocated 200307 GSs.
Step 12100: Added 0 GSs. Now having 5000000 GSs.
Step 12200: Relocated 209785 GSs.
Step 12200: Added 0 GSs. Now having 5000000 GSs.
Step 12300: Relocated 202659 GSs.
Step 12300: Added 0 GSs. Now having 5000000 GSs.
Step 12400: Relocated 194782 GSs.
Step 12400: Added 0 GSs. Now having 5000000 GSs.
Step 12500: Relocated 191531 GSs.
Step 12500: Added 0 GSs. Now having 5000000 GSs.
Step 12600: Relocated 190707 GSs.
Step 12600: Added 0 GSs. Now having 5000000 GSs.
Step 12700: Relocated 195249 GSs.
Step 12700: Added 0 GSs. Now having 5000000 GSs.
Step 12800: Relocated 222572 GSs.
Step 12800: Added 0 GSs. Now having 5000000 GSs.
Step 12900: Relocated 203005 GSs.
Step 12900: Added 0 GSs. Now having 5000000 GSs.
Step 13000: Relocated 198350 GSs.
Step 13000: Added 0 GSs. Now having 5000000 GSs.
[13000] loss 0.0705 l1 0.0423 ssim 0.8250 N 5000000
Step 13100: Relocated 197901 GSs.
Step 13100: Added 0 GSs. Now having 5000000 GSs.
Step 13200: Relocated 191407 GSs.
Step 13200: Added 0 GSs. Now having 5000000 GSs.
Step 13300: Relocated 199990 GSs.
Step 13300: Added 0 GSs. Now having 5000000 GSs.
Step 13400: Relocated 201507 GSs.
Step 13400: Added 0 GSs. Now having 5000000 GSs.
Step 13500: Relocated 197456 GSs.
Step 13500: Added 0 GSs. Now having 5000000 GSs.
Step 13600: Relocated 203378 GSs.
Step 13600: Added 0 GSs. Now having 5000000 GSs.
Step 13700: Relocated 225232 GSs.
Step 13700: Added 0 GSs. Now having 5000000 GSs.
Step 13800: Relocated 205322 GSs.
Step 13800: Added 0 GSs. Now having 5000000 GSs.
Step 13900: Relocated 196360 GSs.
Step 13900: Added 0 GSs. Now having 5000000 GSs.
Step 14000: Relocated 202328 GSs.
Step 14000: Added 0 GSs. Now having 5000000 GSs.
[14000] loss 0.0511 l1 0.0299 ssim 0.8726 N 5000000
Step 14100: Relocated 198817 GSs.
Step 14100: Added 0 GSs. Now having 5000000 GSs.
Step 14200: Relocated 199120 GSs.
Step 14200: Added 0 GSs. Now having 5000000 GSs.
Step 14300: Relocated 180235 GSs.
Step 14300: Added 0 GSs. Now having 5000000 GSs.
Step 14400: Relocated 190554 GSs.
Step 14400: Added 0 GSs. Now having 5000000 GSs.
Step 14500: Relocated 184835 GSs.
Step 14500: Added 0 GSs. Now having 5000000 GSs.
Step 14600: Relocated 190365 GSs.
Step 14600: Added 0 GSs. Now having 5000000 GSs.
Step 14700: Relocated 196475 GSs.
Step 14700: Added 0 GSs. Now having 5000000 GSs.
Step 14800: Relocated 191531 GSs.
Step 14800: Added 0 GSs. Now having 5000000 GSs.
Step 14900: Relocated 172590 GSs.
Step 14900: Added 0 GSs. Now having 5000000 GSs.
Step 15000: Relocated 177937 GSs.
Step 15000: Added 0 GSs. Now having 5000000 GSs.
[15000] loss 0.0685 l1 0.0392 ssim 0.8229 N 5000000
Step 15100: Relocated 188555 GSs.
Step 15100: Added 0 GSs. Now having 5000000 GSs.
Step 15200: Relocated 177399 GSs.
Step 15200: Added 0 GSs. Now having 5000000 GSs.
Step 15300: Relocated 189674 GSs.
Step 15300: Added 0 GSs. Now having 5000000 GSs.
Step 15400: Relocated 181052 GSs.
Step 15400: Added 0 GSs. Now having 5000000 GSs.
Step 15500: Relocated 173987 GSs.
Step 15500: Added 0 GSs. Now having 5000000 GSs.
Step 15600: Relocated 169485 GSs.
Step 15600: Added 0 GSs. Now having 5000000 GSs.
Step 15700: Relocated 186220 GSs.
Step 15700: Added 0 GSs. Now having 5000000 GSs.
Step 15800: Relocated 169727 GSs.
Step 15800: Added 0 GSs. Now having 5000000 GSs.
Step 15900: Relocated 185566 GSs.
Step 15900: Added 0 GSs. Now having 5000000 GSs.
Step 16000: Relocated 163581 GSs.
Step 16000: Added 0 GSs. Now having 5000000 GSs.
[16000] loss 0.0506 l1 0.0327 ssim 0.8868 N 5000000
Step 16100: Relocated 174605 GSs.
Step 16100: Added 0 GSs. Now having 5000000 GSs.
Step 16200: Relocated 187537 GSs.
Step 16200: Added 0 GSs. Now having 5000000 GSs.
Step 16300: Relocated 184586 GSs.
Step 16300: Added 0 GSs. Now having 5000000 GSs.
Step 16400: Relocated 176427 GSs.
Step 16400: Added 0 GSs. Now having 5000000 GSs.
Step 16500: Relocated 180849 GSs.
Step 16500: Added 0 GSs. Now having 5000000 GSs.
Step 16600: Relocated 170046 GSs.
Step 16600: Added 0 GSs. Now having 5000000 GSs.
Step 16700: Relocated 158662 GSs.
Step 16700: Added 0 GSs. Now having 5000000 GSs.
Step 16800: Relocated 155078 GSs.
Step 16800: Added 0 GSs. Now having 5000000 GSs.
Step 16900: Relocated 152317 GSs.
Step 16900: Added 0 GSs. Now having 5000000 GSs.
Step 17000: Relocated 159288 GSs.
Step 17000: Added 0 GSs. Now having 5000000 GSs.
[17000] loss 0.0589 l1 0.0335 ssim 0.8487 N 5000000
Step 17100: Relocated 156655 GSs.
Step 17100: Added 0 GSs. Now having 5000000 GSs.
Step 17200: Relocated 155868 GSs.
Step 17200: Added 0 GSs. Now having 5000000 GSs.
Step 17300: Relocated 144332 GSs.
Step 17300: Added 0 GSs. Now having 5000000 GSs.
Step 17400: Relocated 145535 GSs.
Step 17400: Added 0 GSs. Now having 5000000 GSs.
Step 17500: Relocated 144822 GSs.
Step 17500: Added 0 GSs. Now having 5000000 GSs.
Step 17600: Relocated 144991 GSs.
Step 17600: Added 0 GSs. Now having 5000000 GSs.
Step 17700: Relocated 155593 GSs.
Step 17700: Added 0 GSs. Now having 5000000 GSs.
Step 17800: Relocated 148058 GSs.
Step 17800: Added 0 GSs. Now having 5000000 GSs.
Step 17900: Relocated 151324 GSs.
Step 17900: Added 0 GSs. Now having 5000000 GSs.
Step 18000: Relocated 150836 GSs.
Step 18000: Added 0 GSs. Now having 5000000 GSs.
[18000] loss 0.0507 l1 0.0320 ssim 0.8839 N 5000000
Step 18100: Relocated 139501 GSs.
Step 18100: Added 0 GSs. Now having 5000000 GSs.
Step 18200: Relocated 133528 GSs.
Step 18200: Added 0 GSs. Now having 5000000 GSs.
Step 18300: Relocated 132503 GSs.
Step 18300: Added 0 GSs. Now having 5000000 GSs.
Step 18400: Relocated 130451 GSs.
Step 18400: Added 0 GSs. Now having 5000000 GSs.
Step 18500: Relocated 130358 GSs.
Step 18500: Added 0 GSs. Now having 5000000 GSs.
Step 18600: Relocated 129062 GSs.
Step 18600: Added 0 GSs. Now having 5000000 GSs.
Step 18700: Relocated 134693 GSs.
Step 18700: Added 0 GSs. Now having 5000000 GSs.
Step 18800: Relocated 135923 GSs.
/home/bkai/miniconda3/envs/gsplat/lib/python3.10/site-packages/torchvision/models/_utils.py:208: UserWarning: The parameter 'pretrained' is deprecated since 0.13 and may be removed in the future, please use 'weights' instead.
  warnings.warn(
/home/bkai/miniconda3/envs/gsplat/lib/python3.10/site-packages/torchvision/models/_utils.py:223: UserWarning: Arguments other than a weight enum or `None` for 'weights' are deprecated since 0.13 and may be removed in the future. The current behavior is equivalent to passing `weights=VGG16_Weights.IMAGENET1K_V1`. You can also use `weights=VGG16_Weights.DEFAULT` to get the most up-to-date weights.
  warnings.warn(msg)
Step 18800: Added 0 GSs. Now having 5000000 GSs.
Step 18900: Relocated 130992 GSs.
Step 18900: Added 0 GSs. Now having 5000000 GSs.
Step 19000: Relocated 132045 GSs.
Step 19000: Added 0 GSs. Now having 5000000 GSs.
[19000] loss 0.0513 l1 0.0325 ssim 0.8828 N 5000000
Step 19100: Relocated 129981 GSs.
Step 19100: Added 0 GSs. Now having 5000000 GSs.
Step 19200: Relocated 129251 GSs.
Step 19200: Added 0 GSs. Now having 5000000 GSs.
Step 19300: Relocated 122571 GSs.
Step 19300: Added 0 GSs. Now having 5000000 GSs.
Step 19400: Relocated 130118 GSs.
Step 19400: Added 0 GSs. Now having 5000000 GSs.
Step 19500: Relocated 136704 GSs.
Step 19500: Added 0 GSs. Now having 5000000 GSs.
Step 19600: Relocated 126265 GSs.
Step 19600: Added 0 GSs. Now having 5000000 GSs.
Step 19700: Relocated 119069 GSs.
Step 19700: Added 0 GSs. Now having 5000000 GSs.
Step 19800: Relocated 113475 GSs.
Step 19800: Added 0 GSs. Now having 5000000 GSs.
Step 19900: Relocated 117992 GSs.
Step 19900: Added 0 GSs. Now having 5000000 GSs.
Step 20000: Relocated 113323 GSs.
Step 20000: Added 0 GSs. Now having 5000000 GSs.
[20000] loss 0.0446 l1 0.0276 ssim 0.8967 N 5000000
Step 20100: Relocated 109591 GSs.
Step 20100: Added 0 GSs. Now having 5000000 GSs.
Step 20200: Relocated 103033 GSs.
Step 20200: Added 0 GSs. Now having 5000000 GSs.
Step 20300: Relocated 107617 GSs.
Step 20300: Added 0 GSs. Now having 5000000 GSs.
Step 20400: Relocated 110909 GSs.
Step 20400: Added 0 GSs. Now having 5000000 GSs.
Step 20500: Relocated 109329 GSs.
Step 20500: Added 0 GSs. Now having 5000000 GSs.
Step 20600: Relocated 109586 GSs.
Step 20600: Added 0 GSs. Now having 5000000 GSs.
Step 20700: Relocated 106838 GSs.
Step 20700: Added 0 GSs. Now having 5000000 GSs.
Step 20800: Relocated 106589 GSs.
Step 20800: Added 0 GSs. Now having 5000000 GSs.
Step 20900: Relocated 104716 GSs.
Step 20900: Added 0 GSs. Now having 5000000 GSs.
Step 21000: Relocated 101563 GSs.
Step 21000: Added 0 GSs. Now having 5000000 GSs.
[21000] loss 0.0463 l1 0.0283 ssim 0.8913 N 5000000
Step 21100: Relocated 101792 GSs.
Step 21100: Added 0 GSs. Now having 5000000 GSs.
Step 21200: Relocated 101959 GSs.
Step 21200: Added 0 GSs. Now having 5000000 GSs.
Step 21300: Relocated 107876 GSs.
Step 21300: Added 0 GSs. Now having 5000000 GSs.
Step 21400: Relocated 93832 GSs.
Step 21400: Added 0 GSs. Now having 5000000 GSs.
Step 21500: Relocated 90131 GSs.
Step 21500: Added 0 GSs. Now having 5000000 GSs.
Step 21600: Relocated 95368 GSs.
Step 21600: Added 0 GSs. Now having 5000000 GSs.
Step 21700: Relocated 97466 GSs.
Step 21700: Added 0 GSs. Now having 5000000 GSs.
Step 21800: Relocated 95661 GSs.
Step 21800: Added 0 GSs. Now having 5000000 GSs.
Step 21900: Relocated 97442 GSs.
Step 21900: Added 0 GSs. Now having 5000000 GSs.
Step 22000: Relocated 103998 GSs.
Step 22000: Added 0 GSs. Now having 5000000 GSs.
[22000] loss 0.0541 l1 0.0355 ssim 0.8815 N 5000000
Step 22100: Relocated 98078 GSs.
Step 22100: Added 0 GSs. Now having 5000000 GSs.
Step 22200: Relocated 91371 GSs.
Step 22200: Added 0 GSs. Now having 5000000 GSs.
Step 22300: Relocated 94888 GSs.
Step 22300: Added 0 GSs. Now having 5000000 GSs.
Step 22400: Relocated 87252 GSs.
Step 22400: Added 0 GSs. Now having 5000000 GSs.
Step 22500: Relocated 86536 GSs.
Step 22500: Added 0 GSs. Now having 5000000 GSs.
Step 22600: Relocated 88782 GSs.
Step 22600: Added 0 GSs. Now having 5000000 GSs.
Step 22700: Relocated 84111 GSs.
Step 22700: Added 0 GSs. Now having 5000000 GSs.
Step 22800: Relocated 86079 GSs.
Step 22800: Added 0 GSs. Now having 5000000 GSs.
Step 22900: Relocated 82090 GSs.
Step 22900: Added 0 GSs. Now having 5000000 GSs.
Step 23000: Relocated 82442 GSs.
Step 23000: Added 0 GSs. Now having 5000000 GSs.
[23000] loss 0.0674 l1 0.0453 ssim 0.8544 N 5000000
Step 23100: Relocated 72791 GSs.
Step 23100: Added 0 GSs. Now having 5000000 GSs.
Step 23200: Relocated 76953 GSs.
Step 23200: Added 0 GSs. Now having 5000000 GSs.
Step 23300: Relocated 74351 GSs.
Step 23300: Added 0 GSs. Now having 5000000 GSs.
Step 23400: Relocated 72789 GSs.
Step 23400: Added 0 GSs. Now having 5000000 GSs.
Step 23500: Relocated 80024 GSs.
Step 23500: Added 0 GSs. Now having 5000000 GSs.
Step 23600: Relocated 70812 GSs.
Step 23600: Added 0 GSs. Now having 5000000 GSs.
Step 23700: Relocated 71955 GSs.
Step 23700: Added 0 GSs. Now having 5000000 GSs.
Step 23800: Relocated 70540 GSs.
Step 23800: Added 0 GSs. Now having 5000000 GSs.
Step 23900: Relocated 67627 GSs.
Step 23900: Added 0 GSs. Now having 5000000 GSs.
Step 24000: Relocated 68811 GSs.
Step 24000: Added 0 GSs. Now having 5000000 GSs.
[24000] loss 0.0490 l1 0.0338 ssim 0.9006 N 5000000
Step 24100: Relocated 64547 GSs.
Step 24100: Added 0 GSs. Now having 5000000 GSs.
Step 24200: Relocated 64445 GSs.
Step 24200: Added 0 GSs. Now having 5000000 GSs.
Step 24300: Relocated 64459 GSs.
Step 24300: Added 0 GSs. Now having 5000000 GSs.
Step 24400: Relocated 65070 GSs.
Step 24400: Added 0 GSs. Now having 5000000 GSs.
Step 24500: Relocated 67992 GSs.
Step 24500: Added 0 GSs. Now having 5000000 GSs.
Step 24600: Relocated 62219 GSs.
Step 24600: Added 0 GSs. Now having 5000000 GSs.
Step 24700: Relocated 59848 GSs.
Step 24700: Added 0 GSs. Now having 5000000 GSs.
Step 24800: Relocated 58385 GSs.
Step 24800: Added 0 GSs. Now having 5000000 GSs.
Step 24900: Relocated 58841 GSs.
Step 24900: Added 0 GSs. Now having 5000000 GSs.
[25000] loss 0.0518 l1 0.0328 ssim 0.8822 N 5000000
Setting up [LPIPS] perceptual loss: trunk [vgg], v[0.1], spatial [off]
Loading model from: /home/bkai/miniconda3/envs/gsplat/lib/python3.10/site-packages/lpips/weights/v0.1/vgg.pth
[26000] loss 0.0620 l1 0.0325 ssim 0.8878 N 5000000
[27000] loss 0.0565 l1 0.0296 ssim 0.8906 N 5000000
[28000] loss 0.0557 l1 0.0308 ssim 0.8948 N 5000000
[29000] loss 0.0530 l1 0.0297 ssim 0.9034 N 5000000
[29999] loss 0.0619 l1 0.0333 ssim 0.8853 N 5000000
Saved 5000000 gaussians to /mnt/d/avv/output/HCM0276_gsplatB9ut/ckpt.pt
=== privUT HCM0276 TRAIN DONE ===
Wrote 60 images to /mnt/d/avv/output/HCM0276_gsplatB9ut/test_poses_renders
=== privUT HCM0276 RENDERED ===
/mnt/c/Users/BKAI/an_plaza2/FastGS/gsplat_track/train_gsplat.py:302: UserWarning: The given NumPy array is not writable, and PyTorch does not support non-writable tensors. This means writing to this tensor will result in undefined behavior. You may want to copy the array to protect its data or make it writable before converting it to a tensor. This type of warning will be suppressed for the rest of this program. (Triggered internally at /pytorch/torch/csrc/utils/tensor_numpy.cpp:203.)
  gt_cache[vi] = torch.from_numpy(
103/129 images.bin entries have files in /home/bkai/data/phase1/private_set1/HCM1439/train/images
103 views, 48347 init points, K=[[926.3,0,660.0],[0,926.3,494.5]], size 1320x989
3DGUT mode: classic + with_ut + with_eval3d, k1=+0.007594
scene_scale 10.178
[0] loss 0.2849 l1 0.1894 ssim 0.3662 N 48347
Step 600: Relocated 5860 GSs.
Step 600: Added 2417 GSs. Now having 50764 GSs.
Step 700: Relocated 1476 GSs.
Step 700: Added 2538 GSs. Now having 53302 GSs.
Step 800: Relocated 1496 GSs.
Step 800: Added 2665 GSs. Now having 55967 GSs.
Step 900: Relocated 1546 GSs.
Step 900: Added 2798 GSs. Now having 58765 GSs.
Step 1000: Relocated 1392 GSs.
Step 1000: Added 2938 GSs. Now having 61703 GSs.
[1000] loss 0.1544 l1 0.0663 ssim 0.5160 N 61703
Step 1100: Relocated 1677 GSs.
Step 1100: Added 3085 GSs. Now having 64788 GSs.
Step 1200: Relocated 1675 GSs.
Step 1200: Added 3239 GSs. Now having 68027 GSs.
Step 1300: Relocated 1841 GSs.
Step 1300: Added 3401 GSs. Now having 71428 GSs.
Step 1400: Relocated 1917 GSs.
Step 1400: Added 3571 GSs. Now having 74999 GSs.
Step 1500: Relocated 1877 GSs.
Step 1500: Added 3749 GSs. Now having 78748 GSs.
Step 1600: Relocated 2183 GSs.
Step 1600: Added 3937 GSs. Now having 82685 GSs.
Step 1700: Relocated 2531 GSs.
Step 1700: Added 4134 GSs. Now having 86819 GSs.
Step 1800: Relocated 2682 GSs.
Step 1800: Added 4340 GSs. Now having 91159 GSs.
Step 1900: Relocated 2786 GSs.
Step 1900: Added 4557 GSs. Now having 95716 GSs.
Step 2000: Relocated 2943 GSs.
Step 2000: Added 4785 GSs. Now having 100501 GSs.
[2000] loss 0.1206 l1 0.0475 ssim 0.6062 N 100501
Step 2100: Relocated 3811 GSs.
Step 2100: Added 5025 GSs. Now having 105526 GSs.
Step 2200: Relocated 3480 GSs.
Step 2200: Added 5276 GSs. Now having 110802 GSs.
Step 2300: Relocated 3886 GSs.
Step 2300: Added 5540 GSs. Now having 116342 GSs.
Step 2400: Relocated 3985 GSs.
Step 2400: Added 5817 GSs. Now having 122159 GSs.
Step 2500: Relocated 4199 GSs.
Step 2500: Added 6107 GSs. Now having 128266 GSs.
Step 2600: Relocated 4769 GSs.
Step 2600: Added 6413 GSs. Now having 134679 GSs.
Step 2700: Relocated 5716 GSs.
Step 2700: Added 6733 GSs. Now having 141412 GSs.
Step 2800: Relocated 5751 GSs.
Step 2800: Added 7070 GSs. Now having 148482 GSs.
Step 2900: Relocated 5503 GSs.
Step 2900: Added 7424 GSs. Now having 155906 GSs.
Step 3000: Relocated 5927 GSs.
Step 3000: Added 7795 GSs. Now having 163701 GSs.
[3000] loss 0.1072 l1 0.0486 ssim 0.6744 N 163701
Step 3100: Relocated 7427 GSs.
Step 3100: Added 8185 GSs. Now having 171886 GSs.
Step 3200: Relocated 7714 GSs.
Step 3200: Added 8594 GSs. Now having 180480 GSs.
Step 3300: Relocated 7969 GSs.
Step 3300: Added 9024 GSs. Now having 189504 GSs.
Step 3400: Relocated 8275 GSs.
Step 3400: Added 9475 GSs. Now having 198979 GSs.
Step 3500: Relocated 9151 GSs.
Step 3500: Added 9948 GSs. Now having 208927 GSs.
Step 3600: Relocated 9133 GSs.
Step 3600: Added 10446 GSs. Now having 219373 GSs.
Step 3700: Relocated 9755 GSs.
Step 3700: Added 10968 GSs. Now having 230341 GSs.
Step 3800: Relocated 11149 GSs.
Step 3800: Added 11517 GSs. Now having 241858 GSs.
Step 3900: Relocated 10877 GSs.
Step 3900: Added 12092 GSs. Now having 253950 GSs.
Step 4000: Relocated 11376 GSs.
Step 4000: Added 12697 GSs. Now having 266647 GSs.
[4000] loss 0.1289 l1 0.0551 ssim 0.5897 N 266647
Step 4100: Relocated 12293 GSs.
Step 4100: Added 13332 GSs. Now having 279979 GSs.
Step 4200: Relocated 13862 GSs.
Step 4200: Added 13998 GSs. Now having 293977 GSs.
Step 4300: Relocated 14214 GSs.
Step 4300: Added 14698 GSs. Now having 308675 GSs.
Step 4400: Relocated 17554 GSs.
Step 4400: Added 15433 GSs. Now having 324108 GSs.
Step 4500: Relocated 18214 GSs.
Step 4500: Added 16205 GSs. Now having 340313 GSs.
Step 4600: Relocated 18216 GSs.
Step 4600: Added 17015 GSs. Now having 357328 GSs.
Step 4700: Relocated 17786 GSs.
Step 4700: Added 17866 GSs. Now having 375194 GSs.
Step 4800: Relocated 19051 GSs.
Step 4800: Added 18759 GSs. Now having 393953 GSs.
Step 4900: Relocated 22348 GSs.
Step 4900: Added 19697 GSs. Now having 413650 GSs.
Step 5000: Relocated 23675 GSs.
Step 5000: Added 20682 GSs. Now having 434332 GSs.
[5000] loss 0.0929 l1 0.0373 ssim 0.6963 N 434332
Step 5100: Relocated 22139 GSs.
Step 5100: Added 21716 GSs. Now having 456048 GSs.
Step 5200: Relocated 25427 GSs.
Step 5200: Added 22802 GSs. Now having 478850 GSs.
Step 5300: Relocated 28225 GSs.
Step 5300: Added 23942 GSs. Now having 502792 GSs.
Step 5400: Relocated 27916 GSs.
Step 5400: Added 25139 GSs. Now having 527931 GSs.
Step 5500: Relocated 30096 GSs.
Step 5500: Added 26396 GSs. Now having 554327 GSs.
Step 5600: Relocated 31780 GSs.
Step 5600: Added 27716 GSs. Now having 582043 GSs.
Step 5700: Relocated 31383 GSs.
Step 5700: Added 29102 GSs. Now having 611145 GSs.
Step 5800: Relocated 36346 GSs.
Step 5800: Added 30557 GSs. Now having 641702 GSs.
Step 5900: Relocated 40458 GSs.
Step 5900: Added 32085 GSs. Now having 673787 GSs.
Step 6000: Relocated 40518 GSs.
Step 6000: Added 33689 GSs. Now having 707476 GSs.
[6000] loss 0.1259 l1 0.0541 ssim 0.5974 N 707476
Step 6100: Relocated 44590 GSs.
Step 6100: Added 35373 GSs. Now having 742849 GSs.
Step 6200: Relocated 45889 GSs.
Step 6200: Added 37142 GSs. Now having 779991 GSs.
Step 6300: Relocated 53975 GSs.
Step 6300: Added 38999 GSs. Now having 818990 GSs.
Step 6400: Relocated 54088 GSs.
Step 6400: Added 40949 GSs. Now having 859939 GSs.
Step 6500: Relocated 56766 GSs.
Step 6500: Added 42996 GSs. Now having 902935 GSs.
Step 6600: Relocated 60957 GSs.
Step 6600: Added 45146 GSs. Now having 948081 GSs.
Step 6700: Relocated 62409 GSs.
Step 6700: Added 47404 GSs. Now having 995485 GSs.
Step 6800: Relocated 66137 GSs.
Step 6800: Added 49774 GSs. Now having 1045259 GSs.
Step 6900: Relocated 75312 GSs.
Step 6900: Added 52262 GSs. Now having 1097521 GSs.
Step 7000: Relocated 77518 GSs.
Step 7000: Added 54876 GSs. Now having 1152397 GSs.
[7000] loss 0.1055 l1 0.0476 ssim 0.6721 N 1152397
Step 7100: Relocated 80350 GSs.
Step 7100: Added 57619 GSs. Now having 1210016 GSs.
Step 7200: Relocated 79192 GSs.
Step 7200: Added 60500 GSs. Now having 1270516 GSs.
Step 7300: Relocated 91789 GSs.
Step 7300: Added 63525 GSs. Now having 1334041 GSs.
Step 7400: Relocated 99090 GSs.
Step 7400: Added 66702 GSs. Now having 1400743 GSs.
Step 7500: Relocated 96332 GSs.
Step 7500: Added 70037 GSs. Now having 1470780 GSs.
Step 7600: Relocated 105002 GSs.
Step 7600: Added 73539 GSs. Now having 1544319 GSs.
Step 7700: Relocated 118660 GSs.
Step 7700: Added 77215 GSs. Now having 1621534 GSs.
Step 7800: Relocated 127632 GSs.
Step 7800: Added 81076 GSs. Now having 1702610 GSs.
Step 7900: Relocated 137880 GSs.
Step 7900: Added 85130 GSs. Now having 1787740 GSs.
Step 8000: Relocated 143376 GSs.
Step 8000: Added 89387 GSs. Now having 1877127 GSs.
[8000] loss 0.1258 l1 0.0537 ssim 0.5939 N 1877127
Step 8100: Relocated 155236 GSs.
Step 8100: Added 93856 GSs. Now having 1970983 GSs.
Step 8200: Relocated 155516 GSs.
Step 8200: Added 98549 GSs. Now having 2069532 GSs.
Step 8300: Relocated 160984 GSs.
Step 8300: Added 103476 GSs. Now having 2173008 GSs.
Step 8400: Relocated 187085 GSs.
Step 8400: Added 108650 GSs. Now having 2281658 GSs.
Step 8500: Relocated 177747 GSs.
Step 8500: Added 114082 GSs. Now having 2395740 GSs.
Step 8600: Relocated 210845 GSs.
Step 8600: Added 119787 GSs. Now having 2515527 GSs.
Step 8700: Relocated 216347 GSs.
Step 8700: Added 125776 GSs. Now having 2641303 GSs.
Step 8800: Relocated 220255 GSs.
Step 8800: Added 132065 GSs. Now having 2773368 GSs.
Step 8900: Relocated 229647 GSs.
Step 8900: Added 138668 GSs. Now having 2912036 GSs.
Step 9000: Relocated 230253 GSs.
Step 9000: Added 145601 GSs. Now having 3057637 GSs.
[9000] loss 0.0792 l1 0.0366 ssim 0.7575 N 3057637
Step 9100: Relocated 248339 GSs.
Step 9100: Added 152881 GSs. Now having 3210518 GSs.
Step 9200: Relocated 248054 GSs.
Step 9200: Added 160525 GSs. Now having 3371043 GSs.
Step 9300: Relocated 264881 GSs.
Step 9300: Added 168552 GSs. Now having 3539595 GSs.
Step 9400: Relocated 288206 GSs.
Step 9400: Added 176979 GSs. Now having 3716574 GSs.
Step 9500: Relocated 333958 GSs.
Step 9500: Added 185828 GSs. Now having 3902402 GSs.
Step 9600: Relocated 322544 GSs.
Step 9600: Added 195120 GSs. Now having 4097522 GSs.
Step 9700: Relocated 335100 GSs.
Step 9700: Added 204876 GSs. Now having 4302398 GSs.
Step 9800: Relocated 422525 GSs.
Step 9800: Added 215119 GSs. Now having 4517517 GSs.
Step 9900: Relocated 443953 GSs.
Step 9900: Added 225875 GSs. Now having 4743392 GSs.
Step 10000: Relocated 449588 GSs.
Step 10000: Added 237169 GSs. Now having 4980561 GSs.
[10000] loss 0.0927 l1 0.0452 ssim 0.7232 N 4980561
Step 10100: Relocated 472799 GSs.
Step 10100: Added 19439 GSs. Now having 5000000 GSs.
Step 10200: Relocated 409333 GSs.
Step 10200: Added 0 GSs. Now having 5000000 GSs.
Step 10300: Relocated 347368 GSs.
Step 10300: Added 0 GSs. Now having 5000000 GSs.
Step 10400: Relocated 347571 GSs.
Step 10400: Added 0 GSs. Now having 5000000 GSs.
Step 10500: Relocated 340278 GSs.
Step 10500: Added 0 GSs. Now having 5000000 GSs.
Step 10600: Relocated 327113 GSs.
Step 10600: Added 0 GSs. Now having 5000000 GSs.
Step 10700: Relocated 294443 GSs.
Step 10700: Added 0 GSs. Now having 5000000 GSs.
Step 10800: Relocated 293905 GSs.
Step 10800: Added 0 GSs. Now having 5000000 GSs.
Step 10900: Relocated 278330 GSs.
Step 10900: Added 0 GSs. Now having 5000000 GSs.
Step 11000: Relocated 279260 GSs.
Step 11000: Added 0 GSs. Now having 5000000 GSs.
[11000] loss 0.0727 l1 0.0346 ssim 0.7816 N 5000000
Step 11100: Relocated 275012 GSs.
Step 11100: Added 0 GSs. Now having 5000000 GSs.
Step 11200: Relocated 267323 GSs.
Step 11200: Added 0 GSs. Now having 5000000 GSs.
Step 11300: Relocated 253799 GSs.
Step 11300: Added 0 GSs. Now having 5000000 GSs.
Step 11400: Relocated 255201 GSs.
Step 11400: Added 0 GSs. Now having 5000000 GSs.
Step 11500: Relocated 256774 GSs.
Step 11500: Added 0 GSs. Now having 5000000 GSs.
Step 11600: Relocated 269671 GSs.
Step 11600: Added 0 GSs. Now having 5000000 GSs.
Step 11700: Relocated 264456 GSs.
Step 11700: Added 0 GSs. Now having 5000000 GSs.
Step 11800: Relocated 244912 GSs.
Step 11800: Added 0 GSs. Now having 5000000 GSs.
Step 11900: Relocated 241426 GSs.
Step 11900: Added 0 GSs. Now having 5000000 GSs.
Step 12000: Relocated 240594 GSs.
Step 12000: Added 0 GSs. Now having 5000000 GSs.
[12000] loss 0.0548 l1 0.0290 ssim 0.8492 N 5000000
Step 12100: Relocated 242348 GSs.
Step 12100: Added 0 GSs. Now having 5000000 GSs.
Step 12200: Relocated 239695 GSs.
Step 12200: Added 0 GSs. Now having 5000000 GSs.
Step 12300: Relocated 239370 GSs.
Step 12300: Added 0 GSs. Now having 5000000 GSs.
Step 12400: Relocated 236624 GSs.
Step 12400: Added 0 GSs. Now having 5000000 GSs.
Step 12500: Relocated 253332 GSs.
Step 12500: Added 0 GSs. Now having 5000000 GSs.
Step 12600: Relocated 245398 GSs.
Step 12600: Added 0 GSs. Now having 5000000 GSs.
Step 12700: Relocated 235645 GSs.
Step 12700: Added 0 GSs. Now having 5000000 GSs.
Step 12800: Relocated 223438 GSs.
Step 12800: Added 0 GSs. Now having 5000000 GSs.
Step 12900: Relocated 216894 GSs.
Step 12900: Added 0 GSs. Now having 5000000 GSs.
Step 13000: Relocated 223986 GSs.
Step 13000: Added 0 GSs. Now having 5000000 GSs.
[13000] loss 0.0513 l1 0.0274 ssim 0.8605 N 5000000
Step 13100: Relocated 223055 GSs.
Step 13100: Added 0 GSs. Now having 5000000 GSs.
Step 13200: Relocated 221915 GSs.
Step 13200: Added 0 GSs. Now having 5000000 GSs.
Step 13300: Relocated 219325 GSs.
Step 13300: Added 0 GSs. Now having 5000000 GSs.
Step 13400: Relocated 237617 GSs.
Step 13400: Added 0 GSs. Now having 5000000 GSs.
Step 13500: Relocated 246315 GSs.
Step 13500: Added 0 GSs. Now having 5000000 GSs.
Step 13600: Relocated 230291 GSs.
Step 13600: Added 0 GSs. Now having 5000000 GSs.
Step 13700: Relocated 224140 GSs.
Step 13700: Added 0 GSs. Now having 5000000 GSs.
Step 13800: Relocated 215936 GSs.
Step 13800: Added 0 GSs. Now having 5000000 GSs.
Step 13900: Relocated 217971 GSs.
Step 13900: Added 0 GSs. Now having 5000000 GSs.
Step 14000: Relocated 213312 GSs.
Step 14000: Added 0 GSs. Now having 5000000 GSs.
[14000] loss 0.0474 l1 0.0255 ssim 0.8728 N 5000000
Step 14100: Relocated 219364 GSs.
Step 14100: Added 0 GSs. Now having 5000000 GSs.
Step 14200: Relocated 217667 GSs.
Step 14200: Added 0 GSs. Now having 5000000 GSs.
Step 14300: Relocated 198060 GSs.
Step 14300: Added 0 GSs. Now having 5000000 GSs.
Step 14400: Relocated 207369 GSs.
Step 14400: Added 0 GSs. Now having 5000000 GSs.
Step 14500: Relocated 201745 GSs.
Step 14500: Added 0 GSs. Now having 5000000 GSs.
Step 14600: Relocated 198407 GSs.
Step 14600: Added 0 GSs. Now having 5000000 GSs.
Step 14700: Relocated 196818 GSs.
Step 14700: Added 0 GSs. Now having 5000000 GSs.
Step 14800: Relocated 195565 GSs.
Step 14800: Added 0 GSs. Now having 5000000 GSs.
Step 14900: Relocated 184040 GSs.
Step 14900: Added 0 GSs. Now having 5000000 GSs.
Step 15000: Relocated 197939 GSs.
Step 15000: Added 0 GSs. Now having 5000000 GSs.
[15000] loss 0.0447 l1 0.0232 ssim 0.8774 N 5000000
Step 15100: Relocated 183599 GSs.
Step 15100: Added 0 GSs. Now having 5000000 GSs.
Step 15200: Relocated 192534 GSs.
Step 15200: Added 0 GSs. Now having 5000000 GSs.
Step 15300: Relocated 191822 GSs.
Step 15300: Added 0 GSs. Now having 5000000 GSs.
Step 15400: Relocated 200968 GSs.
Step 15400: Added 0 GSs. Now having 5000000 GSs.
Step 15500: Relocated 186071 GSs.
Step 15500: Added 0 GSs. Now having 5000000 GSs.
Step 15600: Relocated 172405 GSs.
Step 15600: Added 0 GSs. Now having 5000000 GSs.
Step 15700: Relocated 189101 GSs.
Step 15700: Added 0 GSs. Now having 5000000 GSs.
Step 15800: Relocated 185051 GSs.
Step 15800: Added 0 GSs. Now having 5000000 GSs.
Step 15900: Relocated 181797 GSs.
Step 15900: Added 0 GSs. Now having 5000000 GSs.
Step 16000: Relocated 166350 GSs.
Step 16000: Added 0 GSs. Now having 5000000 GSs.
[16000] loss 0.0634 l1 0.0344 ssim 0.8291 N 5000000
Step 16100: Relocated 173420 GSs.
Step 16100: Added 0 GSs. Now having 5000000 GSs.
Step 16200: Relocated 173887 GSs.
Step 16200: Added 0 GSs. Now having 5000000 GSs.
Step 16300: Relocated 182074 GSs.
Step 16300: Added 0 GSs. Now having 5000000 GSs.
Step 16400: Relocated 177222 GSs.
Step 16400: Added 0 GSs. Now having 5000000 GSs.
Step 16500: Relocated 160890 GSs.
Step 16500: Added 0 GSs. Now having 5000000 GSs.
Step 16600: Relocated 157287 GSs.
Step 16600: Added 0 GSs. Now having 5000000 GSs.
Step 16700: Relocated 168216 GSs.
Step 16700: Added 0 GSs. Now having 5000000 GSs.
Step 16800: Relocated 161047 GSs.
Step 16800: Added 0 GSs. Now having 5000000 GSs.
Step 16900: Relocated 163228 GSs.
Step 16900: Added 0 GSs. Now having 5000000 GSs.
Step 17000: Relocated 169085 GSs.
Step 17000: Added 0 GSs. Now having 5000000 GSs.
[17000] loss 0.0429 l1 0.0234 ssim 0.8878 N 5000000
Step 17100: Relocated 162483 GSs.
Step 17100: Added 0 GSs. Now having 5000000 GSs.
Step 17200: Relocated 148130 GSs.
Step 17200: Added 0 GSs. Now having 5000000 GSs.
Step 17300: Relocated 166992 GSs.
Step 17300: Added 0 GSs. Now having 5000000 GSs.
Step 17400: Relocated 157301 GSs.
Step 17400: Added 0 GSs. Now having 5000000 GSs.
Step 17500: Relocated 153173 GSs.
Step 17500: Added 0 GSs. Now having 5000000 GSs.
Step 17600: Relocated 159608 GSs.
Step 17600: Added 0 GSs. Now having 5000000 GSs.
Step 17700: Relocated 145251 GSs.
Step 17700: Added 0 GSs. Now having 5000000 GSs.
Step 17800: Relocated 138704 GSs.
Step 17800: Added 0 GSs. Now having 5000000 GSs.
Step 17900: Relocated 138477 GSs.
Step 17900: Added 0 GSs. Now having 5000000 GSs.
Step 18000: Relocated 136703 GSs.
Step 18000: Added 0 GSs. Now having 5000000 GSs.
[18000] loss 0.0465 l1 0.0264 ssim 0.8822 N 5000000
Step 18100: Relocated 133930 GSs.
Step 18100: Added 0 GSs. Now having 5000000 GSs.
Step 18200: Relocated 131126 GSs.
Step 18200: Added 0 GSs. Now having 5000000 GSs.
Step 18300: Relocated 128116 GSs.
Step 18300: Added 0 GSs. Now having 5000000 GSs.
Step 18400: Relocated 146332 GSs.
Step 18400: Added 0 GSs. Now having 5000000 GSs.
Step 18500: Relocated 153925 GSs.
Step 18500: Added 0 GSs. Now having 5000000 GSs.
Step 18600: Relocated 129870 GSs.
Step 18600: Added 0 GSs. Now having 5000000 GSs.
Step 18700: Relocated 128822 GSs.
Step 18700: Added 0 GSs. Now having 5000000 GSs.
/home/bkai/miniconda3/envs/gsplat/lib/python3.10/site-packages/torchvision/models/_utils.py:208: UserWarning: The parameter 'pretrained' is deprecated since 0.13 and may be removed in the future, please use 'weights' instead.
  warnings.warn(
/home/bkai/miniconda3/envs/gsplat/lib/python3.10/site-packages/torchvision/models/_utils.py:223: UserWarning: Arguments other than a weight enum or `None` for 'weights' are deprecated since 0.13 and may be removed in the future. The current behavior is equivalent to passing `weights=VGG16_Weights.IMAGENET1K_V1`. You can also use `weights=VGG16_Weights.DEFAULT` to get the most up-to-date weights.
  warnings.warn(msg)
Step 18800: Relocated 129715 GSs.
Step 18800: Added 0 GSs. Now having 5000000 GSs.
Step 18900: Relocated 120224 GSs.
Step 18900: Added 0 GSs. Now having 5000000 GSs.
Step 19000: Relocated 126485 GSs.
Step 19000: Added 0 GSs. Now having 5000000 GSs.
[19000] loss 0.0624 l1 0.0336 ssim 0.8318 N 5000000
Step 19100: Relocated 118614 GSs.
Step 19100: Added 0 GSs. Now having 5000000 GSs.
Step 19200: Relocated 132326 GSs.
Step 19200: Added 0 GSs. Now having 5000000 GSs.
Step 19300: Relocated 118701 GSs.
Step 19300: Added 0 GSs. Now having 5000000 GSs.
Step 19400: Relocated 109939 GSs.
Step 19400: Added 0 GSs. Now having 5000000 GSs.
Step 19500: Relocated 111852 GSs.
Step 19500: Added 0 GSs. Now having 5000000 GSs.
Step 19600: Relocated 104750 GSs.
Step 19600: Added 0 GSs. Now having 5000000 GSs.
Step 19700: Relocated 106307 GSs.
Step 19700: Added 0 GSs. Now having 5000000 GSs.
Step 19800: Relocated 117919 GSs.
Step 19800: Added 0 GSs. Now having 5000000 GSs.
Step 19900: Relocated 107207 GSs.
Step 19900: Added 0 GSs. Now having 5000000 GSs.
Step 20000: Relocated 108137 GSs.
Step 20000: Added 0 GSs. Now having 5000000 GSs.
[20000] loss 0.0407 l1 0.0212 ssim 0.8908 N 5000000
Step 20100: Relocated 103262 GSs.
Step 20100: Added 0 GSs. Now having 5000000 GSs.
Step 20200: Relocated 100814 GSs.
Step 20200: Added 0 GSs. Now having 5000000 GSs.
Step 20300: Relocated 96207 GSs.
Step 20300: Added 0 GSs. Now having 5000000 GSs.
Step 20400: Relocated 100949 GSs.
Step 20400: Added 0 GSs. Now having 5000000 GSs.
Step 20500: Relocated 106119 GSs.
Step 20500: Added 0 GSs. Now having 5000000 GSs.
Step 20600: Relocated 98053 GSs.
Step 20600: Added 0 GSs. Now having 5000000 GSs.
Step 20700: Relocated 94051 GSs.
Step 20700: Added 0 GSs. Now having 5000000 GSs.
Step 20800: Relocated 87962 GSs.
Step 20800: Added 0 GSs. Now having 5000000 GSs.
Step 20900: Relocated 95413 GSs.
Step 20900: Added 0 GSs. Now having 5000000 GSs.
Step 21000: Relocated 93264 GSs.
Step 21000: Added 0 GSs. Now having 5000000 GSs.
[21000] loss 0.0385 l1 0.0211 ssim 0.9017 N 5000000
Step 21100: Relocated 90610 GSs.
Step 21100: Added 0 GSs. Now having 5000000 GSs.
Step 21200: Relocated 83015 GSs.
Step 21200: Added 0 GSs. Now having 5000000 GSs.
Step 21300: Relocated 83933 GSs.
Step 21300: Added 0 GSs. Now having 5000000 GSs.
Step 21400: Relocated 83620 GSs.
Step 21400: Added 0 GSs. Now having 5000000 GSs.
Step 21500: Relocated 82767 GSs.
Step 21500: Added 0 GSs. Now having 5000000 GSs.
Step 21600: Relocated 79927 GSs.
Step 21600: Added 0 GSs. Now having 5000000 GSs.
Step 21700: Relocated 76921 GSs.
Step 21700: Added 0 GSs. Now having 5000000 GSs.
Step 21800: Relocated 73371 GSs.
Step 21800: Added 0 GSs. Now having 5000000 GSs.
Step 21900: Relocated 73651 GSs.
Step 21900: Added 0 GSs. Now having 5000000 GSs.
Step 22000: Relocated 67391 GSs.
Step 22000: Added 0 GSs. Now having 5000000 GSs.
[22000] loss 0.0404 l1 0.0223 ssim 0.8972 N 5000000
Step 22100: Relocated 68620 GSs.
Step 22100: Added 0 GSs. Now having 5000000 GSs.
Step 22200: Relocated 73378 GSs.
Step 22200: Added 0 GSs. Now having 5000000 GSs.
Step 22300: Relocated 75880 GSs.
Step 22300: Added 0 GSs. Now having 5000000 GSs.
Step 22400: Relocated 67839 GSs.
Step 22400: Added 0 GSs. Now having 5000000 GSs.
Step 22500: Relocated 66107 GSs.
Step 22500: Added 0 GSs. Now having 5000000 GSs.
Step 22600: Relocated 69621 GSs.
Step 22600: Added 0 GSs. Now having 5000000 GSs.
Step 22700: Relocated 63746 GSs.
Step 22700: Added 0 GSs. Now having 5000000 GSs.
Step 22800: Relocated 61934 GSs.
Step 22800: Added 0 GSs. Now having 5000000 GSs.
Step 22900: Relocated 60297 GSs.
Step 22900: Added 0 GSs. Now having 5000000 GSs.
Step 23000: Relocated 63777 GSs.
Step 23000: Added 0 GSs. Now having 5000000 GSs.
[23000] loss 0.0339 l1 0.0195 ssim 0.9192 N 5000000
Step 23100: Relocated 68210 GSs.
Step 23100: Added 0 GSs. Now having 5000000 GSs.
Step 23200: Relocated 64097 GSs.
Step 23200: Added 0 GSs. Now having 5000000 GSs.
Step 23300: Relocated 57576 GSs.
Step 23300: Added 0 GSs. Now having 5000000 GSs.
Step 23400: Relocated 60383 GSs.
Step 23400: Added 0 GSs. Now having 5000000 GSs.
Step 23500: Relocated 53733 GSs.
Step 23500: Added 0 GSs. Now having 5000000 GSs.
Step 23600: Relocated 55594 GSs.
Step 23600: Added 0 GSs. Now having 5000000 GSs.
Step 23700: Relocated 52164 GSs.
Step 23700: Added 0 GSs. Now having 5000000 GSs.
Step 23800: Relocated 55097 GSs.
Step 23800: Added 0 GSs. Now having 5000000 GSs.
Step 23900: Relocated 50241 GSs.
Step 23900: Added 0 GSs. Now having 5000000 GSs.
Step 24000: Relocated 48204 GSs.
Step 24000: Added 0 GSs. Now having 5000000 GSs.
[24000] loss 0.0366 l1 0.0249 ssim 0.9272 N 5000000
Step 24100: Relocated 50949 GSs.
Step 24100: Added 0 GSs. Now having 5000000 GSs.
Step 24200: Relocated 51852 GSs.
Step 24200: Added 0 GSs. Now having 5000000 GSs.
Step 24300: Relocated 50005 GSs.
Step 24300: Added 0 GSs. Now having 5000000 GSs.
Step 24400: Relocated 50923 GSs.
Step 24400: Added 0 GSs. Now having 5000000 GSs.
Step 24500: Relocated 50371 GSs.
Step 24500: Added 0 GSs. Now having 5000000 GSs.
Step 24600: Relocated 48407 GSs.
Step 24600: Added 0 GSs. Now having 5000000 GSs.
Step 24700: Relocated 45061 GSs.
Step 24700: Added 0 GSs. Now having 5000000 GSs.
Step 24800: Relocated 47165 GSs.
Step 24800: Added 0 GSs. Now having 5000000 GSs.
Step 24900: Relocated 44674 GSs.
Step 24900: Added 0 GSs. Now having 5000000 GSs.
[25000] loss 0.0368 l1 0.0211 ssim 0.9112 N 5000000
Setting up [LPIPS] perceptual loss: trunk [vgg], v[0.1], spatial [off]
Loading model from: /home/bkai/miniconda3/envs/gsplat/lib/python3.10/site-packages/lpips/weights/v0.1/vgg.pth
[26000] loss 0.0419 l1 0.0190 ssim 0.9282 N 5000000
[27000] loss 0.0521 l1 0.0222 ssim 0.8919 N 5000000
[28000] loss 0.0486 l1 0.0209 ssim 0.9005 N 5000000
[29000] loss 0.0343 l1 0.0168 ssim 0.9387 N 5000000
[29999] loss 0.0575 l1 0.0265 ssim 0.8806 N 5000000
Saved 5000000 gaussians to /mnt/d/avv/output/HCM1439_gsplatB9ut/ckpt.pt
=== privUT HCM1439 TRAIN DONE ===
Wrote 26 images to /mnt/d/avv/output/HCM1439_gsplatB9ut/test_poses_renders
=== privUT HCM1439 RENDERED ===
PRIVUT GPU0 DONE
