HCM0193: pool k=1  n=60
NO FIELD FILE -- chain runs without the lens field
  fit 10/60 377s
  fit 20/60 736s
  fit 30/60 1131s
  fit 40/60 1468s
  fit 50/60 1779s
  fit 60/60 2188s

[e10] GLOBAL kernel: sigma_eq=+0.6187px  sum=0.99259  center=0.6699 bias=+0.00178
     kernel(7x7) x1000:
[[  4.8  -1.   -2.   17.5   7.7  -6.8  -0.7]
 [ -3.2   9.8   0.  -38.6   0.    4.    0. ]
 [  5.1   0.4  -4.3  79.5  -3.3   4.8   2.3]
 [ 20.  -44.1 110.6 669.9 122.9 -48.8  15.8]
 [  5.3   5.   -7.2  74.3  -5.8   1.8   7. ]
 [  1.6   4.8  -1.5 -41.3   3.1   2.2  -0.8]
 [  1.6   0.9   3.4  13.2   7.5  -2.8  -2. ]]
     TILE sigma_eq (3x3 field grid): [[0.7247 0.6461 0.7461]
 [0.4777 0.5883 0.5126]
 [0.6907 0.5107 0.5156]]
     LOO SSE change (rel to identity SSE-with-offset) = 12833.3007

[e00] GLOBAL kernel: sigma_eq=+0.6187px  sum=0.99259  center=0.6699 bias=+0.00178
     kernel(7x7) x1000:
[[  4.8  -1.   -2.   17.5   7.7  -6.8  -0.7]
 [ -3.2   9.8   0.  -38.6   0.    4.    0. ]
 [  5.1   0.4  -4.3  79.5  -3.3   4.8   2.3]
 [ 20.  -44.1 110.6 669.9 122.9 -48.8  15.8]
 [  5.3   5.   -7.2  74.3  -5.8   1.8   7. ]
 [  1.6   4.8  -1.5 -41.3   3.1   2.2  -0.8]
 [  1.6   0.9   3.4  13.2   7.5  -2.8  -2. ]]
     TILE sigma_eq (3x3 field grid): [[0.7247 0.6461 0.7461]
 [0.4777 0.5883 0.5126]
 [0.6907 0.5107 0.5156]]
     LOO SSE change (rel to identity SSE-with-offset) = 12833.3007
