HCM0204: pool k=1  n=60
NO FIELD FILE -- chain runs without the lens field
  fit 10/60 383s
  fit 20/60 743s
  fit 30/60 1129s
  fit 40/60 1463s
  fit 50/60 1801s
  fit 60/60 2212s

[e10] GLOBAL kernel: sigma_eq=+0.6124px  sum=0.99610  center=0.6498 bias=+0.00185
     kernel(7x7) x1000:
[[  4.7  -7.    3.2  22.7  -1.2  -5.7   4.4]
 [  0.9   9.4  -7.9 -31.2 -13.8  10.7  -0.2]
 [  6.2  -4.7 -17.2  83.   13.3  -0.3   0.1]
 [ 20.8 -55.8 152.3 649.8 115.8 -35.6  14.8]
 [  8.8  -5.8 -14.2  82.9   3.4   1.3  -1. ]
 [  1.1   6.2  -9.7 -36.   -4.3  10.8   0.4]
 [  0.3  -5.2  13.3  14.7  -2.6  -2.7   2.8]]
     TILE sigma_eq (3x3 field grid): [[0.7514 0.7065 0.5503]
 [0.482  0.5005 0.4834]
 [0.6425 0.5215 0.66  ]]
     LOO SSE change (rel to identity SSE-with-offset) = 17745.1200

[e00] GLOBAL kernel: sigma_eq=+0.6124px  sum=0.99610  center=0.6498 bias=+0.00185
     kernel(7x7) x1000:
[[  4.7  -7.    3.2  22.7  -1.2  -5.7   4.4]
 [  0.9   9.4  -7.9 -31.2 -13.8  10.7  -0.2]
 [  6.2  -4.7 -17.2  83.   13.3  -0.3   0.1]
 [ 20.8 -55.8 152.3 649.8 115.8 -35.6  14.8]
 [  8.8  -5.8 -14.2  82.9   3.4   1.3  -1. ]
 [  1.1   6.2  -9.7 -36.   -4.3  10.8   0.4]
 [  0.3  -5.2  13.3  14.7  -2.6  -2.7   2.8]]
     TILE sigma_eq (3x3 field grid): [[0.7514 0.7065 0.5503]
 [0.482  0.5005 0.4834]
 [0.6425 0.5215 0.66  ]]
     LOO SSE change (rel to identity SSE-with-offset) = 17745.1200
