=== HCM0540 marker present, building r20 (ADD composition, HCM0674 at r16) Fri Jul 24 07:34:14 +07 2026 ===
Ensembled 58 images from 6 members -> /mnt/d/avv/r20/video_ens/chair6/jpg
Ensembled 60 images from 6 members -> /mnt/d/avv/r20/tower_ens/HCM0421/jpg
corrected 60 images -> /mnt/d/avv/r20/tower_ens/HCM0421/png
=== [HCM0421] ADD-composition tower ready ===
Ensembled 60 images from 5 members -> /mnt/d/avv/r20/tower_ens/HCM0539/jpg
corrected 60 images -> /mnt/d/avv/r20/tower_ens/HCM0539/png
=== [HCM0539] ADD-composition tower ready ===
Ensembled 60 images from 5 members -> /mnt/d/avv/r20/tower_ens/HCM0540/jpg
corrected 60 images -> /mnt/d/avv/r20/tower_ens/HCM0540/png
=== [HCM0540] ADD-composition tower ready ===
Ensembled 60 images from 5 members -> /mnt/d/avv/r20/tower_ens/HCM0644/jpg
corrected 60 images -> /mnt/d/avv/r20/tower_ens/HCM0644/png
=== [HCM0644] ADD-composition tower ready ===
353.3MB > 350.0MB, re-encoding HCM0421 at q99
OK: /mnt/d/avv/submissions/sub_round20_emaadd.zip  346.4MB  386 files
  HCM0421: q99
  HCM0539: q100
  HCM0540: q100
  HCM0644: q100
  HCM0674: q100
  bonsai: q100
  chair: q100
CRC: OK
  HCM0421:  60/60 exact, all 1320x989, JPEG
  HCM0539:  60/60 exact, all 1320x989, JPEG
  HCM0540:  60/60 exact, all 1320x989, JPEG
  HCM0644:  60/60 exact, all 1320x989, JPEG
  HCM0674:  60/60 exact, all 1320x989, JPEG
  bonsai:  28/28 exact, all 1920x1080, JPEG
  chair:  58/58 exact, all 720x1280, JPEG

files 386/386   size 346.4 MB (limit 350.0)
VERIFY PASSED
=== R20_EMAADD BUILT + VERIFIED Fri Jul 24 07:42:47 +07 2026 -> /mnt/d/avv/submissions/sub_round20_emaadd.zip ===
