/home/bkai/miniconda3/envs/fastgs2/lib/python3.10/site-packages/torchvision/models/_utils.py:208: UserWarning: The parameter 'pretrained' is deprecated since 0.13 and may be removed in the future, please use 'weights' instead.
  warnings.warn(
/home/bkai/miniconda3/envs/fastgs2/lib/python3.10/site-packages/torchvision/models/_utils.py:223: UserWarning: Arguments other than a weight enum or `None` for 'weights' are deprecated since 0.13 and may be removed in the future. The current behavior is equivalent to passing `weights=VGG16_Weights.IMAGENET1K_V1`. You can also use `weights=VGG16_Weights.DEFAULT` to get the most up-to-date weights.
  warnings.warn(msg)
  B9: 60 views  mean|f| 0.2112
  B11: 60 views  mean|f| 0.1746
  B11all: 120 views  mean|f| 0.1739
applied mean |field| px: b9_1.00 0.2112  b9_1.24 0.2620  b11_1.30 0.2270  b11_1.50 0.2620  b11a_1.30 0.2262  b11a_1.50 0.2610
  15/60 75s

[n=15] INDEPENDENT gain re-measurement, HCM0181, full shipped chain
       arm     SCORE     PSNR    SSIM    LPIPS  vs b11_1.30        t   win/N
   b9_1.00   77.9508  25.4015  0.8871   0.0975      -0.0260    -2.74   5/15
   b9_1.24   78.0163  25.4562  0.8881   0.0975      +0.0395     2.71  11/15
  b11_1.30   77.9768  25.4251  0.8874   0.0975      +0.0000       --   0/15
  b11_1.50   78.0007  25.4472  0.8879   0.0976      +0.0239     2.23  10/15
 b11a_1.30   78.0003  25.4399  0.8878   0.0975      +0.0236     7.48  14/15
 b11a_1.50   78.0312  25.4651  0.8884   0.0975      +0.0544     5.56  14/15
  30/60 170s

[n=30] INDEPENDENT gain re-measurement, HCM0181, full shipped chain
       arm     SCORE     PSNR    SSIM    LPIPS  vs b11_1.30        t   win/N
   b9_1.00   78.3627  25.7616  0.8907   0.0954      -0.0448    -6.66   5/30
   b9_1.24   78.4649  25.8417  0.8923   0.0953      +0.0574     5.28  23/30
  b11_1.30   78.4075  25.8003  0.8914   0.0953      +0.0000       --   0/30
  b11_1.50   78.4554  25.8375  0.8922   0.0953      +0.0478     5.96  25/30
 b11a_1.30   78.4313  25.8165  0.8917   0.0953      +0.0238     8.67  28/30
 b11a_1.50   78.4859  25.8578  0.8926   0.0952      +0.0784    10.00  29/30
  45/60 239s

[n=45] INDEPENDENT gain re-measurement, HCM0181, full shipped chain
       arm     SCORE     PSNR    SSIM    LPIPS  vs b11_1.30        t   win/N
   b9_1.00   78.7432  26.1276  0.8939   0.0937      -0.0355    -5.72  10/45
   b9_1.24   78.8660  26.2242  0.8958   0.0935      +0.0874     6.80  37/45
  b11_1.30   78.7786  26.1598  0.8944   0.0937      +0.0000       --   0/45
  b11_1.50   78.8352  26.2029  0.8953   0.0937      +0.0565     6.77  38/45
 b11a_1.30   78.8051  26.1785  0.8948   0.0936      +0.0265    11.56  43/45
 b11a_1.50   78.8683  26.2269  0.8958   0.0936      +0.0897    10.53  42/45
  60/60 282s

[n=60] INDEPENDENT gain re-measurement, HCM0181, full shipped chain
       arm     SCORE     PSNR    SSIM    LPIPS  vs b11_1.30        t   win/N
   b9_1.00   78.3877  25.8879  0.8883   0.0948      -0.0323    -5.64  17/60
   b9_1.24   78.5154  25.9849  0.8903   0.0946      +0.0954     8.56  51/60
  b11_1.30   78.4200  25.9144  0.8888   0.0948      +0.0000       --   0/60
  b11_1.50   78.4778  25.9576  0.8898   0.0947      +0.0578     7.94  50/60
 b11a_1.30   78.4417  25.9288  0.8891   0.0947      +0.0217     9.27  52/60
 b11a_1.50   78.5053  25.9767  0.8902   0.0947      +0.0853    11.77  55/60

done 282s
