/home/bkai/miniconda3/envs/fastgs2/lib/python3.10/site-packages/torchvision/models/_utils.py:208: UserWarning: The parameter 'pretrained' is deprecated since 0.13 and may be removed in the future, please use 'weights' instead.
  warnings.warn(
/home/bkai/miniconda3/envs/fastgs2/lib/python3.10/site-packages/torchvision/models/_utils.py:223: UserWarning: Arguments other than a weight enum or `None` for 'weights' are deprecated since 0.13 and may be removed in the future. The current behavior is equivalent to passing `weights=VGG16_Weights.IMAGENET1K_V1`. You can also use `weights=VGG16_Weights.DEFAULT` to get the most up-to-date weights.
  warnings.warn(msg)
Setting up [LPIPS] perceptual loss: trunk [vgg], v[0.1], spatial [off]
Loading model from: /home/bkai/miniconda3/envs/fastgs2/lib/python3.10/site-packages/lpips/weights/v0.1/vgg.pth
stems=60  members=['e15ceil95', 'e17visnorm', 'gsplatB1', 'gsplatB10ut8M', 'gsplatB11ut60k', 'gsplatB12ut8Ms7', 'gsplatB2', 'gsplatB8pure', 'gsplatB9ut', 'm31b_nolpips', 'm31b_taillpips']
  0/60  3s
  10/60  30s
  20/60  55s
  30/60  79s
  40/60  103s
  50/60  131s

HCM0181  n=60  lam=1.0  gain=1.30  FULL SHIPPED CHAIN (field->JPEG q100/ss2)
                   arm  k     SCORE     PSNR    SSIM   LPIPS  vs Q6+FGS
                    Q6  6   78.6154  26.0779  0.8919  0.0947    -0.1800
                Q6+FGS  7   78.7954  26.1818  0.8944  0.0937    +0.0000
      Q6+FGS+CLONE(U1)  8   78.7473  26.1621  0.8939  0.0942    -0.0481
     Q6+FGS+CLONE(FGS)  8   78.8174  26.2024  0.8949  0.0938    +0.0220
      Q6+FGS+AA_B8pure  8   78.8401  26.2123  0.8953  0.0936    +0.0447
    Q6+FGS+AA_B2(SHIP)  8   78.7811  26.2091  0.8948  0.0947    -0.0143
          Q6+FGS+AA_B1  8   78.7837  26.2104  0.8947  0.0946    -0.0117
       Q6+FGS+FGS2_e15  8   78.8615  26.2275  0.8956  0.0936    +0.0661

PAIRED INCREMENTS over Q6+FGS (k=7 -> k=8), with paired SE and t
            8th member     delta      SE       t  vs CLONE(U1)      SE       t
      Q6+FGS+CLONE(U1)   -0.0481  0.0040  -12.15       +0.0000  0.0000     nan
     Q6+FGS+CLONE(FGS)   +0.0220  0.0098    2.25       +0.0701  0.0119    5.87
      Q6+FGS+AA_B8pure   +0.0447  0.0107    4.19       +0.0928  0.0122    7.63
    Q6+FGS+AA_B2(SHIP)   -0.0143  0.0104   -1.38       +0.0338  0.0106    3.18
          Q6+FGS+AA_B1   -0.0117  0.0104   -1.13       +0.0364  0.0105    3.48
       Q6+FGS+FGS2_e15   +0.0661  0.0110    6.03       +0.1142  0.0127    8.98

SPLIT-HALF STABILITY of each 8th-member delta (odd views / even views)
            8th member       odd      even
      Q6+FGS+CLONE(U1)   -0.0492   -0.0471
     Q6+FGS+CLONE(FGS)   +0.0354   +0.0085
      Q6+FGS+AA_B8pure   +0.0582   +0.0311
    Q6+FGS+AA_B2(SHIP)   -0.0088   -0.0198
          Q6+FGS+AA_B1   -0.0057   -0.0178
       Q6+FGS+FGS2_e15   +0.0785   +0.0536
