Setting up [LPIPS] perceptual loss: trunk [vgg], v[0.1], spatial [off]
/home/bkai/miniconda3/envs/fastgs2/lib/python3.10/site-packages/torchvision/models/_utils.py:208: UserWarning: The parameter 'pretrained' is deprecated since 0.13 and may be removed in the future, please use 'weights' instead.
  warnings.warn(
/home/bkai/miniconda3/envs/fastgs2/lib/python3.10/site-packages/torchvision/models/_utils.py:223: UserWarning: Arguments other than a weight enum or `None` for 'weights' are deprecated since 0.13 and may be removed in the future. The current behavior is equivalent to passing `weights=VGG16_Weights.IMAGENET1K_V1`. You can also use `weights=VGG16_Weights.DEFAULT` to get the most up-to-date weights.
  warnings.warn(msg)
Loading model from: /home/bkai/miniconda3/envs/fastgs2/lib/python3.10/site-packages/lpips/weights/v0.1/vgg.pth
restore_fast vs production restore: max|diff| = 0.000e+00
  0/60 4s
  5/60 25s
  10/60 44s
  15/60 65s
  20/60 86s
  25/60 107s
  30/60 128s
  35/60 149s
  40/60 170s
  45/60 191s
  50/60 212s
  55/60 233s

INDEPENDENT REFUTATION RUN  HCM0181  n=60  FULL SHIPPED CHAIN (field x1.3 lanczos4, JPEG q100/ss2)
                 arm     SCORE     PSNR    SSIM    LPIPS   MB/60
     c4_w0.2500_lam1   78.7348  26.1777  0.8940   0.0948   62.03
     c4_w0.3333_lam1   78.7761  26.1870  0.8942   0.0940   62.25
     c1_w0.2500_lam1   78.6429  26.1600  0.8932   0.0962   61.99
     c1_w0.3333_lam1   78.6344  26.1526  0.8930   0.0962   62.22
     cP_w0.2500_lam1   78.7342  26.1445  0.8928   0.0934   62.92
     cP_w0.3333_lam1   78.7067  26.1343  0.8921   0.0935   62.89
     c4_w0.2500_lam0   78.4499  26.2040  0.8919   0.1007   60.46
     c4_w0.3333_lam0   78.5113  26.2173  0.8923   0.0997   60.69
     cP_w0.2500_lam0   78.4252  26.1767  0.8906   0.1000   61.15
     cP_w0.3333_lam0   78.3804  26.1598  0.8897   0.1002   61.09
     cP_w0.4000_lam1   78.6632  26.1125  0.8913   0.0936   62.92
        QUAL_A_claim   78.1784  26.0965  0.8891   0.1038   60.13
           QUAL_B_c4   78.2296  25.9200  0.8866   0.0980   63.82
           QUAL_B_c1   77.3802  25.6256  0.8797   0.1097   64.00
           QUAL_A_cP   78.4185  26.1298  0.8909   0.0996   61.79
           QUAL_B_cP   77.0917  25.4980  0.8678   0.1060   62.74

PAIRED CONTRASTS  (0.3333 minus 0.2500 : positive => the claim's direction)
  c4 lam1:  +0.0413  95%CI [+0.0342,+0.0484]  t=+11.47  wins 57/60
  c4 lam0:  +0.0613  95%CI [+0.0542,+0.0685]  t=+16.85  wins 60/60
  c1 lam1:  -0.0085  95%CI [-0.0184,+0.0015]  t= -1.67  wins 30/60
  cP lam1:  -0.0274  95%CI [-0.0339,-0.0210]  t= -8.39  wins 5/60
  cP lam0:  -0.0449  95%CI [-0.0522,-0.0376]  t=-12.02  wins 4/60

FAMILY QUALITY THROUGH THE CHAIN (lam=0, no restore)
    QUAL_A_claim   78.1784
       QUAL_B_c4   78.2296
       QUAL_B_c1   77.3802
       QUAL_A_cP   78.4185
       QUAL_B_cP   77.0917
  minority-minus-majority: c4 +0.0512 | c1 -0.7982 | cP -1.3268

cP 0.40 vs 0.3333: -0.0435 t=-15.18
elapsed 247s
