Setting up [LPIPS] perceptual loss: trunk [vgg], v[0.1], spatial [off]
/home/bkai/miniconda3/envs/fastgs2/lib/python3.10/site-packages/torchvision/models/_utils.py:208: UserWarning: The parameter 'pretrained' is deprecated since 0.13 and may be removed in the future, please use 'weights' instead.
  warnings.warn(
/home/bkai/miniconda3/envs/fastgs2/lib/python3.10/site-packages/torchvision/models/_utils.py:223: UserWarning: Arguments other than a weight enum or `None` for 'weights' are deprecated since 0.13 and may be removed in the future. The current behavior is equivalent to passing `weights=VGG16_Weights.IMAGENET1K_V1`. You can also use `weights=VGG16_Weights.DEFAULT` to get the most up-to-date weights.
  warnings.warn(msg)
Loading model from: /home/bkai/miniconda3/envs/fastgs2/lib/python3.10/site-packages/lpips/weights/v0.1/vgg.pth
chair_tex: 58 poses, 4 members available
 k  sig   lam     SCORE    LPIPS    SSIM     PSNR   vs lam=0
 2  1.0  0.00   70.7740   0.2196  0.8075  25.5554    +0.0000
 2  1.0  0.25   70.7614   0.2196  0.8072  25.5489    -0.0126
 2  1.0  0.50   70.7133   0.2198  0.8062  25.5299    -0.0607
 2  1.0  0.75   70.6255   0.2203  0.8046  25.4984    -0.1485
 2  1.0  1.00   70.4930   0.2213  0.8024  25.4549    -0.2811

 4  1.0  0.00   71.0682   0.2210  0.8152  25.7531    +0.0000
 4  1.0  0.25   71.0829   0.2202  0.8148  25.7440    +0.0147
 4  1.0  0.50   71.0529   0.2194  0.8133  25.7148    -0.0152
 4  1.0  0.75   70.9568   0.2192  0.8108  25.6661    -0.1114
 4  1.0  1.00   70.7791   0.2201  0.8074  25.5984    -0.2891

=== SIGNATURE (best lambda gain at each depth) ===
  sigma 1.0: k=2  best lambda 0.00  gain +0.0000
  sigma 1.0: k=4  best lambda 0.25  gain +0.0147
GROWS with k -> texture-injection class, proxy UNDER-states it, proxy-lambda is a safe
lower bound. DECAYS with k -> just another cleanup trick, drop it.
