/mnt/c/Users/BKAI/an_plaza2/FastGS/gsplat_track/train_gsplat.py:302: UserWarning: The given NumPy array is not writable, and PyTorch does not support non-writable tensors. This means writing to this tensor will result in undefined behavior. You may want to copy the array to protect its data or make it writable before converting it to a tensor. This type of warning will be suppressed for the rest of this program. (Triggered internally at /pytorch/torch/csrc/utils/tensor_numpy.cpp:203.)
  gt_cache[vi] = torch.from_numpy(
/home/bkai/miniconda3/envs/gsplat/lib/python3.10/site-packages/torchvision/models/_utils.py:208: UserWarning: The parameter 'pretrained' is deprecated since 0.13 and may be removed in the future, please use 'weights' instead.
  warnings.warn(
/home/bkai/miniconda3/envs/gsplat/lib/python3.10/site-packages/torchvision/models/_utils.py:223: UserWarning: Arguments other than a weight enum or `None` for 'weights' are deprecated since 0.13 and may be removed in the future. The current behavior is equivalent to passing `weights=VGG16_Weights.IMAGENET1K_V1`. You can also use `weights=VGG16_Weights.DEFAULT` to get the most up-to-date weights.
  warnings.warn(msg)
240/371 images.bin entries have files in /home/bkai/data/phase1/public_set/HCM0181/train/images_undist
240 views, 224928 init points, K=[[926.4,0,660.0],[0,926.4,494.5]], size 1320x989
scene_scale 10.363
Warm-start: 4840216 gaussians from output/HCM0181_e10gate1/point_cloud/iteration_30000/point_cloud.ply
[0] loss 0.1098 l1 0.0660 ssim 0.7152 N 4840216
[1000] loss 0.0461 l1 0.0302 ssim 0.8905 N 4840216
[2000] loss 0.0447 l1 0.0279 ssim 0.8880 N 4840216
[3000] loss 0.0442 l1 0.0285 ssim 0.8929 N 4840216
Setting up [LPIPS] perceptual loss: trunk [vgg], v[0.1], spatial [off]
Loading model from: /home/bkai/miniconda3/envs/gsplat/lib/python3.10/site-packages/lpips/weights/v0.1/vgg.pth
[4000] loss 0.0588 l1 0.0290 ssim 0.8798 N 4840216
[5000] loss 0.0410 l1 0.0236 ssim 0.9253 N 4840216
[6000] loss 0.0444 l1 0.0265 ssim 0.9213 N 4840216
[7000] loss 0.0399 l1 0.0229 ssim 0.9365 N 4840216
[8000] loss 0.0418 l1 0.0242 ssim 0.9216 N 4840216
[9000] loss 0.0598 l1 0.0313 ssim 0.8656 N 4840216
[9999] loss 0.0538 l1 0.0278 ssim 0.8833 N 4840216
Saved 4840216 gaussians to /mnt/d/avv/output/HCM0181_gsplatB8pure/ckpt.pt
=== gsplatB8pure TRAIN DONE ===
Render canvas padding: 4px
Wrote 60 images to /mnt/d/avv/output/HCM0181_gsplatB8pure/test_poses_renders
HCM0181    n= 60  PSNR 24.2349  SSIM 0.8439  LPIPS(alex) 0.0881 LPIPS(vgg) 0.1219  Score(alex) 0.7633  Score(vgg) 0.7498
  Score(alex)  = 76.3349   [0.4*(1-LPIPS)=0.3648  0.3*SSIM=0.2532  0.3*PSNRn=0.1454]  (psnr_max=50.0)
  Score(vgg)  = 74.9809   [0.4*(1-LPIPS)=0.3512  0.3*SSIM=0.2532  0.3*PSNRn=0.1454]  (psnr_max=50.0)
=== gsplatB8pure SCORED ===
TRACKB6 QUEUE DONE
