/mnt/c/Users/BKAI/an_plaza2/FastGS/gsplat_track/train_gsplat.py:251: UserWarning: The given NumPy array is not writable, and PyTorch does not support non-writable tensors. This means writing to this tensor will result in undefined behavior. You may want to copy the array to protect its data or make it writable before converting it to a tensor. This type of warning will be suppressed for the rest of this program. (Triggered internally at /pytorch/torch/csrc/utils/tensor_numpy.cpp:203.)
  gt_cache[vi] = torch.from_numpy(
240/371 images.bin entries have files in /home/bkai/data/phase1/public_set/HCM0181/train/images_undist
240 views, 224928 init points, K=[[926.4,0,660.0],[0,926.4,494.5]], size 1320x989
scene_scale 10.363
Warm-start: 4840216 gaussians from output/HCM0181_e10gate1/point_cloud/iteration_30000/point_cloud.ply
[0] loss 0.1154 l1 0.0660 ssim 0.7152 N 4840216
Step 600: Relocated 560963 GSs.
Step 600: Added 242010 GSs. Now having 5082226 GSs.
Step 700: Relocated 151987 GSs.
Step 700: Added 254111 GSs. Now having 5336337 GSs.
Step 800: Relocated 135521 GSs.
Step 800: Added 163663 GSs. Now having 5500000 GSs.
Step 900: Relocated 135703 GSs.
Step 900: Added 0 GSs. Now having 5500000 GSs.
Step 1000: Relocated 104996 GSs.
Step 1000: Added 0 GSs. Now having 5500000 GSs.
[1000] loss 0.0729 l1 0.0401 ssim 0.8134 N 5500000
Step 1100: Relocated 102711 GSs.
Step 1100: Added 0 GSs. Now having 5500000 GSs.
Step 1200: Relocated 93684 GSs.
Step 1200: Added 0 GSs. Now having 5500000 GSs.
Step 1300: Relocated 99026 GSs.
Step 1300: Added 0 GSs. Now having 5500000 GSs.
Step 1400: Relocated 91305 GSs.
Step 1400: Added 0 GSs. Now having 5500000 GSs.
Step 1500: Relocated 97725 GSs.
Step 1500: Added 0 GSs. Now having 5500000 GSs.
Step 1600: Relocated 97725 GSs.
Step 1600: Added 0 GSs. Now having 5500000 GSs.
Step 1700: Relocated 99178 GSs.
Step 1700: Added 0 GSs. Now having 5500000 GSs.
Step 1800: Relocated 95787 GSs.
Step 1800: Added 0 GSs. Now having 5500000 GSs.
Step 1900: Relocated 101520 GSs.
Step 1900: Added 0 GSs. Now having 5500000 GSs.
Step 2000: Relocated 105935 GSs.
Step 2000: Added 0 GSs. Now having 5500000 GSs.
[2000] loss 0.0678 l1 0.0355 ssim 0.8176 N 5500000
Step 2100: Relocated 118987 GSs.
Step 2100: Added 0 GSs. Now having 5500000 GSs.
Step 2200: Relocated 113173 GSs.
Step 2200: Added 0 GSs. Now having 5500000 GSs.
Step 2300: Relocated 112830 GSs.
Step 2300: Added 0 GSs. Now having 5500000 GSs.
Step 2400: Relocated 119922 GSs.
Step 2400: Added 0 GSs. Now having 5500000 GSs.
Step 2500: Relocated 112425 GSs.
Step 2500: Added 0 GSs. Now having 5500000 GSs.
Step 2600: Relocated 117893 GSs.
Step 2600: Added 0 GSs. Now having 5500000 GSs.
Step 2700: Relocated 110009 GSs.
Step 2700: Added 0 GSs. Now having 5500000 GSs.
Step 2800: Relocated 108340 GSs.
Step 2800: Added 0 GSs. Now having 5500000 GSs.
Step 2900: Relocated 109607 GSs.
Step 2900: Added 0 GSs. Now having 5500000 GSs.
Step 3000: Relocated 116924 GSs.
Step 3000: Added 0 GSs. Now having 5500000 GSs.
[3000] loss 0.0634 l1 0.0361 ssim 0.8409 N 5500000
Step 3100: Relocated 114570 GSs.
Step 3100: Added 0 GSs. Now having 5500000 GSs.
Step 3200: Relocated 118009 GSs.
Step 3200: Added 0 GSs. Now having 5500000 GSs.
Step 3300: Relocated 124812 GSs.
Step 3300: Added 0 GSs. Now having 5500000 GSs.
Step 3400: Relocated 135783 GSs.
Step 3400: Added 0 GSs. Now having 5500000 GSs.
Step 3500: Relocated 127228 GSs.
Step 3500: Added 0 GSs. Now having 5500000 GSs.
Step 3600: Relocated 140109 GSs.
Step 3600: Added 0 GSs. Now having 5500000 GSs.
Step 3700: Relocated 133114 GSs.
Step 3700: Added 0 GSs. Now having 5500000 GSs.
Step 3800: Relocated 127437 GSs.
Step 3800: Added 0 GSs. Now having 5500000 GSs.
Step 3900: Relocated 126438 GSs.
Step 3900: Added 0 GSs. Now having 5500000 GSs.
Step 4000: Relocated 129556 GSs.
Step 4000: Added 0 GSs. Now having 5500000 GSs.
[4000] loss 0.0754 l1 0.0390 ssim 0.7917 N 5500000
Step 4100: Relocated 125486 GSs.
Step 4100: Added 0 GSs. Now having 5500000 GSs.
Step 4200: Relocated 133334 GSs.
Step 4200: Added 0 GSs. Now having 5500000 GSs.
Step 4300: Relocated 130529 GSs.
Step 4300: Added 0 GSs. Now having 5500000 GSs.
Step 4400: Relocated 128096 GSs.
Step 4400: Added 0 GSs. Now having 5500000 GSs.
Step 4500: Relocated 126601 GSs.
Step 4500: Added 0 GSs. Now having 5500000 GSs.
Step 4600: Relocated 123506 GSs.
Step 4600: Added 0 GSs. Now having 5500000 GSs.
Step 4700: Relocated 139033 GSs.
Step 4700: Added 0 GSs. Now having 5500000 GSs.
Step 4800: Relocated 126445 GSs.
Step 4800: Added 0 GSs. Now having 5500000 GSs.
Step 4900: Relocated 136479 GSs.
Step 4900: Added 0 GSs. Now having 5500000 GSs.
Step 5000: Relocated 129749 GSs.
Step 5000: Added 0 GSs. Now having 5500000 GSs.
[5000] loss 0.0521 l1 0.0314 ssim 0.8780 N 5500000
Step 5100: Relocated 125895 GSs.
Step 5100: Added 0 GSs. Now having 5500000 GSs.
Step 5200: Relocated 122577 GSs.
Step 5200: Added 0 GSs. Now having 5500000 GSs.
Step 5300: Relocated 135869 GSs.
Step 5300: Added 0 GSs. Now having 5500000 GSs.
Step 5400: Relocated 125661 GSs.
Step 5400: Added 0 GSs. Now having 5500000 GSs.
Step 5500: Relocated 126662 GSs.
Step 5500: Added 0 GSs. Now having 5500000 GSs.
Step 5600: Relocated 131527 GSs.
Step 5600: Added 0 GSs. Now having 5500000 GSs.
Step 5700: Relocated 129762 GSs.
Step 5700: Added 0 GSs. Now having 5500000 GSs.
Step 5800: Relocated 120716 GSs.
Step 5800: Added 0 GSs. Now having 5500000 GSs.
Step 5900: Relocated 126665 GSs.
Step 5900: Added 0 GSs. Now having 5500000 GSs.
Step 6000: Relocated 125695 GSs.
Step 6000: Added 0 GSs. Now having 5500000 GSs.
[6000] loss 0.0525 l1 0.0336 ssim 0.8845 N 5500000
Step 6100: Relocated 125863 GSs.
Step 6100: Added 0 GSs. Now having 5500000 GSs.
Step 6200: Relocated 123831 GSs.
Step 6200: Added 0 GSs. Now having 5500000 GSs.
Step 6300: Relocated 121645 GSs.
Step 6300: Added 0 GSs. Now having 5500000 GSs.
Step 6400: Relocated 119673 GSs.
Step 6400: Added 0 GSs. Now having 5500000 GSs.
Step 6500: Relocated 122950 GSs.
Step 6500: Added 0 GSs. Now having 5500000 GSs.
Step 6600: Relocated 121706 GSs.
Step 6600: Added 0 GSs. Now having 5500000 GSs.
Step 6700: Relocated 120792 GSs.
Step 6700: Added 0 GSs. Now having 5500000 GSs.
Step 6800: Relocated 116300 GSs.
Step 6800: Added 0 GSs. Now having 5500000 GSs.
Step 6900: Relocated 117303 GSs.
Step 6900: Added 0 GSs. Now having 5500000 GSs.
Step 7000: Relocated 127618 GSs.
Step 7000: Added 0 GSs. Now having 5500000 GSs.
[7000] loss 0.0514 l1 0.0316 ssim 0.8826 N 5500000
Step 7100: Relocated 123412 GSs.
Step 7100: Added 0 GSs. Now having 5500000 GSs.
Step 7200: Relocated 114605 GSs.
Step 7200: Added 0 GSs. Now having 5500000 GSs.
Step 7300: Relocated 121898 GSs.
Step 7300: Added 0 GSs. Now having 5500000 GSs.
Step 7400: Relocated 117296 GSs.
Step 7400: Added 0 GSs. Now having 5500000 GSs.
Step 7500: Relocated 109299 GSs.
Step 7500: Added 0 GSs. Now having 5500000 GSs.
Step 7600: Relocated 112067 GSs.
Step 7600: Added 0 GSs. Now having 5500000 GSs.
Step 7700: Relocated 116081 GSs.
Step 7700: Added 0 GSs. Now having 5500000 GSs.
Step 7800: Relocated 114256 GSs.
Step 7800: Added 0 GSs. Now having 5500000 GSs.
Step 7900: Relocated 117063 GSs.
Step 7900: Added 0 GSs. Now having 5500000 GSs.
Step 8000: Relocated 115481 GSs.
Step 8000: Added 0 GSs. Now having 5500000 GSs.
[8000] loss 0.0465 l1 0.0282 ssim 0.8940 N 5500000
Step 8100: Relocated 104842 GSs.
Step 8100: Added 0 GSs. Now having 5500000 GSs.
Step 8200: Relocated 102892 GSs.
Step 8200: Added 0 GSs. Now having 5500000 GSs.
Step 8300: Relocated 104559 GSs.
Step 8300: Added 0 GSs. Now having 5500000 GSs.
Step 8400: Relocated 104010 GSs.
Step 8400: Added 0 GSs. Now having 5500000 GSs.
Step 8500: Relocated 104202 GSs.
Step 8500: Added 0 GSs. Now having 5500000 GSs.
Step 8600: Relocated 109702 GSs.
Step 8600: Added 0 GSs. Now having 5500000 GSs.
Step 8700: Relocated 98187 GSs.
Step 8700: Added 0 GSs. Now having 5500000 GSs.
Step 8800: Relocated 102562 GSs.
Step 8800: Added 0 GSs. Now having 5500000 GSs.
Step 8900: Relocated 99066 GSs.
Step 8900: Added 0 GSs. Now having 5500000 GSs.
Step 9000: Relocated 95141 GSs.
Step 9000: Added 0 GSs. Now having 5500000 GSs.
[9000] loss 0.0644 l1 0.0355 ssim 0.8336 N 5500000
Step 9100: Relocated 93673 GSs.
Step 9100: Added 0 GSs. Now having 5500000 GSs.
Step 9200: Relocated 93177 GSs.
Step 9200: Added 0 GSs. Now having 5500000 GSs.
Step 9300: Relocated 95139 GSs.
Step 9300: Added 0 GSs. Now having 5500000 GSs.
Step 9400: Relocated 89318 GSs.
Step 9400: Added 0 GSs. Now having 5500000 GSs.
Step 9500: Relocated 90924 GSs.
Step 9500: Added 0 GSs. Now having 5500000 GSs.
Step 9600: Relocated 88825 GSs.
Step 9600: Added 0 GSs. Now having 5500000 GSs.
/home/bkai/miniconda3/envs/gsplat/lib/python3.10/site-packages/torchvision/models/_utils.py:208: UserWarning: The parameter 'pretrained' is deprecated since 0.13 and may be removed in the future, please use 'weights' instead.
  warnings.warn(
/home/bkai/miniconda3/envs/gsplat/lib/python3.10/site-packages/torchvision/models/_utils.py:223: UserWarning: Arguments other than a weight enum or `None` for 'weights' are deprecated since 0.13 and may be removed in the future. The current behavior is equivalent to passing `weights=VGG16_Weights.IMAGENET1K_V1`. You can also use `weights=VGG16_Weights.DEFAULT` to get the most up-to-date weights.
  warnings.warn(msg)
Step 9700: Relocated 89217 GSs.
Step 9700: Added 0 GSs. Now having 5500000 GSs.
Step 9800: Relocated 91529 GSs.
Step 9800: Added 0 GSs. Now having 5500000 GSs.
Step 9900: Relocated 85014 GSs.
Step 9900: Added 0 GSs. Now having 5500000 GSs.
[10000] loss 0.0523 l1 0.0313 ssim 0.8780 N 5500000
Setting up [LPIPS] perceptual loss: trunk [vgg], v[0.1], spatial [off]
Loading model from: /home/bkai/miniconda3/envs/gsplat/lib/python3.10/site-packages/lpips/weights/v0.1/vgg.pth
[11000] loss 0.0592 l1 0.0319 ssim 0.8912 N 5500000
[12000] loss 0.0565 l1 0.0310 ssim 0.8993 N 5500000
[13000] loss 0.0571 l1 0.0295 ssim 0.8960 N 5500000
[14000] loss 0.0560 l1 0.0260 ssim 0.8807 N 5500000
[14999] loss 0.0812 l1 0.0397 ssim 0.8222 N 5500000
Saved 5500000 gaussians to /mnt/d/avv/output/HCM0181_gsplatB4warm/ckpt.pt
=== gsplatB4warm TRAIN DONE ===
Render canvas padding: 4px
Wrote 60 images to /mnt/d/avv/output/HCM0181_gsplatB4warm/test_poses_renders
HCM0181    n= 60  PSNR 24.2174  SSIM 0.8423  LPIPS(alex) 0.0935 LPIPS(vgg) 0.1244  Score(alex) 0.7606  Score(vgg) 0.7482
  Score(alex)  = 76.0568   [0.4*(1-LPIPS)=0.3626  0.3*SSIM=0.2527  0.3*PSNRn=0.1453]  (psnr_max=50.0)
  Score(vgg)  = 74.8205   [0.4*(1-LPIPS)=0.3502  0.3*SSIM=0.2527  0.3*PSNRn=0.1453]  (psnr_max=50.0)
=== gsplatB4warm SCORED ===
/mnt/c/Users/BKAI/an_plaza2/FastGS/gsplat_track/train_gsplat.py:270: UserWarning: The given NumPy array is not writable, and PyTorch does not support non-writable tensors. This means writing to this tensor will result in undefined behavior. You may want to copy the array to protect its data or make it writable before converting it to a tensor. This type of warning will be suppressed for the rest of this program. (Triggered internally at /pytorch/torch/csrc/utils/tensor_numpy.cpp:203.)
  gt_cache[vi] = torch.from_numpy(
240/371 images.bin entries have files in /home/bkai/data/phase1/public_set/HCM0181/train/images_undist
240 views, 224928 init points, K=[[926.4,0,660.0],[0,926.4,494.5]], size 1320x989
scene_scale 10.363
[0] loss 0.3425 l1 0.2344 ssim 0.2545 N 224928
Step 600: Relocated 31460 GSs.
Step 600: Added 11246 GSs. Now having 236174 GSs.
Step 700: Relocated 7134 GSs.
Step 700: Added 11808 GSs. Now having 247982 GSs.
Step 800: Relocated 6160 GSs.
Step 800: Added 12399 GSs. Now having 260381 GSs.
Step 900: Relocated 6086 GSs.
Step 900: Added 13019 GSs. Now having 273400 GSs.
Step 1000: Relocated 6601 GSs.
Step 1000: Added 13670 GSs. Now having 287070 GSs.
[1000] loss 0.1237 l1 0.0612 ssim 0.6487 N 287070
Step 1100: Relocated 7632 GSs.
Step 1100: Added 14353 GSs. Now having 301423 GSs.
Step 1200: Relocated 7113 GSs.
Step 1200: Added 15071 GSs. Now having 316494 GSs.
Step 1300: Relocated 8824 GSs.
Step 1300: Added 15824 GSs. Now having 332318 GSs.
Step 1400: Relocated 8782 GSs.
Step 1400: Added 16615 GSs. Now having 348933 GSs.
Step 1500: Relocated 10487 GSs.
Step 1500: Added 17446 GSs. Now having 366379 GSs.
Step 1600: Relocated 10233 GSs.
Step 1600: Added 18318 GSs. Now having 384697 GSs.
Step 1700: Relocated 10922 GSs.
Step 1700: Added 19234 GSs. Now having 403931 GSs.
Step 1800: Relocated 10942 GSs.
Step 1800: Added 20196 GSs. Now having 424127 GSs.
Step 1900: Relocated 12507 GSs.
Step 1900: Added 21206 GSs. Now having 445333 GSs.
Step 2000: Relocated 15425 GSs.
Step 2000: Added 22266 GSs. Now having 467599 GSs.
[2000] loss 0.1294 l1 0.0582 ssim 0.6025 N 467599
Step 2100: Relocated 18800 GSs.
Step 2100: Added 23379 GSs. Now having 490978 GSs.
Step 2200: Relocated 17010 GSs.
Step 2200: Added 24548 GSs. Now having 515526 GSs.
Step 2300: Relocated 18098 GSs.
Step 2300: Added 25776 GSs. Now having 541302 GSs.
Step 2400: Relocated 20232 GSs.
Step 2400: Added 27065 GSs. Now having 568367 GSs.
Step 2500: Relocated 20124 GSs.
Step 2500: Added 28418 GSs. Now having 596785 GSs.
Step 2600: Relocated 23221 GSs.
Step 2600: Added 29839 GSs. Now having 626624 GSs.
Step 2700: Relocated 21908 GSs.
Step 2700: Added 31331 GSs. Now having 657955 GSs.
Step 2800: Relocated 23075 GSs.
Step 2800: Added 32897 GSs. Now having 690852 GSs.
Step 2900: Relocated 24343 GSs.
Step 2900: Added 34542 GSs. Now having 725394 GSs.
Step 3000: Relocated 28040 GSs.
Step 3000: Added 36269 GSs. Now having 761663 GSs.
[3000] loss 0.0945 l1 0.0485 ssim 0.7347 N 761663
Step 3100: Relocated 28573 GSs.
Step 3100: Added 38083 GSs. Now having 799746 GSs.
Step 3200: Relocated 30771 GSs.
Step 3200: Added 39987 GSs. Now having 839733 GSs.
Step 3300: Relocated 38063 GSs.
Step 3300: Added 41986 GSs. Now having 881719 GSs.
Step 3400: Relocated 43723 GSs.
Step 3400: Added 44085 GSs. Now having 925804 GSs.
Step 3500: Relocated 40466 GSs.
Step 3500: Added 46290 GSs. Now having 972094 GSs.
Step 3600: Relocated 48602 GSs.
Step 3600: Added 48604 GSs. Now having 1020698 GSs.
Step 3700: Relocated 46727 GSs.
Step 3700: Added 51034 GSs. Now having 1071732 GSs.
Step 3800: Relocated 44785 GSs.
Step 3800: Added 53586 GSs. Now having 1125318 GSs.
Step 3900: Relocated 49071 GSs.
Step 3900: Added 56265 GSs. Now having 1181583 GSs.
Step 4000: Relocated 54875 GSs.
Step 4000: Added 59079 GSs. Now having 1240662 GSs.
[4000] loss 0.1062 l1 0.0515 ssim 0.6863 N 1240662
Step 4100: Relocated 56322 GSs.
Step 4100: Added 62033 GSs. Now having 1302695 GSs.
Step 4200: Relocated 62401 GSs.
Step 4200: Added 65134 GSs. Now having 1367829 GSs.
Step 4300: Relocated 63135 GSs.
Step 4300: Added 68391 GSs. Now having 1436220 GSs.
Step 4400: Relocated 63146 GSs.
Step 4400: Added 71811 GSs. Now having 1508031 GSs.
Step 4500: Relocated 67051 GSs.
Step 4500: Added 75401 GSs. Now having 1583432 GSs.
Step 4600: Relocated 68575 GSs.
Step 4600: Added 79171 GSs. Now having 1662603 GSs.
Step 4700: Relocated 91004 GSs.
Step 4700: Added 83130 GSs. Now having 1745733 GSs.
Step 4800: Relocated 80323 GSs.
Step 4800: Added 87286 GSs. Now having 1833019 GSs.
Step 4900: Relocated 97000 GSs.
Step 4900: Added 91650 GSs. Now having 1924669 GSs.
Step 5000: Relocated 96752 GSs.
Step 5000: Added 96233 GSs. Now having 2020902 GSs.
[5000] loss 0.0959 l1 0.0523 ssim 0.7396 N 2020902
Step 5100: Relocated 97592 GSs.
Step 5100: Added 101045 GSs. Now having 2121947 GSs.
Step 5200: Relocated 98977 GSs.
Step 5200: Added 106097 GSs. Now having 2228044 GSs.
Step 5300: Relocated 126027 GSs.
Step 5300: Added 111402 GSs. Now having 2339446 GSs.
Step 5400: Relocated 124733 GSs.
Step 5400: Added 116972 GSs. Now having 2456418 GSs.
Step 5500: Relocated 122662 GSs.
Step 5500: Added 122820 GSs. Now having 2579238 GSs.
Step 5600: Relocated 139583 GSs.
Step 5600: Added 128961 GSs. Now having 2708199 GSs.
Step 5700: Relocated 145416 GSs.
Step 5700: Added 135409 GSs. Now having 2843608 GSs.
Step 5800: Relocated 139359 GSs.
Step 5800: Added 142180 GSs. Now having 2985788 GSs.
Step 5900: Relocated 155418 GSs.
Step 5900: Added 149289 GSs. Now having 3135077 GSs.
Step 6000: Relocated 162747 GSs.
Step 6000: Added 156753 GSs. Now having 3291830 GSs.
[6000] loss 0.0890 l1 0.0522 ssim 0.7724 N 3291830
Step 6100: Relocated 179849 GSs.
Step 6100: Added 164591 GSs. Now having 3456421 GSs.
Step 6200: Relocated 184624 GSs.
Step 6200: Added 172821 GSs. Now having 3629242 GSs.
Step 6300: Relocated 191490 GSs.
Step 6300: Added 181462 GSs. Now having 3810704 GSs.
Step 6400: Relocated 200661 GSs.
Step 6400: Added 190535 GSs. Now having 4001239 GSs.
Step 6500: Relocated 219101 GSs.
Step 6500: Added 200061 GSs. Now having 4201300 GSs.
Step 6600: Relocated 225414 GSs.
Step 6600: Added 210065 GSs. Now having 4411365 GSs.
Step 6700: Relocated 248497 GSs.
Step 6700: Added 220568 GSs. Now having 4631933 GSs.
Step 6800: Relocated 256321 GSs.
Step 6800: Added 231596 GSs. Now having 4863529 GSs.
Step 6900: Relocated 277063 GSs.
Step 6900: Added 136471 GSs. Now having 5000000 GSs.
Step 7000: Relocated 302024 GSs.
Step 7000: Added 0 GSs. Now having 5000000 GSs.
[7000] loss 0.0997 l1 0.0567 ssim 0.7364 N 5000000
Step 7100: Relocated 239192 GSs.
Step 7100: Added 0 GSs. Now having 5000000 GSs.
Step 7200: Relocated 197510 GSs.
Step 7200: Added 0 GSs. Now having 5000000 GSs.
Step 7300: Relocated 197486 GSs.
Step 7300: Added 0 GSs. Now having 5000000 GSs.
Step 7400: Relocated 181704 GSs.
Step 7400: Added 0 GSs. Now having 5000000 GSs.
Step 7500: Relocated 168966 GSs.
Step 7500: Added 0 GSs. Now having 5000000 GSs.
Step 7600: Relocated 166726 GSs.
Step 7600: Added 0 GSs. Now having 5000000 GSs.
Step 7700: Relocated 173695 GSs.
Step 7700: Added 0 GSs. Now having 5000000 GSs.
Step 7800: Relocated 170969 GSs.
Step 7800: Added 0 GSs. Now having 5000000 GSs.
Step 7900: Relocated 175875 GSs.
Step 7900: Added 0 GSs. Now having 5000000 GSs.
Step 8000: Relocated 175792 GSs.
Step 8000: Added 0 GSs. Now having 5000000 GSs.
[8000] loss 0.0649 l1 0.0359 ssim 0.8279 N 5000000
Step 8100: Relocated 159733 GSs.
Step 8100: Added 0 GSs. Now having 5000000 GSs.
Step 8200: Relocated 157804 GSs.
Step 8200: Added 0 GSs. Now having 5000000 GSs.
Step 8300: Relocated 162956 GSs.
Step 8300: Added 0 GSs. Now having 5000000 GSs.
Step 8400: Relocated 164184 GSs.
Step 8400: Added 0 GSs. Now having 5000000 GSs.
Step 8500: Relocated 162671 GSs.
Step 8500: Added 0 GSs. Now having 5000000 GSs.
Step 8600: Relocated 172739 GSs.
Step 8600: Added 0 GSs. Now having 5000000 GSs.
Step 8700: Relocated 156693 GSs.
Step 8700: Added 0 GSs. Now having 5000000 GSs.
Step 8800: Relocated 167147 GSs.
Step 8800: Added 0 GSs. Now having 5000000 GSs.
Step 8900: Relocated 164381 GSs.
Step 8900: Added 0 GSs. Now having 5000000 GSs.
Step 9000: Relocated 158653 GSs.
Step 9000: Added 0 GSs. Now having 5000000 GSs.
[9000] loss 0.0817 l1 0.0403 ssim 0.7623 N 5000000
Step 9100: Relocated 160143 GSs.
Step 9100: Added 0 GSs. Now having 5000000 GSs.
Step 9200: Relocated 160665 GSs.
Step 9200: Added 0 GSs. Now having 5000000 GSs.
Step 9300: Relocated 165907 GSs.
Step 9300: Added 0 GSs. Now having 5000000 GSs.
Step 9400: Relocated 157991 GSs.
Step 9400: Added 0 GSs. Now having 5000000 GSs.
Step 9500: Relocated 164906 GSs.
Step 9500: Added 0 GSs. Now having 5000000 GSs.
Step 9600: Relocated 161317 GSs.
Step 9600: Added 0 GSs. Now having 5000000 GSs.
Step 9700: Relocated 167147 GSs.
Step 9700: Added 0 GSs. Now having 5000000 GSs.
Step 9800: Relocated 174840 GSs.
Step 9800: Added 0 GSs. Now having 5000000 GSs.
Step 9900: Relocated 163971 GSs.
Step 9900: Added 0 GSs. Now having 5000000 GSs.
Step 10000: Relocated 169721 GSs.
Step 10000: Added 0 GSs. Now having 5000000 GSs.
[10000] loss 0.0881 l1 0.0495 ssim 0.7665 N 5000000
Step 10100: Relocated 160414 GSs.
Step 10100: Added 0 GSs. Now having 5000000 GSs.
Step 10200: Relocated 158550 GSs.
Step 10200: Added 0 GSs. Now having 5000000 GSs.
Step 10300: Relocated 162293 GSs.
Step 10300: Added 0 GSs. Now having 5000000 GSs.
Step 10400: Relocated 166112 GSs.
Step 10400: Added 0 GSs. Now having 5000000 GSs.
Step 10500: Relocated 162962 GSs.
Step 10500: Added 0 GSs. Now having 5000000 GSs.
Step 10600: Relocated 165011 GSs.
Step 10600: Added 0 GSs. Now having 5000000 GSs.
Step 10700: Relocated 158014 GSs.
Step 10700: Added 0 GSs. Now having 5000000 GSs.
Step 10800: Relocated 161492 GSs.
Step 10800: Added 0 GSs. Now having 5000000 GSs.
Step 10900: Relocated 163892 GSs.
Step 10900: Added 0 GSs. Now having 5000000 GSs.
Step 11000: Relocated 156431 GSs.
Step 11000: Added 0 GSs. Now having 5000000 GSs.
[11000] loss 0.0648 l1 0.0406 ssim 0.8482 N 5000000
Step 11100: Relocated 156134 GSs.
Step 11100: Added 0 GSs. Now having 5000000 GSs.
Step 11200: Relocated 154198 GSs.
Step 11200: Added 0 GSs. Now having 5000000 GSs.
Step 11300: Relocated 164639 GSs.
Step 11300: Added 0 GSs. Now having 5000000 GSs.
Step 11400: Relocated 165459 GSs.
Step 11400: Added 0 GSs. Now having 5000000 GSs.
Step 11500: Relocated 153491 GSs.
Step 11500: Added 0 GSs. Now having 5000000 GSs.
Step 11600: Relocated 159780 GSs.
Step 11600: Added 0 GSs. Now having 5000000 GSs.
Step 11700: Relocated 158011 GSs.
Step 11700: Added 0 GSs. Now having 5000000 GSs.
Step 11800: Relocated 155513 GSs.
Step 11800: Added 0 GSs. Now having 5000000 GSs.
Step 11900: Relocated 143845 GSs.
Step 11900: Added 0 GSs. Now having 5000000 GSs.
Step 12000: Relocated 162695 GSs.
Step 12000: Added 0 GSs. Now having 5000000 GSs.
[12000] loss 0.0615 l1 0.0391 ssim 0.8593 N 5000000
Step 12100: Relocated 150311 GSs.
Step 12100: Added 0 GSs. Now having 5000000 GSs.
Step 12200: Relocated 170931 GSs.
Step 12200: Added 0 GSs. Now having 5000000 GSs.
Step 12300: Relocated 151552 GSs.
Step 12300: Added 0 GSs. Now having 5000000 GSs.
Step 12400: Relocated 151047 GSs.
Step 12400: Added 0 GSs. Now having 5000000 GSs.
Step 12500: Relocated 149773 GSs.
Step 12500: Added 0 GSs. Now having 5000000 GSs.
Step 12600: Relocated 142620 GSs.
Step 12600: Added 0 GSs. Now having 5000000 GSs.
Step 12700: Relocated 146748 GSs.
Step 12700: Added 0 GSs. Now having 5000000 GSs.
Step 12800: Relocated 157961 GSs.
Step 12800: Added 0 GSs. Now having 5000000 GSs.
Step 12900: Relocated 143735 GSs.
Step 12900: Added 0 GSs. Now having 5000000 GSs.
Step 13000: Relocated 148941 GSs.
Step 13000: Added 0 GSs. Now having 5000000 GSs.
[13000] loss 0.0794 l1 0.0488 ssim 0.8100 N 5000000
Step 13100: Relocated 146704 GSs.
Step 13100: Added 0 GSs. Now having 5000000 GSs.
Step 13200: Relocated 153551 GSs.
Step 13200: Added 0 GSs. Now having 5000000 GSs.
Step 13300: Relocated 154009 GSs.
Step 13300: Added 0 GSs. Now having 5000000 GSs.
Step 13400: Relocated 150232 GSs.
Step 13400: Added 0 GSs. Now having 5000000 GSs.
Step 13500: Relocated 152670 GSs.
Step 13500: Added 0 GSs. Now having 5000000 GSs.
Step 13600: Relocated 151909 GSs.
Step 13600: Added 0 GSs. Now having 5000000 GSs.
Step 13700: Relocated 157870 GSs.
Step 13700: Added 0 GSs. Now having 5000000 GSs.
Step 13800: Relocated 146382 GSs.
Step 13800: Added 0 GSs. Now having 5000000 GSs.
Step 13900: Relocated 141247 GSs.
Step 13900: Added 0 GSs. Now having 5000000 GSs.
Step 14000: Relocated 139216 GSs.
Step 14000: Added 0 GSs. Now having 5000000 GSs.
[14000] loss 0.0596 l1 0.0338 ssim 0.8489 N 5000000
Step 14100: Relocated 133284 GSs.
Step 14100: Added 0 GSs. Now having 5000000 GSs.
Step 14200: Relocated 139713 GSs.
Step 14200: Added 0 GSs. Now having 5000000 GSs.
Step 14300: Relocated 129310 GSs.
Step 14300: Added 0 GSs. Now having 5000000 GSs.
Step 14400: Relocated 129607 GSs.
Step 14400: Added 0 GSs. Now having 5000000 GSs.
Step 14500: Relocated 127132 GSs.
Step 14500: Added 0 GSs. Now having 5000000 GSs.
Step 14600: Relocated 134196 GSs.
Step 14600: Added 0 GSs. Now having 5000000 GSs.
Step 14700: Relocated 136142 GSs.
Step 14700: Added 0 GSs. Now having 5000000 GSs.
Step 14800: Relocated 135919 GSs.
Step 14800: Added 0 GSs. Now having 5000000 GSs.
Step 14900: Relocated 127291 GSs.
Step 14900: Added 0 GSs. Now having 5000000 GSs.
Step 15000: Relocated 136613 GSs.
Step 15000: Added 0 GSs. Now having 5000000 GSs.
[15000] loss 0.0715 l1 0.0406 ssim 0.8159 N 5000000
Step 15100: Relocated 123648 GSs.
Step 15100: Added 0 GSs. Now having 5000000 GSs.
Step 15200: Relocated 122717 GSs.
Step 15200: Added 0 GSs. Now having 5000000 GSs.
Step 15300: Relocated 125245 GSs.
Step 15300: Added 0 GSs. Now having 5000000 GSs.
Step 15400: Relocated 126278 GSs.
Step 15400: Added 0 GSs. Now having 5000000 GSs.
Step 15500: Relocated 125507 GSs.
Step 15500: Added 0 GSs. Now having 5000000 GSs.
Step 15600: Relocated 119842 GSs.
Step 15600: Added 0 GSs. Now having 5000000 GSs.
Step 15700: Relocated 127834 GSs.
Step 15700: Added 0 GSs. Now having 5000000 GSs.
Step 15800: Relocated 115622 GSs.
Step 15800: Added 0 GSs. Now having 5000000 GSs.
Step 15900: Relocated 133355 GSs.
Step 15900: Added 0 GSs. Now having 5000000 GSs.
Step 16000: Relocated 120918 GSs.
Step 16000: Added 0 GSs. Now having 5000000 GSs.
[16000] loss 0.0625 l1 0.0384 ssim 0.8539 N 5000000
Step 16100: Relocated 126662 GSs.
Step 16100: Added 0 GSs. Now having 5000000 GSs.
Step 16200: Relocated 126998 GSs.
Step 16200: Added 0 GSs. Now having 5000000 GSs.
Step 16300: Relocated 114995 GSs.
Step 16300: Added 0 GSs. Now having 5000000 GSs.
Step 16400: Relocated 115039 GSs.
Step 16400: Added 0 GSs. Now having 5000000 GSs.
Step 16500: Relocated 128557 GSs.
Step 16500: Added 0 GSs. Now having 5000000 GSs.
Step 16600: Relocated 123157 GSs.
Step 16600: Added 0 GSs. Now having 5000000 GSs.
Step 16700: Relocated 112033 GSs.
Step 16700: Added 0 GSs. Now having 5000000 GSs.
Step 16800: Relocated 113236 GSs.
Step 16800: Added 0 GSs. Now having 5000000 GSs.
Step 16900: Relocated 106637 GSs.
Step 16900: Added 0 GSs. Now having 5000000 GSs.
Step 17000: Relocated 111581 GSs.
Step 17000: Added 0 GSs. Now having 5000000 GSs.
[17000] loss 0.0589 l1 0.0381 ssim 0.8738 N 5000000
Step 17100: Relocated 112153 GSs.
Step 17100: Added 0 GSs. Now having 5000000 GSs.
Step 17200: Relocated 108435 GSs.
Step 17200: Added 0 GSs. Now having 5000000 GSs.
Step 17300: Relocated 100300 GSs.
Step 17300: Added 0 GSs. Now having 5000000 GSs.
Step 17400: Relocated 106074 GSs.
Step 17400: Added 0 GSs. Now having 5000000 GSs.
Step 17500: Relocated 101390 GSs.
Step 17500: Added 0 GSs. Now having 5000000 GSs.
Step 17600: Relocated 100619 GSs.
Step 17600: Added 0 GSs. Now having 5000000 GSs.
Step 17700: Relocated 107770 GSs.
Step 17700: Added 0 GSs. Now having 5000000 GSs.
Step 17800: Relocated 102325 GSs.
Step 17800: Added 0 GSs. Now having 5000000 GSs.
Step 17900: Relocated 99423 GSs.
Step 17900: Added 0 GSs. Now having 5000000 GSs.
Step 18000: Relocated 105273 GSs.
Step 18000: Added 0 GSs. Now having 5000000 GSs.
[18000] loss 0.0510 l1 0.0328 ssim 0.8898 N 5000000
Step 18100: Relocated 94943 GSs.
Step 18100: Added 0 GSs. Now having 5000000 GSs.
Step 18200: Relocated 93622 GSs.
Step 18200: Added 0 GSs. Now having 5000000 GSs.
Step 18300: Relocated 96803 GSs.
Step 18300: Added 0 GSs. Now having 5000000 GSs.
Step 18400: Relocated 89312 GSs.
Step 18400: Added 0 GSs. Now having 5000000 GSs.
Step 18500: Relocated 91329 GSs.
Step 18500: Added 0 GSs. Now having 5000000 GSs.
Step 18600: Relocated 94920 GSs.
Step 18600: Added 0 GSs. Now having 5000000 GSs.
Step 18700: Relocated 96597 GSs.
Step 18700: Added 0 GSs. Now having 5000000 GSs.
Step 18800: Relocated 91844 GSs.
Step 18800: Added 0 GSs. Now having 5000000 GSs.
/home/bkai/miniconda3/envs/gsplat/lib/python3.10/site-packages/torchvision/models/_utils.py:208: UserWarning: The parameter 'pretrained' is deprecated since 0.13 and may be removed in the future, please use 'weights' instead.
  warnings.warn(
/home/bkai/miniconda3/envs/gsplat/lib/python3.10/site-packages/torchvision/models/_utils.py:223: UserWarning: Arguments other than a weight enum or `None` for 'weights' are deprecated since 0.13 and may be removed in the future. The current behavior is equivalent to passing `weights=VGG16_Weights.IMAGENET1K_V1`. You can also use `weights=VGG16_Weights.DEFAULT` to get the most up-to-date weights.
  warnings.warn(msg)
Step 18900: Relocated 97004 GSs.
Step 18900: Added 0 GSs. Now having 5000000 GSs.
Step 19000: Relocated 91504 GSs.
Step 19000: Added 0 GSs. Now having 5000000 GSs.
[19000] loss 0.0743 l1 0.0450 ssim 0.8207 N 5000000
Step 19100: Relocated 95366 GSs.
Step 19100: Added 0 GSs. Now having 5000000 GSs.
Step 19200: Relocated 92271 GSs.
Step 19200: Added 0 GSs. Now having 5000000 GSs.
Step 19300: Relocated 86536 GSs.
Step 19300: Added 0 GSs. Now having 5000000 GSs.
Step 19400: Relocated 87308 GSs.
Step 19400: Added 0 GSs. Now having 5000000 GSs.
Step 19500: Relocated 92200 GSs.
Step 19500: Added 0 GSs. Now having 5000000 GSs.
Step 19600: Relocated 84599 GSs.
Step 19600: Added 0 GSs. Now having 5000000 GSs.
Step 19700: Relocated 86112 GSs.
Step 19700: Added 0 GSs. Now having 5000000 GSs.
Step 19800: Relocated 81797 GSs.
Step 19800: Added 0 GSs. Now having 5000000 GSs.
Step 19900: Relocated 80899 GSs.
Step 19900: Added 0 GSs. Now having 5000000 GSs.
Step 20000: Relocated 80536 GSs.
Step 20000: Added 0 GSs. Now having 5000000 GSs.
[20000] loss 0.0478 l1 0.0304 ssim 0.8951 N 5000000
Step 20100: Relocated 79457 GSs.
Step 20100: Added 0 GSs. Now having 5000000 GSs.
Step 20200: Relocated 79325 GSs.
Step 20200: Added 0 GSs. Now having 5000000 GSs.
Step 20300: Relocated 77914 GSs.
Step 20300: Added 0 GSs. Now having 5000000 GSs.
Step 20400: Relocated 73002 GSs.
Step 20400: Added 0 GSs. Now having 5000000 GSs.
Step 20500: Relocated 76757 GSs.
Step 20500: Added 0 GSs. Now having 5000000 GSs.
Step 20600: Relocated 77921 GSs.
Step 20600: Added 0 GSs. Now having 5000000 GSs.
Step 20700: Relocated 74520 GSs.
Step 20700: Added 0 GSs. Now having 5000000 GSs.
Step 20800: Relocated 81076 GSs.
Step 20800: Added 0 GSs. Now having 5000000 GSs.
Step 20900: Relocated 82857 GSs.
Step 20900: Added 0 GSs. Now having 5000000 GSs.
Step 21000: Relocated 75890 GSs.
Step 21000: Added 0 GSs. Now having 5000000 GSs.
[21000] loss 0.0622 l1 0.0358 ssim 0.8461 N 5000000
Step 21100: Relocated 75639 GSs.
Step 21100: Added 0 GSs. Now having 5000000 GSs.
Step 21200: Relocated 70974 GSs.
Step 21200: Added 0 GSs. Now having 5000000 GSs.
Step 21300: Relocated 74570 GSs.
Step 21300: Added 0 GSs. Now having 5000000 GSs.
Step 21400: Relocated 71377 GSs.
Step 21400: Added 0 GSs. Now having 5000000 GSs.
Step 21500: Relocated 70012 GSs.
Step 21500: Added 0 GSs. Now having 5000000 GSs.
Step 21600: Relocated 70734 GSs.
Step 21600: Added 0 GSs. Now having 5000000 GSs.
Step 21700: Relocated 67870 GSs.
Step 21700: Added 0 GSs. Now having 5000000 GSs.
Step 21800: Relocated 68068 GSs.
Step 21800: Added 0 GSs. Now having 5000000 GSs.
Step 21900: Relocated 72572 GSs.
Step 21900: Added 0 GSs. Now having 5000000 GSs.
Step 22000: Relocated 69453 GSs.
Step 22000: Added 0 GSs. Now having 5000000 GSs.
[22000] loss 0.0540 l1 0.0374 ssim 0.8920 N 5000000
Step 22100: Relocated 69506 GSs.
Step 22100: Added 0 GSs. Now having 5000000 GSs.
Step 22200: Relocated 67965 GSs.
Step 22200: Added 0 GSs. Now having 5000000 GSs.
Step 22300: Relocated 66399 GSs.
Step 22300: Added 0 GSs. Now having 5000000 GSs.
Step 22400: Relocated 65909 GSs.
Step 22400: Added 0 GSs. Now having 5000000 GSs.
Step 22500: Relocated 64264 GSs.
Step 22500: Added 0 GSs. Now having 5000000 GSs.
Step 22600: Relocated 65327 GSs.
Step 22600: Added 0 GSs. Now having 5000000 GSs.
Step 22700: Relocated 62995 GSs.
Step 22700: Added 0 GSs. Now having 5000000 GSs.
Step 22800: Relocated 62057 GSs.
Step 22800: Added 0 GSs. Now having 5000000 GSs.
Step 22900: Relocated 63577 GSs.
Step 22900: Added 0 GSs. Now having 5000000 GSs.
Step 23000: Relocated 62108 GSs.
Step 23000: Added 0 GSs. Now having 5000000 GSs.
[23000] loss 0.0605 l1 0.0378 ssim 0.8618 N 5000000
Step 23100: Relocated 57980 GSs.
Step 23100: Added 0 GSs. Now having 5000000 GSs.
Step 23200: Relocated 59224 GSs.
Step 23200: Added 0 GSs. Now having 5000000 GSs.
Step 23300: Relocated 57511 GSs.
Step 23300: Added 0 GSs. Now having 5000000 GSs.
Step 23400: Relocated 62702 GSs.
Step 23400: Added 0 GSs. Now having 5000000 GSs.
Step 23500: Relocated 61728 GSs.
Step 23500: Added 0 GSs. Now having 5000000 GSs.
Step 23600: Relocated 62201 GSs.
Step 23600: Added 0 GSs. Now having 5000000 GSs.
Step 23700: Relocated 57915 GSs.
Step 23700: Added 0 GSs. Now having 5000000 GSs.
Step 23800: Relocated 56205 GSs.
Step 23800: Added 0 GSs. Now having 5000000 GSs.
Step 23900: Relocated 58621 GSs.
Step 23900: Added 0 GSs. Now having 5000000 GSs.
Step 24000: Relocated 57905 GSs.
Step 24000: Added 0 GSs. Now having 5000000 GSs.
[24000] loss 0.0621 l1 0.0390 ssim 0.8587 N 5000000
Step 24100: Relocated 56480 GSs.
Step 24100: Added 0 GSs. Now having 5000000 GSs.
Step 24200: Relocated 54126 GSs.
Step 24200: Added 0 GSs. Now having 5000000 GSs.
Step 24300: Relocated 54148 GSs.
Step 24300: Added 0 GSs. Now having 5000000 GSs.
Step 24400: Relocated 53627 GSs.
Step 24400: Added 0 GSs. Now having 5000000 GSs.
Step 24500: Relocated 55828 GSs.
Step 24500: Added 0 GSs. Now having 5000000 GSs.
Step 24600: Relocated 55144 GSs.
Step 24600: Added 0 GSs. Now having 5000000 GSs.
Step 24700: Relocated 53856 GSs.
Step 24700: Added 0 GSs. Now having 5000000 GSs.
Step 24800: Relocated 50499 GSs.
Step 24800: Added 0 GSs. Now having 5000000 GSs.
Step 24900: Relocated 50278 GSs.
Step 24900: Added 0 GSs. Now having 5000000 GSs.
[25000] loss 0.0548 l1 0.0323 ssim 0.8685 N 5000000
Setting up [LPIPS] perceptual loss: trunk [vgg], v[0.1], spatial [off]
Loading model from: /home/bkai/miniconda3/envs/gsplat/lib/python3.10/site-packages/lpips/weights/v0.1/vgg.pth
[26000] loss 0.0792 l1 0.0445 ssim 0.8894 N 5000000
[27000] loss 0.0569 l1 0.0290 ssim 0.9038 N 5000000
[28000] loss 0.0681 l1 0.0336 ssim 0.8769 N 5000000
[29000] loss 0.0717 l1 0.0378 ssim 0.8776 N 5000000
[29999] loss 0.0496 l1 0.0281 ssim 0.9287 N 5000000
Saved 5000000 gaussians to /mnt/d/avv/output/HCM0181_gsplatB5affine/ckpt.pt
Saved app_affine.pt  |M-I| mean 0.0132 max 0.0481
=== gsplatB5affine TRAIN DONE ===
Render canvas padding: 4px
Wrote 60 images to /mnt/d/avv/output/HCM0181_gsplatB5affine/test_poses_renders
HCM0181    n= 60  PSNR 24.0304  SSIM 0.8388  LPIPS(alex) 0.1026 LPIPS(vgg) 0.1369  Score(alex) 0.7548  Score(vgg) 0.7411
  Score(alex)  = 75.4803   [0.4*(1-LPIPS)=0.3590  0.3*SSIM=0.2517  0.3*PSNRn=0.1442]  (psnr_max=50.0)
  Score(vgg)  = 74.1063   [0.4*(1-LPIPS)=0.3452  0.3*SSIM=0.2517  0.3*PSNRn=0.1442]  (psnr_max=50.0)
=== gsplatB5affine SCORED ===
/mnt/c/Users/BKAI/an_plaza2/FastGS/gsplat_track/train_gsplat.py:270: UserWarning: The given NumPy array is not writable, and PyTorch does not support non-writable tensors. This means writing to this tensor will result in undefined behavior. You may want to copy the array to protect its data or make it writable before converting it to a tensor. This type of warning will be suppressed for the rest of this program. (Triggered internally at /pytorch/torch/csrc/utils/tensor_numpy.cpp:203.)
  gt_cache[vi] = torch.from_numpy(
240/371 images.bin entries have files in /home/bkai/data/phase1/public_set/HCM0181/train/images_undist
240 views, 224928 init points, K=[[926.4,0,660.0],[0,926.4,494.5]], size 1320x989
scene_scale 10.363
[0] loss 0.3425 l1 0.2344 ssim 0.2545 N 224928
Step 600: Relocated 30795 GSs.
Step 600: Added 11246 GSs. Now having 236174 GSs.
Step 700: Relocated 6753 GSs.
Step 700: Added 11808 GSs. Now having 247982 GSs.
Step 800: Relocated 5731 GSs.
Step 800: Added 12399 GSs. Now having 260381 GSs.
Step 900: Relocated 5828 GSs.
Step 900: Added 13019 GSs. Now having 273400 GSs.
Step 1000: Relocated 6313 GSs.
Step 1000: Added 13670 GSs. Now having 287070 GSs.
[1000] loss 0.1320 l1 0.0680 ssim 0.6409 N 287070
Step 1100: Relocated 7455 GSs.
Step 1100: Added 14353 GSs. Now having 301423 GSs.
Step 1200: Relocated 6954 GSs.
Step 1200: Added 15071 GSs. Now having 316494 GSs.
Step 1300: Relocated 8170 GSs.
Step 1300: Added 15824 GSs. Now having 332318 GSs.
Step 1400: Relocated 8192 GSs.
Step 1400: Added 16615 GSs. Now having 348933 GSs.
Step 1500: Relocated 9805 GSs.
Step 1500: Added 17446 GSs. Now having 366379 GSs.
Step 1600: Relocated 9621 GSs.
Step 1600: Added 18318 GSs. Now having 384697 GSs.
Step 1700: Relocated 10545 GSs.
Step 1700: Added 19234 GSs. Now having 403931 GSs.
Step 1800: Relocated 10365 GSs.
Step 1800: Added 20196 GSs. Now having 424127 GSs.
Step 1900: Relocated 11609 GSs.
Step 1900: Added 21206 GSs. Now having 445333 GSs.
Step 2000: Relocated 14334 GSs.
Step 2000: Added 22266 GSs. Now having 467599 GSs.
[2000] loss 0.1385 l1 0.0664 ssim 0.5974 N 467599
Step 2100: Relocated 17797 GSs.
Step 2100: Added 23379 GSs. Now having 490978 GSs.
Step 2200: Relocated 16564 GSs.
Step 2200: Added 24548 GSs. Now having 515526 GSs.
Step 2300: Relocated 16720 GSs.
Step 2300: Added 25776 GSs. Now having 541302 GSs.
Step 2400: Relocated 19211 GSs.
Step 2400: Added 27065 GSs. Now having 568367 GSs.
Step 2500: Relocated 18789 GSs.
Step 2500: Added 28418 GSs. Now having 596785 GSs.
Step 2600: Relocated 22074 GSs.
Step 2600: Added 29839 GSs. Now having 626624 GSs.
Step 2700: Relocated 20290 GSs.
Step 2700: Added 31331 GSs. Now having 657955 GSs.
Step 2800: Relocated 21542 GSs.
Step 2800: Added 32897 GSs. Now having 690852 GSs.
Step 2900: Relocated 23454 GSs.
Step 2900: Added 34542 GSs. Now having 725394 GSs.
Step 3000: Relocated 26233 GSs.
Step 3000: Added 36269 GSs. Now having 761663 GSs.
[3000] loss 0.1002 l1 0.0529 ssim 0.7319 N 761663
Step 3100: Relocated 27621 GSs.
Step 3100: Added 38083 GSs. Now having 799746 GSs.
Step 3200: Relocated 28829 GSs.
Step 3200: Added 39987 GSs. Now having 839733 GSs.
Step 3300: Relocated 36089 GSs.
Step 3300: Added 41986 GSs. Now having 881719 GSs.
Step 3400: Relocated 41810 GSs.
Step 3400: Added 44085 GSs. Now having 925804 GSs.
Step 3500: Relocated 38659 GSs.
Step 3500: Added 46290 GSs. Now having 972094 GSs.
Step 3600: Relocated 46737 GSs.
Step 3600: Added 48604 GSs. Now having 1020698 GSs.
Step 3700: Relocated 44639 GSs.
Step 3700: Added 51034 GSs. Now having 1071732 GSs.
Step 3800: Relocated 43314 GSs.
Step 3800: Added 53586 GSs. Now having 1125318 GSs.
Step 3900: Relocated 46720 GSs.
Step 3900: Added 56265 GSs. Now having 1181583 GSs.
Step 4000: Relocated 53206 GSs.
Step 4000: Added 59079 GSs. Now having 1240662 GSs.
[4000] loss 0.1120 l1 0.0558 ssim 0.6830 N 1240662
Step 4100: Relocated 53865 GSs.
Step 4100: Added 62033 GSs. Now having 1302695 GSs.
Step 4200: Relocated 59441 GSs.
Step 4200: Added 65134 GSs. Now having 1367829 GSs.
Step 4300: Relocated 61131 GSs.
Step 4300: Added 68391 GSs. Now having 1436220 GSs.
Step 4400: Relocated 61776 GSs.
Step 4400: Added 71811 GSs. Now having 1508031 GSs.
Step 4500: Relocated 63409 GSs.
Step 4500: Added 75401 GSs. Now having 1583432 GSs.
Step 4600: Relocated 66198 GSs.
Step 4600: Added 79171 GSs. Now having 1662603 GSs.
Step 4700: Relocated 86591 GSs.
Step 4700: Added 83130 GSs. Now having 1745733 GSs.
Step 4800: Relocated 76396 GSs.
Step 4800: Added 87286 GSs. Now having 1833019 GSs.
Step 4900: Relocated 93015 GSs.
Step 4900: Added 91650 GSs. Now having 1924669 GSs.
Step 5000: Relocated 92614 GSs.
Step 5000: Added 96233 GSs. Now having 2020902 GSs.
[5000] loss 0.1024 l1 0.0574 ssim 0.7362 N 2020902
Step 5100: Relocated 93087 GSs.
Step 5100: Added 101045 GSs. Now having 2121947 GSs.
Step 5200: Relocated 95321 GSs.
Step 5200: Added 106097 GSs. Now having 2228044 GSs.
Step 5300: Relocated 122240 GSs.
Step 5300: Added 111402 GSs. Now having 2339446 GSs.
Step 5400: Relocated 116168 GSs.
Step 5400: Added 116972 GSs. Now having 2456418 GSs.
Step 5500: Relocated 114330 GSs.
Step 5500: Added 122820 GSs. Now having 2579238 GSs.
Step 5600: Relocated 131315 GSs.
Step 5600: Added 128961 GSs. Now having 2708199 GSs.
Step 5700: Relocated 137558 GSs.
Step 5700: Added 135409 GSs. Now having 2843608 GSs.
Step 5800: Relocated 133721 GSs.
Step 5800: Added 142180 GSs. Now having 2985788 GSs.
Step 5900: Relocated 150541 GSs.
Step 5900: Added 149289 GSs. Now having 3135077 GSs.
Step 6000: Relocated 156175 GSs.
Step 6000: Added 156753 GSs. Now having 3291830 GSs.
[6000] loss 0.0934 l1 0.0546 ssim 0.7686 N 3291830
Step 6100: Relocated 174972 GSs.
Step 6100: Added 164591 GSs. Now having 3456421 GSs.
Step 6200: Relocated 175043 GSs.
Step 6200: Added 172821 GSs. Now having 3629242 GSs.
Step 6300: Relocated 185491 GSs.
Step 6300: Added 181462 GSs. Now having 3810704 GSs.
Step 6400: Relocated 193687 GSs.
Step 6400: Added 190535 GSs. Now having 4001239 GSs.
Step 6500: Relocated 214575 GSs.
Step 6500: Added 200061 GSs. Now having 4201300 GSs.
Step 6600: Relocated 223463 GSs.
Step 6600: Added 210065 GSs. Now having 4411365 GSs.
Step 6700: Relocated 242291 GSs.
Step 6700: Added 220568 GSs. Now having 4631933 GSs.
Step 6800: Relocated 250437 GSs.
Step 6800: Added 231596 GSs. Now having 4863529 GSs.
Step 6900: Relocated 270853 GSs.
Step 6900: Added 136471 GSs. Now having 5000000 GSs.
Step 7000: Relocated 293639 GSs.
Step 7000: Added 0 GSs. Now having 5000000 GSs.
[7000] loss 0.1051 l1 0.0592 ssim 0.7273 N 5000000
Step 7100: Relocated 230291 GSs.
Step 7100: Added 0 GSs. Now having 5000000 GSs.
Step 7200: Relocated 187514 GSs.
Step 7200: Added 0 GSs. Now having 5000000 GSs.
Step 7300: Relocated 187926 GSs.
Step 7300: Added 0 GSs. Now having 5000000 GSs.
Step 7400: Relocated 176097 GSs.
Step 7400: Added 0 GSs. Now having 5000000 GSs.
Step 7500: Relocated 161616 GSs.
Step 7500: Added 0 GSs. Now having 5000000 GSs.
Step 7600: Relocated 156993 GSs.
Step 7600: Added 0 GSs. Now having 5000000 GSs.
Step 7700: Relocated 164978 GSs.
Step 7700: Added 0 GSs. Now having 5000000 GSs.
Step 7800: Relocated 162494 GSs.
Step 7800: Added 0 GSs. Now having 5000000 GSs.
Step 7900: Relocated 166956 GSs.
Step 7900: Added 0 GSs. Now having 5000000 GSs.
Step 8000: Relocated 167488 GSs.
Step 8000: Added 0 GSs. Now having 5000000 GSs.
[8000] loss 0.0727 l1 0.0421 ssim 0.8204 N 5000000
Step 8100: Relocated 151800 GSs.
Step 8100: Added 0 GSs. Now having 5000000 GSs.
Step 8200: Relocated 151403 GSs.
Step 8200: Added 0 GSs. Now having 5000000 GSs.
Step 8300: Relocated 155220 GSs.
Step 8300: Added 0 GSs. Now having 5000000 GSs.
Step 8400: Relocated 157727 GSs.
Step 8400: Added 0 GSs. Now having 5000000 GSs.
Step 8500: Relocated 155461 GSs.
Step 8500: Added 0 GSs. Now having 5000000 GSs.
Step 8600: Relocated 164816 GSs.
Step 8600: Added 0 GSs. Now having 5000000 GSs.
Step 8700: Relocated 151617 GSs.
Step 8700: Added 0 GSs. Now having 5000000 GSs.
Step 8800: Relocated 161147 GSs.
Step 8800: Added 0 GSs. Now having 5000000 GSs.
Step 8900: Relocated 159271 GSs.
Step 8900: Added 0 GSs. Now having 5000000 GSs.
Step 9000: Relocated 152703 GSs.
Step 9000: Added 0 GSs. Now having 5000000 GSs.
[9000] loss 0.0874 l1 0.0443 ssim 0.7563 N 5000000
Step 9100: Relocated 154870 GSs.
Step 9100: Added 0 GSs. Now having 5000000 GSs.
Step 9200: Relocated 153720 GSs.
Step 9200: Added 0 GSs. Now having 5000000 GSs.
Step 9300: Relocated 159822 GSs.
Step 9300: Added 0 GSs. Now having 5000000 GSs.
Step 9400: Relocated 152406 GSs.
Step 9400: Added 0 GSs. Now having 5000000 GSs.
Step 9500: Relocated 161565 GSs.
Step 9500: Added 0 GSs. Now having 5000000 GSs.
Step 9600: Relocated 156884 GSs.
Step 9600: Added 0 GSs. Now having 5000000 GSs.
Step 9700: Relocated 160070 GSs.
Step 9700: Added 0 GSs. Now having 5000000 GSs.
Step 9800: Relocated 168042 GSs.
Step 9800: Added 0 GSs. Now having 5000000 GSs.
Step 9900: Relocated 161164 GSs.
Step 9900: Added 0 GSs. Now having 5000000 GSs.
Step 10000: Relocated 164698 GSs.
Step 10000: Added 0 GSs. Now having 5000000 GSs.
[10000] loss 0.0980 l1 0.0584 ssim 0.7594 N 5000000
Step 10100: Relocated 155502 GSs.
Step 10100: Added 0 GSs. Now having 5000000 GSs.
Step 10200: Relocated 154896 GSs.
Step 10200: Added 0 GSs. Now having 5000000 GSs.
Step 10300: Relocated 157757 GSs.
Step 10300: Added 0 GSs. Now having 5000000 GSs.
Step 10400: Relocated 161770 GSs.
Step 10400: Added 0 GSs. Now having 5000000 GSs.
Step 10500: Relocated 160138 GSs.
Step 10500: Added 0 GSs. Now having 5000000 GSs.
Step 10600: Relocated 162324 GSs.
Step 10600: Added 0 GSs. Now having 5000000 GSs.
Step 10700: Relocated 154190 GSs.
Step 10700: Added 0 GSs. Now having 5000000 GSs.
Step 10800: Relocated 156856 GSs.
Step 10800: Added 0 GSs. Now having 5000000 GSs.
Step 10900: Relocated 160135 GSs.
Step 10900: Added 0 GSs. Now having 5000000 GSs.
Step 11000: Relocated 152353 GSs.
Step 11000: Added 0 GSs. Now having 5000000 GSs.
[11000] loss 0.0663 l1 0.0414 ssim 0.8510 N 5000000
Step 11100: Relocated 153591 GSs.
Step 11100: Added 0 GSs. Now having 5000000 GSs.
Step 11200: Relocated 152594 GSs.
Step 11200: Added 0 GSs. Now having 5000000 GSs.
Step 11300: Relocated 158490 GSs.
Step 11300: Added 0 GSs. Now having 5000000 GSs.
Step 11400: Relocated 161255 GSs.
Step 11400: Added 0 GSs. Now having 5000000 GSs.
Step 11500: Relocated 149377 GSs.
Step 11500: Added 0 GSs. Now having 5000000 GSs.
Step 11600: Relocated 155550 GSs.
Step 11600: Added 0 GSs. Now having 5000000 GSs.
Step 11700: Relocated 154237 GSs.
Step 11700: Added 0 GSs. Now having 5000000 GSs.
Step 11800: Relocated 151840 GSs.
Step 11800: Added 0 GSs. Now having 5000000 GSs.
Step 11900: Relocated 140873 GSs.
Step 11900: Added 0 GSs. Now having 5000000 GSs.
Step 12000: Relocated 158392 GSs.
Step 12000: Added 0 GSs. Now having 5000000 GSs.
[12000] loss 0.0693 l1 0.0461 ssim 0.8549 N 5000000
Step 12100: Relocated 147072 GSs.
Step 12100: Added 0 GSs. Now having 5000000 GSs.
Step 12200: Relocated 167447 GSs.
Step 12200: Added 0 GSs. Now having 5000000 GSs.
Step 12300: Relocated 146949 GSs.
Step 12300: Added 0 GSs. Now having 5000000 GSs.
Step 12400: Relocated 146806 GSs.
Step 12400: Added 0 GSs. Now having 5000000 GSs.
Step 12500: Relocated 145427 GSs.
Step 12500: Added 0 GSs. Now having 5000000 GSs.
Step 12600: Relocated 135637 GSs.
Step 12600: Added 0 GSs. Now having 5000000 GSs.
Step 12700: Relocated 142370 GSs.
Step 12700: Added 0 GSs. Now having 5000000 GSs.
Step 12800: Relocated 152748 GSs.
Step 12800: Added 0 GSs. Now having 5000000 GSs.
Step 12900: Relocated 140289 GSs.
Step 12900: Added 0 GSs. Now having 5000000 GSs.
Step 13000: Relocated 146025 GSs.
Step 13000: Added 0 GSs. Now having 5000000 GSs.
[13000] loss 0.0808 l1 0.0477 ssim 0.8038 N 5000000
Step 13100: Relocated 142906 GSs.
Step 13100: Added 0 GSs. Now having 5000000 GSs.
Step 13200: Relocated 149554 GSs.
Step 13200: Added 0 GSs. Now having 5000000 GSs.
Step 13300: Relocated 148693 GSs.
Step 13300: Added 0 GSs. Now having 5000000 GSs.
Step 13400: Relocated 146563 GSs.
Step 13400: Added 0 GSs. Now having 5000000 GSs.
Step 13500: Relocated 149039 GSs.
Step 13500: Added 0 GSs. Now having 5000000 GSs.
Step 13600: Relocated 148372 GSs.
Step 13600: Added 0 GSs. Now having 5000000 GSs.
Step 13700: Relocated 154635 GSs.
Step 13700: Added 0 GSs. Now having 5000000 GSs.
Step 13800: Relocated 144162 GSs.
Step 13800: Added 0 GSs. Now having 5000000 GSs.
Step 13900: Relocated 139418 GSs.
Step 13900: Added 0 GSs. Now having 5000000 GSs.
Step 14000: Relocated 134959 GSs.
Step 14000: Added 0 GSs. Now having 5000000 GSs.
[14000] loss 0.0640 l1 0.0374 ssim 0.8462 N 5000000
Step 14100: Relocated 130970 GSs.
Step 14100: Added 0 GSs. Now having 5000000 GSs.
Step 14200: Relocated 135873 GSs.
Step 14200: Added 0 GSs. Now having 5000000 GSs.
Step 14300: Relocated 126119 GSs.
Step 14300: Added 0 GSs. Now having 5000000 GSs.
Step 14400: Relocated 128093 GSs.
Step 14400: Added 0 GSs. Now having 5000000 GSs.
Step 14500: Relocated 124983 GSs.
Step 14500: Added 0 GSs. Now having 5000000 GSs.
Step 14600: Relocated 132344 GSs.
Step 14600: Added 0 GSs. Now having 5000000 GSs.
Step 14700: Relocated 134213 GSs.
Step 14700: Added 0 GSs. Now having 5000000 GSs.
Step 14800: Relocated 133566 GSs.
Step 14800: Added 0 GSs. Now having 5000000 GSs.
Step 14900: Relocated 125189 GSs.
Step 14900: Added 0 GSs. Now having 5000000 GSs.
Step 15000: Relocated 132715 GSs.
Step 15000: Added 0 GSs. Now having 5000000 GSs.
[15000] loss 0.0764 l1 0.0441 ssim 0.8112 N 5000000
Step 15100: Relocated 121680 GSs.
Step 15100: Added 0 GSs. Now having 5000000 GSs.
Step 15200: Relocated 120086 GSs.
Step 15200: Added 0 GSs. Now having 5000000 GSs.
Step 15300: Relocated 122203 GSs.
Step 15300: Added 0 GSs. Now having 5000000 GSs.
Step 15400: Relocated 124165 GSs.
Step 15400: Added 0 GSs. Now having 5000000 GSs.
Step 15500: Relocated 124067 GSs.
Step 15500: Added 0 GSs. Now having 5000000 GSs.
Step 15600: Relocated 119385 GSs.
Step 15600: Added 0 GSs. Now having 5000000 GSs.
Step 15700: Relocated 125514 GSs.
Step 15700: Added 0 GSs. Now having 5000000 GSs.
Step 15800: Relocated 113628 GSs.
Step 15800: Added 0 GSs. Now having 5000000 GSs.
Step 15900: Relocated 131444 GSs.
Step 15900: Added 0 GSs. Now having 5000000 GSs.
Step 16000: Relocated 119248 GSs.
Step 16000: Added 0 GSs. Now having 5000000 GSs.
[16000] loss 0.0729 l1 0.0484 ssim 0.8462 N 5000000
Step 16100: Relocated 125042 GSs.
Step 16100: Added 0 GSs. Now having 5000000 GSs.
Step 16200: Relocated 125196 GSs.
Step 16200: Added 0 GSs. Now having 5000000 GSs.
Step 16300: Relocated 114992 GSs.
Step 16300: Added 0 GSs. Now having 5000000 GSs.
Step 16400: Relocated 113643 GSs.
Step 16400: Added 0 GSs. Now having 5000000 GSs.
Step 16500: Relocated 128387 GSs.
Step 16500: Added 0 GSs. Now having 5000000 GSs.
Step 16600: Relocated 124101 GSs.
Step 16600: Added 0 GSs. Now having 5000000 GSs.
Step 16700: Relocated 110813 GSs.
Step 16700: Added 0 GSs. Now having 5000000 GSs.
Step 16800: Relocated 112145 GSs.
Step 16800: Added 0 GSs. Now having 5000000 GSs.
Step 16900: Relocated 105160 GSs.
Step 16900: Added 0 GSs. Now having 5000000 GSs.
Step 17000: Relocated 110095 GSs.
Step 17000: Added 0 GSs. Now having 5000000 GSs.
[17000] loss 0.0611 l1 0.0397 ssim 0.8711 N 5000000
Step 17100: Relocated 110753 GSs.
Step 17100: Added 0 GSs. Now having 5000000 GSs.
Step 17200: Relocated 108267 GSs.
Step 17200: Added 0 GSs. Now having 5000000 GSs.
Step 17300: Relocated 99537 GSs.
Step 17300: Added 0 GSs. Now having 5000000 GSs.
Step 17400: Relocated 104583 GSs.
Step 17400: Added 0 GSs. Now having 5000000 GSs.
Step 17500: Relocated 101118 GSs.
Step 17500: Added 0 GSs. Now having 5000000 GSs.
Step 17600: Relocated 100846 GSs.
Step 17600: Added 0 GSs. Now having 5000000 GSs.
Step 17700: Relocated 107993 GSs.
Step 17700: Added 0 GSs. Now having 5000000 GSs.
Step 17800: Relocated 102875 GSs.
Step 17800: Added 0 GSs. Now having 5000000 GSs.
Step 17900: Relocated 98614 GSs.
Step 17900: Added 0 GSs. Now having 5000000 GSs.
Step 18000: Relocated 104335 GSs.
Step 18000: Added 0 GSs. Now having 5000000 GSs.
[18000] loss 0.0550 l1 0.0357 ssim 0.8855 N 5000000
Step 18100: Relocated 95093 GSs.
Step 18100: Added 0 GSs. Now having 5000000 GSs.
Step 18200: Relocated 93508 GSs.
Step 18200: Added 0 GSs. Now having 5000000 GSs.
Step 18300: Relocated 96038 GSs.
Step 18300: Added 0 GSs. Now having 5000000 GSs.
Step 18400: Relocated 88490 GSs.
Step 18400: Added 0 GSs. Now having 5000000 GSs.
Step 18500: Relocated 91707 GSs.
Step 18500: Added 0 GSs. Now having 5000000 GSs.
Step 18600: Relocated 95003 GSs.
Step 18600: Added 0 GSs. Now having 5000000 GSs.
Step 18700: Relocated 96803 GSs.
Step 18700: Added 0 GSs. Now having 5000000 GSs.
Step 18800: Relocated 91688 GSs.
Step 18800: Added 0 GSs. Now having 5000000 GSs.
/home/bkai/miniconda3/envs/gsplat/lib/python3.10/site-packages/torchvision/models/_utils.py:208: UserWarning: The parameter 'pretrained' is deprecated since 0.13 and may be removed in the future, please use 'weights' instead.
  warnings.warn(
/home/bkai/miniconda3/envs/gsplat/lib/python3.10/site-packages/torchvision/models/_utils.py:223: UserWarning: Arguments other than a weight enum or `None` for 'weights' are deprecated since 0.13 and may be removed in the future. The current behavior is equivalent to passing `weights=VGG16_Weights.IMAGENET1K_V1`. You can also use `weights=VGG16_Weights.DEFAULT` to get the most up-to-date weights.
  warnings.warn(msg)
Step 18900: Relocated 98004 GSs.
Step 18900: Added 0 GSs. Now having 5000000 GSs.
Step 19000: Relocated 91886 GSs.
Step 19000: Added 0 GSs. Now having 5000000 GSs.
[19000] loss 0.0855 l1 0.0554 ssim 0.8114 N 5000000
Step 19100: Relocated 95738 GSs.
Step 19100: Added 0 GSs. Now having 5000000 GSs.
Step 19200: Relocated 92210 GSs.
Step 19200: Added 0 GSs. Now having 5000000 GSs.
Step 19300: Relocated 86052 GSs.
Step 19300: Added 0 GSs. Now having 5000000 GSs.
Step 19400: Relocated 88250 GSs.
Step 19400: Added 0 GSs. Now having 5000000 GSs.
Step 19500: Relocated 92617 GSs.
Step 19500: Added 0 GSs. Now having 5000000 GSs.
Step 19600: Relocated 84535 GSs.
Step 19600: Added 0 GSs. Now having 5000000 GSs.
Step 19700: Relocated 86726 GSs.
Step 19700: Added 0 GSs. Now having 5000000 GSs.
Step 19800: Relocated 83370 GSs.
Step 19800: Added 0 GSs. Now having 5000000 GSs.
Step 19900: Relocated 80540 GSs.
Step 19900: Added 0 GSs. Now having 5000000 GSs.
Step 20000: Relocated 80842 GSs.
Step 20000: Added 0 GSs. Now having 5000000 GSs.
[20000] loss 0.0588 l1 0.0423 ssim 0.8925 N 5000000
Step 20100: Relocated 80386 GSs.
Step 20100: Added 0 GSs. Now having 5000000 GSs.
Step 20200: Relocated 79943 GSs.
Step 20200: Added 0 GSs. Now having 5000000 GSs.
Step 20300: Relocated 78716 GSs.
Step 20300: Added 0 GSs. Now having 5000000 GSs.
Step 20400: Relocated 74166 GSs.
Step 20400: Added 0 GSs. Now having 5000000 GSs.
Step 20500: Relocated 77051 GSs.
Step 20500: Added 0 GSs. Now having 5000000 GSs.
Step 20600: Relocated 79377 GSs.
Step 20600: Added 0 GSs. Now having 5000000 GSs.
Step 20700: Relocated 76270 GSs.
Step 20700: Added 0 GSs. Now having 5000000 GSs.
Step 20800: Relocated 83001 GSs.
Step 20800: Added 0 GSs. Now having 5000000 GSs.
Step 20900: Relocated 85385 GSs.
Step 20900: Added 0 GSs. Now having 5000000 GSs.
Step 21000: Relocated 77373 GSs.
Step 21000: Added 0 GSs. Now having 5000000 GSs.
[21000] loss 0.0701 l1 0.0437 ssim 0.8419 N 5000000
Step 21100: Relocated 76508 GSs.
Step 21100: Added 0 GSs. Now having 5000000 GSs.
Step 21200: Relocated 73060 GSs.
Step 21200: Added 0 GSs. Now having 5000000 GSs.
Step 21300: Relocated 75692 GSs.
Step 21300: Added 0 GSs. Now having 5000000 GSs.
Step 21400: Relocated 72269 GSs.
Step 21400: Added 0 GSs. Now having 5000000 GSs.
Step 21500: Relocated 71387 GSs.
Step 21500: Added 0 GSs. Now having 5000000 GSs.
Step 21600: Relocated 71304 GSs.
Step 21600: Added 0 GSs. Now having 5000000 GSs.
Step 21700: Relocated 70100 GSs.
Step 21700: Added 0 GSs. Now having 5000000 GSs.
Step 21800: Relocated 69569 GSs.
Step 21800: Added 0 GSs. Now having 5000000 GSs.
Step 21900: Relocated 74148 GSs.
Step 21900: Added 0 GSs. Now having 5000000 GSs.
Step 22000: Relocated 71265 GSs.
Step 22000: Added 0 GSs. Now having 5000000 GSs.
[22000] loss 0.0562 l1 0.0391 ssim 0.8931 N 5000000
Step 22100: Relocated 71684 GSs.
Step 22100: Added 0 GSs. Now having 5000000 GSs.
Step 22200: Relocated 69134 GSs.
Step 22200: Added 0 GSs. Now having 5000000 GSs.
Step 22300: Relocated 68022 GSs.
Step 22300: Added 0 GSs. Now having 5000000 GSs.
Step 22400: Relocated 67903 GSs.
Step 22400: Added 0 GSs. Now having 5000000 GSs.
Step 22500: Relocated 65814 GSs.
Step 22500: Added 0 GSs. Now having 5000000 GSs.
Step 22600: Relocated 66964 GSs.
Step 22600: Added 0 GSs. Now having 5000000 GSs.
Step 22700: Relocated 64566 GSs.
Step 22700: Added 0 GSs. Now having 5000000 GSs.
Step 22800: Relocated 64120 GSs.
Step 22800: Added 0 GSs. Now having 5000000 GSs.
Step 22900: Relocated 65989 GSs.
Step 22900: Added 0 GSs. Now having 5000000 GSs.
Step 23000: Relocated 63195 GSs.
Step 23000: Added 0 GSs. Now having 5000000 GSs.
[23000] loss 0.0661 l1 0.0421 ssim 0.8559 N 5000000
Step 23100: Relocated 60092 GSs.
Step 23100: Added 0 GSs. Now having 5000000 GSs.
Step 23200: Relocated 61981 GSs.
Step 23200: Added 0 GSs. Now having 5000000 GSs.
Step 23300: Relocated 59539 GSs.
Step 23300: Added 0 GSs. Now having 5000000 GSs.
Step 23400: Relocated 64373 GSs.
Step 23400: Added 0 GSs. Now having 5000000 GSs.
Step 23500: Relocated 63281 GSs.
Step 23500: Added 0 GSs. Now having 5000000 GSs.
Step 23600: Relocated 64677 GSs.
Step 23600: Added 0 GSs. Now having 5000000 GSs.
Step 23700: Relocated 60950 GSs.
Step 23700: Added 0 GSs. Now having 5000000 GSs.
Step 23800: Relocated 58152 GSs.
Step 23800: Added 0 GSs. Now having 5000000 GSs.
Step 23900: Relocated 60202 GSs.
Step 23900: Added 0 GSs. Now having 5000000 GSs.
Step 24000: Relocated 60725 GSs.
Step 24000: Added 0 GSs. Now having 5000000 GSs.
[24000] loss 0.0690 l1 0.0450 ssim 0.8534 N 5000000
Step 24100: Relocated 58838 GSs.
Step 24100: Added 0 GSs. Now having 5000000 GSs.
Step 24200: Relocated 55784 GSs.
Step 24200: Added 0 GSs. Now having 5000000 GSs.
Step 24300: Relocated 56325 GSs.
Step 24300: Added 0 GSs. Now having 5000000 GSs.
Step 24400: Relocated 56141 GSs.
Step 24400: Added 0 GSs. Now having 5000000 GSs.
Step 24500: Relocated 58345 GSs.
Step 24500: Added 0 GSs. Now having 5000000 GSs.
Step 24600: Relocated 57611 GSs.
Step 24600: Added 0 GSs. Now having 5000000 GSs.
Step 24700: Relocated 56175 GSs.
Step 24700: Added 0 GSs. Now having 5000000 GSs.
Step 24800: Relocated 52878 GSs.
Step 24800: Added 0 GSs. Now having 5000000 GSs.
Step 24900: Relocated 52474 GSs.
Step 24900: Added 0 GSs. Now having 5000000 GSs.
[25000] loss 0.0648 l1 0.0409 ssim 0.8574 N 5000000
Setting up [LPIPS] perceptual loss: trunk [vgg], v[0.1], spatial [off]
Loading model from: /home/bkai/miniconda3/envs/gsplat/lib/python3.10/site-packages/lpips/weights/v0.1/vgg.pth
[26000] loss 0.0792 l1 0.0440 ssim 0.8837 N 5000000
[27000] loss 0.0721 l1 0.0383 ssim 0.8919 N 5000000
[28000] loss 0.0763 l1 0.0386 ssim 0.8689 N 5000000
[29000] loss 0.0826 l1 0.0449 ssim 0.8727 N 5000000
[29999] loss 0.0614 l1 0.0359 ssim 0.9190 N 5000000
Saved 5000000 gaussians to /mnt/d/avv/output/HCM0181_gsplatB6bilagrid/ckpt.pt
=== gsplatB6bilagrid TRAIN DONE ===
Render canvas padding: 4px
Wrote 60 images to /mnt/d/avv/output/HCM0181_gsplatB6bilagrid/test_poses_renders
HCM0181    n= 60  PSNR 17.3790  SSIM 0.7586  LPIPS(alex) 0.1256 LPIPS(vgg) 0.1575  Score(alex) 0.6816  Score(vgg) 0.6689
  Score(alex)  = 68.1596   [0.4*(1-LPIPS)=0.3497  0.3*SSIM=0.2276  0.3*PSNRn=0.1043]  (psnr_max=50.0)
  Score(vgg)  = 66.8850   [0.4*(1-LPIPS)=0.3370  0.3*SSIM=0.2276  0.3*PSNRn=0.1043]  (psnr_max=50.0)
=== gsplatB6bilagrid SCORED ===
TRACKB4 QUEUE DONE
