/mnt/c/Users/BKAI/an_plaza2/FastGS/gsplat_track/train_gsplat.py:199: UserWarning: The given NumPy array is not writable, and PyTorch does not support non-writable tensors. This means writing to this tensor will result in undefined behavior. You may want to copy the array to protect its data or make it writable before converting it to a tensor. This type of warning will be suppressed for the rest of this program. (Triggered internally at /pytorch/torch/csrc/utils/tensor_numpy.cpp:203.)
  gt_cache[vi] = torch.from_numpy(
240/371 images.bin entries have files in /home/bkai/data/phase1/public_set/HCM0181/train/images_undist
240 views, 224928 init points, K=[[926.4,0,660.0],[0,926.4,494.5]], size 1320x989
scene_scale 10.363
[0] loss 0.3425 l1 0.2344 ssim 0.2545 N 224928
Step 600: Relocated 31883 GSs.
Step 600: Added 11246 GSs. Now having 236174 GSs.
Step 700: Relocated 7280 GSs.
Step 700: Added 11808 GSs. Now having 247982 GSs.
Step 800: Relocated 6263 GSs.
Step 800: Added 12399 GSs. Now having 260381 GSs.
Step 900: Relocated 6082 GSs.
Step 900: Added 13019 GSs. Now having 273400 GSs.
Step 1000: Relocated 6568 GSs.
Step 1000: Added 13670 GSs. Now having 287070 GSs.
[1000] loss 0.1222 l1 0.0598 ssim 0.6469 N 287070
Step 1100: Relocated 8047 GSs.
Step 1100: Added 14353 GSs. Now having 301423 GSs.
Step 1200: Relocated 7447 GSs.
Step 1200: Added 15071 GSs. Now having 316494 GSs.
Step 1300: Relocated 9013 GSs.
Step 1300: Added 15824 GSs. Now having 332318 GSs.
Step 1400: Relocated 8804 GSs.
Step 1400: Added 16615 GSs. Now having 348933 GSs.
Step 1500: Relocated 10363 GSs.
Step 1500: Added 17446 GSs. Now having 366379 GSs.
Step 1600: Relocated 10407 GSs.
Step 1600: Added 18318 GSs. Now having 384697 GSs.
Step 1700: Relocated 11532 GSs.
Step 1700: Added 19234 GSs. Now having 403931 GSs.
Step 1800: Relocated 11467 GSs.
Step 1800: Added 20196 GSs. Now having 424127 GSs.
Step 1900: Relocated 12981 GSs.
Step 1900: Added 21206 GSs. Now having 445333 GSs.
Step 2000: Relocated 15721 GSs.
Step 2000: Added 22266 GSs. Now having 467599 GSs.
[2000] loss 0.1272 l1 0.0564 ssim 0.6056 N 467599
Step 2100: Relocated 19359 GSs.
Step 2100: Added 23379 GSs. Now having 490978 GSs.
Step 2200: Relocated 17651 GSs.
Step 2200: Added 24548 GSs. Now having 515526 GSs.
Step 2300: Relocated 18234 GSs.
Step 2300: Added 25776 GSs. Now having 541302 GSs.
Step 2400: Relocated 21098 GSs.
Step 2400: Added 27065 GSs. Now having 568367 GSs.
Step 2500: Relocated 20427 GSs.
Step 2500: Added 28418 GSs. Now having 596785 GSs.
Step 2600: Relocated 24203 GSs.
Step 2600: Added 29839 GSs. Now having 626624 GSs.
Step 2700: Relocated 22478 GSs.
Step 2700: Added 31331 GSs. Now having 657955 GSs.
Step 2800: Relocated 23281 GSs.
Step 2800: Added 32897 GSs. Now having 690852 GSs.
Step 2900: Relocated 24339 GSs.
Step 2900: Added 34542 GSs. Now having 725394 GSs.
Step 3000: Relocated 28566 GSs.
Step 3000: Added 36269 GSs. Now having 761663 GSs.
[3000] loss 0.0952 l1 0.0488 ssim 0.7326 N 761663
Step 3100: Relocated 29375 GSs.
Step 3100: Added 38083 GSs. Now having 799746 GSs.
Step 3200: Relocated 31560 GSs.
Step 3200: Added 39987 GSs. Now having 839733 GSs.
Step 3300: Relocated 38733 GSs.
Step 3300: Added 41986 GSs. Now having 881719 GSs.
Step 3400: Relocated 44715 GSs.
Step 3400: Added 44085 GSs. Now having 925804 GSs.
Step 3500: Relocated 41549 GSs.
Step 3500: Added 46290 GSs. Now having 972094 GSs.
Step 3600: Relocated 50480 GSs.
Step 3600: Added 48604 GSs. Now having 1020698 GSs.
Step 3700: Relocated 48584 GSs.
Step 3700: Added 51034 GSs. Now having 1071732 GSs.
Step 3800: Relocated 47198 GSs.
Step 3800: Added 53586 GSs. Now having 1125318 GSs.
Step 3900: Relocated 50936 GSs.
Step 3900: Added 56265 GSs. Now having 1181583 GSs.
Step 4000: Relocated 57693 GSs.
Step 4000: Added 59079 GSs. Now having 1240662 GSs.
[4000] loss 0.1050 l1 0.0500 ssim 0.6861 N 1240662
Step 4100: Relocated 58286 GSs.
Step 4100: Added 62033 GSs. Now having 1302695 GSs.
Step 4200: Relocated 65883 GSs.
Step 4200: Added 65134 GSs. Now having 1367829 GSs.
Step 4300: Relocated 65415 GSs.
Step 4300: Added 68391 GSs. Now having 1436220 GSs.
Step 4400: Relocated 65549 GSs.
Step 4400: Added 71811 GSs. Now having 1508031 GSs.
Step 4500: Relocated 68399 GSs.
Step 4500: Added 75401 GSs. Now having 1583432 GSs.
Step 4600: Relocated 71711 GSs.
Step 4600: Added 79171 GSs. Now having 1662603 GSs.
Step 4700: Relocated 95014 GSs.
Step 4700: Added 83130 GSs. Now having 1745733 GSs.
Step 4800: Relocated 81983 GSs.
Step 4800: Added 87286 GSs. Now having 1833019 GSs.
Step 4900: Relocated 101060 GSs.
Step 4900: Added 91650 GSs. Now having 1924669 GSs.
Step 5000: Relocated 98780 GSs.
Step 5000: Added 96233 GSs. Now having 2020902 GSs.
[5000] loss 0.0940 l1 0.0504 ssim 0.7410 N 2020902
Step 5100: Relocated 99494 GSs.
Step 5100: Added 101045 GSs. Now having 2121947 GSs.
Step 5200: Relocated 100913 GSs.
Step 5200: Added 106097 GSs. Now having 2228044 GSs.
Step 5300: Relocated 129426 GSs.
Step 5300: Added 111402 GSs. Now having 2339446 GSs.
Step 5400: Relocated 125172 GSs.
Step 5400: Added 116972 GSs. Now having 2456418 GSs.
Step 5500: Relocated 126232 GSs.
Step 5500: Added 122820 GSs. Now having 2579238 GSs.
Step 5600: Relocated 143754 GSs.
Step 5600: Added 128961 GSs. Now having 2708199 GSs.
Step 5700: Relocated 149415 GSs.
Step 5700: Added 135409 GSs. Now having 2843608 GSs.
Step 5800: Relocated 143117 GSs.
Step 5800: Added 142180 GSs. Now having 2985788 GSs.
Step 5900: Relocated 160274 GSs.
Step 5900: Added 149289 GSs. Now having 3135077 GSs.
Step 6000: Relocated 166600 GSs.
Step 6000: Added 156753 GSs. Now having 3291830 GSs.
[6000] loss 0.0866 l1 0.0492 ssim 0.7718 N 3291830
Step 6100: Relocated 183977 GSs.
Step 6100: Added 164591 GSs. Now having 3456421 GSs.
Step 6200: Relocated 190642 GSs.
Step 6200: Added 172821 GSs. Now having 3629242 GSs.
Step 6300: Relocated 198262 GSs.
Step 6300: Added 181462 GSs. Now having 3810704 GSs.
Step 6400: Relocated 207575 GSs.
Step 6400: Added 190535 GSs. Now having 4001239 GSs.
Step 6500: Relocated 227220 GSs.
Step 6500: Added 200061 GSs. Now having 4201300 GSs.
Step 6600: Relocated 235716 GSs.
Step 6600: Added 210065 GSs. Now having 4411365 GSs.
Step 6700: Relocated 256500 GSs.
Step 6700: Added 220568 GSs. Now having 4631933 GSs.
Step 6800: Relocated 266617 GSs.
Step 6800: Added 231596 GSs. Now having 4863529 GSs.
Step 6900: Relocated 286601 GSs.
Step 6900: Added 136471 GSs. Now having 5000000 GSs.
Step 7000: Relocated 314059 GSs.
Step 7000: Added 0 GSs. Now having 5000000 GSs.
[7000] loss 0.0944 l1 0.0496 ssim 0.7334 N 5000000
Step 7100: Relocated 250571 GSs.
Step 7100: Added 0 GSs. Now having 5000000 GSs.
Step 7200: Relocated 203976 GSs.
Step 7200: Added 0 GSs. Now having 5000000 GSs.
Step 7300: Relocated 205040 GSs.
Step 7300: Added 0 GSs. Now having 5000000 GSs.
Step 7400: Relocated 189229 GSs.
Step 7400: Added 0 GSs. Now having 5000000 GSs.
Step 7500: Relocated 175363 GSs.
Step 7500: Added 0 GSs. Now having 5000000 GSs.
Step 7600: Relocated 172623 GSs.
Step 7600: Added 0 GSs. Now having 5000000 GSs.
Step 7700: Relocated 178534 GSs.
Step 7700: Added 0 GSs. Now having 5000000 GSs.
Step 7800: Relocated 175768 GSs.
Step 7800: Added 0 GSs. Now having 5000000 GSs.
Step 7900: Relocated 179534 GSs.
Step 7900: Added 0 GSs. Now having 5000000 GSs.
Step 8000: Relocated 180700 GSs.
Step 8000: Added 0 GSs. Now having 5000000 GSs.
[8000] loss 0.0657 l1 0.0364 ssim 0.8244 N 5000000
Step 8100: Relocated 163646 GSs.
Step 8100: Added 0 GSs. Now having 5000000 GSs.
Step 8200: Relocated 163382 GSs.
Step 8200: Added 0 GSs. Now having 5000000 GSs.
Step 8300: Relocated 166598 GSs.
Step 8300: Added 0 GSs. Now having 5000000 GSs.
Step 8400: Relocated 169091 GSs.
Step 8400: Added 0 GSs. Now having 5000000 GSs.
Step 8500: Relocated 168680 GSs.
Step 8500: Added 0 GSs. Now having 5000000 GSs.
Step 8600: Relocated 176463 GSs.
Step 8600: Added 0 GSs. Now having 5000000 GSs.
Step 8700: Relocated 162033 GSs.
Step 8700: Added 0 GSs. Now having 5000000 GSs.
Step 8800: Relocated 173877 GSs.
Step 8800: Added 0 GSs. Now having 5000000 GSs.
Step 8900: Relocated 168962 GSs.
Step 8900: Added 0 GSs. Now having 5000000 GSs.
Step 9000: Relocated 162488 GSs.
Step 9000: Added 0 GSs. Now having 5000000 GSs.
[9000] loss 0.0837 l1 0.0425 ssim 0.7597 N 5000000
Step 9100: Relocated 164244 GSs.
Step 9100: Added 0 GSs. Now having 5000000 GSs.
Step 9200: Relocated 163776 GSs.
Step 9200: Added 0 GSs. Now having 5000000 GSs.
Step 9300: Relocated 170965 GSs.
Step 9300: Added 0 GSs. Now having 5000000 GSs.
Step 9400: Relocated 161987 GSs.
Step 9400: Added 0 GSs. Now having 5000000 GSs.
Step 9500: Relocated 169314 GSs.
Step 9500: Added 0 GSs. Now having 5000000 GSs.
Step 9600: Relocated 166289 GSs.
Step 9600: Added 0 GSs. Now having 5000000 GSs.
Step 9700: Relocated 172383 GSs.
Step 9700: Added 0 GSs. Now having 5000000 GSs.
Step 9800: Relocated 179307 GSs.
Step 9800: Added 0 GSs. Now having 5000000 GSs.
Step 9900: Relocated 169670 GSs.
Step 9900: Added 0 GSs. Now having 5000000 GSs.
Step 10000: Relocated 175366 GSs.
Step 10000: Added 0 GSs. Now having 5000000 GSs.
[10000] loss 0.0836 l1 0.0446 ssim 0.7687 N 5000000
Step 10100: Relocated 162951 GSs.
Step 10100: Added 0 GSs. Now having 5000000 GSs.
Step 10200: Relocated 163661 GSs.
Step 10200: Added 0 GSs. Now having 5000000 GSs.
Step 10300: Relocated 165462 GSs.
Step 10300: Added 0 GSs. Now having 5000000 GSs.
Step 10400: Relocated 170622 GSs.
Step 10400: Added 0 GSs. Now having 5000000 GSs.
Step 10500: Relocated 167127 GSs.
Step 10500: Added 0 GSs. Now having 5000000 GSs.
Step 10600: Relocated 169369 GSs.
Step 10600: Added 0 GSs. Now having 5000000 GSs.
Step 10700: Relocated 162580 GSs.
Step 10700: Added 0 GSs. Now having 5000000 GSs.
Step 10800: Relocated 165720 GSs.
Step 10800: Added 0 GSs. Now having 5000000 GSs.
Step 10900: Relocated 168256 GSs.
Step 10900: Added 0 GSs. Now having 5000000 GSs.
Step 11000: Relocated 160102 GSs.
Step 11000: Added 0 GSs. Now having 5000000 GSs.
[11000] loss 0.0638 l1 0.0391 ssim 0.8464 N 5000000
Step 11100: Relocated 161896 GSs.
Step 11100: Added 0 GSs. Now having 5000000 GSs.
Step 11200: Relocated 160291 GSs.
Step 11200: Added 0 GSs. Now having 5000000 GSs.
Step 11300: Relocated 168505 GSs.
Step 11300: Added 0 GSs. Now having 5000000 GSs.
Step 11400: Relocated 170766 GSs.
Step 11400: Added 0 GSs. Now having 5000000 GSs.
Step 11500: Relocated 157943 GSs.
Step 11500: Added 0 GSs. Now having 5000000 GSs.
Step 11600: Relocated 163127 GSs.
Step 11600: Added 0 GSs. Now having 5000000 GSs.
Step 11700: Relocated 164153 GSs.
Step 11700: Added 0 GSs. Now having 5000000 GSs.
Step 11800: Relocated 161400 GSs.
Step 11800: Added 0 GSs. Now having 5000000 GSs.
Step 11900: Relocated 150164 GSs.
Step 11900: Added 0 GSs. Now having 5000000 GSs.
Step 12000: Relocated 168274 GSs.
Step 12000: Added 0 GSs. Now having 5000000 GSs.
[12000] loss 0.0605 l1 0.0376 ssim 0.8571 N 5000000
Step 12100: Relocated 155835 GSs.
Step 12100: Added 0 GSs. Now having 5000000 GSs.
Step 12200: Relocated 178061 GSs.
Step 12200: Added 0 GSs. Now having 5000000 GSs.
Step 12300: Relocated 156053 GSs.
Step 12300: Added 0 GSs. Now having 5000000 GSs.
Step 12400: Relocated 154459 GSs.
Step 12400: Added 0 GSs. Now having 5000000 GSs.
Step 12500: Relocated 153656 GSs.
Step 12500: Added 0 GSs. Now having 5000000 GSs.
Step 12600: Relocated 145060 GSs.
Step 12600: Added 0 GSs. Now having 5000000 GSs.
Step 12700: Relocated 149396 GSs.
Step 12700: Added 0 GSs. Now having 5000000 GSs.
Step 12800: Relocated 161558 GSs.
Step 12800: Added 0 GSs. Now having 5000000 GSs.
Step 12900: Relocated 147412 GSs.
Step 12900: Added 0 GSs. Now having 5000000 GSs.
Step 13000: Relocated 152424 GSs.
Step 13000: Added 0 GSs. Now having 5000000 GSs.
[13000] loss 0.0745 l1 0.0427 ssim 0.8082 N 5000000
Step 13100: Relocated 150218 GSs.
Step 13100: Added 0 GSs. Now having 5000000 GSs.
Step 13200: Relocated 156691 GSs.
Step 13200: Added 0 GSs. Now having 5000000 GSs.
Step 13300: Relocated 157053 GSs.
Step 13300: Added 0 GSs. Now having 5000000 GSs.
Step 13400: Relocated 154458 GSs.
Step 13400: Added 0 GSs. Now having 5000000 GSs.
Step 13500: Relocated 157879 GSs.
Step 13500: Added 0 GSs. Now having 5000000 GSs.
Step 13600: Relocated 156834 GSs.
Step 13600: Added 0 GSs. Now having 5000000 GSs.
Step 13700: Relocated 162762 GSs.
Step 13700: Added 0 GSs. Now having 5000000 GSs.
Step 13800: Relocated 150028 GSs.
Step 13800: Added 0 GSs. Now having 5000000 GSs.
Step 13900: Relocated 145997 GSs.
Step 13900: Added 0 GSs. Now having 5000000 GSs.
Step 14000: Relocated 143271 GSs.
Step 14000: Added 0 GSs. Now having 5000000 GSs.
[14000] loss 0.0565 l1 0.0301 ssim 0.8478 N 5000000
Step 14100: Relocated 136554 GSs.
Step 14100: Added 0 GSs. Now having 5000000 GSs.
Step 14200: Relocated 142732 GSs.
Step 14200: Added 0 GSs. Now having 5000000 GSs.
Step 14300: Relocated 132832 GSs.
Step 14300: Added 0 GSs. Now having 5000000 GSs.
Step 14400: Relocated 133926 GSs.
Step 14400: Added 0 GSs. Now having 5000000 GSs.
Step 14500: Relocated 131641 GSs.
Step 14500: Added 0 GSs. Now having 5000000 GSs.
Step 14600: Relocated 138276 GSs.
Step 14600: Added 0 GSs. Now having 5000000 GSs.
Step 14700: Relocated 139699 GSs.
Step 14700: Added 0 GSs. Now having 5000000 GSs.
Step 14800: Relocated 138456 GSs.
Step 14800: Added 0 GSs. Now having 5000000 GSs.
Step 14900: Relocated 131257 GSs.
Step 14900: Added 0 GSs. Now having 5000000 GSs.
Step 15000: Relocated 139490 GSs.
Step 15000: Added 0 GSs. Now having 5000000 GSs.
[15000] loss 0.0668 l1 0.0356 ssim 0.8188 N 5000000
Step 15100: Relocated 126894 GSs.
Step 15100: Added 0 GSs. Now having 5000000 GSs.
Step 15200: Relocated 127916 GSs.
Step 15200: Added 0 GSs. Now having 5000000 GSs.
Step 15300: Relocated 128848 GSs.
Step 15300: Added 0 GSs. Now having 5000000 GSs.
Step 15400: Relocated 130328 GSs.
Step 15400: Added 0 GSs. Now having 5000000 GSs.
Step 15500: Relocated 129733 GSs.
Step 15500: Added 0 GSs. Now having 5000000 GSs.
Step 15600: Relocated 122856 GSs.
Step 15600: Added 0 GSs. Now having 5000000 GSs.
Step 15700: Relocated 132014 GSs.
Step 15700: Added 0 GSs. Now having 5000000 GSs.
Step 15800: Relocated 118855 GSs.
Step 15800: Added 0 GSs. Now having 5000000 GSs.
Step 15900: Relocated 136069 GSs.
Step 15900: Added 0 GSs. Now having 5000000 GSs.
Step 16000: Relocated 122354 GSs.
Step 16000: Added 0 GSs. Now having 5000000 GSs.
[16000] loss 0.0598 l1 0.0353 ssim 0.8527 N 5000000
Step 16100: Relocated 130075 GSs.
Step 16100: Added 0 GSs. Now having 5000000 GSs.
Step 16200: Relocated 130329 GSs.
Step 16200: Added 0 GSs. Now having 5000000 GSs.
Step 16300: Relocated 118899 GSs.
Step 16300: Added 0 GSs. Now having 5000000 GSs.
Step 16400: Relocated 116726 GSs.
Step 16400: Added 0 GSs. Now having 5000000 GSs.
Step 16500: Relocated 132266 GSs.
Step 16500: Added 0 GSs. Now having 5000000 GSs.
Step 16600: Relocated 126893 GSs.
Step 16600: Added 0 GSs. Now having 5000000 GSs.
Step 16700: Relocated 115742 GSs.
Step 16700: Added 0 GSs. Now having 5000000 GSs.
Step 16800: Relocated 116384 GSs.
Step 16800: Added 0 GSs. Now having 5000000 GSs.
Step 16900: Relocated 108906 GSs.
Step 16900: Added 0 GSs. Now having 5000000 GSs.
Step 17000: Relocated 114726 GSs.
Step 17000: Added 0 GSs. Now having 5000000 GSs.
[17000] loss 0.0516 l1 0.0308 ssim 0.8760 N 5000000
Step 17100: Relocated 114528 GSs.
Step 17100: Added 0 GSs. Now having 5000000 GSs.
Step 17200: Relocated 112927 GSs.
Step 17200: Added 0 GSs. Now having 5000000 GSs.
Step 17300: Relocated 103767 GSs.
Step 17300: Added 0 GSs. Now having 5000000 GSs.
Step 17400: Relocated 109135 GSs.
Step 17400: Added 0 GSs. Now having 5000000 GSs.
Step 17500: Relocated 103973 GSs.
Step 17500: Added 0 GSs. Now having 5000000 GSs.
Step 17600: Relocated 103897 GSs.
Step 17600: Added 0 GSs. Now having 5000000 GSs.
Step 17700: Relocated 110922 GSs.
Step 17700: Added 0 GSs. Now having 5000000 GSs.
Step 17800: Relocated 105525 GSs.
Step 17800: Added 0 GSs. Now having 5000000 GSs.
Step 17900: Relocated 102570 GSs.
Step 17900: Added 0 GSs. Now having 5000000 GSs.
Step 18000: Relocated 108107 GSs.
Step 18000: Added 0 GSs. Now having 5000000 GSs.
[18000] loss 0.0564 l1 0.0374 ssim 0.8788 N 5000000
Step 18100: Relocated 98857 GSs.
Step 18100: Added 0 GSs. Now having 5000000 GSs.
Step 18200: Relocated 95993 GSs.
Step 18200: Added 0 GSs. Now having 5000000 GSs.
Step 18300: Relocated 99149 GSs.
Step 18300: Added 0 GSs. Now having 5000000 GSs.
Step 18400: Relocated 91997 GSs.
Step 18400: Added 0 GSs. Now having 5000000 GSs.
Step 18500: Relocated 93891 GSs.
Step 18500: Added 0 GSs. Now having 5000000 GSs.
Step 18600: Relocated 97556 GSs.
Step 18600: Added 0 GSs. Now having 5000000 GSs.
Step 18700: Relocated 99128 GSs.
Step 18700: Added 0 GSs. Now having 5000000 GSs.
Step 18800: Relocated 93981 GSs.
Step 18800: Added 0 GSs. Now having 5000000 GSs.
/home/bkai/miniconda3/envs/gsplat/lib/python3.10/site-packages/torchvision/models/_utils.py:208: UserWarning: The parameter 'pretrained' is deprecated since 0.13 and may be removed in the future, please use 'weights' instead.
  warnings.warn(
/home/bkai/miniconda3/envs/gsplat/lib/python3.10/site-packages/torchvision/models/_utils.py:223: UserWarning: Arguments other than a weight enum or `None` for 'weights' are deprecated since 0.13 and may be removed in the future. The current behavior is equivalent to passing `weights=VGG16_Weights.IMAGENET1K_V1`. You can also use `weights=VGG16_Weights.DEFAULT` to get the most up-to-date weights.
  warnings.warn(msg)
Step 18900: Relocated 99765 GSs.
Step 18900: Added 0 GSs. Now having 5000000 GSs.
Step 19000: Relocated 93992 GSs.
Step 19000: Added 0 GSs. Now having 5000000 GSs.
[19000] loss 0.0704 l1 0.0402 ssim 0.8199 N 5000000
Step 19100: Relocated 98369 GSs.
Step 19100: Added 0 GSs. Now having 5000000 GSs.
Step 19200: Relocated 95178 GSs.
Step 19200: Added 0 GSs. Now having 5000000 GSs.
Step 19300: Relocated 88743 GSs.
Step 19300: Added 0 GSs. Now having 5000000 GSs.
Step 19400: Relocated 90219 GSs.
Step 19400: Added 0 GSs. Now having 5000000 GSs.
Step 19500: Relocated 93634 GSs.
Step 19500: Added 0 GSs. Now having 5000000 GSs.
Step 19600: Relocated 86485 GSs.
Step 19600: Added 0 GSs. Now having 5000000 GSs.
Step 19700: Relocated 88480 GSs.
Step 19700: Added 0 GSs. Now having 5000000 GSs.
Step 19800: Relocated 85026 GSs.
Step 19800: Added 0 GSs. Now having 5000000 GSs.
Step 19900: Relocated 83445 GSs.
Step 19900: Added 0 GSs. Now having 5000000 GSs.
Step 20000: Relocated 83031 GSs.
Step 20000: Added 0 GSs. Now having 5000000 GSs.
[20000] loss 0.0449 l1 0.0259 ssim 0.8904 N 5000000
Step 20100: Relocated 81448 GSs.
Step 20100: Added 0 GSs. Now having 5000000 GSs.
Step 20200: Relocated 80538 GSs.
Step 20200: Added 0 GSs. Now having 5000000 GSs.
Step 20300: Relocated 79540 GSs.
Step 20300: Added 0 GSs. Now having 5000000 GSs.
Step 20400: Relocated 75577 GSs.
Step 20400: Added 0 GSs. Now having 5000000 GSs.
Step 20500: Relocated 78579 GSs.
Step 20500: Added 0 GSs. Now having 5000000 GSs.
Step 20600: Relocated 79960 GSs.
Step 20600: Added 0 GSs. Now having 5000000 GSs.
Step 20700: Relocated 76736 GSs.
Step 20700: Added 0 GSs. Now having 5000000 GSs.
Step 20800: Relocated 83322 GSs.
Step 20800: Added 0 GSs. Now having 5000000 GSs.
Step 20900: Relocated 85204 GSs.
Step 20900: Added 0 GSs. Now having 5000000 GSs.
Step 21000: Relocated 77809 GSs.
Step 21000: Added 0 GSs. Now having 5000000 GSs.
[21000] loss 0.0577 l1 0.0303 ssim 0.8449 N 5000000
Step 21100: Relocated 76297 GSs.
Step 21100: Added 0 GSs. Now having 5000000 GSs.
Step 21200: Relocated 73600 GSs.
Step 21200: Added 0 GSs. Now having 5000000 GSs.
Step 21300: Relocated 76019 GSs.
Step 21300: Added 0 GSs. Now having 5000000 GSs.
Step 21400: Relocated 72978 GSs.
Step 21400: Added 0 GSs. Now having 5000000 GSs.
Step 21500: Relocated 71312 GSs.
Step 21500: Added 0 GSs. Now having 5000000 GSs.
Step 21600: Relocated 71803 GSs.
Step 21600: Added 0 GSs. Now having 5000000 GSs.
Step 21700: Relocated 68722 GSs.
Step 21700: Added 0 GSs. Now having 5000000 GSs.
Step 21800: Relocated 69192 GSs.
Step 21800: Added 0 GSs. Now having 5000000 GSs.
Step 21900: Relocated 74272 GSs.
Step 21900: Added 0 GSs. Now having 5000000 GSs.
Step 22000: Relocated 71441 GSs.
Step 22000: Added 0 GSs. Now having 5000000 GSs.
[22000] loss 0.0449 l1 0.0274 ssim 0.8967 N 5000000
Step 22100: Relocated 71456 GSs.
Step 22100: Added 0 GSs. Now having 5000000 GSs.
Step 22200: Relocated 68618 GSs.
Step 22200: Added 0 GSs. Now having 5000000 GSs.
Step 22300: Relocated 68230 GSs.
Step 22300: Added 0 GSs. Now having 5000000 GSs.
Step 22400: Relocated 67160 GSs.
Step 22400: Added 0 GSs. Now having 5000000 GSs.
Step 22500: Relocated 65828 GSs.
Step 22500: Added 0 GSs. Now having 5000000 GSs.
Step 22600: Relocated 66768 GSs.
Step 22600: Added 0 GSs. Now having 5000000 GSs.
Step 22700: Relocated 63846 GSs.
Step 22700: Added 0 GSs. Now having 5000000 GSs.
Step 22800: Relocated 63061 GSs.
Step 22800: Added 0 GSs. Now having 5000000 GSs.
Step 22900: Relocated 65022 GSs.
Step 22900: Added 0 GSs. Now having 5000000 GSs.
Step 23000: Relocated 62763 GSs.
Step 23000: Added 0 GSs. Now having 5000000 GSs.
[23000] loss 0.0581 l1 0.0340 ssim 0.8577 N 5000000
Step 23100: Relocated 59492 GSs.
Step 23100: Added 0 GSs. Now having 5000000 GSs.
Step 23200: Relocated 60582 GSs.
Step 23200: Added 0 GSs. Now having 5000000 GSs.
Step 23300: Relocated 58560 GSs.
Step 23300: Added 0 GSs. Now having 5000000 GSs.
Step 23400: Relocated 63248 GSs.
Step 23400: Added 0 GSs. Now having 5000000 GSs.
Step 23500: Relocated 62503 GSs.
Step 23500: Added 0 GSs. Now having 5000000 GSs.
Step 23600: Relocated 63321 GSs.
Step 23600: Added 0 GSs. Now having 5000000 GSs.
Step 23700: Relocated 58943 GSs.
Step 23700: Added 0 GSs. Now having 5000000 GSs.
Step 23800: Relocated 56439 GSs.
Step 23800: Added 0 GSs. Now having 5000000 GSs.
Step 23900: Relocated 58537 GSs.
Step 23900: Added 0 GSs. Now having 5000000 GSs.
Step 24000: Relocated 58707 GSs.
Step 24000: Added 0 GSs. Now having 5000000 GSs.
[24000] loss 0.0557 l1 0.0323 ssim 0.8631 N 5000000
Step 24100: Relocated 56841 GSs.
Step 24100: Added 0 GSs. Now having 5000000 GSs.
Step 24200: Relocated 54264 GSs.
Step 24200: Added 0 GSs. Now having 5000000 GSs.
Step 24300: Relocated 54514 GSs.
Step 24300: Added 0 GSs. Now having 5000000 GSs.
Step 24400: Relocated 54048 GSs.
Step 24400: Added 0 GSs. Now having 5000000 GSs.
Step 24500: Relocated 55685 GSs.
Step 24500: Added 0 GSs. Now having 5000000 GSs.
Step 24600: Relocated 55487 GSs.
Step 24600: Added 0 GSs. Now having 5000000 GSs.
Step 24700: Relocated 53859 GSs.
Step 24700: Added 0 GSs. Now having 5000000 GSs.
Step 24800: Relocated 50849 GSs.
Step 24800: Added 0 GSs. Now having 5000000 GSs.
Step 24900: Relocated 49781 GSs.
Step 24900: Added 0 GSs. Now having 5000000 GSs.
[25000] loss 0.0531 l1 0.0312 ssim 0.8716 N 5000000
Setting up [LPIPS] perceptual loss: trunk [vgg], v[0.1], spatial [off]
Loading model from: /home/bkai/miniconda3/envs/gsplat/lib/python3.10/site-packages/lpips/weights/v0.1/vgg.pth
[26000] loss 0.0571 l1 0.0283 ssim 0.8950 N 5000000
[27000] loss 0.0513 l1 0.0250 ssim 0.9043 N 5000000
[28000] loss 0.0588 l1 0.0266 ssim 0.8800 N 5000000
[29000] loss 0.0642 l1 0.0323 ssim 0.8764 N 5000000
[29999] loss 0.0424 l1 0.0231 ssim 0.9299 N 5000000
Saved 5000000 gaussians to /mnt/d/avv/output/HCM0181_gsplatB2/ckpt.pt
TRACKB TRAIN DONE
Distortion warp enabled, k=+0.009004
5000000 gaussians
Render canvas padding: 4px
Wrote 60 images to /mnt/d/avv/output/HCM0181_gsplatB2/test_poses_renders
TRACKB RENDER DONE
HCM0181    n= 60  PSNR 24.2213  SSIM 0.8391  LPIPS(alex) 0.0987 LPIPS(vgg) 0.1299  Score(alex) 0.7576  Score(vgg) 0.7451
  Score(alex)  = 75.7575   [0.4*(1-LPIPS)=0.3605  0.3*SSIM=0.2517  0.3*PSNRn=0.1453]  (psnr_max=50.0)
  Score(vgg)  = 74.5067   [0.4*(1-LPIPS)=0.3480  0.3*SSIM=0.2517  0.3*PSNRn=0.1453]  (psnr_max=50.0)
TRACKB FULL DONE
