=== [gpu1] CLAIMED HNI0131 ===
240/466 images.bin entries have files in /home/bkai/data/phase1/private_set1/HNI0131/train/images
240 views, 147464 init points, K=[[925.5,0,660.0],[0,925.5,494.5]], size 1320x989
3DGUT mode: classic + with_ut + with_eval3d, k1=-0.114794
scene_scale 11.477
/mnt/c/Users/BKAI/an_plaza2/FastGS/gsplat_track/train_gsplat.py:320: UserWarning: The given NumPy array is not writable, and PyTorch does not support non-writable tensors. This means writing to this tensor will result in undefined behavior. You may want to copy the array to protect its data or make it writable before converting it to a tensor. This type of warning will be suppressed for the rest of this program. (Triggered internally at /pytorch/torch/csrc/utils/tensor_numpy.cpp:203.)
  gt_cache[vi] = torch.from_numpy(
[0] loss 0.3300 l1 0.2245 ssim 0.2809 N 147464
Step 600: Relocated 51100 GSs.
Step 600: Added 7373 GSs. Now having 154837 GSs.
Step 700: Relocated 9339 GSs.
Step 700: Added 7741 GSs. Now having 162578 GSs.
Step 800: Relocated 7135 GSs.
Step 800: Added 8128 GSs. Now having 170706 GSs.
Step 900: Relocated 7003 GSs.
Step 900: Added 8535 GSs. Now having 179241 GSs.
Step 1000: Relocated 6497 GSs.
Step 1000: Added 8962 GSs. Now having 188203 GSs.
[1000] loss 0.1306 l1 0.0580 ssim 0.5957 N 188203
Step 1100: Relocated 6837 GSs.
Step 1100: Added 9410 GSs. Now having 197613 GSs.
Step 1200: Relocated 6901 GSs.
Step 1200: Added 9880 GSs. Now having 207493 GSs.
Step 1300: Relocated 7313 GSs.
Step 1300: Added 10374 GSs. Now having 217867 GSs.
Step 1400: Relocated 7415 GSs.
Step 1400: Added 10893 GSs. Now having 228760 GSs.
Step 1500: Relocated 8848 GSs.
Step 1500: Added 11438 GSs. Now having 240198 GSs.
Step 1600: Relocated 9022 GSs.
Step 1600: Added 12009 GSs. Now having 252207 GSs.
Step 1700: Relocated 8683 GSs.
Step 1700: Added 12610 GSs. Now having 264817 GSs.
Step 1800: Relocated 9123 GSs.
Step 1800: Added 13240 GSs. Now having 278057 GSs.
Step 1900: Relocated 10397 GSs.
Step 1900: Added 13902 GSs. Now having 291959 GSs.
Step 2000: Relocated 10400 GSs.
Step 2000: Added 14597 GSs. Now having 306556 GSs.
[2000] loss 0.1335 l1 0.0614 ssim 0.5925 N 306556
Step 2100: Relocated 14440 GSs.
Step 2100: Added 15327 GSs. Now having 321883 GSs.
Step 2200: Relocated 13966 GSs.
Step 2200: Added 16094 GSs. Now having 337977 GSs.
Step 2300: Relocated 14772 GSs.
Step 2300: Added 16898 GSs. Now having 354875 GSs.
Step 2400: Relocated 15693 GSs.
Step 2400: Added 17743 GSs. Now having 372618 GSs.
Step 2500: Relocated 15203 GSs.
Step 2500: Added 18630 GSs. Now having 391248 GSs.
Step 2600: Relocated 16946 GSs.
Step 2600: Added 19562 GSs. Now having 410810 GSs.
Step 2700: Relocated 17264 GSs.
Step 2700: Added 20540 GSs. Now having 431350 GSs.
Step 2800: Relocated 19915 GSs.
Step 2800: Added 21567 GSs. Now having 452917 GSs.
Step 2900: Relocated 21251 GSs.
Step 2900: Added 22645 GSs. Now having 475562 GSs.
Step 3000: Relocated 22971 GSs.
Step 3000: Added 23778 GSs. Now having 499340 GSs.
[3000] loss 0.1002 l1 0.0447 ssim 0.6902 N 499340
Step 3100: Relocated 22596 GSs.
Step 3100: Added 24967 GSs. Now having 524307 GSs.
Step 3200: Relocated 26032 GSs.
Step 3200: Added 26215 GSs. Now having 550522 GSs.
Step 3300: Relocated 27315 GSs.
Step 3300: Added 27526 GSs. Now having 578048 GSs.
Step 3400: Relocated 30640 GSs.
Step 3400: Added 28902 GSs. Now having 606950 GSs.
Step 3500: Relocated 29360 GSs.
Step 3500: Added 30347 GSs. Now having 637297 GSs.
Step 3600: Relocated 34936 GSs.
Step 3600: Added 31864 GSs. Now having 669161 GSs.
Step 3700: Relocated 38168 GSs.
Step 3700: Added 33458 GSs. Now having 702619 GSs.
Step 3800: Relocated 35031 GSs.
Step 3800: Added 35130 GSs. Now having 737749 GSs.
Step 3900: Relocated 41547 GSs.
Step 3900: Added 36887 GSs. Now having 774636 GSs.
Step 4000: Relocated 41501 GSs.
Step 4000: Added 38731 GSs. Now having 813367 GSs.
[4000] loss 0.0958 l1 0.0441 ssim 0.7079 N 813367
Step 4100: Relocated 44473 GSs.
Step 4100: Added 40668 GSs. Now having 854035 GSs.
Step 4200: Relocated 47743 GSs.
Step 4200: Added 42701 GSs. Now having 896736 GSs.
Step 4300: Relocated 55099 GSs.
Step 4300: Added 44836 GSs. Now having 941572 GSs.
Step 4400: Relocated 54738 GSs.
Step 4400: Added 47078 GSs. Now having 988650 GSs.
Step 4500: Relocated 60403 GSs.
Step 4500: Added 49432 GSs. Now having 1038082 GSs.
Step 4600: Relocated 56523 GSs.
Step 4600: Added 51904 GSs. Now having 1089986 GSs.
Step 4700: Relocated 70197 GSs.
Step 4700: Added 54499 GSs. Now having 1144485 GSs.
Step 4800: Relocated 69461 GSs.
Step 4800: Added 57224 GSs. Now having 1201709 GSs.
Step 4900: Relocated 75614 GSs.
Step 4900: Added 60085 GSs. Now having 1261794 GSs.
Step 5000: Relocated 76208 GSs.
Step 5000: Added 63089 GSs. Now having 1324883 GSs.
[5000] loss 0.0887 l1 0.0453 ssim 0.7468 N 1324883
Step 5100: Relocated 81872 GSs.
Step 5100: Added 66244 GSs. Now having 1391127 GSs.
Step 5200: Relocated 80961 GSs.
Step 5200: Added 69556 GSs. Now having 1460683 GSs.
Step 5300: Relocated 86455 GSs.
Step 5300: Added 73034 GSs. Now having 1533717 GSs.
Step 5400: Relocated 95575 GSs.
Step 5400: Added 76685 GSs. Now having 1610402 GSs.
Step 5500: Relocated 94980 GSs.
Step 5500: Added 80520 GSs. Now having 1690922 GSs.
Step 5600: Relocated 114350 GSs.
Step 5600: Added 84546 GSs. Now having 1775468 GSs.
Step 5700: Relocated 117800 GSs.
Step 5700: Added 88773 GSs. Now having 1864241 GSs.
Step 5800: Relocated 119239 GSs.
Step 5800: Added 93212 GSs. Now having 1957453 GSs.
Step 5900: Relocated 122726 GSs.
Step 5900: Added 97872 GSs. Now having 2055325 GSs.
Step 6000: Relocated 136546 GSs.
Step 6000: Added 102766 GSs. Now having 2158091 GSs.
[6000] loss 0.0908 l1 0.0456 ssim 0.7365 N 2158091
Step 6100: Relocated 142086 GSs.
Step 6100: Added 107904 GSs. Now having 2265995 GSs.
Step 6200: Relocated 147582 GSs.
Step 6200: Added 113299 GSs. Now having 2379294 GSs.
Step 6300: Relocated 150432 GSs.
Step 6300: Added 118964 GSs. Now having 2498258 GSs.
Step 6400: Relocated 179629 GSs.
Step 6400: Added 124912 GSs. Now having 2623170 GSs.
Step 6500: Relocated 195400 GSs.
Step 6500: Added 131158 GSs. Now having 2754328 GSs.
Step 6600: Relocated 198564 GSs.
Step 6600: Added 137716 GSs. Now having 2892044 GSs.
Step 6700: Relocated 204923 GSs.
Step 6700: Added 144602 GSs. Now having 3036646 GSs.
Step 6800: Relocated 214530 GSs.
Step 6800: Added 151832 GSs. Now having 3188478 GSs.
Step 6900: Relocated 212678 GSs.
Step 6900: Added 159423 GSs. Now having 3347901 GSs.
Step 7000: Relocated 234601 GSs.
Step 7000: Added 167395 GSs. Now having 3515296 GSs.
[7000] loss 0.1029 l1 0.0489 ssim 0.6885 N 3515296
Step 7100: Relocated 282780 GSs.
Step 7100: Added 175764 GSs. Now having 3691060 GSs.
Step 7200: Relocated 278644 GSs.
Step 7200: Added 184553 GSs. Now having 3875613 GSs.
Step 7300: Relocated 305105 GSs.
Step 7300: Added 193780 GSs. Now having 4069393 GSs.
Step 7400: Relocated 336537 GSs.
Step 7400: Added 203469 GSs. Now having 4272862 GSs.
Step 7500: Relocated 335019 GSs.
Step 7500: Added 213643 GSs. Now having 4486505 GSs.
Step 7600: Relocated 376229 GSs.
Step 7600: Added 224325 GSs. Now having 4710830 GSs.
Step 7700: Relocated 360301 GSs.
Step 7700: Added 235541 GSs. Now having 4946371 GSs.
Step 7800: Relocated 410244 GSs.
Step 7800: Added 247318 GSs. Now having 5193689 GSs.
Step 7900: Relocated 444184 GSs.
Step 7900: Added 259684 GSs. Now having 5453373 GSs.
Step 8000: Relocated 473853 GSs.
Step 8000: Added 272668 GSs. Now having 5726041 GSs.
[8000] loss 0.0942 l1 0.0467 ssim 0.7218 N 5726041
Step 8100: Relocated 453850 GSs.
Step 8100: Added 286302 GSs. Now having 6012343 GSs.
Step 8200: Relocated 500142 GSs.
Step 8200: Added 300617 GSs. Now having 6312960 GSs.
Step 8300: Relocated 520471 GSs.
Step 8300: Added 315648 GSs. Now having 6628608 GSs.
Step 8400: Relocated 549369 GSs.
Step 8400: Added 331430 GSs. Now having 6960038 GSs.
Step 8500: Relocated 606069 GSs.
Step 8500: Added 348001 GSs. Now having 7308039 GSs.
Step 8600: Relocated 635324 GSs.
Step 8600: Added 365401 GSs. Now having 7673440 GSs.
Step 8700: Relocated 621382 GSs.
Step 8700: Added 326560 GSs. Now having 8000000 GSs.
Step 8800: Relocated 667001 GSs.
Step 8800: Added 0 GSs. Now having 8000000 GSs.
Step 8900: Relocated 574007 GSs.
Step 8900: Added 0 GSs. Now having 8000000 GSs.
Step 9000: Relocated 512417 GSs.
Step 9000: Added 0 GSs. Now having 8000000 GSs.
[9000] loss 0.0731 l1 0.0375 ssim 0.7904 N 8000000
Step 9100: Relocated 452772 GSs.
Step 9100: Added 0 GSs. Now having 8000000 GSs.
Step 9200: Relocated 467789 GSs.
Step 9200: Added 0 GSs. Now having 8000000 GSs.
Step 9300: Relocated 456916 GSs.
Step 9300: Added 0 GSs. Now having 8000000 GSs.
Step 9400: Relocated 417586 GSs.
Step 9400: Added 0 GSs. Now having 8000000 GSs.
Step 9500: Relocated 405785 GSs.
Step 9500: Added 0 GSs. Now having 8000000 GSs.
Step 9600: Relocated 400074 GSs.
Step 9600: Added 0 GSs. Now having 8000000 GSs.
Step 9700: Relocated 379777 GSs.
Step 9700: Added 0 GSs. Now having 8000000 GSs.
Step 9800: Relocated 413921 GSs.
Step 9800: Added 0 GSs. Now having 8000000 GSs.
Step 9900: Relocated 404351 GSs.
Step 9900: Added 0 GSs. Now having 8000000 GSs.
Step 10000: Relocated 394560 GSs.
Step 10000: Added 0 GSs. Now having 8000000 GSs.
[10000] loss 0.0890 l1 0.0473 ssim 0.7498 N 8000000
Step 10100: Relocated 378105 GSs.
Step 10100: Added 0 GSs. Now having 8000000 GSs.
Step 10200: Relocated 370572 GSs.
Step 10200: Added 0 GSs. Now having 8000000 GSs.
Step 10300: Relocated 364933 GSs.
Step 10300: Added 0 GSs. Now having 8000000 GSs.
Step 10400: Relocated 362987 GSs.
Step 10400: Added 0 GSs. Now having 8000000 GSs.
Step 10500: Relocated 365443 GSs.
Step 10500: Added 0 GSs. Now having 8000000 GSs.
Step 10600: Relocated 368825 GSs.
Step 10600: Added 0 GSs. Now having 8000000 GSs.
Step 10700: Relocated 357823 GSs.
Step 10700: Added 0 GSs. Now having 8000000 GSs.
Step 10800: Relocated 365468 GSs.
Step 10800: Added 0 GSs. Now having 8000000 GSs.
Step 10900: Relocated 365908 GSs.
Step 10900: Added 0 GSs. Now having 8000000 GSs.
Step 11000: Relocated 362652 GSs.
Step 11000: Added 0 GSs. Now having 8000000 GSs.
[11000] loss 0.0760 l1 0.0404 ssim 0.7873 N 8000000
Step 11100: Relocated 358390 GSs.
Step 11100: Added 0 GSs. Now having 8000000 GSs.
Step 11200: Relocated 352526 GSs.
Step 11200: Added 0 GSs. Now having 8000000 GSs.
Step 11300: Relocated 370332 GSs.
Step 11300: Added 0 GSs. Now having 8000000 GSs.
Step 11400: Relocated 397203 GSs.
Step 11400: Added 0 GSs. Now having 8000000 GSs.
Step 11500: Relocated 383954 GSs.
Step 11500: Added 0 GSs. Now having 8000000 GSs.
Step 11600: Relocated 393358 GSs.
Step 11600: Added 0 GSs. Now having 8000000 GSs.
Step 11700: Relocated 380319 GSs.
Step 11700: Added 0 GSs. Now having 8000000 GSs.
Step 11800: Relocated 386353 GSs.
Step 11800: Added 0 GSs. Now having 8000000 GSs.
Step 11900: Relocated 369202 GSs.
Step 11900: Added 0 GSs. Now having 8000000 GSs.
Step 12000: Relocated 379256 GSs.
Step 12000: Added 0 GSs. Now having 8000000 GSs.
[12000] loss 0.0667 l1 0.0363 ssim 0.8178 N 8000000
Step 12100: Relocated 372571 GSs.
Step 12100: Added 0 GSs. Now having 8000000 GSs.
Step 12200: Relocated 401598 GSs.
Step 12200: Added 0 GSs. Now having 8000000 GSs.
Step 12300: Relocated 410208 GSs.
Step 12300: Added 0 GSs. Now having 8000000 GSs.
Step 12400: Relocated 389101 GSs.
Step 12400: Added 0 GSs. Now having 8000000 GSs.
Step 12500: Relocated 402925 GSs.
Step 12500: Added 0 GSs. Now having 8000000 GSs.
Step 12600: Relocated 372259 GSs.
Step 12600: Added 0 GSs. Now having 8000000 GSs.
Step 12700: Relocated 386488 GSs.
Step 12700: Added 0 GSs. Now having 8000000 GSs.
Step 12800: Relocated 441750 GSs.
Step 12800: Added 0 GSs. Now having 8000000 GSs.
Step 12900: Relocated 410984 GSs.
Step 12900: Added 0 GSs. Now having 8000000 GSs.
Step 13000: Relocated 414355 GSs.
Step 13000: Added 0 GSs. Now having 8000000 GSs.
[13000] loss 0.0683 l1 0.0379 ssim 0.8166 N 8000000
Step 13100: Relocated 393808 GSs.
Step 13100: Added 0 GSs. Now having 8000000 GSs.
Step 13200: Relocated 389013 GSs.
Step 13200: Added 0 GSs. Now having 8000000 GSs.
Step 13300: Relocated 407008 GSs.
Step 13300: Added 0 GSs. Now having 8000000 GSs.
Step 13400: Relocated 428498 GSs.
Step 13400: Added 0 GSs. Now having 8000000 GSs.
Step 13500: Relocated 427735 GSs.
Step 13500: Added 0 GSs. Now having 8000000 GSs.
Step 13600: Relocated 423747 GSs.
Step 13600: Added 0 GSs. Now having 8000000 GSs.
Step 13700: Relocated 427118 GSs.
Step 13700: Added 0 GSs. Now having 8000000 GSs.
Step 13800: Relocated 426758 GSs.
Step 13800: Added 0 GSs. Now having 8000000 GSs.
Step 13900: Relocated 401967 GSs.
Step 13900: Added 0 GSs. Now having 8000000 GSs.
Step 14000: Relocated 409696 GSs.
Step 14000: Added 0 GSs. Now having 8000000 GSs.
[14000] loss 0.0784 l1 0.0380 ssim 0.7660 N 8000000
Step 14100: Relocated 395251 GSs.
Step 14100: Added 0 GSs. Now having 8000000 GSs.
Step 14200: Relocated 405805 GSs.
Step 14200: Added 0 GSs. Now having 8000000 GSs.
Step 14300: Relocated 386286 GSs.
Step 14300: Added 0 GSs. Now having 8000000 GSs.
Step 14400: Relocated 394646 GSs.
Step 14400: Added 0 GSs. Now having 8000000 GSs.
Step 14500: Relocated 398042 GSs.
Step 14500: Added 0 GSs. Now having 8000000 GSs.
Step 14600: Relocated 406201 GSs.
Step 14600: Added 0 GSs. Now having 8000000 GSs.
Step 14700: Relocated 424043 GSs.
Step 14700: Added 0 GSs. Now having 8000000 GSs.
Step 14800: Relocated 418411 GSs.
Step 14800: Added 0 GSs. Now having 8000000 GSs.
Step 14900: Relocated 414008 GSs.
Step 14900: Added 0 GSs. Now having 8000000 GSs.
Step 15000: Relocated 415381 GSs.
Step 15000: Added 0 GSs. Now having 8000000 GSs.
[15000] loss 0.0555 l1 0.0313 ssim 0.8540 N 8000000
Step 15100: Relocated 396058 GSs.
Step 15100: Added 0 GSs. Now having 8000000 GSs.
Step 15200: Relocated 395127 GSs.
Step 15200: Added 0 GSs. Now having 8000000 GSs.
Step 15300: Relocated 416319 GSs.
Step 15300: Added 0 GSs. Now having 8000000 GSs.
Step 15400: Relocated 400316 GSs.
Step 15400: Added 0 GSs. Now having 8000000 GSs.
Step 15500: Relocated 396526 GSs.
Step 15500: Added 0 GSs. Now having 8000000 GSs.
Step 15600: Relocated 411746 GSs.
Step 15600: Added 0 GSs. Now having 8000000 GSs.
Step 15700: Relocated 434817 GSs.
Step 15700: Added 0 GSs. Now having 8000000 GSs.
Step 15800: Relocated 400006 GSs.
Step 15800: Added 0 GSs. Now having 8000000 GSs.
Step 15900: Relocated 433565 GSs.
Step 15900: Added 0 GSs. Now having 8000000 GSs.
Step 16000: Relocated 406722 GSs.
Step 16000: Added 0 GSs. Now having 8000000 GSs.
[16000] loss 0.0679 l1 0.0375 ssim 0.8170 N 8000000
Step 16100: Relocated 398314 GSs.
Step 16100: Added 0 GSs. Now having 8000000 GSs.
Step 16200: Relocated 421985 GSs.
Step 16200: Added 0 GSs. Now having 8000000 GSs.
Step 16300: Relocated 406177 GSs.
Step 16300: Added 0 GSs. Now having 8000000 GSs.
Step 16400: Relocated 403259 GSs.
Step 16400: Added 0 GSs. Now having 8000000 GSs.
Step 16500: Relocated 430330 GSs.
Step 16500: Added 0 GSs. Now having 8000000 GSs.
Step 16600: Relocated 401532 GSs.
Step 16600: Added 0 GSs. Now having 8000000 GSs.
Step 16700: Relocated 397715 GSs.
Step 16700: Added 0 GSs. Now having 8000000 GSs.
Step 16800: Relocated 391563 GSs.
Step 16800: Added 0 GSs. Now having 8000000 GSs.
Step 16900: Relocated 389398 GSs.
Step 16900: Added 0 GSs. Now having 8000000 GSs.
Step 17000: Relocated 393058 GSs.
Step 17000: Added 0 GSs. Now having 8000000 GSs.
[17000] loss 0.0695 l1 0.0372 ssim 0.8079 N 8000000
Step 17100: Relocated 392408 GSs.
Step 17100: Added 0 GSs. Now having 8000000 GSs.
Step 17200: Relocated 389959 GSs.
Step 17200: Added 0 GSs. Now having 8000000 GSs.
Step 17300: Relocated 384583 GSs.
Step 17300: Added 0 GSs. Now having 8000000 GSs.
Step 17400: Relocated 380509 GSs.
Step 17400: Added 0 GSs. Now having 8000000 GSs.
Step 17500: Relocated 383249 GSs.
Step 17500: Added 0 GSs. Now having 8000000 GSs.
Step 17600: Relocated 377907 GSs.
Step 17600: Added 0 GSs. Now having 8000000 GSs.
Step 17700: Relocated 399936 GSs.
Step 17700: Added 0 GSs. Now having 8000000 GSs.
Step 17800: Relocated 385667 GSs.
Step 17800: Added 0 GSs. Now having 8000000 GSs.
Step 17900: Relocated 392589 GSs.
Step 17900: Added 0 GSs. Now having 8000000 GSs.
Step 18000: Relocated 414279 GSs.
Step 18000: Added 0 GSs. Now having 8000000 GSs.
[18000] loss 0.0540 l1 0.0321 ssim 0.8648 N 8000000
Step 18100: Relocated 391796 GSs.
Step 18100: Added 0 GSs. Now having 8000000 GSs.
Step 18200: Relocated 414069 GSs.
Step 18200: Added 0 GSs. Now having 8000000 GSs.
Step 18300: Relocated 398645 GSs.
Step 18300: Added 0 GSs. Now having 8000000 GSs.
Step 18400: Relocated 385335 GSs.
Step 18400: Added 0 GSs. Now having 8000000 GSs.
Step 18500: Relocated 405359 GSs.
Step 18500: Added 0 GSs. Now having 8000000 GSs.
Step 18600: Relocated 406536 GSs.
Step 18600: Added 0 GSs. Now having 8000000 GSs.
Step 18700: Relocated 397402 GSs.
Step 18700: Added 0 GSs. Now having 8000000 GSs.
Step 18800: Relocated 425264 GSs.
Step 18800: Added 0 GSs. Now having 8000000 GSs.
Step 18900: Relocated 434394 GSs.
Step 18900: Added 0 GSs. Now having 8000000 GSs.
Step 19000: Relocated 445329 GSs.
Step 19000: Added 0 GSs. Now having 8000000 GSs.
[19000] loss 0.0473 l1 0.0289 ssim 0.8855 N 8000000
Step 19100: Relocated 440070 GSs.
Step 19100: Added 0 GSs. Now having 8000000 GSs.
Step 19200: Relocated 439714 GSs.
Step 19200: Added 0 GSs. Now having 8000000 GSs.
Step 19300: Relocated 394669 GSs.
Step 19300: Added 0 GSs. Now having 8000000 GSs.
Step 19400: Relocated 418964 GSs.
Step 19400: Added 0 GSs. Now having 8000000 GSs.
Step 19500: Relocated 436942 GSs.
Step 19500: Added 0 GSs. Now having 8000000 GSs.
Step 19600: Relocated 429911 GSs.
Step 19600: Added 0 GSs. Now having 8000000 GSs.
Step 19700: Relocated 459536 GSs.
Step 19700: Added 0 GSs. Now having 8000000 GSs.
Step 19800: Relocated 431446 GSs.
Step 19800: Added 0 GSs. Now having 8000000 GSs.
Step 19900: Relocated 410162 GSs.
Step 19900: Added 0 GSs. Now having 8000000 GSs.
Step 20000: Relocated 400916 GSs.
Step 20000: Added 0 GSs. Now having 8000000 GSs.
[20000] loss 0.0476 l1 0.0279 ssim 0.8800 N 8000000
Step 20100: Relocated 400077 GSs.
Step 20100: Added 0 GSs. Now having 8000000 GSs.
Step 20200: Relocated 396738 GSs.
Step 20200: Added 0 GSs. Now having 8000000 GSs.
Step 20300: Relocated 405882 GSs.
Step 20300: Added 0 GSs. Now having 8000000 GSs.
Step 20400: Relocated 390102 GSs.
Step 20400: Added 0 GSs. Now having 8000000 GSs.
Step 20500: Relocated 409273 GSs.
Step 20500: Added 0 GSs. Now having 8000000 GSs.
Step 20600: Relocated 404195 GSs.
Step 20600: Added 0 GSs. Now having 8000000 GSs.
Step 20700: Relocated 400930 GSs.
Step 20700: Added 0 GSs. Now having 8000000 GSs.
Step 20800: Relocated 414645 GSs.
Step 20800: Added 0 GSs. Now having 8000000 GSs.
Step 20900: Relocated 417467 GSs.
Step 20900: Added 0 GSs. Now having 8000000 GSs.
Step 21000: Relocated 406603 GSs.
Step 21000: Added 0 GSs. Now having 8000000 GSs.
[21000] loss 0.0508 l1 0.0304 ssim 0.8744 N 8000000
Step 21100: Relocated 410810 GSs.
Step 21100: Added 0 GSs. Now having 8000000 GSs.
Step 21200: Relocated 392413 GSs.
Step 21200: Added 0 GSs. Now having 8000000 GSs.
Step 21300: Relocated 425520 GSs.
Step 21300: Added 0 GSs. Now having 8000000 GSs.
Step 21400: Relocated 404933 GSs.
Step 21400: Added 0 GSs. Now having 8000000 GSs.
Step 21500: Relocated 397975 GSs.
Step 21500: Added 0 GSs. Now having 8000000 GSs.
Step 21600: Relocated 400738 GSs.
Step 21600: Added 0 GSs. Now having 8000000 GSs.
Step 21700: Relocated 402005 GSs.
Step 21700: Added 0 GSs. Now having 8000000 GSs.
Step 21800: Relocated 420669 GSs.
Step 21800: Added 0 GSs. Now having 8000000 GSs.
Step 21900: Relocated 442546 GSs.
Step 21900: Added 0 GSs. Now having 8000000 GSs.
Step 22000: Relocated 412604 GSs.
Step 22000: Added 0 GSs. Now having 8000000 GSs.
[22000] loss 0.0487 l1 0.0281 ssim 0.8760 N 8000000
Step 22100: Relocated 407055 GSs.
Step 22100: Added 0 GSs. Now having 8000000 GSs.
Step 22200: Relocated 418069 GSs.
Step 22200: Added 0 GSs. Now having 8000000 GSs.
Step 22300: Relocated 429702 GSs.
Step 22300: Added 0 GSs. Now having 8000000 GSs.
Step 22400: Relocated 405194 GSs.
Step 22400: Added 0 GSs. Now having 8000000 GSs.
Step 22500: Relocated 400525 GSs.
Step 22500: Added 0 GSs. Now having 8000000 GSs.
Step 22600: Relocated 409015 GSs.
Step 22600: Added 0 GSs. Now having 8000000 GSs.
Step 22700: Relocated 388610 GSs.
Step 22700: Added 0 GSs. Now having 8000000 GSs.
Step 22800: Relocated 409424 GSs.
Step 22800: Added 0 GSs. Now having 8000000 GSs.
Step 22900: Relocated 405046 GSs.
Step 22900: Added 0 GSs. Now having 8000000 GSs.
Step 23000: Relocated 419831 GSs.
Step 23000: Added 0 GSs. Now having 8000000 GSs.
[23000] loss 0.0662 l1 0.0373 ssim 0.8251 N 8000000
Step 23100: Relocated 383594 GSs.
Step 23100: Added 0 GSs. Now having 8000000 GSs.
Step 23200: Relocated 394621 GSs.
Step 23200: Added 0 GSs. Now having 8000000 GSs.
Step 23300: Relocated 375522 GSs.
Step 23300: Added 0 GSs. Now having 8000000 GSs.
Step 23400: Relocated 373485 GSs.
Step 23400: Added 0 GSs. Now having 8000000 GSs.
Step 23500: Relocated 419011 GSs.
Step 23500: Added 0 GSs. Now having 8000000 GSs.
Step 23600: Relocated 404387 GSs.
Step 23600: Added 0 GSs. Now having 8000000 GSs.
Step 23700: Relocated 412330 GSs.
Step 23700: Added 0 GSs. Now having 8000000 GSs.
Step 23800: Relocated 381954 GSs.
Step 23800: Added 0 GSs. Now having 8000000 GSs.
Step 23900: Relocated 384633 GSs.
Step 23900: Added 0 GSs. Now having 8000000 GSs.
Step 24000: Relocated 420534 GSs.
Step 24000: Added 0 GSs. Now having 8000000 GSs.
[24000] loss 0.0577 l1 0.0327 ssim 0.8495 N 8000000
Step 24100: Relocated 412979 GSs.
Step 24100: Added 0 GSs. Now having 8000000 GSs.
Step 24200: Relocated 386589 GSs.
Step 24200: Added 0 GSs. Now having 8000000 GSs.
Step 24300: Relocated 399715 GSs.
Step 24300: Added 0 GSs. Now having 8000000 GSs.
Step 24400: Relocated 384303 GSs.
Step 24400: Added 0 GSs. Now having 8000000 GSs.
Step 24500: Relocated 415586 GSs.
Step 24500: Added 0 GSs. Now having 8000000 GSs.
Step 24600: Relocated 421354 GSs.
Step 24600: Added 0 GSs. Now having 8000000 GSs.
Step 24700: Relocated 399678 GSs.
Step 24700: Added 0 GSs. Now having 8000000 GSs.
Step 24800: Relocated 405073 GSs.
Step 24800: Added 0 GSs. Now having 8000000 GSs.
Step 24900: Relocated 383828 GSs.
Step 24900: Added 0 GSs. Now having 8000000 GSs.
Step 25000: Relocated 401597 GSs.
Step 25000: Added 0 GSs. Now having 8000000 GSs.
[25000] loss 0.0552 l1 0.0328 ssim 0.8622 N 8000000
Step 25100: Relocated 386895 GSs.
Step 25100: Added 0 GSs. Now having 8000000 GSs.
Step 25200: Relocated 424750 GSs.
Step 25200: Added 0 GSs. Now having 8000000 GSs.
Step 25300: Relocated 413355 GSs.
Step 25300: Added 0 GSs. Now having 8000000 GSs.
Step 25400: Relocated 426885 GSs.
Step 25400: Added 0 GSs. Now having 8000000 GSs.
Step 25500: Relocated 417044 GSs.
Step 25500: Added 0 GSs. Now having 8000000 GSs.
Step 25600: Relocated 404489 GSs.
Step 25600: Added 0 GSs. Now having 8000000 GSs.
Step 25700: Relocated 387736 GSs.
Step 25700: Added 0 GSs. Now having 8000000 GSs.
Step 25800: Relocated 401670 GSs.
Step 25800: Added 0 GSs. Now having 8000000 GSs.
Step 25900: Relocated 399182 GSs.
Step 25900: Added 0 GSs. Now having 8000000 GSs.
Step 26000: Relocated 430822 GSs.
Step 26000: Added 0 GSs. Now having 8000000 GSs.
[26000] loss 0.0444 l1 0.0271 ssim 0.8935 N 8000000
Step 26100: Relocated 428252 GSs.
Step 26100: Added 0 GSs. Now having 8000000 GSs.
Step 26200: Relocated 401034 GSs.
Step 26200: Added 0 GSs. Now having 8000000 GSs.
Step 26300: Relocated 386831 GSs.
Step 26300: Added 0 GSs. Now having 8000000 GSs.
Step 26400: Relocated 381354 GSs.
Step 26400: Added 0 GSs. Now having 8000000 GSs.
Step 26500: Relocated 367404 GSs.
Step 26500: Added 0 GSs. Now having 8000000 GSs.
Step 26600: Relocated 374825 GSs.
Step 26600: Added 0 GSs. Now having 8000000 GSs.
Step 26700: Relocated 372522 GSs.
Step 26700: Added 0 GSs. Now having 8000000 GSs.
Step 26800: Relocated 367416 GSs.
Step 26800: Added 0 GSs. Now having 8000000 GSs.
Step 26900: Relocated 360524 GSs.
Step 26900: Added 0 GSs. Now having 8000000 GSs.
Step 27000: Relocated 359482 GSs.
Step 27000: Added 0 GSs. Now having 8000000 GSs.
[27000] loss 0.0609 l1 0.0371 ssim 0.8510 N 8000000
Step 27100: Relocated 367679 GSs.
Step 27100: Added 0 GSs. Now having 8000000 GSs.
Step 27200: Relocated 392222 GSs.
Step 27200: Added 0 GSs. Now having 8000000 GSs.
Step 27300: Relocated 379187 GSs.
Step 27300: Added 0 GSs. Now having 8000000 GSs.
Step 27400: Relocated 398036 GSs.
Step 27400: Added 0 GSs. Now having 8000000 GSs.
Step 27500: Relocated 394896 GSs.
Step 27500: Added 0 GSs. Now having 8000000 GSs.
Step 27600: Relocated 390522 GSs.
Step 27600: Added 0 GSs. Now having 8000000 GSs.
Step 27700: Relocated 386506 GSs.
Step 27700: Added 0 GSs. Now having 8000000 GSs.
Step 27800: Relocated 392164 GSs.
Step 27800: Added 0 GSs. Now having 8000000 GSs.
Step 27900: Relocated 376653 GSs.
Step 27900: Added 0 GSs. Now having 8000000 GSs.
Step 28000: Relocated 369610 GSs.
Step 28000: Added 0 GSs. Now having 8000000 GSs.
[28000] loss 0.0457 l1 0.0296 ssim 0.8973 N 8000000
Step 28100: Relocated 394496 GSs.
Step 28100: Added 0 GSs. Now having 8000000 GSs.
Step 28200: Relocated 380799 GSs.
Step 28200: Added 0 GSs. Now having 8000000 GSs.
Step 28300: Relocated 382556 GSs.
Step 28300: Added 0 GSs. Now having 8000000 GSs.
Step 28400: Relocated 368928 GSs.
Step 28400: Added 0 GSs. Now having 8000000 GSs.
Step 28500: Relocated 389730 GSs.
Step 28500: Added 0 GSs. Now having 8000000 GSs.
Step 28600: Relocated 389636 GSs.
Step 28600: Added 0 GSs. Now having 8000000 GSs.
Step 28700: Relocated 373883 GSs.
Step 28700: Added 0 GSs. Now having 8000000 GSs.
Step 28800: Relocated 355315 GSs.
Step 28800: Added 0 GSs. Now having 8000000 GSs.
Step 28900: Relocated 377107 GSs.
Step 28900: Added 0 GSs. Now having 8000000 GSs.
Step 29000: Relocated 361888 GSs.
Step 29000: Added 0 GSs. Now having 8000000 GSs.
[29000] loss 0.0498 l1 0.0303 ssim 0.8795 N 8000000
Step 29100: Relocated 400200 GSs.
Step 29100: Added 0 GSs. Now having 8000000 GSs.
Step 29200: Relocated 380906 GSs.
Step 29200: Added 0 GSs. Now having 8000000 GSs.
Step 29300: Relocated 395865 GSs.
Step 29300: Added 0 GSs. Now having 8000000 GSs.
Step 29400: Relocated 412299 GSs.
Step 29400: Added 0 GSs. Now having 8000000 GSs.
Step 29500: Relocated 401458 GSs.
Step 29500: Added 0 GSs. Now having 8000000 GSs.
Step 29600: Relocated 366549 GSs.
Step 29600: Added 0 GSs. Now having 8000000 GSs.
Step 29700: Relocated 366928 GSs.
Step 29700: Added 0 GSs. Now having 8000000 GSs.
Step 29800: Relocated 373654 GSs.
Step 29800: Added 0 GSs. Now having 8000000 GSs.
Step 29900: Relocated 358848 GSs.
Step 29900: Added 0 GSs. Now having 8000000 GSs.
Step 30000: Relocated 411673 GSs.
Step 30000: Added 0 GSs. Now having 8000000 GSs.
[30000] loss 0.0391 l1 0.0247 ssim 0.9103 N 8000000
Step 30100: Relocated 386689 GSs.
Step 30100: Added 0 GSs. Now having 8000000 GSs.
Step 30200: Relocated 379319 GSs.
Step 30200: Added 0 GSs. Now having 8000000 GSs.
Step 30300: Relocated 388477 GSs.
Step 30300: Added 0 GSs. Now having 8000000 GSs.
Step 30400: Relocated 374745 GSs.
Step 30400: Added 0 GSs. Now having 8000000 GSs.
Step 30500: Relocated 358237 GSs.
Step 30500: Added 0 GSs. Now having 8000000 GSs.
Step 30600: Relocated 336733 GSs.
Step 30600: Added 0 GSs. Now having 8000000 GSs.
Step 30700: Relocated 361916 GSs.
Step 30700: Added 0 GSs. Now having 8000000 GSs.
Step 30800: Relocated 354424 GSs.
Step 30800: Added 0 GSs. Now having 8000000 GSs.
Step 30900: Relocated 360006 GSs.
Step 30900: Added 0 GSs. Now having 8000000 GSs.
Step 31000: Relocated 356624 GSs.
Step 31000: Added 0 GSs. Now having 8000000 GSs.
[31000] loss 0.0440 l1 0.0278 ssim 0.8986 N 8000000
Step 31100: Relocated 351131 GSs.
Step 31100: Added 0 GSs. Now having 8000000 GSs.
Step 31200: Relocated 355231 GSs.
Step 31200: Added 0 GSs. Now having 8000000 GSs.
Step 31300: Relocated 336031 GSs.
Step 31300: Added 0 GSs. Now having 8000000 GSs.
Step 31400: Relocated 370587 GSs.
Step 31400: Added 0 GSs. Now having 8000000 GSs.
Step 31500: Relocated 354743 GSs.
Step 31500: Added 0 GSs. Now having 8000000 GSs.
Step 31600: Relocated 342861 GSs.
Step 31600: Added 0 GSs. Now having 8000000 GSs.
Step 31700: Relocated 349730 GSs.
Step 31700: Added 0 GSs. Now having 8000000 GSs.
Step 31800: Relocated 352585 GSs.
Step 31800: Added 0 GSs. Now having 8000000 GSs.
Step 31900: Relocated 362648 GSs.
Step 31900: Added 0 GSs. Now having 8000000 GSs.
Step 32000: Relocated 379479 GSs.
Step 32000: Added 0 GSs. Now having 8000000 GSs.
[32000] loss 0.0473 l1 0.0298 ssim 0.8902 N 8000000
Step 32100: Relocated 387243 GSs.
Step 32100: Added 0 GSs. Now having 8000000 GSs.
Step 32200: Relocated 390285 GSs.
Step 32200: Added 0 GSs. Now having 8000000 GSs.
Step 32300: Relocated 356945 GSs.
Step 32300: Added 0 GSs. Now having 8000000 GSs.
Step 32400: Relocated 362915 GSs.
Step 32400: Added 0 GSs. Now having 8000000 GSs.
Step 32500: Relocated 346332 GSs.
Step 32500: Added 0 GSs. Now having 8000000 GSs.
Step 32600: Relocated 354677 GSs.
Step 32600: Added 0 GSs. Now having 8000000 GSs.
Step 32700: Relocated 347265 GSs.
Step 32700: Added 0 GSs. Now having 8000000 GSs.
Step 32800: Relocated 322408 GSs.
Step 32800: Added 0 GSs. Now having 8000000 GSs.
Step 32900: Relocated 328215 GSs.
Step 32900: Added 0 GSs. Now having 8000000 GSs.
Step 33000: Relocated 329046 GSs.
Step 33000: Added 0 GSs. Now having 8000000 GSs.
[33000] loss 0.0395 l1 0.0259 ssim 0.9131 N 8000000
Step 33100: Relocated 355211 GSs.
Step 33100: Added 0 GSs. Now having 8000000 GSs.
Step 33200: Relocated 336200 GSs.
Step 33200: Added 0 GSs. Now having 8000000 GSs.
Step 33300: Relocated 334694 GSs.
Step 33300: Added 0 GSs. Now having 8000000 GSs.
Step 33400: Relocated 335500 GSs.
Step 33400: Added 0 GSs. Now having 8000000 GSs.
Step 33500: Relocated 327824 GSs.
Step 33500: Added 0 GSs. Now having 8000000 GSs.
Step 33600: Relocated 319665 GSs.
Step 33600: Added 0 GSs. Now having 8000000 GSs.
Step 33700: Relocated 331481 GSs.
Step 33700: Added 0 GSs. Now having 8000000 GSs.
Step 33800: Relocated 334867 GSs.
Step 33800: Added 0 GSs. Now having 8000000 GSs.
Step 33900: Relocated 356047 GSs.
Step 33900: Added 0 GSs. Now having 8000000 GSs.
Step 34000: Relocated 319521 GSs.
Step 34000: Added 0 GSs. Now having 8000000 GSs.
[34000] loss 0.0641 l1 0.0391 ssim 0.8429 N 8000000
Step 34100: Relocated 347352 GSs.
Step 34100: Added 0 GSs. Now having 8000000 GSs.
Step 34200: Relocated 339532 GSs.
Step 34200: Added 0 GSs. Now having 8000000 GSs.
Step 34300: Relocated 319919 GSs.
Step 34300: Added 0 GSs. Now having 8000000 GSs.
Step 34400: Relocated 329509 GSs.
Step 34400: Added 0 GSs. Now having 8000000 GSs.
Step 34500: Relocated 315933 GSs.
Step 34500: Added 0 GSs. Now having 8000000 GSs.
Step 34600: Relocated 331503 GSs.
Step 34600: Added 0 GSs. Now having 8000000 GSs.
Step 34700: Relocated 334325 GSs.
Step 34700: Added 0 GSs. Now having 8000000 GSs.
Step 34800: Relocated 320559 GSs.
Step 34800: Added 0 GSs. Now having 8000000 GSs.
Step 34900: Relocated 315369 GSs.
Step 34900: Added 0 GSs. Now having 8000000 GSs.
Step 35000: Relocated 332544 GSs.
Step 35000: Added 0 GSs. Now having 8000000 GSs.
[35000] loss 0.0515 l1 0.0318 ssim 0.8768 N 8000000
Step 35100: Relocated 338010 GSs.
Step 35100: Added 0 GSs. Now having 8000000 GSs.
Step 35200: Relocated 341623 GSs.
Step 35200: Added 0 GSs. Now having 8000000 GSs.
Step 35300: Relocated 311060 GSs.
Step 35300: Added 0 GSs. Now having 8000000 GSs.
Step 35400: Relocated 322769 GSs.
Step 35400: Added 0 GSs. Now having 8000000 GSs.
Step 35500: Relocated 321502 GSs.
Step 35500: Added 0 GSs. Now having 8000000 GSs.
Step 35600: Relocated 322845 GSs.
Step 35600: Added 0 GSs. Now having 8000000 GSs.
Step 35700: Relocated 312553 GSs.
Step 35700: Added 0 GSs. Now having 8000000 GSs.
Step 35800: Relocated 297519 GSs.
Step 35800: Added 0 GSs. Now having 8000000 GSs.
Step 35900: Relocated 306780 GSs.
Step 35900: Added 0 GSs. Now having 8000000 GSs.
Step 36000: Relocated 311110 GSs.
Step 36000: Added 0 GSs. Now having 8000000 GSs.
[36000] loss 0.0574 l1 0.0372 ssim 0.8694 N 8000000
Step 36100: Relocated 314395 GSs.
Step 36100: Added 0 GSs. Now having 8000000 GSs.
Step 36200: Relocated 332080 GSs.
Step 36200: Added 0 GSs. Now having 8000000 GSs.
Step 36300: Relocated 340617 GSs.
Step 36300: Added 0 GSs. Now having 8000000 GSs.
Step 36400: Relocated 332046 GSs.
Step 36400: Added 0 GSs. Now having 8000000 GSs.
Step 36500: Relocated 316138 GSs.
Step 36500: Added 0 GSs. Now having 8000000 GSs.
Step 36600: Relocated 313372 GSs.
Step 36600: Added 0 GSs. Now having 8000000 GSs.
Step 36700: Relocated 320118 GSs.
Step 36700: Added 0 GSs. Now having 8000000 GSs.
Step 36800: Relocated 298391 GSs.
Step 36800: Added 0 GSs. Now having 8000000 GSs.
Step 36900: Relocated 283103 GSs.
Step 36900: Added 0 GSs. Now having 8000000 GSs.
Step 37000: Relocated 293217 GSs.
Step 37000: Added 0 GSs. Now having 8000000 GSs.
[37000] loss 0.0512 l1 0.0301 ssim 0.8720 N 8000000
Step 37100: Relocated 308538 GSs.
Step 37100: Added 0 GSs. Now having 8000000 GSs.
Step 37200: Relocated 297723 GSs.
Step 37200: Added 0 GSs. Now having 8000000 GSs.
Step 37300: Relocated 292426 GSs.
Step 37300: Added 0 GSs. Now having 8000000 GSs.
Step 37400: Relocated 295810 GSs.
Step 37400: Added 0 GSs. Now having 8000000 GSs.
Step 37500: Relocated 299460 GSs.
Step 37500: Added 0 GSs. Now having 8000000 GSs.
Step 37600: Relocated 296210 GSs.
Step 37600: Added 0 GSs. Now having 8000000 GSs.
Step 37700: Relocated 306155 GSs.
Step 37700: Added 0 GSs. Now having 8000000 GSs.
Step 37800: Relocated 304080 GSs.
Step 37800: Added 0 GSs. Now having 8000000 GSs.
Step 37900: Relocated 303931 GSs.
Step 37900: Added 0 GSs. Now having 8000000 GSs.
Step 38000: Relocated 310038 GSs.
Step 38000: Added 0 GSs. Now having 8000000 GSs.
[38000] loss 0.0352 l1 0.0231 ssim 0.9240 N 8000000
Step 38100: Relocated 300793 GSs.
Step 38100: Added 0 GSs. Now having 8000000 GSs.
Step 38200: Relocated 287454 GSs.
Step 38200: Added 0 GSs. Now having 8000000 GSs.
Step 38300: Relocated 271210 GSs.
Step 38300: Added 0 GSs. Now having 8000000 GSs.
Step 38400: Relocated 279763 GSs.
Step 38400: Added 0 GSs. Now having 8000000 GSs.
Step 38500: Relocated 287480 GSs.
Step 38500: Added 0 GSs. Now having 8000000 GSs.
Step 38600: Relocated 280571 GSs.
Step 38600: Added 0 GSs. Now having 8000000 GSs.
Step 38700: Relocated 302768 GSs.
Step 38700: Added 0 GSs. Now having 8000000 GSs.
Step 38800: Relocated 300504 GSs.
Step 38800: Added 0 GSs. Now having 8000000 GSs.
Step 38900: Relocated 297345 GSs.
Step 38900: Added 0 GSs. Now having 8000000 GSs.
Step 39000: Relocated 273738 GSs.
Step 39000: Added 0 GSs. Now having 8000000 GSs.
[39000] loss 0.0579 l1 0.0325 ssim 0.8483 N 8000000
Step 39100: Relocated 271652 GSs.
Step 39100: Added 0 GSs. Now having 8000000 GSs.
Step 39200: Relocated 308761 GSs.
Step 39200: Added 0 GSs. Now having 8000000 GSs.
Step 39300: Relocated 303894 GSs.
Step 39300: Added 0 GSs. Now having 8000000 GSs.
Step 39400: Relocated 278374 GSs.
Step 39400: Added 0 GSs. Now having 8000000 GSs.
Step 39500: Relocated 301268 GSs.
Step 39500: Added 0 GSs. Now having 8000000 GSs.
Step 39600: Relocated 280428 GSs.
Step 39600: Added 0 GSs. Now having 8000000 GSs.
Step 39700: Relocated 283635 GSs.
Step 39700: Added 0 GSs. Now having 8000000 GSs.
Step 39800: Relocated 277274 GSs.
Step 39800: Added 0 GSs. Now having 8000000 GSs.
Step 39900: Relocated 263427 GSs.
Step 39900: Added 0 GSs. Now having 8000000 GSs.
Step 40000: Relocated 269841 GSs.
Step 40000: Added 0 GSs. Now having 8000000 GSs.
[40000] loss 0.0341 l1 0.0224 ssim 0.9266 N 8000000
Step 40100: Relocated 271339 GSs.
Step 40100: Added 0 GSs. Now having 8000000 GSs.
Step 40200: Relocated 258076 GSs.
Step 40200: Added 0 GSs. Now having 8000000 GSs.
Step 40300: Relocated 250250 GSs.
Step 40300: Added 0 GSs. Now having 8000000 GSs.
Step 40400: Relocated 261403 GSs.
Step 40400: Added 0 GSs. Now having 8000000 GSs.
Step 40500: Relocated 256281 GSs.
Step 40500: Added 0 GSs. Now having 8000000 GSs.
Step 40600: Relocated 259225 GSs.
Step 40600: Added 0 GSs. Now having 8000000 GSs.
Step 40700: Relocated 257118 GSs.
Step 40700: Added 0 GSs. Now having 8000000 GSs.
Step 40800: Relocated 273238 GSs.
Step 40800: Added 0 GSs. Now having 8000000 GSs.
Step 40900: Relocated 250208 GSs.
Step 40900: Added 0 GSs. Now having 8000000 GSs.
Step 41000: Relocated 246800 GSs.
Step 41000: Added 0 GSs. Now having 8000000 GSs.
[41000] loss 0.0444 l1 0.0282 ssim 0.8984 N 8000000
Step 41100: Relocated 242739 GSs.
Step 41100: Added 0 GSs. Now having 8000000 GSs.
Step 41200: Relocated 243693 GSs.
Step 41200: Added 0 GSs. Now having 8000000 GSs.
Step 41300: Relocated 235440 GSs.
Step 41300: Added 0 GSs. Now having 8000000 GSs.
Step 41400: Relocated 242679 GSs.
Step 41400: Added 0 GSs. Now having 8000000 GSs.
Step 41500: Relocated 249818 GSs.
Step 41500: Added 0 GSs. Now having 8000000 GSs.
Step 41600: Relocated 252947 GSs.
Step 41600: Added 0 GSs. Now having 8000000 GSs.
Step 41700: Relocated 253989 GSs.
Step 41700: Added 0 GSs. Now having 8000000 GSs.
Step 41800: Relocated 249014 GSs.
Step 41800: Added 0 GSs. Now having 8000000 GSs.
Step 41900: Relocated 258200 GSs.
Step 41900: Added 0 GSs. Now having 8000000 GSs.
Step 42000: Relocated 290860 GSs.
Step 42000: Added 0 GSs. Now having 8000000 GSs.
[42000] loss 0.0293 l1 0.0189 ssim 0.9364 N 8000000
Step 42100: Relocated 269676 GSs.
Step 42100: Added 0 GSs. Now having 8000000 GSs.
Step 42200: Relocated 263244 GSs.
Step 42200: Added 0 GSs. Now having 8000000 GSs.
Step 42300: Relocated 241557 GSs.
Step 42300: Added 0 GSs. Now having 8000000 GSs.
Step 42400: Relocated 237752 GSs.
Step 42400: Added 0 GSs. Now having 8000000 GSs.
Step 42500: Relocated 227123 GSs.
Step 42500: Added 0 GSs. Now having 8000000 GSs.
Step 42600: Relocated 238269 GSs.
Step 42600: Added 0 GSs. Now having 8000000 GSs.
Step 42700: Relocated 242751 GSs.
Step 42700: Added 0 GSs. Now having 8000000 GSs.
Step 42800: Relocated 240133 GSs.
Step 42800: Added 0 GSs. Now having 8000000 GSs.
Step 42900: Relocated 235173 GSs.
Step 42900: Added 0 GSs. Now having 8000000 GSs.
Step 43000: Relocated 225416 GSs.
Step 43000: Added 0 GSs. Now having 8000000 GSs.
[43000] loss 0.0453 l1 0.0293 ssim 0.8987 N 8000000
Step 43100: Relocated 224923 GSs.
Step 43100: Added 0 GSs. Now having 8000000 GSs.
Step 43200: Relocated 232366 GSs.
Step 43200: Added 0 GSs. Now having 8000000 GSs.
Step 43300: Relocated 234522 GSs.
Step 43300: Added 0 GSs. Now having 8000000 GSs.
Step 43400: Relocated 249043 GSs.
Step 43400: Added 0 GSs. Now having 8000000 GSs.
Step 43500: Relocated 244940 GSs.
Step 43500: Added 0 GSs. Now having 8000000 GSs.
Step 43600: Relocated 251076 GSs.
Step 43600: Added 0 GSs. Now having 8000000 GSs.
Step 43700: Relocated 245791 GSs.
Step 43700: Added 0 GSs. Now having 8000000 GSs.
Step 43800: Relocated 239084 GSs.
Step 43800: Added 0 GSs. Now having 8000000 GSs.
Step 43900: Relocated 229477 GSs.
Step 43900: Added 0 GSs. Now having 8000000 GSs.
Step 44000: Relocated 236812 GSs.
Step 44000: Added 0 GSs. Now having 8000000 GSs.
[44000] loss 0.0330 l1 0.0222 ssim 0.9316 N 8000000
Step 44100: Relocated 242112 GSs.
Step 44100: Added 0 GSs. Now having 8000000 GSs.
Step 44200: Relocated 238935 GSs.
Step 44200: Added 0 GSs. Now having 8000000 GSs.
Step 44300: Relocated 244752 GSs.
Step 44300: Added 0 GSs. Now having 8000000 GSs.
Step 44400: Relocated 246058 GSs.
Step 44400: Added 0 GSs. Now having 8000000 GSs.
Step 44500: Relocated 227890 GSs.
Step 44500: Added 0 GSs. Now having 8000000 GSs.
Step 44600: Relocated 219680 GSs.
Step 44600: Added 0 GSs. Now having 8000000 GSs.
Step 44700: Relocated 225643 GSs.
Step 44700: Added 0 GSs. Now having 8000000 GSs.
Step 44800: Relocated 207456 GSs.
Step 44800: Added 0 GSs. Now having 8000000 GSs.
Step 44900: Relocated 224521 GSs.
Step 44900: Added 0 GSs. Now having 8000000 GSs.
Step 45000: Relocated 224061 GSs.
Step 45000: Added 0 GSs. Now having 8000000 GSs.
[45000] loss 0.0494 l1 0.0299 ssim 0.8807 N 8000000
Step 45100: Relocated 218458 GSs.
Step 45100: Added 0 GSs. Now having 8000000 GSs.
Step 45200: Relocated 220058 GSs.
Step 45200: Added 0 GSs. Now having 8000000 GSs.
Step 45300: Relocated 209876 GSs.
Step 45300: Added 0 GSs. Now having 8000000 GSs.
Step 45400: Relocated 222172 GSs.
Step 45400: Added 0 GSs. Now having 8000000 GSs.
Step 45500: Relocated 216722 GSs.
Step 45500: Added 0 GSs. Now having 8000000 GSs.
Step 45600: Relocated 203515 GSs.
Step 45600: Added 0 GSs. Now having 8000000 GSs.
Step 45700: Relocated 201512 GSs.
Step 45700: Added 0 GSs. Now having 8000000 GSs.
Step 45800: Relocated 212340 GSs.
Step 45800: Added 0 GSs. Now having 8000000 GSs.
Step 45900: Relocated 203503 GSs.
Step 45900: Added 0 GSs. Now having 8000000 GSs.
Step 46000: Relocated 210994 GSs.
Step 46000: Added 0 GSs. Now having 8000000 GSs.
[46000] loss 0.0533 l1 0.0319 ssim 0.8692 N 8000000
Step 46100: Relocated 215161 GSs.
Step 46100: Added 0 GSs. Now having 8000000 GSs.
Step 46200: Relocated 204026 GSs.
Step 46200: Added 0 GSs. Now having 8000000 GSs.
Step 46300: Relocated 209260 GSs.
Step 46300: Added 0 GSs. Now having 8000000 GSs.
Step 46400: Relocated 211155 GSs.
Step 46400: Added 0 GSs. Now having 8000000 GSs.
Step 46500: Relocated 195035 GSs.
Step 46500: Added 0 GSs. Now having 8000000 GSs.
Step 46600: Relocated 195775 GSs.
Step 46600: Added 0 GSs. Now having 8000000 GSs.
Step 46700: Relocated 195489 GSs.
Step 46700: Added 0 GSs. Now having 8000000 GSs.
Step 46800: Relocated 189979 GSs.
Step 46800: Added 0 GSs. Now having 8000000 GSs.
Step 46900: Relocated 192318 GSs.
Step 46900: Added 0 GSs. Now having 8000000 GSs.
Step 47000: Relocated 195836 GSs.
Step 47000: Added 0 GSs. Now having 8000000 GSs.
[47000] loss 0.0375 l1 0.0251 ssim 0.9210 N 8000000
Step 47100: Relocated 218338 GSs.
Step 47100: Added 0 GSs. Now having 8000000 GSs.
Step 47200: Relocated 206285 GSs.
Step 47200: Added 0 GSs. Now having 8000000 GSs.
Step 47300: Relocated 215371 GSs.
Step 47300: Added 0 GSs. Now having 8000000 GSs.
Step 47400: Relocated 205825 GSs.
Step 47400: Added 0 GSs. Now having 8000000 GSs.
Step 47500: Relocated 191581 GSs.
Step 47500: Added 0 GSs. Now having 8000000 GSs.
Step 47600: Relocated 184170 GSs.
Step 47600: Added 0 GSs. Now having 8000000 GSs.
Step 47700: Relocated 189179 GSs.
Step 47700: Added 0 GSs. Now having 8000000 GSs.
Step 47800: Relocated 189133 GSs.
Step 47800: Added 0 GSs. Now having 8000000 GSs.
Step 47900: Relocated 191772 GSs.
Step 47900: Added 0 GSs. Now having 8000000 GSs.
Step 48000: Relocated 188036 GSs.
Step 48000: Added 0 GSs. Now having 8000000 GSs.
[48000] loss 0.0342 l1 0.0239 ssim 0.9324 N 8000000
Step 48100: Relocated 196209 GSs.
Step 48100: Added 0 GSs. Now having 8000000 GSs.
Step 48200: Relocated 193227 GSs.
Step 48200: Added 0 GSs. Now having 8000000 GSs.
Step 48300: Relocated 181843 GSs.
Step 48300: Added 0 GSs. Now having 8000000 GSs.
Step 48400: Relocated 181879 GSs.
Step 48400: Added 0 GSs. Now having 8000000 GSs.
Step 48500: Relocated 175153 GSs.
Step 48500: Added 0 GSs. Now having 8000000 GSs.
Step 48600: Relocated 184939 GSs.
Step 48600: Added 0 GSs. Now having 8000000 GSs.
Step 48700: Relocated 179716 GSs.
Step 48700: Added 0 GSs. Now having 8000000 GSs.
Step 48800: Relocated 173321 GSs.
Step 48800: Added 0 GSs. Now having 8000000 GSs.
Step 48900: Relocated 176662 GSs.
Step 48900: Added 0 GSs. Now having 8000000 GSs.
Step 49000: Relocated 180362 GSs.
Step 49000: Added 0 GSs. Now having 8000000 GSs.
[49000] loss 0.0331 l1 0.0213 ssim 0.9278 N 8000000
Step 49100: Relocated 173912 GSs.
Step 49100: Added 0 GSs. Now having 8000000 GSs.
Step 49200: Relocated 179681 GSs.
Step 49200: Added 0 GSs. Now having 8000000 GSs.
Step 49300: Relocated 164148 GSs.
Step 49300: Added 0 GSs. Now having 8000000 GSs.
Step 49400: Relocated 164740 GSs.
Step 49400: Added 0 GSs. Now having 8000000 GSs.
Step 49500: Relocated 165641 GSs.
Step 49500: Added 0 GSs. Now having 8000000 GSs.
Step 49600: Relocated 163081 GSs.
Step 49600: Added 0 GSs. Now having 8000000 GSs.
Step 49700: Relocated 169063 GSs.
Step 49700: Added 0 GSs. Now having 8000000 GSs.
Step 49800: Relocated 183128 GSs.
Step 49800: Added 0 GSs. Now having 8000000 GSs.
Step 49900: Relocated 177034 GSs.
Step 49900: Added 0 GSs. Now having 8000000 GSs.
[50000] loss 0.0471 l1 0.0304 ssim 0.8942 N 8000000
Setting up [LPIPS] perceptual loss: trunk [vgg], v[0.1], spatial [off]
/home/bkai/miniconda3/envs/gsplat/lib/python3.10/site-packages/torchvision/models/_utils.py:208: UserWarning: The parameter 'pretrained' is deprecated since 0.13 and may be removed in the future, please use 'weights' instead.
  warnings.warn(
/home/bkai/miniconda3/envs/gsplat/lib/python3.10/site-packages/torchvision/models/_utils.py:223: UserWarning: Arguments other than a weight enum or `None` for 'weights' are deprecated since 0.13 and may be removed in the future. The current behavior is equivalent to passing `weights=VGG16_Weights.IMAGENET1K_V1`. You can also use `weights=VGG16_Weights.DEFAULT` to get the most up-to-date weights.
  warnings.warn(msg)
Loading model from: /home/bkai/miniconda3/envs/gsplat/lib/python3.10/site-packages/lpips/weights/v0.1/vgg.pth
[51000] loss 0.0435 l1 0.0250 ssim 0.9257 N 8000000
[52000] loss 0.0510 l1 0.0261 ssim 0.8987 N 8000000
[53000] loss 0.0560 l1 0.0292 ssim 0.8885 N 8000000
[54000] loss 0.0422 l1 0.0219 ssim 0.9173 N 8000000
[55000] loss 0.0386 l1 0.0216 ssim 0.9288 N 8000000
[56000] loss 0.0492 l1 0.0239 ssim 0.9027 N 8000000
[57000] loss 0.0409 l1 0.0209 ssim 0.9237 N 8000000
[58000] loss 0.0395 l1 0.0208 ssim 0.9278 N 8000000
[59000] loss 0.0417 l1 0.0231 ssim 0.9197 N 8000000
[59999] loss 0.0556 l1 0.0289 ssim 0.8852 N 8000000
Saved 8000000 gaussians to /mnt/d/avv/output/HNI0131_gsplatB9ut60k/ckpt.pt
=== [gpu1] UT60k HNI0131 TRAIN DONE ===
Wrote 60 images to /mnt/d/avv/output/HNI0131_gsplatB9ut60k/test_poses_renders
=== [gpu1] UT60k HNI0131 RENDERED ===
=== [gpu1] CLAIMED HNI0366 ===
240/357 images.bin entries have files in /home/bkai/data/phase1/private_set1/HNI0366/train/images
240 views, 145502 init points, K=[[926.5,0,660.0],[0,926.5,494.5]], size 1320x989
3DGUT mode: classic + with_ut + with_eval3d, k1=+0.011961
scene_scale 11.675
/mnt/c/Users/BKAI/an_plaza2/FastGS/gsplat_track/train_gsplat.py:320: UserWarning: The given NumPy array is not writable, and PyTorch does not support non-writable tensors. This means writing to this tensor will result in undefined behavior. You may want to copy the array to protect its data or make it writable before converting it to a tensor. This type of warning will be suppressed for the rest of this program. (Triggered internally at /pytorch/torch/csrc/utils/tensor_numpy.cpp:203.)
  gt_cache[vi] = torch.from_numpy(
[0] loss 0.3412 l1 0.2356 ssim 0.2678 N 145502
Step 600: Relocated 37633 GSs.
Step 600: Added 7275 GSs. Now having 152777 GSs.
Step 700: Relocated 6990 GSs.
Step 700: Added 7638 GSs. Now having 160415 GSs.
Step 800: Relocated 5772 GSs.
Step 800: Added 8020 GSs. Now having 168435 GSs.
Step 900: Relocated 5801 GSs.
Step 900: Added 8421 GSs. Now having 176856 GSs.
Step 1000: Relocated 5742 GSs.
Step 1000: Added 8842 GSs. Now having 185698 GSs.
[1000] loss 0.1301 l1 0.0616 ssim 0.6121 N 185698
Step 1100: Relocated 5877 GSs.
Step 1100: Added 9284 GSs. Now having 194982 GSs.
Step 1200: Relocated 6458 GSs.
Step 1200: Added 9749 GSs. Now having 204731 GSs.
Step 1300: Relocated 6777 GSs.
Step 1300: Added 10236 GSs. Now having 214967 GSs.
Step 1400: Relocated 7206 GSs.
Step 1400: Added 10748 GSs. Now having 225715 GSs.
Step 1500: Relocated 8639 GSs.
Step 1500: Added 11285 GSs. Now having 237000 GSs.
Step 1600: Relocated 8638 GSs.
Step 1600: Added 11850 GSs. Now having 248850 GSs.
Step 1700: Relocated 9700 GSs.
Step 1700: Added 12442 GSs. Now having 261292 GSs.
Step 1800: Relocated 9282 GSs.
Step 1800: Added 13064 GSs. Now having 274356 GSs.
Step 1900: Relocated 10137 GSs.
Step 1900: Added 13717 GSs. Now having 288073 GSs.
Step 2000: Relocated 12743 GSs.
Step 2000: Added 14403 GSs. Now having 302476 GSs.
[2000] loss 0.1341 l1 0.0611 ssim 0.5874 N 302476
Step 2100: Relocated 13906 GSs.
Step 2100: Added 15123 GSs. Now having 317599 GSs.
Step 2200: Relocated 13386 GSs.
Step 2200: Added 15879 GSs. Now having 333478 GSs.
Step 2300: Relocated 14129 GSs.
Step 2300: Added 16673 GSs. Now having 350151 GSs.
Step 2400: Relocated 17176 GSs.
Step 2400: Added 17507 GSs. Now having 367658 GSs.
Step 2500: Relocated 17120 GSs.
Step 2500: Added 18382 GSs. Now having 386040 GSs.
Step 2600: Relocated 17465 GSs.
Step 2600: Added 19302 GSs. Now having 405342 GSs.
Step 2700: Relocated 17938 GSs.
Step 2700: Added 20267 GSs. Now having 425609 GSs.
Step 2800: Relocated 21453 GSs.
Step 2800: Added 21280 GSs. Now having 446889 GSs.
Step 2900: Relocated 20446 GSs.
Step 2900: Added 22344 GSs. Now having 469233 GSs.
Step 3000: Relocated 22300 GSs.
Step 3000: Added 23461 GSs. Now having 492694 GSs.
[3000] loss 0.1011 l1 0.0500 ssim 0.7056 N 492694
Step 3100: Relocated 23387 GSs.
Step 3100: Added 24634 GSs. Now having 517328 GSs.
Step 3200: Relocated 25428 GSs.
Step 3200: Added 25866 GSs. Now having 543194 GSs.
Step 3300: Relocated 30285 GSs.
Step 3300: Added 27159 GSs. Now having 570353 GSs.
Step 3400: Relocated 30302 GSs.
Step 3400: Added 28517 GSs. Now having 598870 GSs.
Step 3500: Relocated 29485 GSs.
Step 3500: Added 29943 GSs. Now having 628813 GSs.
Step 3600: Relocated 32190 GSs.
Step 3600: Added 31440 GSs. Now having 660253 GSs.
Step 3700: Relocated 36068 GSs.
Step 3700: Added 33012 GSs. Now having 693265 GSs.
Step 3800: Relocated 34852 GSs.
Step 3800: Added 34663 GSs. Now having 727928 GSs.
Step 3900: Relocated 34264 GSs.
Step 3900: Added 36396 GSs. Now having 764324 GSs.
Step 4000: Relocated 40547 GSs.
Step 4000: Added 38216 GSs. Now having 802540 GSs.
[4000] loss 0.1189 l1 0.0479 ssim 0.6070 N 802540
Step 4100: Relocated 47760 GSs.
Step 4100: Added 40127 GSs. Now having 842667 GSs.
Step 4200: Relocated 51882 GSs.
Step 4200: Added 42133 GSs. Now having 884800 GSs.
Step 4300: Relocated 54683 GSs.
Step 4300: Added 44240 GSs. Now having 929040 GSs.
Step 4400: Relocated 50730 GSs.
Step 4400: Added 46452 GSs. Now having 975492 GSs.
Step 4500: Relocated 50551 GSs.
Step 4500: Added 48774 GSs. Now having 1024266 GSs.
Step 4600: Relocated 58843 GSs.
Step 4600: Added 51213 GSs. Now having 1075479 GSs.
Step 4700: Relocated 83502 GSs.
Step 4700: Added 53773 GSs. Now having 1129252 GSs.
Step 4800: Relocated 70638 GSs.
Step 4800: Added 56462 GSs. Now having 1185714 GSs.
Step 4900: Relocated 75915 GSs.
Step 4900: Added 59285 GSs. Now having 1244999 GSs.
Step 5000: Relocated 77123 GSs.
Step 5000: Added 62249 GSs. Now having 1307248 GSs.
[5000] loss 0.1027 l1 0.0442 ssim 0.6721 N 1307248
Step 5100: Relocated 79011 GSs.
Step 5100: Added 65362 GSs. Now having 1372610 GSs.
Step 5200: Relocated 89875 GSs.
Step 5200: Added 68630 GSs. Now having 1441240 GSs.
Step 5300: Relocated 99989 GSs.
Step 5300: Added 72062 GSs. Now having 1513302 GSs.
Step 5400: Relocated 100391 GSs.
Step 5400: Added 75665 GSs. Now having 1588967 GSs.
Step 5500: Relocated 109281 GSs.
Step 5500: Added 79448 GSs. Now having 1668415 GSs.
Step 5600: Relocated 109548 GSs.
Step 5600: Added 83420 GSs. Now having 1751835 GSs.
Step 5700: Relocated 129239 GSs.
Step 5700: Added 87591 GSs. Now having 1839426 GSs.
Step 5800: Relocated 140985 GSs.
Step 5800: Added 91971 GSs. Now having 1931397 GSs.
Step 5900: Relocated 143758 GSs.
Step 5900: Added 96569 GSs. Now having 2027966 GSs.
Step 6000: Relocated 141525 GSs.
Step 6000: Added 101398 GSs. Now having 2129364 GSs.
[6000] loss 0.0931 l1 0.0427 ssim 0.7128 N 2129364
Step 6100: Relocated 153153 GSs.
Step 6100: Added 106468 GSs. Now having 2235832 GSs.
Step 6200: Relocated 163520 GSs.
Step 6200: Added 111791 GSs. Now having 2347623 GSs.
Step 6300: Relocated 163772 GSs.
Step 6300: Added 117381 GSs. Now having 2465004 GSs.
Step 6400: Relocated 182024 GSs.
Step 6400: Added 123250 GSs. Now having 2588254 GSs.
Step 6500: Relocated 180412 GSs.
Step 6500: Added 129412 GSs. Now having 2717666 GSs.
Step 6600: Relocated 205628 GSs.
Step 6600: Added 135883 GSs. Now having 2853549 GSs.
Step 6700: Relocated 211124 GSs.
Step 6700: Added 142677 GSs. Now having 2996226 GSs.
Step 6800: Relocated 204758 GSs.
Step 6800: Added 149811 GSs. Now having 3146037 GSs.
Step 6900: Relocated 228935 GSs.
Step 6900: Added 157301 GSs. Now having 3303338 GSs.
Step 7000: Relocated 282734 GSs.
Step 7000: Added 165166 GSs. Now having 3468504 GSs.
[7000] loss 0.0858 l1 0.0427 ssim 0.7483 N 3468504
Step 7100: Relocated 272502 GSs.
Step 7100: Added 173425 GSs. Now having 3641929 GSs.
Step 7200: Relocated 286783 GSs.
Step 7200: Added 182096 GSs. Now having 3824025 GSs.
Step 7300: Relocated 308793 GSs.
Step 7300: Added 191201 GSs. Now having 4015226 GSs.
Step 7400: Relocated 345514 GSs.
Step 7400: Added 200761 GSs. Now having 4215987 GSs.
Step 7500: Relocated 374872 GSs.
Step 7500: Added 210799 GSs. Now having 4426786 GSs.
Step 7600: Relocated 385263 GSs.
Step 7600: Added 221339 GSs. Now having 4648125 GSs.
Step 7700: Relocated 408174 GSs.
Step 7700: Added 232406 GSs. Now having 4880531 GSs.
Step 7800: Relocated 411949 GSs.
Step 7800: Added 244026 GSs. Now having 5124557 GSs.
Step 7900: Relocated 417151 GSs.
Step 7900: Added 256227 GSs. Now having 5380784 GSs.
Step 8000: Relocated 428531 GSs.
Step 8000: Added 269039 GSs. Now having 5649823 GSs.
[8000] loss 0.0881 l1 0.0435 ssim 0.7394 N 5649823
Step 8100: Relocated 484526 GSs.
Step 8100: Added 282491 GSs. Now having 5932314 GSs.
Step 8200: Relocated 472057 GSs.
Step 8200: Added 296615 GSs. Now having 6228929 GSs.
Step 8300: Relocated 496714 GSs.
Step 8300: Added 311446 GSs. Now having 6540375 GSs.
Step 8400: Relocated 549375 GSs.
Step 8400: Added 327018 GSs. Now having 6867393 GSs.
Step 8500: Relocated 544708 GSs.
Step 8500: Added 343369 GSs. Now having 7210762 GSs.
Step 8600: Relocated 594166 GSs.
Step 8600: Added 360538 GSs. Now having 7571300 GSs.
Step 8700: Relocated 635267 GSs.
Step 8700: Added 378565 GSs. Now having 7949865 GSs.
Step 8800: Relocated 694760 GSs.
Step 8800: Added 50135 GSs. Now having 8000000 GSs.
Step 8900: Relocated 601477 GSs.
Step 8900: Added 0 GSs. Now having 8000000 GSs.
Step 9000: Relocated 524286 GSs.
Step 9000: Added 0 GSs. Now having 8000000 GSs.
[9000] loss 0.1058 l1 0.0463 ssim 0.6614 N 8000000
Step 9100: Relocated 453474 GSs.
Step 9100: Added 0 GSs. Now having 8000000 GSs.
Step 9200: Relocated 422927 GSs.
Step 9200: Added 0 GSs. Now having 8000000 GSs.
Step 9300: Relocated 417577 GSs.
Step 9300: Added 0 GSs. Now having 8000000 GSs.
Step 9400: Relocated 399311 GSs.
Step 9400: Added 0 GSs. Now having 8000000 GSs.
Step 9500: Relocated 405246 GSs.
Step 9500: Added 0 GSs. Now having 8000000 GSs.
Step 9600: Relocated 410974 GSs.
Step 9600: Added 0 GSs. Now having 8000000 GSs.
Step 9700: Relocated 398045 GSs.
Step 9700: Added 0 GSs. Now having 8000000 GSs.
Step 9800: Relocated 409356 GSs.
Step 9800: Added 0 GSs. Now having 8000000 GSs.
Step 9900: Relocated 373956 GSs.
Step 9900: Added 0 GSs. Now having 8000000 GSs.
Step 10000: Relocated 391425 GSs.
Step 10000: Added 0 GSs. Now having 8000000 GSs.
[10000] loss 0.0935 l1 0.0483 ssim 0.7313 N 8000000
Step 10100: Relocated 394678 GSs.
Step 10100: Added 0 GSs. Now having 8000000 GSs.
Step 10200: Relocated 377451 GSs.
Step 10200: Added 0 GSs. Now having 8000000 GSs.
Step 10300: Relocated 384504 GSs.
Step 10300: Added 0 GSs. Now having 8000000 GSs.
Step 10400: Relocated 392282 GSs.
Step 10400: Added 0 GSs. Now having 8000000 GSs.
Step 10500: Relocated 376725 GSs.
Step 10500: Added 0 GSs. Now having 8000000 GSs.
Step 10600: Relocated 354731 GSs.
Step 10600: Added 0 GSs. Now having 8000000 GSs.
Step 10700: Relocated 366452 GSs.
Step 10700: Added 0 GSs. Now having 8000000 GSs.
Step 10800: Relocated 352692 GSs.
Step 10800: Added 0 GSs. Now having 8000000 GSs.
Step 10900: Relocated 359822 GSs.
Step 10900: Added 0 GSs. Now having 8000000 GSs.
Step 11000: Relocated 372331 GSs.
Step 11000: Added 0 GSs. Now having 8000000 GSs.
[11000] loss 0.0629 l1 0.0340 ssim 0.8270 N 8000000
Step 11100: Relocated 383883 GSs.
Step 11100: Added 0 GSs. Now having 8000000 GSs.
Step 11200: Relocated 372373 GSs.
Step 11200: Added 0 GSs. Now having 8000000 GSs.
Step 11300: Relocated 361353 GSs.
Step 11300: Added 0 GSs. Now having 8000000 GSs.
Step 11400: Relocated 376659 GSs.
Step 11400: Added 0 GSs. Now having 8000000 GSs.
Step 11500: Relocated 380622 GSs.
Step 11500: Added 0 GSs. Now having 8000000 GSs.
Step 11600: Relocated 368873 GSs.
Step 11600: Added 0 GSs. Now having 8000000 GSs.
Step 11700: Relocated 359201 GSs.
Step 11700: Added 0 GSs. Now having 8000000 GSs.
Step 11800: Relocated 357712 GSs.
Step 11800: Added 0 GSs. Now having 8000000 GSs.
Step 11900: Relocated 376471 GSs.
Step 11900: Added 0 GSs. Now having 8000000 GSs.
Step 12000: Relocated 423813 GSs.
Step 12000: Added 0 GSs. Now having 8000000 GSs.
[12000] loss 0.0748 l1 0.0381 ssim 0.7841 N 8000000
Step 12100: Relocated 397587 GSs.
Step 12100: Added 0 GSs. Now having 8000000 GSs.
Step 12200: Relocated 370097 GSs.
Step 12200: Added 0 GSs. Now having 8000000 GSs.
Step 12300: Relocated 375390 GSs.
Step 12300: Added 0 GSs. Now having 8000000 GSs.
Step 12400: Relocated 365812 GSs.
Step 12400: Added 0 GSs. Now having 8000000 GSs.
Step 12500: Relocated 382017 GSs.
Step 12500: Added 0 GSs. Now having 8000000 GSs.
Step 12600: Relocated 376165 GSs.
Step 12600: Added 0 GSs. Now having 8000000 GSs.
Step 12700: Relocated 385391 GSs.
Step 12700: Added 0 GSs. Now having 8000000 GSs.
Step 12800: Relocated 376376 GSs.
Step 12800: Added 0 GSs. Now having 8000000 GSs.
Step 12900: Relocated 374046 GSs.
Step 12900: Added 0 GSs. Now having 8000000 GSs.
Step 13000: Relocated 416126 GSs.
Step 13000: Added 0 GSs. Now having 8000000 GSs.
[13000] loss 0.0613 l1 0.0341 ssim 0.8357 N 8000000
Step 13100: Relocated 413803 GSs.
Step 13100: Added 0 GSs. Now having 8000000 GSs.
Step 13200: Relocated 428905 GSs.
Step 13200: Added 0 GSs. Now having 8000000 GSs.
Step 13300: Relocated 415939 GSs.
Step 13300: Added 0 GSs. Now having 8000000 GSs.
Step 13400: Relocated 419677 GSs.
Step 13400: Added 0 GSs. Now having 8000000 GSs.
Step 13500: Relocated 416651 GSs.
Step 13500: Added 0 GSs. Now having 8000000 GSs.
Step 13600: Relocated 387903 GSs.
Step 13600: Added 0 GSs. Now having 8000000 GSs.
Step 13700: Relocated 424674 GSs.
Step 13700: Added 0 GSs. Now having 8000000 GSs.
Step 13800: Relocated 393108 GSs.
Step 13800: Added 0 GSs. Now having 8000000 GSs.
Step 13900: Relocated 394241 GSs.
Step 13900: Added 0 GSs. Now having 8000000 GSs.
Step 14000: Relocated 410952 GSs.
Step 14000: Added 0 GSs. Now having 8000000 GSs.
[14000] loss 0.0691 l1 0.0354 ssim 0.8021 N 8000000
Step 14100: Relocated 398820 GSs.
Step 14100: Added 0 GSs. Now having 8000000 GSs.
Step 14200: Relocated 384766 GSs.
Step 14200: Added 0 GSs. Now having 8000000 GSs.
Step 14300: Relocated 406188 GSs.
Step 14300: Added 0 GSs. Now having 8000000 GSs.
Step 14400: Relocated 385165 GSs.
Step 14400: Added 0 GSs. Now having 8000000 GSs.
Step 14500: Relocated 398845 GSs.
Step 14500: Added 0 GSs. Now having 8000000 GSs.
Step 14600: Relocated 397757 GSs.
Step 14600: Added 0 GSs. Now having 8000000 GSs.
Step 14700: Relocated 391412 GSs.
Step 14700: Added 0 GSs. Now having 8000000 GSs.
Step 14800: Relocated 409088 GSs.
Step 14800: Added 0 GSs. Now having 8000000 GSs.
Step 14900: Relocated 387128 GSs.
Step 14900: Added 0 GSs. Now having 8000000 GSs.
Step 15000: Relocated 397818 GSs.
Step 15000: Added 0 GSs. Now having 8000000 GSs.
[15000] loss 0.0769 l1 0.0367 ssim 0.7684 N 8000000
Step 15100: Relocated 426729 GSs.
Step 15100: Added 0 GSs. Now having 8000000 GSs.
Step 15200: Relocated 415785 GSs.
Step 15200: Added 0 GSs. Now having 8000000 GSs.
Step 15300: Relocated 418583 GSs.
Step 15300: Added 0 GSs. Now having 8000000 GSs.
Step 15400: Relocated 417049 GSs.
Step 15400: Added 0 GSs. Now having 8000000 GSs.
Step 15500: Relocated 429899 GSs.
Step 15500: Added 0 GSs. Now having 8000000 GSs.
Step 15600: Relocated 407386 GSs.
Step 15600: Added 0 GSs. Now having 8000000 GSs.
Step 15700: Relocated 407616 GSs.
Step 15700: Added 0 GSs. Now having 8000000 GSs.
Step 15800: Relocated 402685 GSs.
Step 15800: Added 0 GSs. Now having 8000000 GSs.
Step 15900: Relocated 424422 GSs.
Step 15900: Added 0 GSs. Now having 8000000 GSs.
Step 16000: Relocated 403488 GSs.
Step 16000: Added 0 GSs. Now having 8000000 GSs.
[16000] loss 0.0652 l1 0.0355 ssim 0.8218 N 8000000
Step 16100: Relocated 395515 GSs.
Step 16100: Added 0 GSs. Now having 8000000 GSs.
Step 16200: Relocated 425553 GSs.
Step 16200: Added 0 GSs. Now having 8000000 GSs.
Step 16300: Relocated 447007 GSs.
Step 16300: Added 0 GSs. Now having 8000000 GSs.
Step 16400: Relocated 424258 GSs.
Step 16400: Added 0 GSs. Now having 8000000 GSs.
Step 16500: Relocated 389106 GSs.
Step 16500: Added 0 GSs. Now having 8000000 GSs.
Step 16600: Relocated 403460 GSs.
Step 16600: Added 0 GSs. Now having 8000000 GSs.
Step 16700: Relocated 410862 GSs.
Step 16700: Added 0 GSs. Now having 8000000 GSs.
Step 16800: Relocated 450226 GSs.
Step 16800: Added 0 GSs. Now having 8000000 GSs.
Step 16900: Relocated 407444 GSs.
Step 16900: Added 0 GSs. Now having 8000000 GSs.
Step 17000: Relocated 402917 GSs.
Step 17000: Added 0 GSs. Now having 8000000 GSs.
[17000] loss 0.0708 l1 0.0373 ssim 0.8014 N 8000000
Step 17100: Relocated 413132 GSs.
Step 17100: Added 0 GSs. Now having 8000000 GSs.
Step 17200: Relocated 397833 GSs.
Step 17200: Added 0 GSs. Now having 8000000 GSs.
Step 17300: Relocated 412404 GSs.
Step 17300: Added 0 GSs. Now having 8000000 GSs.
Step 17400: Relocated 396793 GSs.
Step 17400: Added 0 GSs. Now having 8000000 GSs.
Step 17500: Relocated 407734 GSs.
Step 17500: Added 0 GSs. Now having 8000000 GSs.
Step 17600: Relocated 409527 GSs.
Step 17600: Added 0 GSs. Now having 8000000 GSs.
Step 17700: Relocated 386122 GSs.
Step 17700: Added 0 GSs. Now having 8000000 GSs.
Step 17800: Relocated 409883 GSs.
Step 17800: Added 0 GSs. Now having 8000000 GSs.
Step 17900: Relocated 410433 GSs.
Step 17900: Added 0 GSs. Now having 8000000 GSs.
Step 18000: Relocated 404251 GSs.
Step 18000: Added 0 GSs. Now having 8000000 GSs.
[18000] loss 0.0698 l1 0.0368 ssim 0.8043 N 8000000
Step 18100: Relocated 401540 GSs.
Step 18100: Added 0 GSs. Now having 8000000 GSs.
Step 18200: Relocated 380688 GSs.
Step 18200: Added 0 GSs. Now having 8000000 GSs.
Step 18300: Relocated 430607 GSs.
Step 18300: Added 0 GSs. Now having 8000000 GSs.
Step 18400: Relocated 399412 GSs.
Step 18400: Added 0 GSs. Now having 8000000 GSs.
Step 18500: Relocated 389655 GSs.
Step 18500: Added 0 GSs. Now having 8000000 GSs.
Step 18600: Relocated 377812 GSs.
Step 18600: Added 0 GSs. Now having 8000000 GSs.
Step 18700: Relocated 387396 GSs.
Step 18700: Added 0 GSs. Now having 8000000 GSs.
Step 18800: Relocated 395916 GSs.
Step 18800: Added 0 GSs. Now having 8000000 GSs.
Step 18900: Relocated 412492 GSs.
Step 18900: Added 0 GSs. Now having 8000000 GSs.
Step 19000: Relocated 428985 GSs.
Step 19000: Added 0 GSs. Now having 8000000 GSs.
[19000] loss 0.0960 l1 0.0437 ssim 0.7010 N 8000000
Step 19100: Relocated 421849 GSs.
Step 19100: Added 0 GSs. Now having 8000000 GSs.
Step 19200: Relocated 375868 GSs.
Step 19200: Added 0 GSs. Now having 8000000 GSs.
Step 19300: Relocated 384628 GSs.
Step 19300: Added 0 GSs. Now having 8000000 GSs.
Step 19400: Relocated 397459 GSs.
Step 19400: Added 0 GSs. Now having 8000000 GSs.
Step 19500: Relocated 412295 GSs.
Step 19500: Added 0 GSs. Now having 8000000 GSs.
Step 19600: Relocated 413227 GSs.
Step 19600: Added 0 GSs. Now having 8000000 GSs.
Step 19700: Relocated 394768 GSs.
Step 19700: Added 0 GSs. Now having 8000000 GSs.
Step 19800: Relocated 382467 GSs.
Step 19800: Added 0 GSs. Now having 8000000 GSs.
Step 19900: Relocated 376583 GSs.
Step 19900: Added 0 GSs. Now having 8000000 GSs.
Step 20000: Relocated 395363 GSs.
Step 20000: Added 0 GSs. Now having 8000000 GSs.
[20000] loss 0.0658 l1 0.0361 ssim 0.8217 N 8000000
Step 20100: Relocated 394579 GSs.
Step 20100: Added 0 GSs. Now having 8000000 GSs.
Step 20200: Relocated 434526 GSs.
Step 20200: Added 0 GSs. Now having 8000000 GSs.
Step 20300: Relocated 431433 GSs.
Step 20300: Added 0 GSs. Now having 8000000 GSs.
Step 20400: Relocated 414736 GSs.
Step 20400: Added 0 GSs. Now having 8000000 GSs.
Step 20500: Relocated 428133 GSs.
Step 20500: Added 0 GSs. Now having 8000000 GSs.
Step 20600: Relocated 430770 GSs.
Step 20600: Added 0 GSs. Now having 8000000 GSs.
Step 20700: Relocated 423768 GSs.
Step 20700: Added 0 GSs. Now having 8000000 GSs.
Step 20800: Relocated 413781 GSs.
Step 20800: Added 0 GSs. Now having 8000000 GSs.
Step 20900: Relocated 407569 GSs.
Step 20900: Added 0 GSs. Now having 8000000 GSs.
Step 21000: Relocated 406937 GSs.
Step 21000: Added 0 GSs. Now having 8000000 GSs.
[21000] loss 0.0486 l1 0.0282 ssim 0.8761 N 8000000
Step 21100: Relocated 415454 GSs.
Step 21100: Added 0 GSs. Now having 8000000 GSs.
Step 21200: Relocated 407214 GSs.
Step 21200: Added 0 GSs. Now having 8000000 GSs.
Step 21300: Relocated 411764 GSs.
Step 21300: Added 0 GSs. Now having 8000000 GSs.
Step 21400: Relocated 401315 GSs.
Step 21400: Added 0 GSs. Now having 8000000 GSs.
Step 21500: Relocated 405556 GSs.
Step 21500: Added 0 GSs. Now having 8000000 GSs.
Step 21600: Relocated 403282 GSs.
Step 21600: Added 0 GSs. Now having 8000000 GSs.
Step 21700: Relocated 427916 GSs.
Step 21700: Added 0 GSs. Now having 8000000 GSs.
Step 21800: Relocated 410101 GSs.
Step 21800: Added 0 GSs. Now having 8000000 GSs.
Step 21900: Relocated 418324 GSs.
Step 21900: Added 0 GSs. Now having 8000000 GSs.
Step 22000: Relocated 403789 GSs.
Step 22000: Added 0 GSs. Now having 8000000 GSs.
[22000] loss 0.0489 l1 0.0281 ssim 0.8745 N 8000000
Step 22100: Relocated 415309 GSs.
Step 22100: Added 0 GSs. Now having 8000000 GSs.
Step 22200: Relocated 407361 GSs.
Step 22200: Added 0 GSs. Now having 8000000 GSs.
Step 22300: Relocated 405987 GSs.
Step 22300: Added 0 GSs. Now having 8000000 GSs.
Step 22400: Relocated 385915 GSs.
Step 22400: Added 0 GSs. Now having 8000000 GSs.
Step 22500: Relocated 373178 GSs.
Step 22500: Added 0 GSs. Now having 8000000 GSs.
Step 22600: Relocated 365540 GSs.
Step 22600: Added 0 GSs. Now having 8000000 GSs.
Step 22700: Relocated 375315 GSs.
Step 22700: Added 0 GSs. Now having 8000000 GSs.
Step 22800: Relocated 404704 GSs.
Step 22800: Added 0 GSs. Now having 8000000 GSs.
Step 22900: Relocated 391991 GSs.
Step 22900: Added 0 GSs. Now having 8000000 GSs.
Step 23000: Relocated 409147 GSs.
Step 23000: Added 0 GSs. Now having 8000000 GSs.
[23000] loss 0.0611 l1 0.0342 ssim 0.8376 N 8000000
Step 23100: Relocated 399801 GSs.
Step 23100: Added 0 GSs. Now having 8000000 GSs.
Step 23200: Relocated 382649 GSs.
Step 23200: Added 0 GSs. Now having 8000000 GSs.
Step 23300: Relocated 413975 GSs.
Step 23300: Added 0 GSs. Now having 8000000 GSs.
Step 23400: Relocated 415178 GSs.
Step 23400: Added 0 GSs. Now having 8000000 GSs.
Step 23500: Relocated 437391 GSs.
Step 23500: Added 0 GSs. Now having 8000000 GSs.
Step 23600: Relocated 428450 GSs.
Step 23600: Added 0 GSs. Now having 8000000 GSs.
Step 23700: Relocated 379118 GSs.
Step 23700: Added 0 GSs. Now having 8000000 GSs.
Step 23800: Relocated 384132 GSs.
Step 23800: Added 0 GSs. Now having 8000000 GSs.
Step 23900: Relocated 393771 GSs.
Step 23900: Added 0 GSs. Now having 8000000 GSs.
Step 24000: Relocated 398579 GSs.
Step 24000: Added 0 GSs. Now having 8000000 GSs.
[24000] loss 0.0467 l1 0.0295 ssim 0.8913 N 8000000
Step 24100: Relocated 397336 GSs.
Step 24100: Added 0 GSs. Now having 8000000 GSs.
Step 24200: Relocated 428467 GSs.
Step 24200: Added 0 GSs. Now having 8000000 GSs.
Step 24300: Relocated 399033 GSs.
Step 24300: Added 0 GSs. Now having 8000000 GSs.
Step 24400: Relocated 402848 GSs.
Step 24400: Added 0 GSs. Now having 8000000 GSs.
Step 24500: Relocated 408137 GSs.
Step 24500: Added 0 GSs. Now having 8000000 GSs.
Step 24600: Relocated 399102 GSs.
Step 24600: Added 0 GSs. Now having 8000000 GSs.
Step 24700: Relocated 384472 GSs.
Step 24700: Added 0 GSs. Now having 8000000 GSs.
Step 24800: Relocated 412059 GSs.
Step 24800: Added 0 GSs. Now having 8000000 GSs.
Step 24900: Relocated 388093 GSs.
Step 24900: Added 0 GSs. Now having 8000000 GSs.
Step 25000: Relocated 372709 GSs.
Step 25000: Added 0 GSs. Now having 8000000 GSs.
[25000] loss 0.0724 l1 0.0374 ssim 0.7942 N 8000000
Step 25100: Relocated 388536 GSs.
Step 25100: Added 0 GSs. Now having 8000000 GSs.
Step 25200: Relocated 403347 GSs.
Step 25200: Added 0 GSs. Now having 8000000 GSs.
Step 25300: Relocated 398354 GSs.
Step 25300: Added 0 GSs. Now having 8000000 GSs.
Step 25400: Relocated 420583 GSs.
Step 25400: Added 0 GSs. Now having 8000000 GSs.
Step 25500: Relocated 392942 GSs.
Step 25500: Added 0 GSs. Now having 8000000 GSs.
Step 25600: Relocated 382448 GSs.
Step 25600: Added 0 GSs. Now having 8000000 GSs.
Step 25700: Relocated 393054 GSs.
Step 25700: Added 0 GSs. Now having 8000000 GSs.
Step 25800: Relocated 374925 GSs.
Step 25800: Added 0 GSs. Now having 8000000 GSs.
Step 25900: Relocated 376697 GSs.
Step 25900: Added 0 GSs. Now having 8000000 GSs.
Step 26000: Relocated 385566 GSs.
Step 26000: Added 0 GSs. Now having 8000000 GSs.
[26000] loss 0.0459 l1 0.0258 ssim 0.8801 N 8000000
Step 26100: Relocated 378186 GSs.
Step 26100: Added 0 GSs. Now having 8000000 GSs.
Step 26200: Relocated 387199 GSs.
Step 26200: Added 0 GSs. Now having 8000000 GSs.
Step 26300: Relocated 398361 GSs.
Step 26300: Added 0 GSs. Now having 8000000 GSs.
Step 26400: Relocated 396350 GSs.
Step 26400: Added 0 GSs. Now having 8000000 GSs.
Step 26500: Relocated 400577 GSs.
Step 26500: Added 0 GSs. Now having 8000000 GSs.
Step 26600: Relocated 384800 GSs.
Step 26600: Added 0 GSs. Now having 8000000 GSs.
Step 26700: Relocated 377659 GSs.
Step 26700: Added 0 GSs. Now having 8000000 GSs.
Step 26800: Relocated 380478 GSs.
Step 26800: Added 0 GSs. Now having 8000000 GSs.
Step 26900: Relocated 368490 GSs.
Step 26900: Added 0 GSs. Now having 8000000 GSs.
Step 27000: Relocated 374204 GSs.
Step 27000: Added 0 GSs. Now having 8000000 GSs.
[27000] loss 0.0485 l1 0.0279 ssim 0.8761 N 8000000
Step 27100: Relocated 384964 GSs.
Step 27100: Added 0 GSs. Now having 8000000 GSs.
Step 27200: Relocated 368805 GSs.
Step 27200: Added 0 GSs. Now having 8000000 GSs.
Step 27300: Relocated 380056 GSs.
Step 27300: Added 0 GSs. Now having 8000000 GSs.
Step 27400: Relocated 350295 GSs.
Step 27400: Added 0 GSs. Now having 8000000 GSs.
Step 27500: Relocated 387107 GSs.
Step 27500: Added 0 GSs. Now having 8000000 GSs.
Step 27600: Relocated 391753 GSs.
Step 27600: Added 0 GSs. Now having 8000000 GSs.
Step 27700: Relocated 377320 GSs.
Step 27700: Added 0 GSs. Now having 8000000 GSs.
Step 27800: Relocated 378225 GSs.
Step 27800: Added 0 GSs. Now having 8000000 GSs.
Step 27900: Relocated 360870 GSs.
Step 27900: Added 0 GSs. Now having 8000000 GSs.
Step 28000: Relocated 359995 GSs.
Step 28000: Added 0 GSs. Now having 8000000 GSs.
[28000] loss 0.0444 l1 0.0255 ssim 0.8868 N 8000000
Step 28100: Relocated 377838 GSs.
Step 28100: Added 0 GSs. Now having 8000000 GSs.
Step 28200: Relocated 364545 GSs.
Step 28200: Added 0 GSs. Now having 8000000 GSs.
Step 28300: Relocated 351625 GSs.
Step 28300: Added 0 GSs. Now having 8000000 GSs.
Step 28400: Relocated 358666 GSs.
Step 28400: Added 0 GSs. Now having 8000000 GSs.
Step 28500: Relocated 410573 GSs.
Step 28500: Added 0 GSs. Now having 8000000 GSs.
Step 28600: Relocated 393263 GSs.
Step 28600: Added 0 GSs. Now having 8000000 GSs.
Step 28700: Relocated 395579 GSs.
Step 28700: Added 0 GSs. Now having 8000000 GSs.
Step 28800: Relocated 364029 GSs.
Step 28800: Added 0 GSs. Now having 8000000 GSs.
Step 28900: Relocated 358136 GSs.
Step 28900: Added 0 GSs. Now having 8000000 GSs.
Step 29000: Relocated 366543 GSs.
Step 29000: Added 0 GSs. Now having 8000000 GSs.
[29000] loss 0.0579 l1 0.0312 ssim 0.8420 N 8000000
Step 29100: Relocated 401104 GSs.
Step 29100: Added 0 GSs. Now having 8000000 GSs.
Step 29200: Relocated 392375 GSs.
Step 29200: Added 0 GSs. Now having 8000000 GSs.
Step 29300: Relocated 384691 GSs.
Step 29300: Added 0 GSs. Now having 8000000 GSs.
Step 29400: Relocated 397290 GSs.
Step 29400: Added 0 GSs. Now having 8000000 GSs.
Step 29500: Relocated 397165 GSs.
Step 29500: Added 0 GSs. Now having 8000000 GSs.
Step 29600: Relocated 372145 GSs.
Step 29600: Added 0 GSs. Now having 8000000 GSs.
Step 29700: Relocated 354833 GSs.
Step 29700: Added 0 GSs. Now having 8000000 GSs.
Step 29800: Relocated 344195 GSs.
Step 29800: Added 0 GSs. Now having 8000000 GSs.
Step 29900: Relocated 362751 GSs.
Step 29900: Added 0 GSs. Now having 8000000 GSs.
Step 30000: Relocated 378939 GSs.
Step 30000: Added 0 GSs. Now having 8000000 GSs.
[30000] loss 0.0514 l1 0.0306 ssim 0.8724 N 8000000
Step 30100: Relocated 388525 GSs.
Step 30100: Added 0 GSs. Now having 8000000 GSs.
Step 30200: Relocated 384336 GSs.
Step 30200: Added 0 GSs. Now having 8000000 GSs.
Step 30300: Relocated 383277 GSs.
Step 30300: Added 0 GSs. Now having 8000000 GSs.
Step 30400: Relocated 365289 GSs.
Step 30400: Added 0 GSs. Now having 8000000 GSs.
Step 30500: Relocated 374444 GSs.
Step 30500: Added 0 GSs. Now having 8000000 GSs.
Step 30600: Relocated 352483 GSs.
Step 30600: Added 0 GSs. Now having 8000000 GSs.
Step 30700: Relocated 335853 GSs.
Step 30700: Added 0 GSs. Now having 8000000 GSs.
Step 30800: Relocated 346409 GSs.
Step 30800: Added 0 GSs. Now having 8000000 GSs.
Step 30900: Relocated 357382 GSs.
Step 30900: Added 0 GSs. Now having 8000000 GSs.
Step 31000: Relocated 341001 GSs.
Step 31000: Added 0 GSs. Now having 8000000 GSs.
[31000] loss 0.0391 l1 0.0251 ssim 0.9115 N 8000000
Step 31100: Relocated 350693 GSs.
Step 31100: Added 0 GSs. Now having 8000000 GSs.
Step 31200: Relocated 342548 GSs.
Step 31200: Added 0 GSs. Now having 8000000 GSs.
Step 31300: Relocated 324146 GSs.
Step 31300: Added 0 GSs. Now having 8000000 GSs.
Step 31400: Relocated 345149 GSs.
Step 31400: Added 0 GSs. Now having 8000000 GSs.
Step 31500: Relocated 341008 GSs.
Step 31500: Added 0 GSs. Now having 8000000 GSs.
Step 31600: Relocated 354426 GSs.
Step 31600: Added 0 GSs. Now having 8000000 GSs.
Step 31700: Relocated 362341 GSs.
Step 31700: Added 0 GSs. Now having 8000000 GSs.
Step 31800: Relocated 328741 GSs.
Step 31800: Added 0 GSs. Now having 8000000 GSs.
Step 31900: Relocated 331995 GSs.
Step 31900: Added 0 GSs. Now having 8000000 GSs.
Step 32000: Relocated 347718 GSs.
Step 32000: Added 0 GSs. Now having 8000000 GSs.
[32000] loss 0.0508 l1 0.0288 ssim 0.8682 N 8000000
Step 32100: Relocated 339198 GSs.
Step 32100: Added 0 GSs. Now having 8000000 GSs.
Step 32200: Relocated 357038 GSs.
Step 32200: Added 0 GSs. Now having 8000000 GSs.
Step 32300: Relocated 334050 GSs.
Step 32300: Added 0 GSs. Now having 8000000 GSs.
Step 32400: Relocated 319941 GSs.
Step 32400: Added 0 GSs. Now having 8000000 GSs.
Step 32500: Relocated 342137 GSs.
Step 32500: Added 0 GSs. Now having 8000000 GSs.
Step 32600: Relocated 362573 GSs.
Step 32600: Added 0 GSs. Now having 8000000 GSs.
Step 32700: Relocated 340064 GSs.
Step 32700: Added 0 GSs. Now having 8000000 GSs.
Step 32800: Relocated 335285 GSs.
Step 32800: Added 0 GSs. Now having 8000000 GSs.
Step 32900: Relocated 312013 GSs.
Step 32900: Added 0 GSs. Now having 8000000 GSs.
Step 33000: Relocated 310091 GSs.
Step 33000: Added 0 GSs. Now having 8000000 GSs.
[33000] loss 0.0464 l1 0.0293 ssim 0.8921 N 8000000
Step 33100: Relocated 316839 GSs.
Step 33100: Added 0 GSs. Now having 8000000 GSs.
Step 33200: Relocated 319773 GSs.
Step 33200: Added 0 GSs. Now having 8000000 GSs.
Step 33300: Relocated 321948 GSs.
Step 33300: Added 0 GSs. Now having 8000000 GSs.
Step 33400: Relocated 303051 GSs.
Step 33400: Added 0 GSs. Now having 8000000 GSs.
Step 33500: Relocated 307190 GSs.
Step 33500: Added 0 GSs. Now having 8000000 GSs.
Step 33600: Relocated 318015 GSs.
Step 33600: Added 0 GSs. Now having 8000000 GSs.
Step 33700: Relocated 341574 GSs.
Step 33700: Added 0 GSs. Now having 8000000 GSs.
Step 33800: Relocated 329675 GSs.
Step 33800: Added 0 GSs. Now having 8000000 GSs.
Step 33900: Relocated 311263 GSs.
Step 33900: Added 0 GSs. Now having 8000000 GSs.
Step 34000: Relocated 338936 GSs.
Step 34000: Added 0 GSs. Now having 8000000 GSs.
[34000] loss 0.0481 l1 0.0299 ssim 0.8864 N 8000000
Step 34100: Relocated 336859 GSs.
Step 34100: Added 0 GSs. Now having 8000000 GSs.
Step 34200: Relocated 316216 GSs.
Step 34200: Added 0 GSs. Now having 8000000 GSs.
Step 34300: Relocated 314825 GSs.
Step 34300: Added 0 GSs. Now having 8000000 GSs.
Step 34400: Relocated 316908 GSs.
Step 34400: Added 0 GSs. Now having 8000000 GSs.
Step 34500: Relocated 322151 GSs.
Step 34500: Added 0 GSs. Now having 8000000 GSs.
Step 34600: Relocated 307547 GSs.
Step 34600: Added 0 GSs. Now having 8000000 GSs.
Step 34700: Relocated 304385 GSs.
Step 34700: Added 0 GSs. Now having 8000000 GSs.
Step 34800: Relocated 312106 GSs.
Step 34800: Added 0 GSs. Now having 8000000 GSs.
Step 34900: Relocated 313447 GSs.
Step 34900: Added 0 GSs. Now having 8000000 GSs.
Step 35000: Relocated 326887 GSs.
Step 35000: Added 0 GSs. Now having 8000000 GSs.
[35000] loss 0.0500 l1 0.0307 ssim 0.8797 N 8000000
Step 35100: Relocated 340205 GSs.
Step 35100: Added 0 GSs. Now having 8000000 GSs.
Step 35200: Relocated 313735 GSs.
Step 35200: Added 0 GSs. Now having 8000000 GSs.
Step 35300: Relocated 325726 GSs.
Step 35300: Added 0 GSs. Now having 8000000 GSs.
Step 35400: Relocated 342432 GSs.
Step 35400: Added 0 GSs. Now having 8000000 GSs.
Step 35500: Relocated 327834 GSs.
Step 35500: Added 0 GSs. Now having 8000000 GSs.
Step 35600: Relocated 323078 GSs.
Step 35600: Added 0 GSs. Now having 8000000 GSs.
Step 35700: Relocated 297087 GSs.
Step 35700: Added 0 GSs. Now having 8000000 GSs.
Step 35800: Relocated 293833 GSs.
Step 35800: Added 0 GSs. Now having 8000000 GSs.
Step 35900: Relocated 299368 GSs.
Step 35900: Added 0 GSs. Now having 8000000 GSs.
Step 36000: Relocated 300465 GSs.
Step 36000: Added 0 GSs. Now having 8000000 GSs.
[36000] loss 0.0363 l1 0.0237 ssim 0.9205 N 8000000
Step 36100: Relocated 311088 GSs.
Step 36100: Added 0 GSs. Now having 8000000 GSs.
Step 36200: Relocated 344967 GSs.
Step 36200: Added 0 GSs. Now having 8000000 GSs.
Step 36300: Relocated 330928 GSs.
Step 36300: Added 0 GSs. Now having 8000000 GSs.
Step 36400: Relocated 345006 GSs.
Step 36400: Added 0 GSs. Now having 8000000 GSs.
Step 36500: Relocated 318294 GSs.
Step 36500: Added 0 GSs. Now having 8000000 GSs.
Step 36600: Relocated 301946 GSs.
Step 36600: Added 0 GSs. Now having 8000000 GSs.
Step 36700: Relocated 294688 GSs.
Step 36700: Added 0 GSs. Now having 8000000 GSs.
Step 36800: Relocated 288558 GSs.
Step 36800: Added 0 GSs. Now having 8000000 GSs.
Step 36900: Relocated 300978 GSs.
Step 36900: Added 0 GSs. Now having 8000000 GSs.
Step 37000: Relocated 278723 GSs.
Step 37000: Added 0 GSs. Now having 8000000 GSs.
[37000] loss 0.0484 l1 0.0286 ssim 0.8797 N 8000000
Step 37100: Relocated 275582 GSs.
Step 37100: Added 0 GSs. Now having 8000000 GSs.
Step 37200: Relocated 270352 GSs.
Step 37200: Added 0 GSs. Now having 8000000 GSs.
Step 37300: Relocated 265619 GSs.
Step 37300: Added 0 GSs. Now having 8000000 GSs.
Step 37400: Relocated 264542 GSs.
Step 37400: Added 0 GSs. Now having 8000000 GSs.
Step 37500: Relocated 264993 GSs.
Step 37500: Added 0 GSs. Now having 8000000 GSs.
Step 37600: Relocated 261800 GSs.
Step 37600: Added 0 GSs. Now having 8000000 GSs.
Step 37700: Relocated 279086 GSs.
Step 37700: Added 0 GSs. Now having 8000000 GSs.
Step 37800: Relocated 289328 GSs.
Step 37800: Added 0 GSs. Now having 8000000 GSs.
Step 37900: Relocated 288147 GSs.
Step 37900: Added 0 GSs. Now having 8000000 GSs.
Step 38000: Relocated 288941 GSs.
Step 38000: Added 0 GSs. Now having 8000000 GSs.
[38000] loss 0.0436 l1 0.0261 ssim 0.8935 N 8000000
Step 38100: Relocated 273194 GSs.
Step 38100: Added 0 GSs. Now having 8000000 GSs.
Step 38200: Relocated 286069 GSs.
Step 38200: Added 0 GSs. Now having 8000000 GSs.
Step 38300: Relocated 282633 GSs.
Step 38300: Added 0 GSs. Now having 8000000 GSs.
Step 38400: Relocated 262565 GSs.
Step 38400: Added 0 GSs. Now having 8000000 GSs.
Step 38500: Relocated 294709 GSs.
Step 38500: Added 0 GSs. Now having 8000000 GSs.
Step 38600: Relocated 283818 GSs.
Step 38600: Added 0 GSs. Now having 8000000 GSs.
Step 38700: Relocated 263173 GSs.
Step 38700: Added 0 GSs. Now having 8000000 GSs.
Step 38800: Relocated 264480 GSs.
Step 38800: Added 0 GSs. Now having 8000000 GSs.
Step 38900: Relocated 267006 GSs.
Step 38900: Added 0 GSs. Now having 8000000 GSs.
Step 39000: Relocated 254842 GSs.
Step 39000: Added 0 GSs. Now having 8000000 GSs.
[39000] loss 0.0500 l1 0.0314 ssim 0.8827 N 8000000
Step 39100: Relocated 261015 GSs.
Step 39100: Added 0 GSs. Now having 8000000 GSs.
Step 39200: Relocated 247677 GSs.
Step 39200: Added 0 GSs. Now having 8000000 GSs.
Step 39300: Relocated 263247 GSs.
Step 39300: Added 0 GSs. Now having 8000000 GSs.
Step 39400: Relocated 259782 GSs.
Step 39400: Added 0 GSs. Now having 8000000 GSs.
Step 39500: Relocated 250844 GSs.
Step 39500: Added 0 GSs. Now having 8000000 GSs.
Step 39600: Relocated 250734 GSs.
Step 39600: Added 0 GSs. Now having 8000000 GSs.
Step 39700: Relocated 251764 GSs.
Step 39700: Added 0 GSs. Now having 8000000 GSs.
Step 39800: Relocated 245879 GSs.
Step 39800: Added 0 GSs. Now having 8000000 GSs.
Step 39900: Relocated 242165 GSs.
Step 39900: Added 0 GSs. Now having 8000000 GSs.
Step 40000: Relocated 259006 GSs.
Step 40000: Added 0 GSs. Now having 8000000 GSs.
[40000] loss 0.0371 l1 0.0224 ssim 0.9117 N 8000000
Step 40100: Relocated 264218 GSs.
Step 40100: Added 0 GSs. Now having 8000000 GSs.
Step 40200: Relocated 241897 GSs.
Step 40200: Added 0 GSs. Now having 8000000 GSs.
Step 40300: Relocated 254740 GSs.
Step 40300: Added 0 GSs. Now having 8000000 GSs.
Step 40400: Relocated 265516 GSs.
Step 40400: Added 0 GSs. Now having 8000000 GSs.
Step 40500: Relocated 244292 GSs.
Step 40500: Added 0 GSs. Now having 8000000 GSs.
Step 40600: Relocated 234757 GSs.
Step 40600: Added 0 GSs. Now having 8000000 GSs.
Step 40700: Relocated 228447 GSs.
Step 40700: Added 0 GSs. Now having 8000000 GSs.
Step 40800: Relocated 235608 GSs.
Step 40800: Added 0 GSs. Now having 8000000 GSs.
Step 40900: Relocated 236996 GSs.
Step 40900: Added 0 GSs. Now having 8000000 GSs.
Step 41000: Relocated 241731 GSs.
Step 41000: Added 0 GSs. Now having 8000000 GSs.
[41000] loss 0.0434 l1 0.0282 ssim 0.9033 N 8000000
Step 41100: Relocated 233877 GSs.
Step 41100: Added 0 GSs. Now having 8000000 GSs.
Step 41200: Relocated 226918 GSs.
Step 41200: Added 0 GSs. Now having 8000000 GSs.
Step 41300: Relocated 223735 GSs.
Step 41300: Added 0 GSs. Now having 8000000 GSs.
Step 41400: Relocated 219334 GSs.
Step 41400: Added 0 GSs. Now having 8000000 GSs.
Step 41500: Relocated 221081 GSs.
Step 41500: Added 0 GSs. Now having 8000000 GSs.
Step 41600: Relocated 249769 GSs.
Step 41600: Added 0 GSs. Now having 8000000 GSs.
Step 41700: Relocated 224582 GSs.
Step 41700: Added 0 GSs. Now having 8000000 GSs.
Step 41800: Relocated 217464 GSs.
Step 41800: Added 0 GSs. Now having 8000000 GSs.
Step 41900: Relocated 216600 GSs.
Step 41900: Added 0 GSs. Now having 8000000 GSs.
Step 42000: Relocated 224473 GSs.
Step 42000: Added 0 GSs. Now having 8000000 GSs.
[42000] loss 0.0362 l1 0.0224 ssim 0.9163 N 8000000
Step 42100: Relocated 214097 GSs.
Step 42100: Added 0 GSs. Now having 8000000 GSs.
Step 42200: Relocated 212587 GSs.
Step 42200: Added 0 GSs. Now having 8000000 GSs.
Step 42300: Relocated 215996 GSs.
Step 42300: Added 0 GSs. Now having 8000000 GSs.
Step 42400: Relocated 210007 GSs.
Step 42400: Added 0 GSs. Now having 8000000 GSs.
Step 42500: Relocated 204595 GSs.
Step 42500: Added 0 GSs. Now having 8000000 GSs.
Step 42600: Relocated 206713 GSs.
Step 42600: Added 0 GSs. Now having 8000000 GSs.
Step 42700: Relocated 213110 GSs.
Step 42700: Added 0 GSs. Now having 8000000 GSs.
Step 42800: Relocated 213654 GSs.
Step 42800: Added 0 GSs. Now having 8000000 GSs.
Step 42900: Relocated 222662 GSs.
Step 42900: Added 0 GSs. Now having 8000000 GSs.
Step 43000: Relocated 211357 GSs.
Step 43000: Added 0 GSs. Now having 8000000 GSs.
[43000] loss 0.0377 l1 0.0242 ssim 0.9159 N 8000000
Step 43100: Relocated 208290 GSs.
Step 43100: Added 0 GSs. Now having 8000000 GSs.
Step 43200: Relocated 206409 GSs.
Step 43200: Added 0 GSs. Now having 8000000 GSs.
Step 43300: Relocated 200252 GSs.
Step 43300: Added 0 GSs. Now having 8000000 GSs.
Step 43400: Relocated 202621 GSs.
Step 43400: Added 0 GSs. Now having 8000000 GSs.
Step 43500: Relocated 205443 GSs.
Step 43500: Added 0 GSs. Now having 8000000 GSs.
Step 43600: Relocated 213291 GSs.
Step 43600: Added 0 GSs. Now having 8000000 GSs.
Step 43700: Relocated 210450 GSs.
Step 43700: Added 0 GSs. Now having 8000000 GSs.
Step 43800: Relocated 201198 GSs.
Step 43800: Added 0 GSs. Now having 8000000 GSs.
Step 43900: Relocated 202204 GSs.
Step 43900: Added 0 GSs. Now having 8000000 GSs.
Step 44000: Relocated 215582 GSs.
Step 44000: Added 0 GSs. Now having 8000000 GSs.
[44000] loss 0.0357 l1 0.0215 ssim 0.9151 N 8000000
Step 44100: Relocated 194356 GSs.
Step 44100: Added 0 GSs. Now having 8000000 GSs.
Step 44200: Relocated 180921 GSs.
Step 44200: Added 0 GSs. Now having 8000000 GSs.
Step 44300: Relocated 182779 GSs.
Step 44300: Added 0 GSs. Now having 8000000 GSs.
Step 44400: Relocated 187689 GSs.
Step 44400: Added 0 GSs. Now having 8000000 GSs.
Step 44500: Relocated 181871 GSs.
Step 44500: Added 0 GSs. Now having 8000000 GSs.
Step 44600: Relocated 185212 GSs.
Step 44600: Added 0 GSs. Now having 8000000 GSs.
Step 44700: Relocated 180742 GSs.
Step 44700: Added 0 GSs. Now having 8000000 GSs.
Step 44800: Relocated 178396 GSs.
Step 44800: Added 0 GSs. Now having 8000000 GSs.
Step 44900: Relocated 193036 GSs.
Step 44900: Added 0 GSs. Now having 8000000 GSs.
Step 45000: Relocated 179624 GSs.
Step 45000: Added 0 GSs. Now having 8000000 GSs.
[45000] loss 0.0397 l1 0.0252 ssim 0.9101 N 8000000
Step 45100: Relocated 181461 GSs.
Step 45100: Added 0 GSs. Now having 8000000 GSs.
Step 45200: Relocated 202778 GSs.
Step 45200: Added 0 GSs. Now having 8000000 GSs.
Step 45300: Relocated 192752 GSs.
Step 45300: Added 0 GSs. Now having 8000000 GSs.
Step 45400: Relocated 179774 GSs.
Step 45400: Added 0 GSs. Now having 8000000 GSs.
Step 45500: Relocated 187995 GSs.
Step 45500: Added 0 GSs. Now having 8000000 GSs.
Step 45600: Relocated 179014 GSs.
Step 45600: Added 0 GSs. Now having 8000000 GSs.
Step 45700: Relocated 177931 GSs.
Step 45700: Added 0 GSs. Now having 8000000 GSs.
Step 45800: Relocated 184118 GSs.
Step 45800: Added 0 GSs. Now having 8000000 GSs.
Step 45900: Relocated 173170 GSs.
Step 45900: Added 0 GSs. Now having 8000000 GSs.
Step 46000: Relocated 170967 GSs.
Step 46000: Added 0 GSs. Now having 8000000 GSs.
[46000] loss 0.0438 l1 0.0256 ssim 0.8915 N 8000000
Step 46100: Relocated 174006 GSs.
Step 46100: Added 0 GSs. Now having 8000000 GSs.
Step 46200: Relocated 164467 GSs.
Step 46200: Added 0 GSs. Now having 8000000 GSs.
Step 46300: Relocated 162212 GSs.
Step 46300: Added 0 GSs. Now having 8000000 GSs.
Step 46400: Relocated 167060 GSs.
Step 46400: Added 0 GSs. Now having 8000000 GSs.
Step 46500: Relocated 167000 GSs.
Step 46500: Added 0 GSs. Now having 8000000 GSs.
Step 46600: Relocated 166911 GSs.
Step 46600: Added 0 GSs. Now having 8000000 GSs.
Step 46700: Relocated 166998 GSs.
Step 46700: Added 0 GSs. Now having 8000000 GSs.
Step 46800: Relocated 174024 GSs.
Step 46800: Added 0 GSs. Now having 8000000 GSs.
Step 46900: Relocated 162887 GSs.
Step 46900: Added 0 GSs. Now having 8000000 GSs.
Step 47000: Relocated 173402 GSs.
Step 47000: Added 0 GSs. Now having 8000000 GSs.
[47000] loss 0.0371 l1 0.0232 ssim 0.9150 N 8000000
Step 47100: Relocated 173431 GSs.
Step 47100: Added 0 GSs. Now having 8000000 GSs.
Step 47200: Relocated 161296 GSs.
Step 47200: Added 0 GSs. Now having 8000000 GSs.
Step 47300: Relocated 164319 GSs.
Step 47300: Added 0 GSs. Now having 8000000 GSs.
Step 47400: Relocated 170364 GSs.
Step 47400: Added 0 GSs. Now having 8000000 GSs.
Step 47500: Relocated 157459 GSs.
Step 47500: Added 0 GSs. Now having 8000000 GSs.
Step 47600: Relocated 160929 GSs.
Step 47600: Added 0 GSs. Now having 8000000 GSs.
Step 47700: Relocated 157735 GSs.
Step 47700: Added 0 GSs. Now having 8000000 GSs.
Step 47800: Relocated 156652 GSs.
Step 47800: Added 0 GSs. Now having 8000000 GSs.
Step 47900: Relocated 176148 GSs.
Step 47900: Added 0 GSs. Now having 8000000 GSs.
Step 48000: Relocated 172538 GSs.
Step 48000: Added 0 GSs. Now having 8000000 GSs.
[48000] loss 0.0322 l1 0.0208 ssim 0.9301 N 8000000
Step 48100: Relocated 162437 GSs.
Step 48100: Added 0 GSs. Now having 8000000 GSs.
Step 48200: Relocated 159540 GSs.
Step 48200: Added 0 GSs. Now having 8000000 GSs.
Step 48300: Relocated 155323 GSs.
Step 48300: Added 0 GSs. Now having 8000000 GSs.
Step 48400: Relocated 151579 GSs.
Step 48400: Added 0 GSs. Now having 8000000 GSs.
Step 48500: Relocated 149478 GSs.
Step 48500: Added 0 GSs. Now having 8000000 GSs.
Step 48600: Relocated 145570 GSs.
Step 48600: Added 0 GSs. Now having 8000000 GSs.
Step 48700: Relocated 151673 GSs.
Step 48700: Added 0 GSs. Now having 8000000 GSs.
Step 48800: Relocated 156466 GSs.
Step 48800: Added 0 GSs. Now having 8000000 GSs.
Step 48900: Relocated 147797 GSs.
Step 48900: Added 0 GSs. Now having 8000000 GSs.
Step 49000: Relocated 161677 GSs.
Step 49000: Added 0 GSs. Now having 8000000 GSs.
[49000] loss 0.0326 l1 0.0205 ssim 0.9271 N 8000000
Step 49100: Relocated 146434 GSs.
Step 49100: Added 0 GSs. Now having 8000000 GSs.
Step 49200: Relocated 144825 GSs.
Step 49200: Added 0 GSs. Now having 8000000 GSs.
Step 49300: Relocated 134825 GSs.
Step 49300: Added 0 GSs. Now having 8000000 GSs.
Step 49400: Relocated 132829 GSs.
Step 49400: Added 0 GSs. Now having 8000000 GSs.
Step 49500: Relocated 137760 GSs.
Step 49500: Added 0 GSs. Now having 8000000 GSs.
Step 49600: Relocated 133981 GSs.
Step 49600: Added 0 GSs. Now having 8000000 GSs.
Step 49700: Relocated 127102 GSs.
Step 49700: Added 0 GSs. Now having 8000000 GSs.
Step 49800: Relocated 135712 GSs.
Step 49800: Added 0 GSs. Now having 8000000 GSs.
Step 49900: Relocated 132112 GSs.
Step 49900: Added 0 GSs. Now having 8000000 GSs.
[50000] loss 0.0431 l1 0.0250 ssim 0.8928 N 8000000
Setting up [LPIPS] perceptual loss: trunk [vgg], v[0.1], spatial [off]
/home/bkai/miniconda3/envs/gsplat/lib/python3.10/site-packages/torchvision/models/_utils.py:208: UserWarning: The parameter 'pretrained' is deprecated since 0.13 and may be removed in the future, please use 'weights' instead.
  warnings.warn(
/home/bkai/miniconda3/envs/gsplat/lib/python3.10/site-packages/torchvision/models/_utils.py:223: UserWarning: Arguments other than a weight enum or `None` for 'weights' are deprecated since 0.13 and may be removed in the future. The current behavior is equivalent to passing `weights=VGG16_Weights.IMAGENET1K_V1`. You can also use `weights=VGG16_Weights.DEFAULT` to get the most up-to-date weights.
  warnings.warn(msg)
Loading model from: /home/bkai/miniconda3/envs/gsplat/lib/python3.10/site-packages/lpips/weights/v0.1/vgg.pth
[51000] loss 0.0385 l1 0.0206 ssim 0.9265 N 8000000
[52000] loss 0.0505 l1 0.0265 ssim 0.9067 N 8000000
[53000] loss 0.0403 l1 0.0218 ssim 0.9284 N 8000000
[54000] loss 0.0376 l1 0.0200 ssim 0.9336 N 8000000
[55000] loss 0.0414 l1 0.0224 ssim 0.9165 N 8000000
[56000] loss 0.0527 l1 0.0279 ssim 0.8985 N 8000000
[57000] loss 0.0385 l1 0.0221 ssim 0.9294 N 8000000
[58000] loss 0.0347 l1 0.0193 ssim 0.9361 N 8000000
[59000] loss 0.0401 l1 0.0214 ssim 0.9280 N 8000000
[59999] loss 0.0416 l1 0.0234 ssim 0.9254 N 8000000
Saved 8000000 gaussians to /mnt/d/avv/output/HNI0366_gsplatB9ut60k/ckpt.pt
=== [gpu1] UT60k HNI0366 TRAIN DONE ===
Wrote 60 images to /mnt/d/avv/output/HNI0366_gsplatB9ut60k/test_poses_renders
=== [gpu1] UT60k HNI0366 RENDERED ===
!!! MISSING MEMBER: HNI0437 (no /mnt/d/avv/output/HNI0437_gsplatB9ut60k/test_poses_renders_png)
UTQ GPU1 DONE
