/home/bkai/miniconda3/envs/fastgs2/lib/python3.10/site-packages/torchvision/models/_utils.py:208: UserWarning: The parameter 'pretrained' is deprecated since 0.13 and may be removed in the future, please use 'weights' instead.
  warnings.warn(
/home/bkai/miniconda3/envs/fastgs2/lib/python3.10/site-packages/torchvision/models/_utils.py:223: UserWarning: Arguments other than a weight enum or `None` for 'weights' are deprecated since 0.13 and may be removed in the future. The current behavior is equivalent to passing `weights=VGG16_Weights.IMAGENET1K_V1`. You can also use `weights=VGG16_Weights.DEFAULT` to get the most up-to-date weights.
  warnings.warn(msg)
  1/40 -117s
  6/40 247s
  11/40 399s
  16/40 460s
  21/40 557s
  26/40 613s
  31/40 703s
  36/40 770s

HCM0181 FULL SHIPPED CHAIN (2-stage weighted ens -> energy restore lam=1.0 -> median field lanczos4 -> JPEG q100/ss2), n=40
         arm     SCORE     PSNR     SSIM    LPIPS   vs prod      se      MB
        prod   78.5140  25.9253  0.89181  0.09488   +0.0000  0.0000   43.10   wins 0/40
      fuse34   78.5160  25.9250  0.89193  0.09492   +0.0021  0.0012   43.14   wins 23/40
      float1   78.5225  25.9278  0.89234  0.09511   +0.0086  0.0014   42.93   wins 31/40
         deb   78.5149  25.9255  0.89185  0.09490   +0.0009  0.0005   43.06   wins 24/40
  float1_deb   78.5235  25.9279  0.89235  0.09509   +0.0095  0.0014   42.92   wins 33/40

restore clip >1 0.1372%  <0 0.0013%
mean r prod 1.1872  debiased 1.1795
mean fraction of V that is uint8 quantisation noise: 0.0409
