220/276 images.bin entries have files in /mnt/d/avv/evalsplit/bonsai/train_sub/images
220 views, 54422 init points, K=[[1650.0,0,960.0],[0,1650.0,540.0]], size 1920x1080
scene_scale 8.368
/mnt/c/Users/BKAI/an_plaza2/FastGS/gsplat_track/train_gsplat.py:613: UserWarning: The given NumPy array is not writable, and PyTorch does not support non-writable tensors. This means writing to this tensor will result in undefined behavior. You may want to copy the array to protect its data or make it writable before converting it to a tensor. This type of warning will be suppressed for the rest of this program. (Triggered internally at /pytorch/torch/csrc/utils/tensor_numpy.cpp:203.)
  gt_cache[vi] = torch.from_numpy(
[0] loss 0.2323 l1 0.2184 ssim 0.7705 N 54422
Step 600: Relocated 45965 GSs.
Step 600: Added 2721 GSs. Now having 57143 GSs.
Step 700: Relocated 8318 GSs.
Step 700: Added 2857 GSs. Now having 60000 GSs.
Step 800: Relocated 8750 GSs.
Step 800: Added 3000 GSs. Now having 63000 GSs.
Step 900: Relocated 7028 GSs.
Step 900: Added 3150 GSs. Now having 66150 GSs.
Step 1000: Relocated 6494 GSs.
Step 1000: Added 3307 GSs. Now having 69457 GSs.
[1000] loss 0.1434 l1 0.0714 ssim 0.6121 N 69457
Step 1100: Relocated 6693 GSs.
Step 1100: Added 3472 GSs. Now having 72929 GSs.
Step 1200: Relocated 6486 GSs.
Step 1200: Added 3646 GSs. Now having 76575 GSs.
Step 1300: Relocated 6873 GSs.
Step 1300: Added 3828 GSs. Now having 80403 GSs.
Step 1400: Relocated 6954 GSs.
Step 1400: Added 4020 GSs. Now having 84423 GSs.
Step 1500: Relocated 6936 GSs.
Step 1500: Added 4221 GSs. Now having 88644 GSs.
Step 1600: Relocated 7495 GSs.
Step 1600: Added 4432 GSs. Now having 93076 GSs.
Step 1700: Relocated 7972 GSs.
Step 1700: Added 4653 GSs. Now having 97729 GSs.
Step 1800: Relocated 7575 GSs.
Step 1800: Added 4886 GSs. Now having 102615 GSs.
Step 1900: Relocated 8793 GSs.
Step 1900: Added 5130 GSs. Now having 107745 GSs.
Step 2000: Relocated 9698 GSs.
Step 2000: Added 5387 GSs. Now having 113132 GSs.
[2000] loss 0.0637 l1 0.0334 ssim 0.8546 N 113132
Step 2100: Relocated 9463 GSs.
Step 2100: Added 5656 GSs. Now having 118788 GSs.
Step 2200: Relocated 12003 GSs.
Step 2200: Added 5939 GSs. Now having 124727 GSs.
Step 2300: Relocated 11187 GSs.
Step 2300: Added 6236 GSs. Now having 130963 GSs.
Step 2400: Relocated 13467 GSs.
Step 2400: Added 6548 GSs. Now having 137511 GSs.
Step 2500: Relocated 12349 GSs.
Step 2500: Added 6875 GSs. Now having 144386 GSs.
Step 2600: Relocated 13126 GSs.
Step 2600: Added 7219 GSs. Now having 151605 GSs.
Step 2700: Relocated 14110 GSs.
Step 2700: Added 7580 GSs. Now having 159185 GSs.
Step 2800: Relocated 14423 GSs.
Step 2800: Added 7959 GSs. Now having 167144 GSs.
Step 2900: Relocated 15147 GSs.
Step 2900: Added 8357 GSs. Now having 175501 GSs.
Step 3000: Relocated 15286 GSs.
Step 3000: Added 8775 GSs. Now having 184276 GSs.
[3000] loss 0.0602 l1 0.0328 ssim 0.8653 N 184276
Step 3100: Relocated 16960 GSs.
Step 3100: Added 9213 GSs. Now having 193489 GSs.
Step 3200: Relocated 17858 GSs.
Step 3200: Added 9674 GSs. Now having 203163 GSs.
Step 3300: Relocated 19740 GSs.
Step 3300: Added 10158 GSs. Now having 213321 GSs.
Step 3400: Relocated 21376 GSs.
Step 3400: Added 10666 GSs. Now having 223987 GSs.
Step 3500: Relocated 22144 GSs.
Step 3500: Added 11199 GSs. Now having 235186 GSs.
Step 3600: Relocated 24149 GSs.
Step 3600: Added 11759 GSs. Now having 246945 GSs.
Step 3700: Relocated 24594 GSs.
Step 3700: Added 12347 GSs. Now having 259292 GSs.
Step 3800: Relocated 27524 GSs.
Step 3800: Added 12964 GSs. Now having 272256 GSs.
Step 3900: Relocated 29378 GSs.
Step 3900: Added 13612 GSs. Now having 285868 GSs.
Step 4000: Relocated 30407 GSs.
Step 4000: Added 14293 GSs. Now having 300161 GSs.
[4000] loss 0.0674 l1 0.0414 ssim 0.8584 N 300161
Step 4100: Relocated 30005 GSs.
Step 4100: Added 15008 GSs. Now having 315169 GSs.
Step 4200: Relocated 33344 GSs.
Step 4200: Added 15758 GSs. Now having 330927 GSs.
Step 4300: Relocated 34646 GSs.
Step 4300: Added 16546 GSs. Now having 347473 GSs.
Step 4400: Relocated 39730 GSs.
Step 4400: Added 17373 GSs. Now having 364846 GSs.
Step 4500: Relocated 39500 GSs.
Step 4500: Added 18242 GSs. Now having 383088 GSs.
Step 4600: Relocated 41281 GSs.
Step 4600: Added 19154 GSs. Now having 402242 GSs.
Step 4700: Relocated 45522 GSs.
Step 4700: Added 20112 GSs. Now having 422354 GSs.
Step 4800: Relocated 49296 GSs.
Step 4800: Added 21117 GSs. Now having 443471 GSs.
Step 4900: Relocated 50119 GSs.
Step 4900: Added 22173 GSs. Now having 465644 GSs.
Step 5000: Relocated 50290 GSs.
Step 5000: Added 23282 GSs. Now having 488926 GSs.
[5000] loss 0.0611 l1 0.0361 ssim 0.8655 N 488926
Step 5100: Relocated 57736 GSs.
Step 5100: Added 24446 GSs. Now having 513372 GSs.
Step 5200: Relocated 61021 GSs.
Step 5200: Added 25668 GSs. Now having 539040 GSs.
Step 5300: Relocated 61552 GSs.
Step 5300: Added 26952 GSs. Now having 565992 GSs.
Step 5400: Relocated 63881 GSs.
Step 5400: Added 28299 GSs. Now having 594291 GSs.
Step 5500: Relocated 72842 GSs.
Step 5500: Added 29714 GSs. Now having 624005 GSs.
Step 5600: Relocated 78302 GSs.
Step 5600: Added 31200 GSs. Now having 655205 GSs.
Step 5700: Relocated 86510 GSs.
Step 5700: Added 32760 GSs. Now having 687965 GSs.
Step 5800: Relocated 90610 GSs.
Step 5800: Added 34398 GSs. Now having 722363 GSs.
Step 5900: Relocated 91543 GSs.
Step 5900: Added 36118 GSs. Now having 758481 GSs.
Step 6000: Relocated 92467 GSs.
Step 6000: Added 37924 GSs. Now having 796405 GSs.
[6000] loss 0.0647 l1 0.0373 ssim 0.8496 N 796405
Step 6100: Relocated 104948 GSs.
Step 6100: Added 39820 GSs. Now having 836225 GSs.
Step 6200: Relocated 117823 GSs.
Step 6200: Added 41811 GSs. Now having 878036 GSs.
Step 6300: Relocated 120786 GSs.
Step 6300: Added 43901 GSs. Now having 921937 GSs.
Step 6400: Relocated 128305 GSs.
Step 6400: Added 46096 GSs. Now having 968033 GSs.
Step 6500: Relocated 127473 GSs.
Step 6500: Added 48401 GSs. Now having 1016434 GSs.
Step 6600: Relocated 138285 GSs.
Step 6600: Added 50821 GSs. Now having 1067255 GSs.
Step 6700: Relocated 151658 GSs.
Step 6700: Added 53362 GSs. Now having 1120617 GSs.
Step 6800: Relocated 155179 GSs.
Step 6800: Added 56030 GSs. Now having 1176647 GSs.
Step 6900: Relocated 166474 GSs.
Step 6900: Added 58832 GSs. Now having 1235479 GSs.
Step 7000: Relocated 175719 GSs.
Step 7000: Added 61773 GSs. Now having 1297252 GSs.
[7000] loss 0.0692 l1 0.0434 ssim 0.8488 N 1297252
Step 7100: Relocated 178725 GSs.
Step 7100: Added 64862 GSs. Now having 1362114 GSs.
Step 7200: Relocated 194684 GSs.
Step 7200: Added 68105 GSs. Now having 1430219 GSs.
Step 7300: Relocated 208757 GSs.
Step 7300: Added 71510 GSs. Now having 1501729 GSs.
Step 7400: Relocated 223523 GSs.
Step 7400: Added 75086 GSs. Now having 1576815 GSs.
Step 7500: Relocated 233160 GSs.
Step 7500: Added 78840 GSs. Now having 1655655 GSs.
Step 7600: Relocated 246953 GSs.
Step 7600: Added 82782 GSs. Now having 1738437 GSs.
Step 7700: Relocated 264490 GSs.
Step 7700: Added 86921 GSs. Now having 1825358 GSs.
Step 7800: Relocated 282161 GSs.
Step 7800: Added 91267 GSs. Now having 1916625 GSs.
Step 7900: Relocated 297910 GSs.
Step 7900: Added 95831 GSs. Now having 2012456 GSs.
Step 8000: Relocated 320720 GSs.
Step 8000: Added 100622 GSs. Now having 2113078 GSs.
[8000] loss 0.1087 l1 0.0526 ssim 0.6852 N 2113078
Step 8100: Relocated 333145 GSs.
Step 8100: Added 105653 GSs. Now having 2218731 GSs.
Step 8200: Relocated 358590 GSs.
Step 8200: Added 110936 GSs. Now having 2329667 GSs.
Step 8300: Relocated 372239 GSs.
Step 8300: Added 116483 GSs. Now having 2446150 GSs.
Step 8400: Relocated 411019 GSs.
Step 8400: Added 122307 GSs. Now having 2568457 GSs.
Step 8500: Relocated 449819 GSs.
Step 8500: Added 128422 GSs. Now having 2696879 GSs.
Step 8600: Relocated 463318 GSs.
Step 8600: Added 134843 GSs. Now having 2831722 GSs.
Step 8700: Relocated 483940 GSs.
Step 8700: Added 141586 GSs. Now having 2973308 GSs.
Step 8800: Relocated 547816 GSs.
Step 8800: Added 148665 GSs. Now having 3121973 GSs.
Step 8900: Relocated 562665 GSs.
Step 8900: Added 156098 GSs. Now having 3278071 GSs.
Step 9000: Relocated 577066 GSs.
Step 9000: Added 163903 GSs. Now having 3441974 GSs.
[9000] loss 0.0396 l1 0.0263 ssim 0.9229 N 3441974
Step 9100: Relocated 592648 GSs.
Step 9100: Added 172098 GSs. Now having 3614072 GSs.
Step 9200: Relocated 610734 GSs.
Step 9200: Added 180703 GSs. Now having 3794775 GSs.
Step 9300: Relocated 662222 GSs.
Step 9300: Added 189738 GSs. Now having 3984513 GSs.
Step 9400: Relocated 719535 GSs.
Step 9400: Added 199225 GSs. Now having 4183738 GSs.
Step 9500: Relocated 787719 GSs.
Step 9500: Added 209186 GSs. Now having 4392924 GSs.
Step 9600: Relocated 829289 GSs.
Step 9600: Added 219646 GSs. Now having 4612570 GSs.
Step 9700: Relocated 854569 GSs.
Step 9700: Added 230628 GSs. Now having 4843198 GSs.
Step 9800: Relocated 913077 GSs.
Step 9800: Added 156802 GSs. Now having 5000000 GSs.
Step 9900: Relocated 934839 GSs.
Step 9900: Added 0 GSs. Now having 5000000 GSs.
Step 10000: Relocated 886263 GSs.
Step 10000: Added 0 GSs. Now having 5000000 GSs.
[10000] loss 0.1243 l1 0.0609 ssim 0.6356 N 5000000
Step 10100: Relocated 805141 GSs.
Step 10100: Added 0 GSs. Now having 5000000 GSs.
Step 10200: Relocated 761047 GSs.
Step 10200: Added 0 GSs. Now having 5000000 GSs.
Step 10300: Relocated 766201 GSs.
Step 10300: Added 0 GSs. Now having 5000000 GSs.
Step 10400: Relocated 706525 GSs.
Step 10400: Added 0 GSs. Now having 5000000 GSs.
Step 10500: Relocated 718676 GSs.
Step 10500: Added 0 GSs. Now having 5000000 GSs.
Step 10600: Relocated 723927 GSs.
Step 10600: Added 0 GSs. Now having 5000000 GSs.
Step 10700: Relocated 698059 GSs.
Step 10700: Added 0 GSs. Now having 5000000 GSs.
Step 10800: Relocated 674411 GSs.
Step 10800: Added 0 GSs. Now having 5000000 GSs.
Step 10900: Relocated 661437 GSs.
Step 10900: Added 0 GSs. Now having 5000000 GSs.
Step 11000: Relocated 656418 GSs.
Step 11000: Added 0 GSs. Now having 5000000 GSs.
[11000] loss 0.1087 l1 0.0592 ssim 0.7055 N 5000000
Step 11100: Relocated 692331 GSs.
Step 11100: Added 0 GSs. Now having 5000000 GSs.
Step 11200: Relocated 684328 GSs.
Step 11200: Added 0 GSs. Now having 5000000 GSs.
Step 11300: Relocated 618646 GSs.
Step 11300: Added 0 GSs. Now having 5000000 GSs.
Step 11400: Relocated 597336 GSs.
Step 11400: Added 0 GSs. Now having 5000000 GSs.
Step 11500: Relocated 589403 GSs.
Step 11500: Added 0 GSs. Now having 5000000 GSs.
Step 11600: Relocated 599648 GSs.
Step 11600: Added 0 GSs. Now having 5000000 GSs.
Step 11700: Relocated 570291 GSs.
Step 11700: Added 0 GSs. Now having 5000000 GSs.
Step 11800: Relocated 562498 GSs.
Step 11800: Added 0 GSs. Now having 5000000 GSs.
Step 11900: Relocated 567055 GSs.
Step 11900: Added 0 GSs. Now having 5000000 GSs.
Step 12000: Relocated 587429 GSs.
Step 12000: Added 0 GSs. Now having 5000000 GSs.
[12000] loss 0.0976 l1 0.0503 ssim 0.7252 N 5000000
Setting up [LPIPS] perceptual loss: trunk [vgg], v[0.1], spatial [off]
/home/bkai/miniconda3/envs/gsplat/lib/python3.10/site-packages/torchvision/models/_utils.py:208: UserWarning: The parameter 'pretrained' is deprecated since 0.13 and may be removed in the future, please use 'weights' instead.
  warnings.warn(
/home/bkai/miniconda3/envs/gsplat/lib/python3.10/site-packages/torchvision/models/_utils.py:223: UserWarning: Arguments other than a weight enum or `None` for 'weights' are deprecated since 0.13 and may be removed in the future. The current behavior is equivalent to passing `weights=VGG16_Weights.IMAGENET1K_V1`. You can also use `weights=VGG16_Weights.DEFAULT` to get the most up-to-date weights.
  warnings.warn(msg)
Loading model from: /home/bkai/miniconda3/envs/gsplat/lib/python3.10/site-packages/lpips/weights/v0.1/vgg.pth
Step 12100: Relocated 695870 GSs.
Step 12100: Added 0 GSs. Now having 5000000 GSs.
Step 12200: Relocated 594840 GSs.
Step 12200: Added 0 GSs. Now having 5000000 GSs.
Step 12300: Relocated 541088 GSs.
Step 12300: Added 0 GSs. Now having 5000000 GSs.
Step 12400: Relocated 515751 GSs.
Step 12400: Added 0 GSs. Now having 5000000 GSs.
Step 12500: Relocated 511320 GSs.
Step 12500: Added 0 GSs. Now having 5000000 GSs.
Step 12600: Relocated 469234 GSs.
Step 12600: Added 0 GSs. Now having 5000000 GSs.
Step 12700: Relocated 435666 GSs.
Step 12700: Added 0 GSs. Now having 5000000 GSs.
Step 12800: Relocated 420794 GSs.
Step 12800: Added 0 GSs. Now having 5000000 GSs.
Step 12900: Relocated 409148 GSs.
Step 12900: Added 0 GSs. Now having 5000000 GSs.
Step 13000: Relocated 413146 GSs.
Step 13000: Added 0 GSs. Now having 5000000 GSs.
[13000] loss 0.0595 l1 0.0217 ssim 0.9088 N 5000000
Step 13100: Relocated 390604 GSs.
Step 13100: Added 0 GSs. Now having 5000000 GSs.
Step 13200: Relocated 380186 GSs.
Step 13200: Added 0 GSs. Now having 5000000 GSs.
Step 13300: Relocated 361140 GSs.
Step 13300: Added 0 GSs. Now having 5000000 GSs.
Step 13400: Relocated 352426 GSs.
Step 13400: Added 0 GSs. Now having 5000000 GSs.
Step 13500: Relocated 362660 GSs.
Step 13500: Added 0 GSs. Now having 5000000 GSs.
Step 13600: Relocated 350174 GSs.
Step 13600: Added 0 GSs. Now having 5000000 GSs.
Step 13700: Relocated 348733 GSs.
Step 13700: Added 0 GSs. Now having 5000000 GSs.
Step 13800: Relocated 386196 GSs.
Step 13800: Added 0 GSs. Now having 5000000 GSs.
Step 13900: Relocated 360634 GSs.
Step 13900: Added 0 GSs. Now having 5000000 GSs.
Step 14000: Relocated 333891 GSs.
Step 14000: Added 0 GSs. Now having 5000000 GSs.
[14000] loss 0.0966 l1 0.0368 ssim 0.8475 N 5000000
Step 14100: Relocated 333719 GSs.
Step 14100: Added 0 GSs. Now having 5000000 GSs.
Step 14200: Relocated 330284 GSs.
Step 14200: Added 0 GSs. Now having 5000000 GSs.
Step 14300: Relocated 319744 GSs.
Step 14300: Added 0 GSs. Now having 5000000 GSs.
Step 14400: Relocated 325816 GSs.
Step 14400: Added 0 GSs. Now having 5000000 GSs.
Step 14500: Relocated 335284 GSs.
Step 14500: Added 0 GSs. Now having 5000000 GSs.
Step 14600: Relocated 329464 GSs.
Step 14600: Added 0 GSs. Now having 5000000 GSs.
Step 14700: Relocated 326913 GSs.
Step 14700: Added 0 GSs. Now having 5000000 GSs.
Step 14800: Relocated 302176 GSs.
Step 14800: Added 0 GSs. Now having 5000000 GSs.
Step 14900: Relocated 313864 GSs.
Step 14900: Added 0 GSs. Now having 5000000 GSs.
Step 15000: Relocated 324590 GSs.
Step 15000: Added 0 GSs. Now having 5000000 GSs.
[15000] loss 0.0602 l1 0.0247 ssim 0.9154 N 5000000
Step 15100: Relocated 314430 GSs.
Step 15100: Added 0 GSs. Now having 5000000 GSs.
Step 15200: Relocated 298356 GSs.
Step 15200: Added 0 GSs. Now having 5000000 GSs.
Step 15300: Relocated 283473 GSs.
Step 15300: Added 0 GSs. Now having 5000000 GSs.
Step 15400: Relocated 320130 GSs.
Step 15400: Added 0 GSs. Now having 5000000 GSs.
Step 15500: Relocated 303944 GSs.
Step 15500: Added 0 GSs. Now having 5000000 GSs.
Step 15600: Relocated 316186 GSs.
Step 15600: Added 0 GSs. Now having 5000000 GSs.
Step 15700: Relocated 318994 GSs.
Step 15700: Added 0 GSs. Now having 5000000 GSs.
Step 15800: Relocated 313691 GSs.
Step 15800: Added 0 GSs. Now having 5000000 GSs.
Step 15900: Relocated 295470 GSs.
Step 15900: Added 0 GSs. Now having 5000000 GSs.
Step 16000: Relocated 293685 GSs.
Step 16000: Added 0 GSs. Now having 5000000 GSs.
[16000] loss 0.0797 l1 0.0339 ssim 0.8933 N 5000000
Step 16100: Relocated 289552 GSs.
Step 16100: Added 0 GSs. Now having 5000000 GSs.
Step 16200: Relocated 296058 GSs.
Step 16200: Added 0 GSs. Now having 5000000 GSs.
Step 16300: Relocated 295145 GSs.
Step 16300: Added 0 GSs. Now having 5000000 GSs.
Step 16400: Relocated 284774 GSs.
Step 16400: Added 0 GSs. Now having 5000000 GSs.
Step 16500: Relocated 274643 GSs.
Step 16500: Added 0 GSs. Now having 5000000 GSs.
Step 16600: Relocated 279303 GSs.
Step 16600: Added 0 GSs. Now having 5000000 GSs.
Step 16700: Relocated 257736 GSs.
Step 16700: Added 0 GSs. Now having 5000000 GSs.
Step 16800: Relocated 284913 GSs.
Step 16800: Added 0 GSs. Now having 5000000 GSs.
Step 16900: Relocated 272200 GSs.
Step 16900: Added 0 GSs. Now having 5000000 GSs.
Step 17000: Relocated 264324 GSs.
Step 17000: Added 0 GSs. Now having 5000000 GSs.
[17000] loss 0.1291 l1 0.0467 ssim 0.7280 N 5000000
Step 17100: Relocated 257180 GSs.
Step 17100: Added 0 GSs. Now having 5000000 GSs.
Step 17200: Relocated 250735 GSs.
Step 17200: Added 0 GSs. Now having 5000000 GSs.
Step 17300: Relocated 268412 GSs.
Step 17300: Added 0 GSs. Now having 5000000 GSs.
Step 17400: Relocated 277689 GSs.
Step 17400: Added 0 GSs. Now having 5000000 GSs.
Step 17500: Relocated 271135 GSs.
Step 17500: Added 0 GSs. Now having 5000000 GSs.
Step 17600: Relocated 263122 GSs.
Step 17600: Added 0 GSs. Now having 5000000 GSs.
Step 17700: Relocated 278809 GSs.
Step 17700: Added 0 GSs. Now having 5000000 GSs.
Step 17800: Relocated 269256 GSs.
Step 17800: Added 0 GSs. Now having 5000000 GSs.
Step 17900: Relocated 278442 GSs.
Step 17900: Added 0 GSs. Now having 5000000 GSs.
Step 18000: Relocated 290002 GSs.
Step 18000: Added 0 GSs. Now having 5000000 GSs.
[18000] loss 0.0507 l1 0.0201 ssim 0.9315 N 5000000
Step 18100: Relocated 269653 GSs.
Step 18100: Added 0 GSs. Now having 5000000 GSs.
Step 18200: Relocated 247893 GSs.
Step 18200: Added 0 GSs. Now having 5000000 GSs.
Step 18300: Relocated 258924 GSs.
Step 18300: Added 0 GSs. Now having 5000000 GSs.
Step 18400: Relocated 253470 GSs.
Step 18400: Added 0 GSs. Now having 5000000 GSs.
Step 18500: Relocated 239158 GSs.
Step 18500: Added 0 GSs. Now having 5000000 GSs.
Step 18600: Relocated 231795 GSs.
Step 18600: Added 0 GSs. Now having 5000000 GSs.
Step 18700: Relocated 240818 GSs.
Step 18700: Added 0 GSs. Now having 5000000 GSs.
Step 18800: Relocated 244641 GSs.
Step 18800: Added 0 GSs. Now having 5000000 GSs.
Step 18900: Relocated 232739 GSs.
Step 18900: Added 0 GSs. Now having 5000000 GSs.
Step 19000: Relocated 229355 GSs.
Step 19000: Added 0 GSs. Now having 5000000 GSs.
[19000] loss 0.0615 l1 0.0223 ssim 0.9178 N 5000000
Step 19100: Relocated 230913 GSs.
Step 19100: Added 0 GSs. Now having 5000000 GSs.
Step 19200: Relocated 226073 GSs.
Step 19200: Added 0 GSs. Now having 5000000 GSs.
Step 19300: Relocated 236773 GSs.
Step 19300: Added 0 GSs. Now having 5000000 GSs.
Step 19400: Relocated 239059 GSs.
Step 19400: Added 0 GSs. Now having 5000000 GSs.
Step 19500: Relocated 236802 GSs.
Step 19500: Added 0 GSs. Now having 5000000 GSs.
Step 19600: Relocated 229771 GSs.
Step 19600: Added 0 GSs. Now having 5000000 GSs.
Step 19700: Relocated 224278 GSs.
Step 19700: Added 0 GSs. Now having 5000000 GSs.
Step 19800: Relocated 215505 GSs.
Step 19800: Added 0 GSs. Now having 5000000 GSs.
Step 19900: Relocated 207780 GSs.
Step 19900: Added 0 GSs. Now having 5000000 GSs.
Step 20000: Relocated 207454 GSs.
Step 20000: Added 0 GSs. Now having 5000000 GSs.
[20000] loss 0.0511 l1 0.0178 ssim 0.9367 N 5000000
Step 20100: Relocated 204820 GSs.
Step 20100: Added 0 GSs. Now having 5000000 GSs.
Step 20200: Relocated 225508 GSs.
Step 20200: Added 0 GSs. Now having 5000000 GSs.
Step 20300: Relocated 228785 GSs.
Step 20300: Added 0 GSs. Now having 5000000 GSs.
Step 20400: Relocated 213292 GSs.
Step 20400: Added 0 GSs. Now having 5000000 GSs.
Step 20500: Relocated 219556 GSs.
Step 20500: Added 0 GSs. Now having 5000000 GSs.
Step 20600: Relocated 215836 GSs.
Step 20600: Added 0 GSs. Now having 5000000 GSs.
Step 20700: Relocated 215248 GSs.
Step 20700: Added 0 GSs. Now having 5000000 GSs.
Step 20800: Relocated 206355 GSs.
Step 20800: Added 0 GSs. Now having 5000000 GSs.
Step 20900: Relocated 216375 GSs.
Step 20900: Added 0 GSs. Now having 5000000 GSs.
Step 21000: Relocated 199616 GSs.
Step 21000: Added 0 GSs. Now having 5000000 GSs.
[21000] loss 0.1168 l1 0.0492 ssim 0.7660 N 5000000
Step 21100: Relocated 197156 GSs.
Step 21100: Added 0 GSs. Now having 5000000 GSs.
Step 21200: Relocated 199123 GSs.
Step 21200: Added 0 GSs. Now having 5000000 GSs.
Step 21300: Relocated 212324 GSs.
Step 21300: Added 0 GSs. Now having 5000000 GSs.
Step 21400: Relocated 205098 GSs.
Step 21400: Added 0 GSs. Now having 5000000 GSs.
Step 21500: Relocated 204171 GSs.
Step 21500: Added 0 GSs. Now having 5000000 GSs.
Step 21600: Relocated 197720 GSs.
Step 21600: Added 0 GSs. Now having 5000000 GSs.
Step 21700: Relocated 195816 GSs.
Step 21700: Added 0 GSs. Now having 5000000 GSs.
Step 21800: Relocated 191447 GSs.
Step 21800: Added 0 GSs. Now having 5000000 GSs.
Step 21900: Relocated 200178 GSs.
Step 21900: Added 0 GSs. Now having 5000000 GSs.
Step 22000: Relocated 214429 GSs.
Step 22000: Added 0 GSs. Now having 5000000 GSs.
[22000] loss 0.0610 l1 0.0246 ssim 0.9154 N 5000000
Step 22100: Relocated 197566 GSs.
Step 22100: Added 0 GSs. Now having 5000000 GSs.
Step 22200: Relocated 192279 GSs.
Step 22200: Added 0 GSs. Now having 5000000 GSs.
Step 22300: Relocated 175038 GSs.
Step 22300: Added 0 GSs. Now having 5000000 GSs.
Step 22400: Relocated 202390 GSs.
Step 22400: Added 0 GSs. Now having 5000000 GSs.
Step 22500: Relocated 218326 GSs.
Step 22500: Added 0 GSs. Now having 5000000 GSs.
Step 22600: Relocated 221753 GSs.
Step 22600: Added 0 GSs. Now having 5000000 GSs.
Step 22700: Relocated 207891 GSs.
Step 22700: Added 0 GSs. Now having 5000000 GSs.
Step 22800: Relocated 205602 GSs.
Step 22800: Added 0 GSs. Now having 5000000 GSs.
Step 22900: Relocated 203846 GSs.
Step 22900: Added 0 GSs. Now having 5000000 GSs.
Step 23000: Relocated 207744 GSs.
Step 23000: Added 0 GSs. Now having 5000000 GSs.
[23000] loss 0.0516 l1 0.0216 ssim 0.9363 N 5000000
Step 23100: Relocated 208926 GSs.
Step 23100: Added 0 GSs. Now having 5000000 GSs.
Step 23200: Relocated 196714 GSs.
Step 23200: Added 0 GSs. Now having 5000000 GSs.
Step 23300: Relocated 198566 GSs.
Step 23300: Added 0 GSs. Now having 5000000 GSs.
Step 23400: Relocated 193158 GSs.
Step 23400: Added 0 GSs. Now having 5000000 GSs.
Step 23500: Relocated 186850 GSs.
Step 23500: Added 0 GSs. Now having 5000000 GSs.
Step 23600: Relocated 173187 GSs.
Step 23600: Added 0 GSs. Now having 5000000 GSs.
Step 23700: Relocated 187645 GSs.
Step 23700: Added 0 GSs. Now having 5000000 GSs.
Step 23800: Relocated 190067 GSs.
Step 23800: Added 0 GSs. Now having 5000000 GSs.
Step 23900: Relocated 184900 GSs.
Step 23900: Added 0 GSs. Now having 5000000 GSs.
Step 24000: Relocated 167282 GSs.
Step 24000: Added 0 GSs. Now having 5000000 GSs.
[24000] loss 0.0357 l1 0.0146 ssim 0.9653 N 5000000
Step 24100: Relocated 162611 GSs.
Step 24100: Added 0 GSs. Now having 5000000 GSs.
Step 24200: Relocated 155594 GSs.
Step 24200: Added 0 GSs. Now having 5000000 GSs.
Step 24300: Relocated 151274 GSs.
Step 24300: Added 0 GSs. Now having 5000000 GSs.
Step 24400: Relocated 152187 GSs.
Step 24400: Added 0 GSs. Now having 5000000 GSs.
Step 24500: Relocated 150965 GSs.
Step 24500: Added 0 GSs. Now having 5000000 GSs.
Step 24600: Relocated 153138 GSs.
Step 24600: Added 0 GSs. Now having 5000000 GSs.
Step 24700: Relocated 147811 GSs.
Step 24700: Added 0 GSs. Now having 5000000 GSs.
Step 24800: Relocated 158864 GSs.
Step 24800: Added 0 GSs. Now having 5000000 GSs.
Step 24900: Relocated 157752 GSs.
Step 24900: Added 0 GSs. Now having 5000000 GSs.
Step 25000: Relocated 161147 GSs.
Step 25000: Added 0 GSs. Now having 5000000 GSs.
[25000] loss 0.0394 l1 0.0157 ssim 0.9631 N 5000000
Step 25100: Relocated 142684 GSs.
Step 25100: Added 0 GSs. Now having 5000000 GSs.
Step 25200: Relocated 147196 GSs.
Step 25200: Added 0 GSs. Now having 5000000 GSs.
Step 25300: Relocated 142912 GSs.
Step 25300: Added 0 GSs. Now having 5000000 GSs.
Step 25400: Relocated 141992 GSs.
Step 25400: Added 0 GSs. Now having 5000000 GSs.
Step 25500: Relocated 145503 GSs.
Step 25500: Added 0 GSs. Now having 5000000 GSs.
Step 25600: Relocated 145964 GSs.
Step 25600: Added 0 GSs. Now having 5000000 GSs.
Step 25700: Relocated 144441 GSs.
Step 25700: Added 0 GSs. Now having 5000000 GSs.
Step 25800: Relocated 142541 GSs.
Step 25800: Added 0 GSs. Now having 5000000 GSs.
Step 25900: Relocated 129473 GSs.
Step 25900: Added 0 GSs. Now having 5000000 GSs.
Step 26000: Relocated 135367 GSs.
Step 26000: Added 0 GSs. Now having 5000000 GSs.
[26000] loss 0.0453 l1 0.0183 ssim 0.9451 N 5000000
Step 26100: Relocated 141322 GSs.
Step 26100: Added 0 GSs. Now having 5000000 GSs.
Step 26200: Relocated 134823 GSs.
Step 26200: Added 0 GSs. Now having 5000000 GSs.
Step 26300: Relocated 129643 GSs.
Step 26300: Added 0 GSs. Now having 5000000 GSs.
Step 26400: Relocated 139465 GSs.
Step 26400: Added 0 GSs. Now having 5000000 GSs.
Step 26500: Relocated 128462 GSs.
Step 26500: Added 0 GSs. Now having 5000000 GSs.
Step 26600: Relocated 126837 GSs.
Step 26600: Added 0 GSs. Now having 5000000 GSs.
Step 26700: Relocated 126933 GSs.
Step 26700: Added 0 GSs. Now having 5000000 GSs.
Step 26800: Relocated 130032 GSs.
Step 26800: Added 0 GSs. Now having 5000000 GSs.
Step 26900: Relocated 130070 GSs.
Step 26900: Added 0 GSs. Now having 5000000 GSs.
Step 27000: Relocated 124080 GSs.
Step 27000: Added 0 GSs. Now having 5000000 GSs.
[27000] loss 0.0377 l1 0.0152 ssim 0.9552 N 5000000
Step 27100: Relocated 115804 GSs.
Step 27100: Added 0 GSs. Now having 5000000 GSs.
Step 27200: Relocated 117861 GSs.
Step 27200: Added 0 GSs. Now having 5000000 GSs.
Step 27300: Relocated 123725 GSs.
Step 27300: Added 0 GSs. Now having 5000000 GSs.
Step 27400: Relocated 126446 GSs.
Step 27400: Added 0 GSs. Now having 5000000 GSs.
Step 27500: Relocated 120511 GSs.
Step 27500: Added 0 GSs. Now having 5000000 GSs.
Step 27600: Relocated 110534 GSs.
Step 27600: Added 0 GSs. Now having 5000000 GSs.
Step 27700: Relocated 114660 GSs.
Step 27700: Added 0 GSs. Now having 5000000 GSs.
Step 27800: Relocated 118852 GSs.
Step 27800: Added 0 GSs. Now having 5000000 GSs.
Step 27900: Relocated 112361 GSs.
Step 27900: Added 0 GSs. Now having 5000000 GSs.
Step 28000: Relocated 123782 GSs.
Step 28000: Added 0 GSs. Now having 5000000 GSs.
[28000] loss 0.0514 l1 0.0234 ssim 0.9333 N 5000000
Step 28100: Relocated 122746 GSs.
Step 28100: Added 0 GSs. Now having 5000000 GSs.
Step 28200: Relocated 108703 GSs.
Step 28200: Added 0 GSs. Now having 5000000 GSs.
Step 28300: Relocated 115104 GSs.
Step 28300: Added 0 GSs. Now having 5000000 GSs.
Step 28400: Relocated 118829 GSs.
Step 28400: Added 0 GSs. Now having 5000000 GSs.
Step 28500: Relocated 106157 GSs.
Step 28500: Added 0 GSs. Now having 5000000 GSs.
Step 28600: Relocated 113259 GSs.
Step 28600: Added 0 GSs. Now having 5000000 GSs.
Step 28700: Relocated 115851 GSs.
Step 28700: Added 0 GSs. Now having 5000000 GSs.
Step 28800: Relocated 109501 GSs.
Step 28800: Added 0 GSs. Now having 5000000 GSs.
Step 28900: Relocated 110111 GSs.
Step 28900: Added 0 GSs. Now having 5000000 GSs.
[29000] loss 0.0879 l1 0.0334 ssim 0.8159 N 5000000
[29999] loss 0.0935 l1 0.0335 ssim 0.7946 N 5000000
Saved 5000000 gaussians to /mnt/d/avv/r43_bonsai/churn_r29n29/ckpt.pt
