/home/bkai/miniconda3/envs/fastgs2/lib/python3.10/site-packages/torchvision/models/_utils.py:208: UserWarning: The parameter 'pretrained' is deprecated since 0.13 and may be removed in the future, please use 'weights' instead.
  warnings.warn(
/home/bkai/miniconda3/envs/fastgs2/lib/python3.10/site-packages/torchvision/models/_utils.py:223: UserWarning: Arguments other than a weight enum or `None` for 'weights' are deprecated since 0.13 and may be removed in the future. The current behavior is equivalent to passing `weights=VGG16_Weights.IMAGENET1K_V1`. You can also use `weights=VGG16_Weights.DEFAULT` to get the most up-to-date weights.
  warnings.warn(msg)
xfam7: 7 members, families ['FastGS', 'MCMC', 'UT', 'UTmetric']
137 candidate weight vectors -> ~57 min
[1/137] uniform                            SCORE  77.0219  (144s)
[2/137] nnls_all60                         SCORE  77.0746  (183s)
[3/137] nnls_split0A                       SCORE  77.0677  (230s)
[4/137] nnls_split0B                       SCORE  77.0791  (265s)
[5/137] nnls_split1A                       SCORE  77.0696  (313s)
[6/137] nnls_split1B                       SCORE  77.0779  (353s)
[7/137] fam:FastGS=0.14,MCMC=0.14,UT=0.57,UTmetric=0.14 SCORE  77.0219  (391s)
[8/137] fam:FastGS=0.25,MCMC=0.25,UT=0.25,UTmetric=0.25 SCORE  76.9571  (436s)
[9/137] fam:FastGS=0.05,MCMC=0.16,UT=0.63,UTmetric=0.16 SCORE  76.9735  (473s)
[10/137] fam:FastGS=0.09,MCMC=0.30,UT=0.30,UTmetric=0.30 SCORE  76.9739  (513s)
[11/137] fam:FastGS=0.16,MCMC=0.05,UT=0.63,UTmetric=0.16 SCORE  77.0175  (566s)
[12/137] fam:FastGS=0.30,MCMC=0.09,UT=0.30,UTmetric=0.30 SCORE  77.0455  (592s)
[13/137] fam:FastGS=0.24,MCMC=0.24,UT=0.29,UTmetric=0.24 SCORE  76.9797  (614s)
[14/137] fam:FastGS=0.30,MCMC=0.30,UT=0.09,UTmetric=0.30 SCORE  76.8050  (629s)
[15/137] fam:FastGS=0.16,MCMC=0.16,UT=0.63,UTmetric=0.05 SCORE  76.9729  (647s)
[16/137] fam:FastGS=0.30,MCMC=0.30,UT=0.30,UTmetric=0.09 SCORE  76.7933  (670s)
[17/137] fam:FastGS=0.08,MCMC=0.15,UT=0.62,UTmetric=0.15 SCORE  76.9931  (695s)
[18/137] fam:FastGS=0.14,MCMC=0.29,UT=0.29,UTmetric=0.29 SCORE  76.9815  (717s)
[19/137] fam:FastGS=0.15,MCMC=0.08,UT=0.62,UTmetric=0.15 SCORE  77.0231  (737s)
[20/137] fam:FastGS=0.29,MCMC=0.14,UT=0.29,UTmetric=0.29 SCORE  77.0283  (760s)
[21/137] fam:FastGS=0.20,MCMC=0.20,UT=0.40,UTmetric=0.20 SCORE  77.0261  (785s)
[22/137] fam:FastGS=0.29,MCMC=0.29,UT=0.14,UTmetric=0.29 SCORE  76.8641  (804s)
[23/137] fam:FastGS=0.15,MCMC=0.15,UT=0.62,UTmetric=0.08 SCORE  76.9905  (825s)
[24/137] fam:FastGS=0.29,MCMC=0.29,UT=0.29,UTmetric=0.14 SCORE  76.8599  (846s)
[25/137] fam:FastGS=0.10,MCMC=0.15,UT=0.60,UTmetric=0.15 SCORE  77.0076  (868s)
[26/137] fam:FastGS=0.19,MCMC=0.27,UT=0.27,UTmetric=0.27 SCORE  76.9769  (892s)
[27/137] fam:FastGS=0.15,MCMC=0.10,UT=0.60,UTmetric=0.15 SCORE  77.0246  (915s)
[28/137] fam:FastGS=0.27,MCMC=0.19,UT=0.27,UTmetric=0.27 SCORE  77.0030  (938s)
[29/137] fam:FastGS=0.17,MCMC=0.17,UT=0.48,UTmetric=0.17 SCORE  77.0353  (963s)
[30/137] fam:FastGS=0.27,MCMC=0.27,UT=0.19,UTmetric=0.27 SCORE  76.9086  (985s)
[31/137] fam:FastGS=0.15,MCMC=0.15,UT=0.60,UTmetric=0.10 SCORE  77.0056  (1006s)
[32/137] fam:FastGS=0.27,MCMC=0.27,UT=0.27,UTmetric=0.19 SCORE  76.9084  (1023s)
[33/137] fam:FastGS=0.20,MCMC=0.13,UT=0.53,UTmetric=0.13 SCORE  77.0314  (1038s)
[34/137] fam:FastGS=0.33,MCMC=0.22,UT=0.22,UTmetric=0.22 SCORE  76.9022  (1056s)
[35/137] fam:FastGS=0.13,MCMC=0.20,UT=0.53,UTmetric=0.13 SCORE  77.0064  (1071s)
[36/137] fam:FastGS=0.22,MCMC=0.33,UT=0.22,UTmetric=0.22 SCORE  76.8694  (1088s)
[37/137] fam:FastGS=0.11,MCMC=0.11,UT=0.67,UTmetric=0.11 SCORE  76.9857  (1104s)
[38/137] fam:FastGS=0.22,MCMC=0.22,UT=0.33,UTmetric=0.22 SCORE  77.0042  (1119s)
[39/137] fam:FastGS=0.13,MCMC=0.13,UT=0.53,UTmetric=0.20 SCORE  77.0396  (1136s)
[40/137] fam:FastGS=0.22,MCMC=0.22,UT=0.22,UTmetric=0.33 SCORE  76.9935  (1149s)
[41/137] fam:FastGS=0.25,MCMC=0.12,UT=0.50,UTmetric=0.12 SCORE  77.0259  (1162s)
[42/137] fam:FastGS=0.40,MCMC=0.20,UT=0.20,UTmetric=0.20 SCORE  76.8345  (1176s)
[43/137] fam:FastGS=0.12,MCMC=0.25,UT=0.50,UTmetric=0.12 SCORE  76.9811  (1196s)
[44/137] fam:FastGS=0.20,MCMC=0.40,UT=0.20,UTmetric=0.20 SCORE  76.7781  (1213s)
[45/137] fam:FastGS=0.09,MCMC=0.09,UT=0.73,UTmetric=0.09 SCORE  76.9489  (1232s)
[46/137] fam:FastGS=0.12,MCMC=0.12,UT=0.50,UTmetric=0.25 SCORE  77.0465  (1248s)
[47/137] fam:FastGS=0.20,MCMC=0.20,UT=0.20,UTmetric=0.40 SCORE  76.9938  (1268s)
[48/137] fam:FastGS=0.33,MCMC=0.11,UT=0.44,UTmetric=0.11 SCORE  76.9868  (1285s)
[49/137] fam:FastGS=0.50,MCMC=0.17,UT=0.17,UTmetric=0.17 SCORE  76.6910  (1303s)
[50/137] fam:FastGS=0.11,MCMC=0.33,UT=0.44,UTmetric=0.11 SCORE  76.9116  (1321s)
[51/137] fam:FastGS=0.17,MCMC=0.50,UT=0.17,UTmetric=0.17 SCORE  76.6036  (1336s)
[52/137] fam:FastGS=0.07,MCMC=0.07,UT=0.80,UTmetric=0.07 SCORE  76.8935  (1351s)
[53/137] fam:FastGS=0.17,MCMC=0.17,UT=0.50,UTmetric=0.17 SCORE  77.0345  (1368s)
[54/137] fam:FastGS=0.11,MCMC=0.11,UT=0.44,UTmetric=0.33 SCORE  77.0351  (1383s)
[55/137] fam:FastGS=0.17,MCMC=0.17,UT=0.17,UTmetric=0.50 SCORE  76.9425  (1398s)
[56/137] fam:FastGS=0.45,MCMC=0.17,UT=0.20,UTmetric=0.17 SCORE  76.7785  (1413s)
[57/137] fam:FastGS=0.20,MCMC=0.32,UT=0.33,UTmetric=0.15 SCORE  76.8980  (1431s)
[58/137] fam:FastGS=0.26,MCMC=0.33,UT=0.20,UTmetric=0.22 SCORE  76.8404  (1445s)
[59/137] fam:FastGS=0.24,MCMC=0.34,UT=0.28,UTmetric=0.14 SCORE  76.8250  (1461s)
[60/137] fam:FastGS=0.30,MCMC=0.23,UT=0.32,UTmetric=0.15 SCORE  76.9218  (1474s)
[61/137] fam:FastGS=0.24,MCMC=0.20,UT=0.28,UTmetric=0.28 SCORE  77.0096  (1492s)
[62/137] fam:FastGS=0.09,MCMC=0.44,UT=0.22,UTmetric=0.25 SCORE  76.8043  (1506s)
[63/137] fam:FastGS=0.54,MCMC=0.18,UT=0.12,UTmetric=0.16 SCORE  76.5636  (1524s)
[64/137] fam:FastGS=0.31,MCMC=0.24,UT=0.33,UTmetric=0.12 SCORE  76.8801  (1538s)
[65/137] fam:FastGS=0.07,MCMC=0.34,UT=0.48,UTmetric=0.11 SCORE  76.9129  (1555s)
[66/137] fam:FastGS=0.14,MCMC=0.20,UT=0.35,UTmetric=0.31 SCORE  77.0356  (1569s)
[67/137] fam:FastGS=0.36,MCMC=0.18,UT=0.37,UTmetric=0.08 SCORE  76.8886  (1586s)
[68/137] fam:FastGS=0.20,MCMC=0.25,UT=0.22,UTmetric=0.34 SCORE  76.9844  (1602s)
[69/137] fam:FastGS=0.42,MCMC=0.13,UT=0.34,UTmetric=0.11 SCORE  76.8798  (1617s)
[70/137] fam:FastGS=0.30,MCMC=0.20,UT=0.29,UTmetric=0.20 SCORE  76.9589  (1633s)
[71/137] fam:FastGS=0.49,MCMC=0.18,UT=0.05,UTmetric=0.28 SCORE  76.6777  (1648s)
[72/137] solo:e17visnormx0.0                SCORE  76.9341  (1664s)
[73/137] solo:e17visnormx0.4                SCORE  76.9842  (1679s)
[74/137] solo:e17visnormx0.7                SCORE  77.0076  (1689s)
[75/137] solo:e17visnormx1.5                SCORE  77.0314  (1702s)
[76/137] solo:e17visnormx2.0                SCORE  77.0259  (1716s)
[77/137] solo:e17visnormx3.0                SCORE  76.9868  (1733s)
[78/137] solo:gsplatB8purex0.0              SCORE  77.0021  (1746s)
[79/137] solo:gsplatB8purex0.4              SCORE  77.0213  (1764s)
[80/137] solo:gsplatB8purex0.7              SCORE  77.0246  (1779s)
[81/137] solo:gsplatB8purex1.5              SCORE  77.0064  (1793s)
[82/137] solo:gsplatB8purex2.0              SCORE  76.9811  (1810s)
[83/137] solo:gsplatB8purex3.0              SCORE  76.9116  (1824s)
[84/137] solo:gsplatB9utx0.0                SCORE  77.0734  (1840s)
[85/137] solo:gsplatB9utx0.4                SCORE  77.0593  (1855s)
[86/137] solo:gsplatB9utx0.7                SCORE  77.0409  (1870s)
[87/137] solo:gsplatB9utx1.5                SCORE  76.9830  (1885s)
[88/137] solo:gsplatB9utx2.0                SCORE  76.9404  (1900s)
[89/137] solo:gsplatB9utx3.0                SCORE  76.8512  (1916s)
[90/137] solo:gsplatB10ut8Mx0.0             SCORE  77.0183  (1931s)
[91/137] solo:gsplatB10ut8Mx0.4             SCORE  77.0267  (1945s)
[92/137] solo:gsplatB10ut8Mx0.7             SCORE  77.0260  (1961s)
[93/137] solo:gsplatB10ut8Mx1.5             SCORE  77.0087  (1974s)
[94/137] solo:gsplatB10ut8Mx2.0             SCORE  76.9904  (1991s)
[95/137] solo:gsplatB10ut8Mx3.0             SCORE  76.9429  (2005s)
[96/137] solo:gsplatB11ut60kx0.0            SCORE  76.9509  (2022s)
[97/137] solo:gsplatB11ut60kx0.4            SCORE  76.9877  (2037s)
[98/137] solo:gsplatB11ut60kx0.7            SCORE  77.0082  (2053s)
[99/137] solo:gsplatB11ut60kx1.5            SCORE  77.0373  (2068s)
[100/137] solo:gsplatB11ut60kx2.0            SCORE  77.0440  (2082s)
[101/137] solo:gsplatB11ut60kx3.0            SCORE  77.0368  (2098s)
[102/137] solo:gsplatB12ut8Ms7x0.0           SCORE  77.0091  (2112s)
[103/137] solo:gsplatB12ut8Ms7x0.4           SCORE  77.0218  (2128s)
[104/137] solo:gsplatB12ut8Ms7x0.7           SCORE  77.0239  (2142s)
[105/137] solo:gsplatB12ut8Ms7x1.5           SCORE  77.0116  (2156s)
[106/137] solo:gsplatB12ut8Ms7x2.0           SCORE  76.9958  (2172s)
[107/137] solo:gsplatB12ut8Ms7x3.0           SCORE  76.9520  (2185s)
[108/137] solo:m31b_taillpipsx0.0            SCORE  76.9394  (2198s)
[109/137] solo:m31b_taillpipsx0.4            SCORE  76.9822  (2215s)
[110/137] solo:m31b_taillpipsx0.7            SCORE  77.0056  (2228s)
[111/137] solo:m31b_taillpipsx1.5            SCORE  77.0396  (2245s)
[112/137] solo:m31b_taillpipsx2.0            SCORE  77.0465  (2260s)
[113/137] solo:m31b_taillpipsx3.0            SCORE  77.0351  (2275s)
[114/137] dir20_0                            SCORE  77.0093  (2289s)
[115/137] dir20_1                            SCORE  77.0178  (2305s)
[116/137] dir20_2                            SCORE  77.0173  (2317s)
[117/137] dir20_3                            SCORE  77.0331  (2331s)
[118/137] dir20_4                            SCORE  77.0152  (2346s)
[119/137] dir20_5                            SCORE  76.9814  (2360s)
[120/137] dir20_6                            SCORE  76.9776  (2376s)
[121/137] dir20_7                            SCORE  77.0149  (2390s)
[122/137] dir20_8                            SCORE  77.0564  (2406s)
[123/137] dir20_9                            SCORE  77.0459  (2420s)
[124/137] dir20_10                           SCORE  77.0470  (2433s)
[125/137] dir20_11                           SCORE  77.0242  (2447s)
[126/137] dir6_0                             SCORE  77.0664  (2464s)
[127/137] dir6_1                             SCORE  76.9675  (2477s)
[128/137] dir6_2                             SCORE  77.0491  (2493s)
[129/137] dir6_3                             SCORE  76.9981  (2509s)
[130/137] dir6_4                             SCORE  77.0148  (2523s)
[131/137] dir6_5                             SCORE  76.9771  (2537s)
[132/137] dir6_6                             SCORE  77.0112  (2553s)
[133/137] dir6_7                             SCORE  76.8810  (2568s)
[134/137] dir6_8                             SCORE  77.0138  (2582s)
[135/137] dir6_9                             SCORE  76.9898  (2597s)
[136/137] dir6_10                            SCORE  77.0019  (2612s)
[137/137] dir6_11                            SCORE  77.0351  (2626s)
SCORING DONE 2625.8590364456177

=== 2-FOLD CV: does a fitted weight vector beat uniform out of sample? ===
  ALL candidates     split0 fit->nnls_split1B                     heldout delta +0.0503
  ALL candidates     split0 fit->nnls_split0B                     heldout delta +0.0616
  ALL candidates     split1 fit->nnls_split0B                     heldout delta +0.0582
  ALL candidates     split1 fit->nnls_split0B                     heldout delta +0.0563
  ALL candidates     MEAN CV GAIN +0.0566  (folds [0.0503 0.0616 0.0582 0.0563])

  family-grid only   split0 fit->fam:FastGS=0.30,MCMC=0.09,UT=0.30,UTmetric=0.30 heldout delta +0.0119
  family-grid only   split0 fit->fam:FastGS=0.12,MCMC=0.12,UT=0.50,UTmetric=0.25 heldout delta +0.0223
  family-grid only   split1 fit->fam:FastGS=0.30,MCMC=0.09,UT=0.30,UTmetric=0.30 heldout delta +0.0214
  family-grid only   split1 fit->fam:FastGS=0.12,MCMC=0.12,UT=0.50,UTmetric=0.25 heldout delta +0.0202
  family-grid only   MEAN CV GAIN +0.0190  (folds [0.0119 0.0223 0.0214 0.0202])

  NNLS-MSE only      split0 fit->nnls_split1B                     heldout delta +0.0503
  NNLS-MSE only      split0 fit->nnls_split0B                     heldout delta +0.0616
  NNLS-MSE only      split1 fit->nnls_split0B                     heldout delta +0.0582
  NNLS-MSE only      split1 fit->nnls_split0B                     heldout delta +0.0563
  NNLS-MSE only      MEAN CV GAIN +0.0566  (folds [0.0503 0.0616 0.0582 0.0563])

in-sample best-on-all-60: nnls_split0B = 77.0791 (uniform 77.0219, in-sample gain +0.0572)
  w = e17visnorm:0.230, gsplatB8pure:0.075, gsplatB9ut:0.087, gsplatB10ut8M:0.130, gsplatB11ut60k:0.158, gsplatB12ut8Ms7:0.141, m31b_taillpips:0.179
