ERROR conda.cli.main_run:execute(142): `conda run python -c 
import sys; sys.path.insert(0,'.')
from scene.colmap_loader import read_intrinsics_binary
c=list(read_intrinsics_binary('/mnt/d/avv/data/phase1/private_set2/chair/train/sparse/0/cameras.bin').values())[0]
p=list(c.params); print(p[3] if c.model in ('SIMPLE_RADIAL','RADIAL') else 0.0)` failed. (See above for error)
[chair] k1=ERROR: This cross-compiler package contains no program /home/bkai/miniconda3/bin/x86_64-conda-linux-gnu-g++ -> native
205/263 images.bin entries have files in /mnt/d/avv/data/phase1/private_set2/chair/train/images
205 views, 80491 init points, K=[[1114.0,0,360.0],[0,1114.0,640.0]], size 720x1280
3DGUT mode: classic + with_ut + with_eval3d, k1=+0.000000
scene_scale 5.779
/mnt/c/Users/BKAI/an_plaza2/FastGS/gsplat_track/train_gsplat.py:325: UserWarning: The given NumPy array is not writable, and PyTorch does not support non-writable tensors. This means writing to this tensor will result in undefined behavior. You may want to copy the array to protect its data or make it writable before converting it to a tensor. This type of warning will be suppressed for the rest of this program. (Triggered internally at /pytorch/torch/csrc/utils/tensor_numpy.cpp:203.)
  gt_cache[vi] = torch.from_numpy(
[0] loss 0.2803 l1 0.1952 ssim 0.4068 N 80491
Step 600: Relocated 22597 GSs.
Step 600: Added 4024 GSs. Now having 84515 GSs.
Step 700: Relocated 4496 GSs.
Step 700: Added 4225 GSs. Now having 88740 GSs.
Step 800: Relocated 3685 GSs.
Step 800: Added 4437 GSs. Now having 93177 GSs.
Step 900: Relocated 3675 GSs.
Step 900: Added 4658 GSs. Now having 97835 GSs.
Step 1000: Relocated 3620 GSs.
Step 1000: Added 4891 GSs. Now having 102726 GSs.
[1000] loss 0.1336 l1 0.0730 ssim 0.6326 N 102726
Step 1100: Relocated 4139 GSs.
Step 1100: Added 5136 GSs. Now having 107862 GSs.
Step 1200: Relocated 4429 GSs.
Step 1200: Added 5393 GSs. Now having 113255 GSs.
Step 1300: Relocated 4777 GSs.
Step 1300: Added 5662 GSs. Now having 118917 GSs.
Step 1400: Relocated 5103 GSs.
Step 1400: Added 5945 GSs. Now having 124862 GSs.
Step 1500: Relocated 5358 GSs.
Step 1500: Added 6243 GSs. Now having 131105 GSs.
Step 1600: Relocated 6387 GSs.
Step 1600: Added 6555 GSs. Now having 137660 GSs.
Step 1700: Relocated 6763 GSs.
Step 1700: Added 6883 GSs. Now having 144543 GSs.
Step 1800: Relocated 7913 GSs.
Step 1800: Added 7227 GSs. Now having 151770 GSs.
Step 1900: Relocated 7677 GSs.
Step 1900: Added 7588 GSs. Now having 159358 GSs.
Step 2000: Relocated 8567 GSs.
Step 2000: Added 7967 GSs. Now having 167325 GSs.
[2000] loss 0.1502 l1 0.0699 ssim 0.5359 N 167325
Step 2100: Relocated 9296 GSs.
Step 2100: Added 8366 GSs. Now having 175691 GSs.
Step 2200: Relocated 10773 GSs.
Step 2200: Added 8784 GSs. Now having 184475 GSs.
Step 2300: Relocated 10961 GSs.
Step 2300: Added 9223 GSs. Now having 193698 GSs.
Step 2400: Relocated 11311 GSs.
Step 2400: Added 9684 GSs. Now having 203382 GSs.
Step 2500: Relocated 12803 GSs.
Step 2500: Added 10169 GSs. Now having 213551 GSs.
Step 2600: Relocated 13548 GSs.
Step 2600: Added 10677 GSs. Now having 224228 GSs.
Step 2700: Relocated 14531 GSs.
Step 2700: Added 11211 GSs. Now having 235439 GSs.
Step 2800: Relocated 15142 GSs.
Step 2800: Added 11771 GSs. Now having 247210 GSs.
Step 2900: Relocated 17150 GSs.
Step 2900: Added 12360 GSs. Now having 259570 GSs.
Step 3000: Relocated 19753 GSs.
Step 3000: Added 12978 GSs. Now having 272548 GSs.
[3000] loss 0.1328 l1 0.0626 ssim 0.5922 N 272548
Step 3100: Relocated 20155 GSs.
Step 3100: Added 13627 GSs. Now having 286175 GSs.
Step 3200: Relocated 21153 GSs.
Step 3200: Added 14308 GSs. Now having 300483 GSs.
Step 3300: Relocated 22147 GSs.
Step 3300: Added 15024 GSs. Now having 315507 GSs.
Step 3400: Relocated 23934 GSs.
Step 3400: Added 15775 GSs. Now having 331282 GSs.
Step 3500: Relocated 24621 GSs.
Step 3500: Added 16564 GSs. Now having 347846 GSs.
Step 3600: Relocated 27340 GSs.
Step 3600: Added 17392 GSs. Now having 365238 GSs.
Step 3700: Relocated 29035 GSs.
Step 3700: Added 18261 GSs. Now having 383499 GSs.
Step 3800: Relocated 32425 GSs.
Step 3800: Added 19174 GSs. Now having 402673 GSs.
Step 3900: Relocated 33410 GSs.
Step 3900: Added 20133 GSs. Now having 422806 GSs.
Step 4000: Relocated 35388 GSs.
Step 4000: Added 21140 GSs. Now having 443946 GSs.
[4000] loss 0.1209 l1 0.0585 ssim 0.6350 N 443946
Step 4100: Relocated 38307 GSs.
Step 4100: Added 22197 GSs. Now having 466143 GSs.
Step 4200: Relocated 40839 GSs.
Step 4200: Added 23307 GSs. Now having 489450 GSs.
Step 4300: Relocated 42253 GSs.
Step 4300: Added 24472 GSs. Now having 513922 GSs.
Step 4400: Relocated 45715 GSs.
Step 4400: Added 25696 GSs. Now having 539618 GSs.
Step 4500: Relocated 51070 GSs.
Step 4500: Added 26980 GSs. Now having 566598 GSs.
Step 4600: Relocated 53977 GSs.
Step 4600: Added 28329 GSs. Now having 594927 GSs.
Step 4700: Relocated 52391 GSs.
Step 4700: Added 29746 GSs. Now having 624673 GSs.
Step 4800: Relocated 58625 GSs.
Step 4800: Added 31233 GSs. Now having 655906 GSs.
Step 4900: Relocated 59921 GSs.
Step 4900: Added 32795 GSs. Now having 688701 GSs.
Step 5000: Relocated 60056 GSs.
Step 5000: Added 34435 GSs. Now having 723136 GSs.
[5000] loss 0.1206 l1 0.0574 ssim 0.6319 N 723136
Step 5100: Relocated 66667 GSs.
Step 5100: Added 36156 GSs. Now having 759292 GSs.
Step 5200: Relocated 67469 GSs.
Step 5200: Added 37964 GSs. Now having 797256 GSs.
Step 5300: Relocated 72288 GSs.
Step 5300: Added 39862 GSs. Now having 837118 GSs.
Step 5400: Relocated 73575 GSs.
Step 5400: Added 41855 GSs. Now having 878973 GSs.
Step 5500: Relocated 77782 GSs.
Step 5500: Added 43948 GSs. Now having 922921 GSs.
Step 5600: Relocated 89082 GSs.
Step 5600: Added 46146 GSs. Now having 969067 GSs.
Step 5700: Relocated 89783 GSs.
Step 5700: Added 48453 GSs. Now having 1017520 GSs.
Step 5800: Relocated 93412 GSs.
Step 5800: Added 50876 GSs. Now having 1068396 GSs.
Step 5900: Relocated 101651 GSs.
Step 5900: Added 53419 GSs. Now having 1121815 GSs.
Step 6000: Relocated 107788 GSs.
Step 6000: Added 56090 GSs. Now having 1177905 GSs.
[6000] loss 0.1132 l1 0.0512 ssim 0.6431 N 1177905
Step 6100: Relocated 115976 GSs.
Step 6100: Added 58895 GSs. Now having 1236800 GSs.
Step 6200: Relocated 121213 GSs.
Step 6200: Added 61840 GSs. Now having 1298640 GSs.
Step 6300: Relocated 116200 GSs.
Step 6300: Added 64932 GSs. Now having 1363572 GSs.
Step 6400: Relocated 131785 GSs.
Step 6400: Added 68178 GSs. Now having 1431750 GSs.
Step 6500: Relocated 127174 GSs.
Step 6500: Added 71587 GSs. Now having 1503337 GSs.
Step 6600: Relocated 133932 GSs.
Step 6600: Added 75166 GSs. Now having 1578503 GSs.
Step 6700: Relocated 134159 GSs.
Step 6700: Added 78925 GSs. Now having 1657428 GSs.
Step 6800: Relocated 138506 GSs.
Step 6800: Added 82871 GSs. Now having 1740299 GSs.
Step 6900: Relocated 162761 GSs.
Step 6900: Added 87014 GSs. Now having 1827313 GSs.
Step 7000: Relocated 179781 GSs.
Step 7000: Added 91365 GSs. Now having 1918678 GSs.
[7000] loss 0.1694 l1 0.0907 ssim 0.5204 N 1918678
Step 7100: Relocated 173391 GSs.
Step 7100: Added 95933 GSs. Now having 2014611 GSs.
Step 7200: Relocated 178662 GSs.
Step 7200: Added 100730 GSs. Now having 2115341 GSs.
Step 7300: Relocated 197537 GSs.
Step 7300: Added 105767 GSs. Now having 2221108 GSs.
Step 7400: Relocated 205207 GSs.
Step 7400: Added 111055 GSs. Now having 2332163 GSs.
Step 7500: Relocated 217964 GSs.
Step 7500: Added 116608 GSs. Now having 2448771 GSs.
Step 7600: Relocated 222028 GSs.
Step 7600: Added 122438 GSs. Now having 2571209 GSs.
Step 7700: Relocated 239542 GSs.
Step 7700: Added 128560 GSs. Now having 2699769 GSs.
Step 7800: Relocated 260493 GSs.
Step 7800: Added 134988 GSs. Now having 2834757 GSs.
Step 7900: Relocated 291602 GSs.
Step 7900: Added 141737 GSs. Now having 2976494 GSs.
Step 8000: Relocated 295055 GSs.
Step 8000: Added 148824 GSs. Now having 3125318 GSs.
[8000] loss 0.0994 l1 0.0527 ssim 0.7179 N 3125318
Step 8100: Relocated 292687 GSs.
Step 8100: Added 156265 GSs. Now having 3281583 GSs.
Step 8200: Relocated 320645 GSs.
Step 8200: Added 164079 GSs. Now having 3445662 GSs.
Step 8300: Relocated 356972 GSs.
Step 8300: Added 172283 GSs. Now having 3617945 GSs.
Step 8400: Relocated 373834 GSs.
Step 8400: Added 180897 GSs. Now having 3798842 GSs.
Step 8500: Relocated 379760 GSs.
Step 8500: Added 189942 GSs. Now having 3988784 GSs.
Step 8600: Relocated 399493 GSs.
Step 8600: Added 199439 GSs. Now having 4188223 GSs.
Step 8700: Relocated 405460 GSs.
Step 8700: Added 209411 GSs. Now having 4397634 GSs.
Step 8800: Relocated 466223 GSs.
Step 8800: Added 219881 GSs. Now having 4617515 GSs.
Step 8900: Relocated 524219 GSs.
Step 8900: Added 230875 GSs. Now having 4848390 GSs.
Step 9000: Relocated 564442 GSs.
Step 9000: Added 242419 GSs. Now having 5090809 GSs.
[9000] loss 0.1405 l1 0.0718 ssim 0.5886 N 5090809
Step 9100: Relocated 547054 GSs.
Step 9100: Added 254540 GSs. Now having 5345349 GSs.
Step 9200: Relocated 554602 GSs.
Step 9200: Added 267267 GSs. Now having 5612616 GSs.
Step 9300: Relocated 591172 GSs.
Step 9300: Added 280630 GSs. Now having 5893246 GSs.
Step 9400: Relocated 588569 GSs.
Step 9400: Added 294662 GSs. Now having 6187908 GSs.
Step 9500: Relocated 649531 GSs.
Step 9500: Added 309395 GSs. Now having 6497303 GSs.
Step 9600: Relocated 678843 GSs.
Step 9600: Added 324865 GSs. Now having 6822168 GSs.
Step 9700: Relocated 710110 GSs.
Step 9700: Added 341108 GSs. Now having 7163276 GSs.
Step 9800: Relocated 743433 GSs.
Step 9800: Added 358163 GSs. Now having 7521439 GSs.
Step 9900: Relocated 863237 GSs.
Step 9900: Added 376071 GSs. Now having 7897510 GSs.
Step 10000: Relocated 852817 GSs.
Step 10000: Added 102490 GSs. Now having 8000000 GSs.
[10000] loss 0.1003 l1 0.0461 ssim 0.6863 N 8000000
Step 10100: Relocated 810513 GSs.
Step 10100: Added 0 GSs. Now having 8000000 GSs.
Step 10200: Relocated 732464 GSs.
Step 10200: Added 0 GSs. Now having 8000000 GSs.
Step 10300: Relocated 667023 GSs.
Step 10300: Added 0 GSs. Now having 8000000 GSs.
Step 10400: Relocated 622014 GSs.
Step 10400: Added 0 GSs. Now having 8000000 GSs.
Step 10500: Relocated 546650 GSs.
Step 10500: Added 0 GSs. Now having 8000000 GSs.
Step 10600: Relocated 591217 GSs.
Step 10600: Added 0 GSs. Now having 8000000 GSs.
Step 10700: Relocated 588113 GSs.
Step 10700: Added 0 GSs. Now having 8000000 GSs.
Step 10800: Relocated 605150 GSs.
Step 10800: Added 0 GSs. Now having 8000000 GSs.
Step 10900: Relocated 580146 GSs.
Step 10900: Added 0 GSs. Now having 8000000 GSs.
Step 11000: Relocated 565604 GSs.
Step 11000: Added 0 GSs. Now having 8000000 GSs.
[11000] loss 0.1328 l1 0.0646 ssim 0.5977 N 8000000
Step 11100: Relocated 529282 GSs.
Step 11100: Added 0 GSs. Now having 8000000 GSs.
Step 11200: Relocated 500032 GSs.
Step 11200: Added 0 GSs. Now having 8000000 GSs.
Step 11300: Relocated 477138 GSs.
Step 11300: Added 0 GSs. Now having 8000000 GSs.
Step 11400: Relocated 481923 GSs.
Step 11400: Added 0 GSs. Now having 8000000 GSs.
Step 11500: Relocated 497107 GSs.
Step 11500: Added 0 GSs. Now having 8000000 GSs.
Step 11600: Relocated 501103 GSs.
Step 11600: Added 0 GSs. Now having 8000000 GSs.
Step 11700: Relocated 464456 GSs.
Step 11700: Added 0 GSs. Now having 8000000 GSs.
Step 11800: Relocated 480835 GSs.
Step 11800: Added 0 GSs. Now having 8000000 GSs.
Step 11900: Relocated 498867 GSs.
Step 11900: Added 0 GSs. Now having 8000000 GSs.
Step 12000: Relocated 512672 GSs.
Step 12000: Added 0 GSs. Now having 8000000 GSs.
[12000] loss 0.1180 l1 0.0598 ssim 0.6527 N 8000000
Step 12100: Relocated 500003 GSs.
Step 12100: Added 0 GSs. Now having 8000000 GSs.
Step 12200: Relocated 513386 GSs.
Step 12200: Added 0 GSs. Now having 8000000 GSs.
Step 12300: Relocated 505746 GSs.
Step 12300: Added 0 GSs. Now having 8000000 GSs.
Step 12400: Relocated 489867 GSs.
Step 12400: Added 0 GSs. Now having 8000000 GSs.
Step 12500: Relocated 520046 GSs.
Step 12500: Added 0 GSs. Now having 8000000 GSs.
Step 12600: Relocated 509212 GSs.
Step 12600: Added 0 GSs. Now having 8000000 GSs.
Step 12700: Relocated 502416 GSs.
Step 12700: Added 0 GSs. Now having 8000000 GSs.
Step 12800: Relocated 501167 GSs.
Step 12800: Added 0 GSs. Now having 8000000 GSs.
Step 12900: Relocated 459087 GSs.
Step 12900: Added 0 GSs. Now having 8000000 GSs.
Step 13000: Relocated 444158 GSs.
Step 13000: Added 0 GSs. Now having 8000000 GSs.
[13000] loss 0.1043 l1 0.0528 ssim 0.6932 N 8000000
Step 13100: Relocated 455082 GSs.
Step 13100: Added 0 GSs. Now having 8000000 GSs.
Step 13200: Relocated 476306 GSs.
Step 13200: Added 0 GSs. Now having 8000000 GSs.
Step 13300: Relocated 458151 GSs.
Step 13300: Added 0 GSs. Now having 8000000 GSs.
Step 13400: Relocated 462505 GSs.
Step 13400: Added 0 GSs. Now having 8000000 GSs.
Step 13500: Relocated 443108 GSs.
Step 13500: Added 0 GSs. Now having 8000000 GSs.
Step 13600: Relocated 460948 GSs.
Step 13600: Added 0 GSs. Now having 8000000 GSs.
Step 13700: Relocated 473113 GSs.
Step 13700: Added 0 GSs. Now having 8000000 GSs.
Step 13800: Relocated 465169 GSs.
Step 13800: Added 0 GSs. Now having 8000000 GSs.
Step 13900: Relocated 497552 GSs.
Step 13900: Added 0 GSs. Now having 8000000 GSs.
Step 14000: Relocated 502053 GSs.
Step 14000: Added 0 GSs. Now having 8000000 GSs.
[14000] loss 0.0918 l1 0.0535 ssim 0.7585 N 8000000
Step 14100: Relocated 496963 GSs.
Step 14100: Added 0 GSs. Now having 8000000 GSs.
Step 14200: Relocated 466214 GSs.
Step 14200: Added 0 GSs. Now having 8000000 GSs.
Step 14300: Relocated 464780 GSs.
Step 14300: Added 0 GSs. Now having 8000000 GSs.
Step 14400: Relocated 482442 GSs.
Step 14400: Added 0 GSs. Now having 8000000 GSs.
Step 14500: Relocated 476536 GSs.
Step 14500: Added 0 GSs. Now having 8000000 GSs.
Step 14600: Relocated 456335 GSs.
Step 14600: Added 0 GSs. Now having 8000000 GSs.
Step 14700: Relocated 489047 GSs.
Step 14700: Added 0 GSs. Now having 8000000 GSs.
Step 14800: Relocated 482086 GSs.
Step 14800: Added 0 GSs. Now having 8000000 GSs.
Step 14900: Relocated 508362 GSs.
Step 14900: Added 0 GSs. Now having 8000000 GSs.
Step 15000: Relocated 465158 GSs.
Step 15000: Added 0 GSs. Now having 8000000 GSs.
[15000] loss 0.1112 l1 0.0501 ssim 0.6484 N 8000000
Step 15100: Relocated 453526 GSs.
Step 15100: Added 0 GSs. Now having 8000000 GSs.
Step 15200: Relocated 456687 GSs.
Step 15200: Added 0 GSs. Now having 8000000 GSs.
Step 15300: Relocated 479122 GSs.
Step 15300: Added 0 GSs. Now having 8000000 GSs.
Step 15400: Relocated 478711 GSs.
Step 15400: Added 0 GSs. Now having 8000000 GSs.
Step 15500: Relocated 463395 GSs.
Step 15500: Added 0 GSs. Now having 8000000 GSs.
Step 15600: Relocated 452719 GSs.
Step 15600: Added 0 GSs. Now having 8000000 GSs.
Step 15700: Relocated 464669 GSs.
Step 15700: Added 0 GSs. Now having 8000000 GSs.
Step 15800: Relocated 464992 GSs.
Step 15800: Added 0 GSs. Now having 8000000 GSs.
Step 15900: Relocated 464616 GSs.
Step 15900: Added 0 GSs. Now having 8000000 GSs.
Step 16000: Relocated 454329 GSs.
Step 16000: Added 0 GSs. Now having 8000000 GSs.
[16000] loss 0.0912 l1 0.0472 ssim 0.7366 N 8000000
Step 16100: Relocated 446913 GSs.
Step 16100: Added 0 GSs. Now having 8000000 GSs.
Step 16200: Relocated 452517 GSs.
Step 16200: Added 0 GSs. Now having 8000000 GSs.
Step 16300: Relocated 432408 GSs.
Step 16300: Added 0 GSs. Now having 8000000 GSs.
Step 16400: Relocated 438727 GSs.
Step 16400: Added 0 GSs. Now having 8000000 GSs.
Step 16500: Relocated 429070 GSs.
Step 16500: Added 0 GSs. Now having 8000000 GSs.
Step 16600: Relocated 434592 GSs.
Step 16600: Added 0 GSs. Now having 8000000 GSs.
Step 16700: Relocated 451879 GSs.
Step 16700: Added 0 GSs. Now having 8000000 GSs.
Step 16800: Relocated 459049 GSs.
Step 16800: Added 0 GSs. Now having 8000000 GSs.
Step 16900: Relocated 457168 GSs.
Step 16900: Added 0 GSs. Now having 8000000 GSs.
Step 17000: Relocated 450379 GSs.
Step 17000: Added 0 GSs. Now having 8000000 GSs.
[17000] loss 0.1031 l1 0.0525 ssim 0.6984 N 8000000
Step 17100: Relocated 465382 GSs.
Step 17100: Added 0 GSs. Now having 8000000 GSs.
Step 17200: Relocated 477723 GSs.
Step 17200: Added 0 GSs. Now having 8000000 GSs.
Step 17300: Relocated 467327 GSs.
Step 17300: Added 0 GSs. Now having 8000000 GSs.
Step 17400: Relocated 460014 GSs.
Step 17400: Added 0 GSs. Now having 8000000 GSs.
Step 17500: Relocated 496945 GSs.
Step 17500: Added 0 GSs. Now having 8000000 GSs.
Step 17600: Relocated 462387 GSs.
Step 17600: Added 0 GSs. Now having 8000000 GSs.
Step 17700: Relocated 464468 GSs.
Step 17700: Added 0 GSs. Now having 8000000 GSs.
Step 17800: Relocated 453694 GSs.
Step 17800: Added 0 GSs. Now having 8000000 GSs.
Step 17900: Relocated 446244 GSs.
Step 17900: Added 0 GSs. Now having 8000000 GSs.
Step 18000: Relocated 464273 GSs.
Step 18000: Added 0 GSs. Now having 8000000 GSs.
[18000] loss 0.1045 l1 0.0574 ssim 0.7109 N 8000000
Step 18100: Relocated 486868 GSs.
Step 18100: Added 0 GSs. Now having 8000000 GSs.
Step 18200: Relocated 499992 GSs.
Step 18200: Added 0 GSs. Now having 8000000 GSs.
Step 18300: Relocated 450893 GSs.
Step 18300: Added 0 GSs. Now having 8000000 GSs.
Step 18400: Relocated 461617 GSs.
Step 18400: Added 0 GSs. Now having 8000000 GSs.
Step 18500: Relocated 494985 GSs.
Step 18500: Added 0 GSs. Now having 8000000 GSs.
Step 18600: Relocated 470110 GSs.
Step 18600: Added 0 GSs. Now having 8000000 GSs.
Step 18700: Relocated 450231 GSs.
Step 18700: Added 0 GSs. Now having 8000000 GSs.
Step 18800: Relocated 437242 GSs.
Step 18800: Added 0 GSs. Now having 8000000 GSs.
Step 18900: Relocated 434044 GSs.
Step 18900: Added 0 GSs. Now having 8000000 GSs.
Step 19000: Relocated 464781 GSs.
Step 19000: Added 0 GSs. Now having 8000000 GSs.
[19000] loss 0.0977 l1 0.0478 ssim 0.7063 N 8000000
Step 19100: Relocated 457218 GSs.
Step 19100: Added 0 GSs. Now having 8000000 GSs.
Step 19200: Relocated 476968 GSs.
Step 19200: Added 0 GSs. Now having 8000000 GSs.
Step 19300: Relocated 472055 GSs.
Step 19300: Added 0 GSs. Now having 8000000 GSs.
Step 19400: Relocated 456526 GSs.
Step 19400: Added 0 GSs. Now having 8000000 GSs.
Step 19500: Relocated 458263 GSs.
Step 19500: Added 0 GSs. Now having 8000000 GSs.
Step 19600: Relocated 485126 GSs.
Step 19600: Added 0 GSs. Now having 8000000 GSs.
Step 19700: Relocated 440895 GSs.
Step 19700: Added 0 GSs. Now having 8000000 GSs.
Step 19800: Relocated 450634 GSs.
Step 19800: Added 0 GSs. Now having 8000000 GSs.
Step 19900: Relocated 442005 GSs.
Step 19900: Added 0 GSs. Now having 8000000 GSs.
Step 20000: Relocated 423737 GSs.
Step 20000: Added 0 GSs. Now having 8000000 GSs.
[20000] loss 0.0802 l1 0.0461 ssim 0.7872 N 8000000
Step 20100: Relocated 454215 GSs.
Step 20100: Added 0 GSs. Now having 8000000 GSs.
Step 20200: Relocated 454083 GSs.
Step 20200: Added 0 GSs. Now having 8000000 GSs.
Step 20300: Relocated 458979 GSs.
Step 20300: Added 0 GSs. Now having 8000000 GSs.
Step 20400: Relocated 429166 GSs.
Step 20400: Added 0 GSs. Now having 8000000 GSs.
Step 20500: Relocated 433049 GSs.
Step 20500: Added 0 GSs. Now having 8000000 GSs.
Step 20600: Relocated 465285 GSs.
Step 20600: Added 0 GSs. Now having 8000000 GSs.
Step 20700: Relocated 490371 GSs.
Step 20700: Added 0 GSs. Now having 8000000 GSs.
Step 20800: Relocated 445051 GSs.
Step 20800: Added 0 GSs. Now having 8000000 GSs.
Step 20900: Relocated 444636 GSs.
Step 20900: Added 0 GSs. Now having 8000000 GSs.
Step 21000: Relocated 453909 GSs.
Step 21000: Added 0 GSs. Now having 8000000 GSs.
[21000] loss 0.1173 l1 0.0650 ssim 0.6774 N 8000000
Step 21100: Relocated 429561 GSs.
Step 21100: Added 0 GSs. Now having 8000000 GSs.
Step 21200: Relocated 409527 GSs.
Step 21200: Added 0 GSs. Now having 8000000 GSs.
Step 21300: Relocated 400895 GSs.
Step 21300: Added 0 GSs. Now having 8000000 GSs.
Step 21400: Relocated 383483 GSs.
Step 21400: Added 0 GSs. Now having 8000000 GSs.
Step 21500: Relocated 416945 GSs.
Step 21500: Added 0 GSs. Now having 8000000 GSs.
Step 21600: Relocated 416685 GSs.
Step 21600: Added 0 GSs. Now having 8000000 GSs.
Step 21700: Relocated 423568 GSs.
Step 21700: Added 0 GSs. Now having 8000000 GSs.
Step 21800: Relocated 416872 GSs.
Step 21800: Added 0 GSs. Now having 8000000 GSs.
Step 21900: Relocated 480531 GSs.
Step 21900: Added 0 GSs. Now having 8000000 GSs.
Step 22000: Relocated 448195 GSs.
Step 22000: Added 0 GSs. Now having 8000000 GSs.
[22000] loss 0.0859 l1 0.0381 ssim 0.7265 N 8000000
Step 22100: Relocated 440212 GSs.
Step 22100: Added 0 GSs. Now having 8000000 GSs.
Step 22200: Relocated 418642 GSs.
Step 22200: Added 0 GSs. Now having 8000000 GSs.
Step 22300: Relocated 406641 GSs.
Step 22300: Added 0 GSs. Now having 8000000 GSs.
Step 22400: Relocated 405591 GSs.
Step 22400: Added 0 GSs. Now having 8000000 GSs.
Step 22500: Relocated 401585 GSs.
Step 22500: Added 0 GSs. Now having 8000000 GSs.
Step 22600: Relocated 396318 GSs.
Step 22600: Added 0 GSs. Now having 8000000 GSs.
Step 22700: Relocated 401625 GSs.
Step 22700: Added 0 GSs. Now having 8000000 GSs.
Step 22800: Relocated 405439 GSs.
Step 22800: Added 0 GSs. Now having 8000000 GSs.
Step 22900: Relocated 402513 GSs.
Step 22900: Added 0 GSs. Now having 8000000 GSs.
Step 23000: Relocated 405195 GSs.
Step 23000: Added 0 GSs. Now having 8000000 GSs.
[23000] loss 0.0860 l1 0.0437 ssim 0.7485 N 8000000
Step 23100: Relocated 409536 GSs.
Step 23100: Added 0 GSs. Now having 8000000 GSs.
Step 23200: Relocated 408731 GSs.
Step 23200: Added 0 GSs. Now having 8000000 GSs.
Step 23300: Relocated 425336 GSs.
Step 23300: Added 0 GSs. Now having 8000000 GSs.
Step 23400: Relocated 404516 GSs.
Step 23400: Added 0 GSs. Now having 8000000 GSs.
Step 23500: Relocated 402202 GSs.
Step 23500: Added 0 GSs. Now having 8000000 GSs.
Step 23600: Relocated 386961 GSs.
Step 23600: Added 0 GSs. Now having 8000000 GSs.
Step 23700: Relocated 394820 GSs.
Step 23700: Added 0 GSs. Now having 8000000 GSs.
Step 23800: Relocated 398653 GSs.
Step 23800: Added 0 GSs. Now having 8000000 GSs.
Step 23900: Relocated 426000 GSs.
Step 23900: Added 0 GSs. Now having 8000000 GSs.
Step 24000: Relocated 407581 GSs.
Step 24000: Added 0 GSs. Now having 8000000 GSs.
[24000] loss 0.0803 l1 0.0390 ssim 0.7585 N 8000000
Step 24100: Relocated 431056 GSs.
Step 24100: Added 0 GSs. Now having 8000000 GSs.
Step 24200: Relocated 452042 GSs.
Step 24200: Added 0 GSs. Now having 8000000 GSs.
Step 24300: Relocated 456668 GSs.
Step 24300: Added 0 GSs. Now having 8000000 GSs.
Step 24400: Relocated 447751 GSs.
Step 24400: Added 0 GSs. Now having 8000000 GSs.
Step 24500: Relocated 435507 GSs.
Step 24500: Added 0 GSs. Now having 8000000 GSs.
Step 24600: Relocated 432472 GSs.
Step 24600: Added 0 GSs. Now having 8000000 GSs.
Step 24700: Relocated 415873 GSs.
Step 24700: Added 0 GSs. Now having 8000000 GSs.
Step 24800: Relocated 451495 GSs.
Step 24800: Added 0 GSs. Now having 8000000 GSs.
Step 24900: Relocated 402134 GSs.
Step 24900: Added 0 GSs. Now having 8000000 GSs.
Step 25000: Relocated 397646 GSs.
Step 25000: Added 0 GSs. Now having 8000000 GSs.
[25000] loss 0.0554 l1 0.0282 ssim 0.8400 N 8000000
Step 25100: Relocated 390993 GSs.
Step 25100: Added 0 GSs. Now having 8000000 GSs.
Step 25200: Relocated 400547 GSs.
Step 25200: Added 0 GSs. Now having 8000000 GSs.
Step 25300: Relocated 365687 GSs.
Step 25300: Added 0 GSs. Now having 8000000 GSs.
Step 25400: Relocated 387479 GSs.
Step 25400: Added 0 GSs. Now having 8000000 GSs.
Step 25500: Relocated 390010 GSs.
Step 25500: Added 0 GSs. Now having 8000000 GSs.
Step 25600: Relocated 378862 GSs.
Step 25600: Added 0 GSs. Now having 8000000 GSs.
Step 25700: Relocated 387887 GSs.
Step 25700: Added 0 GSs. Now having 8000000 GSs.
Step 25800: Relocated 385005 GSs.
Step 25800: Added 0 GSs. Now having 8000000 GSs.
Step 25900: Relocated 357651 GSs.
Step 25900: Added 0 GSs. Now having 8000000 GSs.
Step 26000: Relocated 384801 GSs.
Step 26000: Added 0 GSs. Now having 8000000 GSs.
[26000] loss 0.0782 l1 0.0435 ssim 0.7872 N 8000000
Step 26100: Relocated 362103 GSs.
Step 26100: Added 0 GSs. Now having 8000000 GSs.
Step 26200: Relocated 378461 GSs.
Step 26200: Added 0 GSs. Now having 8000000 GSs.
Step 26300: Relocated 392381 GSs.
Step 26300: Added 0 GSs. Now having 8000000 GSs.
Step 26400: Relocated 402715 GSs.
Step 26400: Added 0 GSs. Now having 8000000 GSs.
Step 26500: Relocated 415285 GSs.
Step 26500: Added 0 GSs. Now having 8000000 GSs.
Step 26600: Relocated 407739 GSs.
Step 26600: Added 0 GSs. Now having 8000000 GSs.
Step 26700: Relocated 372774 GSs.
Step 26700: Added 0 GSs. Now having 8000000 GSs.
Step 26800: Relocated 387985 GSs.
Step 26800: Added 0 GSs. Now having 8000000 GSs.
Step 26900: Relocated 418925 GSs.
Step 26900: Added 0 GSs. Now having 8000000 GSs.
Step 27000: Relocated 396712 GSs.
Step 27000: Added 0 GSs. Now having 8000000 GSs.
[27000] loss 0.0761 l1 0.0391 ssim 0.7800 N 8000000
Step 27100: Relocated 366673 GSs.
Step 27100: Added 0 GSs. Now having 8000000 GSs.
Step 27200: Relocated 362920 GSs.
Step 27200: Added 0 GSs. Now having 8000000 GSs.
Step 27300: Relocated 339252 GSs.
Step 27300: Added 0 GSs. Now having 8000000 GSs.
Step 27400: Relocated 356816 GSs.
Step 27400: Added 0 GSs. Now having 8000000 GSs.
Step 27500: Relocated 344693 GSs.
Step 27500: Added 0 GSs. Now having 8000000 GSs.
Step 27600: Relocated 371340 GSs.
Step 27600: Added 0 GSs. Now having 8000000 GSs.
Step 27700: Relocated 357852 GSs.
Step 27700: Added 0 GSs. Now having 8000000 GSs.
Step 27800: Relocated 364849 GSs.
Step 27800: Added 0 GSs. Now having 8000000 GSs.
Step 27900: Relocated 364747 GSs.
Step 27900: Added 0 GSs. Now having 8000000 GSs.
Step 28000: Relocated 355641 GSs.
Step 28000: Added 0 GSs. Now having 8000000 GSs.
[28000] loss 0.0484 l1 0.0273 ssim 0.8712 N 8000000
Step 28100: Relocated 351703 GSs.
Step 28100: Added 0 GSs. Now having 8000000 GSs.
Step 28200: Relocated 358712 GSs.
Step 28200: Added 0 GSs. Now having 8000000 GSs.
Step 28300: Relocated 359890 GSs.
Step 28300: Added 0 GSs. Now having 8000000 GSs.
Step 28400: Relocated 344383 GSs.
Step 28400: Added 0 GSs. Now having 8000000 GSs.
Step 28500: Relocated 331937 GSs.
Step 28500: Added 0 GSs. Now having 8000000 GSs.
Step 28600: Relocated 317957 GSs.
Step 28600: Added 0 GSs. Now having 8000000 GSs.
Step 28700: Relocated 331427 GSs.
Step 28700: Added 0 GSs. Now having 8000000 GSs.
Step 28800: Relocated 395824 GSs.
Step 28800: Added 0 GSs. Now having 8000000 GSs.
Step 28900: Relocated 406904 GSs.
Step 28900: Added 0 GSs. Now having 8000000 GSs.
Step 29000: Relocated 387639 GSs.
Step 29000: Added 0 GSs. Now having 8000000 GSs.
[29000] loss 0.0725 l1 0.0429 ssim 0.8130 N 8000000
Step 29100: Relocated 368381 GSs.
Step 29100: Added 0 GSs. Now having 8000000 GSs.
Step 29200: Relocated 345154 GSs.
Step 29200: Added 0 GSs. Now having 8000000 GSs.
Step 29300: Relocated 345995 GSs.
Step 29300: Added 0 GSs. Now having 8000000 GSs.
Step 29400: Relocated 337364 GSs.
Step 29400: Added 0 GSs. Now having 8000000 GSs.
Step 29500: Relocated 358104 GSs.
Step 29500: Added 0 GSs. Now having 8000000 GSs.
Step 29600: Relocated 330742 GSs.
Step 29600: Added 0 GSs. Now having 8000000 GSs.
Step 29700: Relocated 328346 GSs.
Step 29700: Added 0 GSs. Now having 8000000 GSs.
Step 29800: Relocated 319993 GSs.
Step 29800: Added 0 GSs. Now having 8000000 GSs.
Step 29900: Relocated 324348 GSs.
Step 29900: Added 0 GSs. Now having 8000000 GSs.
Step 30000: Relocated 330510 GSs.
Step 30000: Added 0 GSs. Now having 8000000 GSs.
[30000] loss 0.0686 l1 0.0332 ssim 0.7937 N 8000000
Step 30100: Relocated 363585 GSs.
Step 30100: Added 0 GSs. Now having 8000000 GSs.
Step 30200: Relocated 370181 GSs.
Step 30200: Added 0 GSs. Now having 8000000 GSs.
Step 30300: Relocated 352810 GSs.
Step 30300: Added 0 GSs. Now having 8000000 GSs.
Step 30400: Relocated 327125 GSs.
Step 30400: Added 0 GSs. Now having 8000000 GSs.
Step 30500: Relocated 332862 GSs.
Step 30500: Added 0 GSs. Now having 8000000 GSs.
Step 30600: Relocated 321784 GSs.
Step 30600: Added 0 GSs. Now having 8000000 GSs.
Step 30700: Relocated 321756 GSs.
Step 30700: Added 0 GSs. Now having 8000000 GSs.
Step 30800: Relocated 298437 GSs.
Step 30800: Added 0 GSs. Now having 8000000 GSs.
Step 30900: Relocated 297358 GSs.
Step 30900: Added 0 GSs. Now having 8000000 GSs.
Step 31000: Relocated 300953 GSs.
Step 31000: Added 0 GSs. Now having 8000000 GSs.
[31000] loss 0.0442 l1 0.0260 ssim 0.8872 N 8000000
Step 31100: Relocated 307210 GSs.
Step 31100: Added 0 GSs. Now having 8000000 GSs.
Step 31200: Relocated 311735 GSs.
Step 31200: Added 0 GSs. Now having 8000000 GSs.
Step 31300: Relocated 322431 GSs.
Step 31300: Added 0 GSs. Now having 8000000 GSs.
Step 31400: Relocated 341188 GSs.
Step 31400: Added 0 GSs. Now having 8000000 GSs.
Step 31500: Relocated 350022 GSs.
Step 31500: Added 0 GSs. Now having 8000000 GSs.
Step 31600: Relocated 335490 GSs.
Step 31600: Added 0 GSs. Now having 8000000 GSs.
Step 31700: Relocated 317233 GSs.
Step 31700: Added 0 GSs. Now having 8000000 GSs.
Step 31800: Relocated 338276 GSs.
Step 31800: Added 0 GSs. Now having 8000000 GSs.
Step 31900: Relocated 342833 GSs.
Step 31900: Added 0 GSs. Now having 8000000 GSs.
Step 32000: Relocated 301770 GSs.
Step 32000: Added 0 GSs. Now having 8000000 GSs.
[32000] loss 0.0602 l1 0.0293 ssim 0.8206 N 8000000
Step 32100: Relocated 293701 GSs.
Step 32100: Added 0 GSs. Now having 8000000 GSs.
Step 32200: Relocated 280863 GSs.
Step 32200: Added 0 GSs. Now having 8000000 GSs.
Step 32300: Relocated 271576 GSs.
Step 32300: Added 0 GSs. Now having 8000000 GSs.
Step 32400: Relocated 277798 GSs.
Step 32400: Added 0 GSs. Now having 8000000 GSs.
Step 32500: Relocated 261382 GSs.
Step 32500: Added 0 GSs. Now having 8000000 GSs.
Step 32600: Relocated 272621 GSs.
Step 32600: Added 0 GSs. Now having 8000000 GSs.
Step 32700: Relocated 302402 GSs.
Step 32700: Added 0 GSs. Now having 8000000 GSs.
Step 32800: Relocated 313925 GSs.
Step 32800: Added 0 GSs. Now having 8000000 GSs.
Step 32900: Relocated 291520 GSs.
Step 32900: Added 0 GSs. Now having 8000000 GSs.
Step 33000: Relocated 269812 GSs.
Step 33000: Added 0 GSs. Now having 8000000 GSs.
[33000] loss 0.0712 l1 0.0404 ssim 0.8097 N 8000000
Step 33100: Relocated 261702 GSs.
Step 33100: Added 0 GSs. Now having 8000000 GSs.
Step 33200: Relocated 300363 GSs.
Step 33200: Added 0 GSs. Now having 8000000 GSs.
Step 33300: Relocated 266796 GSs.
Step 33300: Added 0 GSs. Now having 8000000 GSs.
Step 33400: Relocated 266542 GSs.
Step 33400: Added 0 GSs. Now having 8000000 GSs.
Step 33500: Relocated 250720 GSs.
Step 33500: Added 0 GSs. Now having 8000000 GSs.
Step 33600: Relocated 261373 GSs.
Step 33600: Added 0 GSs. Now having 8000000 GSs.
Step 33700: Relocated 264560 GSs.
Step 33700: Added 0 GSs. Now having 8000000 GSs.
Step 33800: Relocated 268789 GSs.
Step 33800: Added 0 GSs. Now having 8000000 GSs.
Step 33900: Relocated 270692 GSs.
Step 33900: Added 0 GSs. Now having 8000000 GSs.
Step 34000: Relocated 260366 GSs.
Step 34000: Added 0 GSs. Now having 8000000 GSs.
[34000] loss 0.0570 l1 0.0368 ssim 0.8671 N 8000000
Step 34100: Relocated 235271 GSs.
Step 34100: Added 0 GSs. Now having 8000000 GSs.
Step 34200: Relocated 250371 GSs.
Step 34200: Added 0 GSs. Now having 8000000 GSs.
Step 34300: Relocated 262665 GSs.
Step 34300: Added 0 GSs. Now having 8000000 GSs.
Step 34400: Relocated 255922 GSs.
Step 34400: Added 0 GSs. Now having 8000000 GSs.
Step 34500: Relocated 228516 GSs.
Step 34500: Added 0 GSs. Now having 8000000 GSs.
Step 34600: Relocated 232471 GSs.
Step 34600: Added 0 GSs. Now having 8000000 GSs.
Step 34700: Relocated 233777 GSs.
Step 34700: Added 0 GSs. Now having 8000000 GSs.
Step 34800: Relocated 246948 GSs.
Step 34800: Added 0 GSs. Now having 8000000 GSs.
Step 34900: Relocated 242919 GSs.
Step 34900: Added 0 GSs. Now having 8000000 GSs.
Step 35000: Relocated 241077 GSs.
Step 35000: Added 0 GSs. Now having 8000000 GSs.
[35000] loss 0.0605 l1 0.0380 ssim 0.8539 N 8000000
Step 35100: Relocated 251254 GSs.
Step 35100: Added 0 GSs. Now having 8000000 GSs.
Step 35200: Relocated 234648 GSs.
Step 35200: Added 0 GSs. Now having 8000000 GSs.
Step 35300: Relocated 226827 GSs.
Step 35300: Added 0 GSs. Now having 8000000 GSs.
Step 35400: Relocated 219652 GSs.
Step 35400: Added 0 GSs. Now having 8000000 GSs.
Step 35500: Relocated 226340 GSs.
Step 35500: Added 0 GSs. Now having 8000000 GSs.
Step 35600: Relocated 219673 GSs.
Step 35600: Added 0 GSs. Now having 8000000 GSs.
Step 35700: Relocated 229150 GSs.
Step 35700: Added 0 GSs. Now having 8000000 GSs.
Step 35800: Relocated 210429 GSs.
Step 35800: Added 0 GSs. Now having 8000000 GSs.
Step 35900: Relocated 222376 GSs.
Step 35900: Added 0 GSs. Now having 8000000 GSs.
Step 36000: Relocated 205920 GSs.
Step 36000: Added 0 GSs. Now having 8000000 GSs.
[36000] loss 0.0408 l1 0.0277 ssim 0.9115 N 8000000
Step 36100: Relocated 208408 GSs.
Step 36100: Added 0 GSs. Now having 8000000 GSs.
Step 36200: Relocated 204337 GSs.
Step 36200: Added 0 GSs. Now having 8000000 GSs.
Step 36300: Relocated 203201 GSs.
Step 36300: Added 0 GSs. Now having 8000000 GSs.
Step 36400: Relocated 191334 GSs.
Step 36400: Added 0 GSs. Now having 8000000 GSs.
Step 36500: Relocated 216441 GSs.
Step 36500: Added 0 GSs. Now having 8000000 GSs.
Step 36600: Relocated 212194 GSs.
Step 36600: Added 0 GSs. Now having 8000000 GSs.
Step 36700: Relocated 214741 GSs.
Step 36700: Added 0 GSs. Now having 8000000 GSs.
Step 36800: Relocated 189034 GSs.
Step 36800: Added 0 GSs. Now having 8000000 GSs.
Step 36900: Relocated 192541 GSs.
Step 36900: Added 0 GSs. Now having 8000000 GSs.
Step 37000: Relocated 193027 GSs.
Step 37000: Added 0 GSs. Now having 8000000 GSs.
[37000] loss 0.0354 l1 0.0207 ssim 0.9108 N 8000000
Step 37100: Relocated 191766 GSs.
Step 37100: Added 0 GSs. Now having 8000000 GSs.
Step 37200: Relocated 195619 GSs.
Step 37200: Added 0 GSs. Now having 8000000 GSs.
Step 37300: Relocated 193327 GSs.
Step 37300: Added 0 GSs. Now having 8000000 GSs.
Step 37400: Relocated 194294 GSs.
Step 37400: Added 0 GSs. Now having 8000000 GSs.
Step 37500: Relocated 197120 GSs.
Step 37500: Added 0 GSs. Now having 8000000 GSs.
Step 37600: Relocated 182804 GSs.
Step 37600: Added 0 GSs. Now having 8000000 GSs.
Step 37700: Relocated 178855 GSs.
Step 37700: Added 0 GSs. Now having 8000000 GSs.
Step 37800: Relocated 188327 GSs.
Step 37800: Added 0 GSs. Now having 8000000 GSs.
Step 37900: Relocated 186668 GSs.
Step 37900: Added 0 GSs. Now having 8000000 GSs.
Step 38000: Relocated 193719 GSs.
Step 38000: Added 0 GSs. Now having 8000000 GSs.
[38000] loss 0.0815 l1 0.0474 ssim 0.7869 N 8000000
Step 38100: Relocated 201685 GSs.
Step 38100: Added 0 GSs. Now having 8000000 GSs.
Step 38200: Relocated 209124 GSs.
Step 38200: Added 0 GSs. Now having 8000000 GSs.
Step 38300: Relocated 190221 GSs.
Step 38300: Added 0 GSs. Now having 8000000 GSs.
Step 38400: Relocated 188266 GSs.
Step 38400: Added 0 GSs. Now having 8000000 GSs.
Step 38500: Relocated 171559 GSs.
Step 38500: Added 0 GSs. Now having 8000000 GSs.
Step 38600: Relocated 173126 GSs.
Step 38600: Added 0 GSs. Now having 8000000 GSs.
Step 38700: Relocated 179409 GSs.
Step 38700: Added 0 GSs. Now having 8000000 GSs.
Step 38800: Relocated 184429 GSs.
Step 38800: Added 0 GSs. Now having 8000000 GSs.
Step 38900: Relocated 195071 GSs.
Step 38900: Added 0 GSs. Now having 8000000 GSs.
Step 39000: Relocated 175667 GSs.
Step 39000: Added 0 GSs. Now having 8000000 GSs.
[39000] loss 0.0417 l1 0.0240 ssim 0.8926 N 8000000
Step 39100: Relocated 166565 GSs.
Step 39100: Added 0 GSs. Now having 8000000 GSs.
Step 39200: Relocated 166100 GSs.
Step 39200: Added 0 GSs. Now having 8000000 GSs.
Step 39300: Relocated 169556 GSs.
Step 39300: Added 0 GSs. Now having 8000000 GSs.
Step 39400: Relocated 170412 GSs.
Step 39400: Added 0 GSs. Now having 8000000 GSs.
Step 39500: Relocated 158957 GSs.
Step 39500: Added 0 GSs. Now having 8000000 GSs.
Step 39600: Relocated 162626 GSs.
Step 39600: Added 0 GSs. Now having 8000000 GSs.
Step 39700: Relocated 161630 GSs.
Step 39700: Added 0 GSs. Now having 8000000 GSs.
Step 39800: Relocated 159251 GSs.
Step 39800: Added 0 GSs. Now having 8000000 GSs.
Step 39900: Relocated 149323 GSs.
Step 39900: Added 0 GSs. Now having 8000000 GSs.
Step 40000: Relocated 150028 GSs.
Step 40000: Added 0 GSs. Now having 8000000 GSs.
[40000] loss 0.0552 l1 0.0295 ssim 0.8473 N 8000000
Step 40100: Relocated 143232 GSs.
Step 40100: Added 0 GSs. Now having 8000000 GSs.
Step 40200: Relocated 145205 GSs.
Step 40200: Added 0 GSs. Now having 8000000 GSs.
Step 40300: Relocated 149017 GSs.
Step 40300: Added 0 GSs. Now having 8000000 GSs.
Step 40400: Relocated 161733 GSs.
Step 40400: Added 0 GSs. Now having 8000000 GSs.
Step 40500: Relocated 157474 GSs.
Step 40500: Added 0 GSs. Now having 8000000 GSs.
Step 40600: Relocated 160979 GSs.
Step 40600: Added 0 GSs. Now having 8000000 GSs.
Step 40700: Relocated 153165 GSs.
Step 40700: Added 0 GSs. Now having 8000000 GSs.
Step 40800: Relocated 145123 GSs.
Step 40800: Added 0 GSs. Now having 8000000 GSs.
Step 40900: Relocated 148421 GSs.
Step 40900: Added 0 GSs. Now having 8000000 GSs.
Step 41000: Relocated 140537 GSs.
Step 41000: Added 0 GSs. Now having 8000000 GSs.
[41000] loss 0.0534 l1 0.0304 ssim 0.8602 N 8000000
Step 41100: Relocated 134528 GSs.
Step 41100: Added 0 GSs. Now having 8000000 GSs.
Step 41200: Relocated 151604 GSs.
Step 41200: Added 0 GSs. Now having 8000000 GSs.
Step 41300: Relocated 141057 GSs.
Step 41300: Added 0 GSs. Now having 8000000 GSs.
Step 41400: Relocated 133957 GSs.
Step 41400: Added 0 GSs. Now having 8000000 GSs.
Step 41500: Relocated 130827 GSs.
Step 41500: Added 0 GSs. Now having 8000000 GSs.
Step 41600: Relocated 128531 GSs.
Step 41600: Added 0 GSs. Now having 8000000 GSs.
Step 41700: Relocated 128138 GSs.
Step 41700: Added 0 GSs. Now having 8000000 GSs.
Step 41800: Relocated 125190 GSs.
Step 41800: Added 0 GSs. Now having 8000000 GSs.
Step 41900: Relocated 126324 GSs.
Step 41900: Added 0 GSs. Now having 8000000 GSs.
Step 42000: Relocated 119574 GSs.
Step 42000: Added 0 GSs. Now having 8000000 GSs.
[42000] loss 0.0526 l1 0.0280 ssim 0.8545 N 8000000
Step 42100: Relocated 112207 GSs.
Step 42100: Added 0 GSs. Now having 8000000 GSs.
Step 42200: Relocated 114749 GSs.
Step 42200: Added 0 GSs. Now having 8000000 GSs.
Step 42300: Relocated 114067 GSs.
Step 42300: Added 0 GSs. Now having 8000000 GSs.
Step 42400: Relocated 109641 GSs.
Step 42400: Added 0 GSs. Now having 8000000 GSs.
Step 42500: Relocated 120834 GSs.
Step 42500: Added 0 GSs. Now having 8000000 GSs.
Step 42600: Relocated 114031 GSs.
Step 42600: Added 0 GSs. Now having 8000000 GSs.
Step 42700: Relocated 118507 GSs.
Step 42700: Added 0 GSs. Now having 8000000 GSs.
Step 42800: Relocated 131485 GSs.
Step 42800: Added 0 GSs. Now having 8000000 GSs.
Step 42900: Relocated 112520 GSs.
Step 42900: Added 0 GSs. Now having 8000000 GSs.
Step 43000: Relocated 114394 GSs.
Step 43000: Added 0 GSs. Now having 8000000 GSs.
[43000] loss 0.0518 l1 0.0269 ssim 0.8541 N 8000000
Step 43100: Relocated 118845 GSs.
Step 43100: Added 0 GSs. Now having 8000000 GSs.
Step 43200: Relocated 118972 GSs.
Step 43200: Added 0 GSs. Now having 8000000 GSs.
Step 43300: Relocated 113482 GSs.
Step 43300: Added 0 GSs. Now having 8000000 GSs.
Step 43400: Relocated 115324 GSs.
Step 43400: Added 0 GSs. Now having 8000000 GSs.
Step 43500: Relocated 109786 GSs.
Step 43500: Added 0 GSs. Now having 8000000 GSs.
Step 43600: Relocated 104624 GSs.
Step 43600: Added 0 GSs. Now having 8000000 GSs.
Step 43700: Relocated 110400 GSs.
Step 43700: Added 0 GSs. Now having 8000000 GSs.
Step 43800: Relocated 120152 GSs.
Step 43800: Added 0 GSs. Now having 8000000 GSs.
Step 43900: Relocated 113351 GSs.
Step 43900: Added 0 GSs. Now having 8000000 GSs.
Step 44000: Relocated 104821 GSs.
Step 44000: Added 0 GSs. Now having 8000000 GSs.
[44000] loss 0.0578 l1 0.0290 ssim 0.8326 N 8000000
Step 44100: Relocated 98287 GSs.
Step 44100: Added 0 GSs. Now having 8000000 GSs.
Step 44200: Relocated 99359 GSs.
Step 44200: Added 0 GSs. Now having 8000000 GSs.
Step 44300: Relocated 96973 GSs.
Step 44300: Added 0 GSs. Now having 8000000 GSs.
Step 44400: Relocated 93391 GSs.
Step 44400: Added 0 GSs. Now having 8000000 GSs.
Step 44500: Relocated 103004 GSs.
Step 44500: Added 0 GSs. Now having 8000000 GSs.
Step 44600: Relocated 96936 GSs.
Step 44600: Added 0 GSs. Now having 8000000 GSs.
Step 44700: Relocated 89825 GSs.
Step 44700: Added 0 GSs. Now having 8000000 GSs.
Step 44800: Relocated 89426 GSs.
Step 44800: Added 0 GSs. Now having 8000000 GSs.
Step 44900: Relocated 93890 GSs.
Step 44900: Added 0 GSs. Now having 8000000 GSs.
Step 45000: Relocated 95967 GSs.
Step 45000: Added 0 GSs. Now having 8000000 GSs.
[45000] loss 0.0671 l1 0.0384 ssim 0.8240 N 8000000
Step 45100: Relocated 101487 GSs.
Step 45100: Added 0 GSs. Now having 8000000 GSs.
Step 45200: Relocated 90648 GSs.
Step 45200: Added 0 GSs. Now having 8000000 GSs.
Step 45300: Relocated 91561 GSs.
Step 45300: Added 0 GSs. Now having 8000000 GSs.
Step 45400: Relocated 96034 GSs.
Step 45400: Added 0 GSs. Now having 8000000 GSs.
Step 45500: Relocated 85679 GSs.
Step 45500: Added 0 GSs. Now having 8000000 GSs.
Step 45600: Relocated 80326 GSs.
Step 45600: Added 0 GSs. Now having 8000000 GSs.
Step 45700: Relocated 83752 GSs.
Step 45700: Added 0 GSs. Now having 8000000 GSs.
Step 45800: Relocated 81542 GSs.
Step 45800: Added 0 GSs. Now having 8000000 GSs.
Step 45900: Relocated 81730 GSs.
Step 45900: Added 0 GSs. Now having 8000000 GSs.
Step 46000: Relocated 84658 GSs.
Step 46000: Added 0 GSs. Now having 8000000 GSs.
[46000] loss 0.0461 l1 0.0265 ssim 0.8815 N 8000000
Step 46100: Relocated 88443 GSs.
Step 46100: Added 0 GSs. Now having 8000000 GSs.
Step 46200: Relocated 84049 GSs.
Step 46200: Added 0 GSs. Now having 8000000 GSs.
Step 46300: Relocated 81288 GSs.
Step 46300: Added 0 GSs. Now having 8000000 GSs.
Step 46400: Relocated 79197 GSs.
Step 46400: Added 0 GSs. Now having 8000000 GSs.
Step 46500: Relocated 81352 GSs.
Step 46500: Added 0 GSs. Now having 8000000 GSs.
Step 46600: Relocated 77225 GSs.
Step 46600: Added 0 GSs. Now having 8000000 GSs.
Step 46700: Relocated 74713 GSs.
Step 46700: Added 0 GSs. Now having 8000000 GSs.
Step 46800: Relocated 82475 GSs.
Step 46800: Added 0 GSs. Now having 8000000 GSs.
Step 46900: Relocated 76381 GSs.
Step 46900: Added 0 GSs. Now having 8000000 GSs.
Step 47000: Relocated 82195 GSs.
Step 47000: Added 0 GSs. Now having 8000000 GSs.
[47000] loss 0.0497 l1 0.0328 ssim 0.8891 N 8000000
Step 47100: Relocated 77201 GSs.
Step 47100: Added 0 GSs. Now having 8000000 GSs.
Step 47200: Relocated 77574 GSs.
Step 47200: Added 0 GSs. Now having 8000000 GSs.
Step 47300: Relocated 85188 GSs.
Step 47300: Added 0 GSs. Now having 8000000 GSs.
Step 47400: Relocated 76517 GSs.
Step 47400: Added 0 GSs. Now having 8000000 GSs.
Step 47500: Relocated 70913 GSs.
Step 47500: Added 0 GSs. Now having 8000000 GSs.
Step 47600: Relocated 76998 GSs.
Step 47600: Added 0 GSs. Now having 8000000 GSs.
Step 47700: Relocated 76718 GSs.
Step 47700: Added 0 GSs. Now having 8000000 GSs.
Step 47800: Relocated 77951 GSs.
Step 47800: Added 0 GSs. Now having 8000000 GSs.
Step 47900: Relocated 68904 GSs.
Step 47900: Added 0 GSs. Now having 8000000 GSs.
Step 48000: Relocated 69154 GSs.
Step 48000: Added 0 GSs. Now having 8000000 GSs.
[48000] loss 0.0523 l1 0.0297 ssim 0.8636 N 8000000
Step 48100: Relocated 72256 GSs.
Step 48100: Added 0 GSs. Now having 8000000 GSs.
Step 48200: Relocated 68990 GSs.
Step 48200: Added 0 GSs. Now having 8000000 GSs.
Step 48300: Relocated 66332 GSs.
Step 48300: Added 0 GSs. Now having 8000000 GSs.
Step 48400: Relocated 64918 GSs.
Step 48400: Added 0 GSs. Now having 8000000 GSs.
Step 48500: Relocated 64169 GSs.
Step 48500: Added 0 GSs. Now having 8000000 GSs.
Step 48600: Relocated 65524 GSs.
Step 48600: Added 0 GSs. Now having 8000000 GSs.
Step 48700: Relocated 62601 GSs.
Step 48700: Added 0 GSs. Now having 8000000 GSs.
Step 48800: Relocated 65350 GSs.
Step 48800: Added 0 GSs. Now having 8000000 GSs.
Step 48900: Relocated 64471 GSs.
Step 48900: Added 0 GSs. Now having 8000000 GSs.
Step 49000: Relocated 63921 GSs.
Step 49000: Added 0 GSs. Now having 8000000 GSs.
[49000] loss 0.0472 l1 0.0239 ssim 0.8660 N 8000000
Step 49100: Relocated 61999 GSs.
Step 49100: Added 0 GSs. Now having 8000000 GSs.
Step 49200: Relocated 67392 GSs.
Step 49200: Added 0 GSs. Now having 8000000 GSs.
Step 49300: Relocated 63949 GSs.
Step 49300: Added 0 GSs. Now having 8000000 GSs.
Step 49400: Relocated 61434 GSs.
Step 49400: Added 0 GSs. Now having 8000000 GSs.
Step 49500: Relocated 59930 GSs.
Step 49500: Added 0 GSs. Now having 8000000 GSs.
Step 49600: Relocated 58669 GSs.
Step 49600: Added 0 GSs. Now having 8000000 GSs.
Step 49700: Relocated 57938 GSs.
Step 49700: Added 0 GSs. Now having 8000000 GSs.
Step 49800: Relocated 60828 GSs.
Step 49800: Added 0 GSs. Now having 8000000 GSs.
Step 49900: Relocated 57943 GSs.
Step 49900: Added 0 GSs. Now having 8000000 GSs.
[50000] loss 0.0354 l1 0.0229 ssim 0.9215 N 8000000
Setting up [LPIPS] perceptual loss: trunk [vgg], v[0.1], spatial [off]
/home/bkai/miniconda3/envs/gsplat/lib/python3.10/site-packages/torchvision/models/_utils.py:208: UserWarning: The parameter 'pretrained' is deprecated since 0.13 and may be removed in the future, please use 'weights' instead.
  warnings.warn(
/home/bkai/miniconda3/envs/gsplat/lib/python3.10/site-packages/torchvision/models/_utils.py:223: UserWarning: Arguments other than a weight enum or `None` for 'weights' are deprecated since 0.13 and may be removed in the future. The current behavior is equivalent to passing `weights=VGG16_Weights.IMAGENET1K_V1`. You can also use `weights=VGG16_Weights.DEFAULT` to get the most up-to-date weights.
  warnings.warn(msg)
Loading model from: /home/bkai/miniconda3/envs/gsplat/lib/python3.10/site-packages/lpips/weights/v0.1/vgg.pth
[51000] loss 0.0578 l1 0.0247 ssim 0.8901 N 8000000
[52000] loss 0.0618 l1 0.0256 ssim 0.8865 N 8000000
[53000] loss 0.0999 l1 0.0450 ssim 0.7984 N 8000000
[54000] loss 0.0729 l1 0.0279 ssim 0.8498 N 8000000
[55000] loss 0.0665 l1 0.0264 ssim 0.8570 N 8000000
[56000] loss 0.0962 l1 0.0430 ssim 0.8046 N 8000000
[57000] loss 0.0546 l1 0.0252 ssim 0.9005 N 8000000
[58000] loss 0.0629 l1 0.0310 ssim 0.8824 N 8000000
[59000] loss 0.0415 l1 0.0183 ssim 0.9324 N 8000000
[59999] loss 0.0628 l1 0.0269 ssim 0.8744 N 8000000
Saved 8000000 gaussians to /mnt/d/avv/r2r9/models/chair_ut42/ckpt.pt
205/263 images.bin entries have files in /mnt/d/avv/data/phase1/private_set2/chair/train/images
205 views, 80491 init points, K=[[1114.0,0,360.0],[0,1114.0,640.0]], size 720x1280
3DGUT mode: classic + with_ut + with_eval3d, k1=+0.000000
scene_scale 5.779
/mnt/c/Users/BKAI/an_plaza2/FastGS/gsplat_track/train_gsplat.py:325: UserWarning: The given NumPy array is not writable, and PyTorch does not support non-writable tensors. This means writing to this tensor will result in undefined behavior. You may want to copy the array to protect its data or make it writable before converting it to a tensor. This type of warning will be suppressed for the rest of this program. (Triggered internally at /pytorch/torch/csrc/utils/tensor_numpy.cpp:203.)
  gt_cache[vi] = torch.from_numpy(
[0] loss 0.2564 l1 0.1646 ssim 0.4036 N 80491
Step 600: Relocated 20374 GSs.
Step 600: Added 4024 GSs. Now having 84515 GSs.
Step 700: Relocated 4367 GSs.
Step 700: Added 4225 GSs. Now having 88740 GSs.
Step 800: Relocated 3686 GSs.
Step 800: Added 4437 GSs. Now having 93177 GSs.
Step 900: Relocated 3496 GSs.
Step 900: Added 4658 GSs. Now having 97835 GSs.
Step 1000: Relocated 3555 GSs.
Step 1000: Added 4891 GSs. Now having 102726 GSs.
[1000] loss 0.1766 l1 0.0946 ssim 0.5045 N 102726
Step 1100: Relocated 3704 GSs.
Step 1100: Added 5136 GSs. Now having 107862 GSs.
Step 1200: Relocated 4084 GSs.
Step 1200: Added 5393 GSs. Now having 113255 GSs.
Step 1300: Relocated 4607 GSs.
Step 1300: Added 5662 GSs. Now having 118917 GSs.
Step 1400: Relocated 4796 GSs.
Step 1400: Added 5945 GSs. Now having 124862 GSs.
Step 1500: Relocated 5408 GSs.
Step 1500: Added 6243 GSs. Now having 131105 GSs.
Step 1600: Relocated 5865 GSs.
Step 1600: Added 6555 GSs. Now having 137660 GSs.
Step 1700: Relocated 6583 GSs.
Step 1700: Added 6883 GSs. Now having 144543 GSs.
Step 1800: Relocated 6918 GSs.
Step 1800: Added 7227 GSs. Now having 151770 GSs.
Step 1900: Relocated 7782 GSs.
Step 1900: Added 7588 GSs. Now having 159358 GSs.
Step 2000: Relocated 8021 GSs.
Step 2000: Added 7967 GSs. Now having 167325 GSs.
[2000] loss 0.1197 l1 0.0556 ssim 0.6311 N 167325
Step 2100: Relocated 8585 GSs.
Step 2100: Added 8366 GSs. Now having 175691 GSs.
Step 2200: Relocated 9777 GSs.
Step 2200: Added 8784 GSs. Now having 184475 GSs.
Step 2300: Relocated 11025 GSs.
Step 2300: Added 9223 GSs. Now having 193698 GSs.
Step 2400: Relocated 11087 GSs.
Step 2400: Added 9684 GSs. Now having 203382 GSs.
Step 2500: Relocated 13121 GSs.
Step 2500: Added 10169 GSs. Now having 213551 GSs.
Step 2600: Relocated 13626 GSs.
Step 2600: Added 10677 GSs. Now having 224228 GSs.
Step 2700: Relocated 14211 GSs.
Step 2700: Added 11211 GSs. Now having 235439 GSs.
Step 2800: Relocated 14820 GSs.
Step 2800: Added 11771 GSs. Now having 247210 GSs.
Step 2900: Relocated 15931 GSs.
Step 2900: Added 12360 GSs. Now having 259570 GSs.
Step 3000: Relocated 17122 GSs.
Step 3000: Added 12978 GSs. Now having 272548 GSs.
[3000] loss 0.1215 l1 0.0528 ssim 0.6100 N 272548
Step 3100: Relocated 19197 GSs.
Step 3100: Added 13627 GSs. Now having 286175 GSs.
Step 3200: Relocated 22230 GSs.
Step 3200: Added 14308 GSs. Now having 300483 GSs.
Step 3300: Relocated 22316 GSs.
Step 3300: Added 15024 GSs. Now having 315507 GSs.
Step 3400: Relocated 24059 GSs.
Step 3400: Added 15775 GSs. Now having 331282 GSs.
Step 3500: Relocated 24876 GSs.
Step 3500: Added 16564 GSs. Now having 347846 GSs.
Step 3600: Relocated 26815 GSs.
Step 3600: Added 17392 GSs. Now having 365238 GSs.
Step 3700: Relocated 28298 GSs.
Step 3700: Added 18261 GSs. Now having 383499 GSs.
Step 3800: Relocated 28928 GSs.
Step 3800: Added 19174 GSs. Now having 402673 GSs.
Step 3900: Relocated 32476 GSs.
Step 3900: Added 20133 GSs. Now having 422806 GSs.
Step 4000: Relocated 36435 GSs.
Step 4000: Added 21140 GSs. Now having 443946 GSs.
[4000] loss 0.1297 l1 0.0610 ssim 0.6011 N 443946
Step 4100: Relocated 37819 GSs.
Step 4100: Added 22197 GSs. Now having 466143 GSs.
Step 4200: Relocated 37734 GSs.
Step 4200: Added 23307 GSs. Now having 489450 GSs.
Step 4300: Relocated 42754 GSs.
Step 4300: Added 24472 GSs. Now having 513922 GSs.
Step 4400: Relocated 43685 GSs.
Step 4400: Added 25696 GSs. Now having 539618 GSs.
Step 4500: Relocated 47375 GSs.
Step 4500: Added 26980 GSs. Now having 566598 GSs.
Step 4600: Relocated 47319 GSs.
Step 4600: Added 28329 GSs. Now having 594927 GSs.
Step 4700: Relocated 50182 GSs.
Step 4700: Added 29746 GSs. Now having 624673 GSs.
Step 4800: Relocated 53924 GSs.
Step 4800: Added 31233 GSs. Now having 655906 GSs.
Step 4900: Relocated 60969 GSs.
Step 4900: Added 32795 GSs. Now having 688701 GSs.
Step 5000: Relocated 62679 GSs.
Step 5000: Added 34435 GSs. Now having 723136 GSs.
[5000] loss 0.1144 l1 0.0563 ssim 0.6585 N 723136
Step 5100: Relocated 66327 GSs.
Step 5100: Added 36156 GSs. Now having 759292 GSs.
Step 5200: Relocated 71576 GSs.
Step 5200: Added 37964 GSs. Now having 797256 GSs.
Step 5300: Relocated 75098 GSs.
Step 5300: Added 39862 GSs. Now having 837118 GSs.
Step 5400: Relocated 75591 GSs.
Step 5400: Added 41855 GSs. Now having 878973 GSs.
Step 5500: Relocated 79627 GSs.
Step 5500: Added 43948 GSs. Now having 922921 GSs.
Step 5600: Relocated 86269 GSs.
Step 5600: Added 46146 GSs. Now having 969067 GSs.
Step 5700: Relocated 86148 GSs.
Step 5700: Added 48453 GSs. Now having 1017520 GSs.
Step 5800: Relocated 90313 GSs.
Step 5800: Added 50876 GSs. Now having 1068396 GSs.
Step 5900: Relocated 99959 GSs.
Step 5900: Added 53419 GSs. Now having 1121815 GSs.
Step 6000: Relocated 101895 GSs.
Step 6000: Added 56090 GSs. Now having 1177905 GSs.
[6000] loss 0.1380 l1 0.0633 ssim 0.5682 N 1177905
Step 6100: Relocated 107376 GSs.
Step 6100: Added 58895 GSs. Now having 1236800 GSs.
Step 6200: Relocated 121761 GSs.
Step 6200: Added 61840 GSs. Now having 1298640 GSs.
Step 6300: Relocated 123997 GSs.
Step 6300: Added 64932 GSs. Now having 1363572 GSs.
Step 6400: Relocated 124742 GSs.
Step 6400: Added 68178 GSs. Now having 1431750 GSs.
Step 6500: Relocated 137793 GSs.
Step 6500: Added 71587 GSs. Now having 1503337 GSs.
Step 6600: Relocated 140313 GSs.
Step 6600: Added 75166 GSs. Now having 1578503 GSs.
Step 6700: Relocated 147616 GSs.
Step 6700: Added 78925 GSs. Now having 1657428 GSs.
Step 6800: Relocated 147284 GSs.
Step 6800: Added 82871 GSs. Now having 1740299 GSs.
Step 6900: Relocated 165244 GSs.
Step 6900: Added 87014 GSs. Now having 1827313 GSs.
Step 7000: Relocated 171260 GSs.
Step 7000: Added 91365 GSs. Now having 1918678 GSs.
[7000] loss 0.0899 l1 0.0458 ssim 0.7385 N 1918678
Step 7100: Relocated 180096 GSs.
Step 7100: Added 95933 GSs. Now having 2014611 GSs.
Step 7200: Relocated 189645 GSs.
Step 7200: Added 100730 GSs. Now having 2115341 GSs.
Step 7300: Relocated 203291 GSs.
Step 7300: Added 105767 GSs. Now having 2221108 GSs.
Step 7400: Relocated 207263 GSs.
Step 7400: Added 111055 GSs. Now having 2332163 GSs.
Step 7500: Relocated 231027 GSs.
Step 7500: Added 116608 GSs. Now having 2448771 GSs.
Step 7600: Relocated 262302 GSs.
Step 7600: Added 122438 GSs. Now having 2571209 GSs.
Step 7700: Relocated 243874 GSs.
Step 7700: Added 128560 GSs. Now having 2699769 GSs.
Step 7800: Relocated 264158 GSs.
Step 7800: Added 134988 GSs. Now having 2834757 GSs.
Step 7900: Relocated 279847 GSs.
Step 7900: Added 141737 GSs. Now having 2976494 GSs.
Step 8000: Relocated 296043 GSs.
Step 8000: Added 148824 GSs. Now having 3125318 GSs.
[8000] loss 0.0637 l1 0.0357 ssim 0.8285 N 3125318
Step 8100: Relocated 337851 GSs.
Step 8100: Added 156265 GSs. Now having 3281583 GSs.
Step 8200: Relocated 330062 GSs.
Step 8200: Added 164079 GSs. Now having 3445662 GSs.
Step 8300: Relocated 338382 GSs.
Step 8300: Added 172283 GSs. Now having 3617945 GSs.
Step 8400: Relocated 358779 GSs.
Step 8400: Added 180897 GSs. Now having 3798842 GSs.
Step 8500: Relocated 382222 GSs.
Step 8500: Added 189942 GSs. Now having 3988784 GSs.
Step 8600: Relocated 390023 GSs.
Step 8600: Added 199439 GSs. Now having 4188223 GSs.
Step 8700: Relocated 403517 GSs.
Step 8700: Added 209411 GSs. Now having 4397634 GSs.
Step 8800: Relocated 425352 GSs.
Step 8800: Added 219881 GSs. Now having 4617515 GSs.
Step 8900: Relocated 420243 GSs.
Step 8900: Added 230875 GSs. Now having 4848390 GSs.
Step 9000: Relocated 481421 GSs.
Step 9000: Added 242419 GSs. Now having 5090809 GSs.
[9000] loss 0.0967 l1 0.0484 ssim 0.7135 N 5090809
Step 9100: Relocated 551262 GSs.
Step 9100: Added 254540 GSs. Now having 5345349 GSs.
Step 9200: Relocated 538322 GSs.
Step 9200: Added 267267 GSs. Now having 5612616 GSs.
Step 9300: Relocated 552576 GSs.
Step 9300: Added 280630 GSs. Now having 5893246 GSs.
Step 9400: Relocated 577811 GSs.
Step 9400: Added 294662 GSs. Now having 6187908 GSs.
Step 9500: Relocated 687893 GSs.
Step 9500: Added 309395 GSs. Now having 6497303 GSs.
Step 9600: Relocated 809810 GSs.
Step 9600: Added 324865 GSs. Now having 6822168 GSs.
Step 9700: Relocated 802702 GSs.
Step 9700: Added 341108 GSs. Now having 7163276 GSs.
Step 9800: Relocated 795893 GSs.
Step 9800: Added 358163 GSs. Now having 7521439 GSs.
Step 9900: Relocated 816768 GSs.
Step 9900: Added 376071 GSs. Now having 7897510 GSs.
Step 10000: Relocated 797981 GSs.
Step 10000: Added 102490 GSs. Now having 8000000 GSs.
[10000] loss 0.0978 l1 0.0497 ssim 0.7132 N 8000000
Step 10100: Relocated 702171 GSs.
Step 10100: Added 0 GSs. Now having 8000000 GSs.
Step 10200: Relocated 615766 GSs.
Step 10200: Added 0 GSs. Now having 8000000 GSs.
Step 10300: Relocated 575404 GSs.
Step 10300: Added 0 GSs. Now having 8000000 GSs.
Step 10400: Relocated 543561 GSs.
Step 10400: Added 0 GSs. Now having 8000000 GSs.
Step 10500: Relocated 514115 GSs.
Step 10500: Added 0 GSs. Now having 8000000 GSs.
Step 10600: Relocated 557131 GSs.
Step 10600: Added 0 GSs. Now having 8000000 GSs.
Step 10700: Relocated 563517 GSs.
Step 10700: Added 0 GSs. Now having 8000000 GSs.
Step 10800: Relocated 540431 GSs.
Step 10800: Added 0 GSs. Now having 8000000 GSs.
Step 10900: Relocated 534191 GSs.
Step 10900: Added 0 GSs. Now having 8000000 GSs.
Step 11000: Relocated 515389 GSs.
Step 11000: Added 0 GSs. Now having 8000000 GSs.
[11000] loss 0.0953 l1 0.0546 ssim 0.7452 N 8000000
Step 11100: Relocated 493173 GSs.
Step 11100: Added 0 GSs. Now having 8000000 GSs.
Step 11200: Relocated 515101 GSs.
Step 11200: Added 0 GSs. Now having 8000000 GSs.
Step 11300: Relocated 499795 GSs.
Step 11300: Added 0 GSs. Now having 8000000 GSs.
Step 11400: Relocated 490119 GSs.
Step 11400: Added 0 GSs. Now having 8000000 GSs.
Step 11500: Relocated 537792 GSs.
Step 11500: Added 0 GSs. Now having 8000000 GSs.
Step 11600: Relocated 498481 GSs.
Step 11600: Added 0 GSs. Now having 8000000 GSs.
Step 11700: Relocated 515185 GSs.
Step 11700: Added 0 GSs. Now having 8000000 GSs.
Step 11800: Relocated 488819 GSs.
Step 11800: Added 0 GSs. Now having 8000000 GSs.
Step 11900: Relocated 481918 GSs.
Step 11900: Added 0 GSs. Now having 8000000 GSs.
Step 12000: Relocated 476503 GSs.
Step 12000: Added 0 GSs. Now having 8000000 GSs.
[12000] loss 0.1054 l1 0.0443 ssim 0.6536 N 8000000
Step 12100: Relocated 480834 GSs.
Step 12100: Added 0 GSs. Now having 8000000 GSs.
Step 12200: Relocated 483794 GSs.
Step 12200: Added 0 GSs. Now having 8000000 GSs.
Step 12300: Relocated 487439 GSs.
Step 12300: Added 0 GSs. Now having 8000000 GSs.
Step 12400: Relocated 493269 GSs.
Step 12400: Added 0 GSs. Now having 8000000 GSs.
Step 12500: Relocated 463248 GSs.
Step 12500: Added 0 GSs. Now having 8000000 GSs.
Step 12600: Relocated 463415 GSs.
Step 12600: Added 0 GSs. Now having 8000000 GSs.
Step 12700: Relocated 517184 GSs.
Step 12700: Added 0 GSs. Now having 8000000 GSs.
Step 12800: Relocated 480733 GSs.
Step 12800: Added 0 GSs. Now having 8000000 GSs.
Step 12900: Relocated 475822 GSs.
Step 12900: Added 0 GSs. Now having 8000000 GSs.
Step 13000: Relocated 449323 GSs.
Step 13000: Added 0 GSs. Now having 8000000 GSs.
[13000] loss 0.1199 l1 0.0549 ssim 0.6235 N 8000000
Step 13100: Relocated 450937 GSs.
Step 13100: Added 0 GSs. Now having 8000000 GSs.
Step 13200: Relocated 442521 GSs.
Step 13200: Added 0 GSs. Now having 8000000 GSs.
Step 13300: Relocated 440408 GSs.
Step 13300: Added 0 GSs. Now having 8000000 GSs.
Step 13400: Relocated 451556 GSs.
Step 13400: Added 0 GSs. Now having 8000000 GSs.
Step 13500: Relocated 456372 GSs.
Step 13500: Added 0 GSs. Now having 8000000 GSs.
Step 13600: Relocated 462563 GSs.
Step 13600: Added 0 GSs. Now having 8000000 GSs.
Step 13700: Relocated 448721 GSs.
Step 13700: Added 0 GSs. Now having 8000000 GSs.
Step 13800: Relocated 448826 GSs.
Step 13800: Added 0 GSs. Now having 8000000 GSs.
Step 13900: Relocated 474996 GSs.
Step 13900: Added 0 GSs. Now having 8000000 GSs.
Step 14000: Relocated 457816 GSs.
Step 14000: Added 0 GSs. Now having 8000000 GSs.
[14000] loss 0.1214 l1 0.0593 ssim 0.6338 N 8000000
Step 14100: Relocated 460507 GSs.
Step 14100: Added 0 GSs. Now having 8000000 GSs.
Step 14200: Relocated 437540 GSs.
Step 14200: Added 0 GSs. Now having 8000000 GSs.
Step 14300: Relocated 447541 GSs.
Step 14300: Added 0 GSs. Now having 8000000 GSs.
Step 14400: Relocated 453982 GSs.
Step 14400: Added 0 GSs. Now having 8000000 GSs.
Step 14500: Relocated 455584 GSs.
Step 14500: Added 0 GSs. Now having 8000000 GSs.
Step 14600: Relocated 462665 GSs.
Step 14600: Added 0 GSs. Now having 8000000 GSs.
Step 14700: Relocated 481204 GSs.
Step 14700: Added 0 GSs. Now having 8000000 GSs.
Step 14800: Relocated 477163 GSs.
Step 14800: Added 0 GSs. Now having 8000000 GSs.
Step 14900: Relocated 473053 GSs.
Step 14900: Added 0 GSs. Now having 8000000 GSs.
Step 15000: Relocated 459067 GSs.
Step 15000: Added 0 GSs. Now having 8000000 GSs.
[15000] loss 0.0977 l1 0.0487 ssim 0.7096 N 8000000
Step 15100: Relocated 488101 GSs.
Step 15100: Added 0 GSs. Now having 8000000 GSs.
Step 15200: Relocated 494338 GSs.
Step 15200: Added 0 GSs. Now having 8000000 GSs.
Step 15300: Relocated 450154 GSs.
Step 15300: Added 0 GSs. Now having 8000000 GSs.
Step 15400: Relocated 476268 GSs.
Step 15400: Added 0 GSs. Now having 8000000 GSs.
Step 15500: Relocated 476635 GSs.
Step 15500: Added 0 GSs. Now having 8000000 GSs.
Step 15600: Relocated 490161 GSs.
Step 15600: Added 0 GSs. Now having 8000000 GSs.
Step 15700: Relocated 488306 GSs.
Step 15700: Added 0 GSs. Now having 8000000 GSs.
Step 15800: Relocated 496531 GSs.
Step 15800: Added 0 GSs. Now having 8000000 GSs.
Step 15900: Relocated 477336 GSs.
Step 15900: Added 0 GSs. Now having 8000000 GSs.
Step 16000: Relocated 483001 GSs.
Step 16000: Added 0 GSs. Now having 8000000 GSs.
[16000] loss 0.0600 l1 0.0312 ssim 0.8284 N 8000000
Step 16100: Relocated 501047 GSs.
Step 16100: Added 0 GSs. Now having 8000000 GSs.
Step 16200: Relocated 514337 GSs.
Step 16200: Added 0 GSs. Now having 8000000 GSs.
Step 16300: Relocated 503268 GSs.
Step 16300: Added 0 GSs. Now having 8000000 GSs.
Step 16400: Relocated 546448 GSs.
Step 16400: Added 0 GSs. Now having 8000000 GSs.
Step 16500: Relocated 511681 GSs.
Step 16500: Added 0 GSs. Now having 8000000 GSs.
Step 16600: Relocated 473278 GSs.
Step 16600: Added 0 GSs. Now having 8000000 GSs.
Step 16700: Relocated 494553 GSs.
Step 16700: Added 0 GSs. Now having 8000000 GSs.
Step 16800: Relocated 528921 GSs.
Step 16800: Added 0 GSs. Now having 8000000 GSs.
Step 16900: Relocated 500999 GSs.
Step 16900: Added 0 GSs. Now having 8000000 GSs.
Step 17000: Relocated 482023 GSs.
Step 17000: Added 0 GSs. Now having 8000000 GSs.
[17000] loss 0.0786 l1 0.0387 ssim 0.7655 N 8000000
Step 17100: Relocated 477506 GSs.
Step 17100: Added 0 GSs. Now having 8000000 GSs.
Step 17200: Relocated 448773 GSs.
Step 17200: Added 0 GSs. Now having 8000000 GSs.
Step 17300: Relocated 432580 GSs.
Step 17300: Added 0 GSs. Now having 8000000 GSs.
Step 17400: Relocated 417888 GSs.
Step 17400: Added 0 GSs. Now having 8000000 GSs.
Step 17500: Relocated 416632 GSs.
Step 17500: Added 0 GSs. Now having 8000000 GSs.
Step 17600: Relocated 467931 GSs.
Step 17600: Added 0 GSs. Now having 8000000 GSs.
Step 17700: Relocated 486848 GSs.
Step 17700: Added 0 GSs. Now having 8000000 GSs.
Step 17800: Relocated 479046 GSs.
Step 17800: Added 0 GSs. Now having 8000000 GSs.
Step 17900: Relocated 463312 GSs.
Step 17900: Added 0 GSs. Now having 8000000 GSs.
Step 18000: Relocated 486283 GSs.
Step 18000: Added 0 GSs. Now having 8000000 GSs.
[18000] loss 0.0742 l1 0.0352 ssim 0.7738 N 8000000
Step 18100: Relocated 505144 GSs.
Step 18100: Added 0 GSs. Now having 8000000 GSs.
Step 18200: Relocated 468362 GSs.
Step 18200: Added 0 GSs. Now having 8000000 GSs.
Step 18300: Relocated 500340 GSs.
Step 18300: Added 0 GSs. Now having 8000000 GSs.
Step 18400: Relocated 527086 GSs.
Step 18400: Added 0 GSs. Now having 8000000 GSs.
Step 18500: Relocated 459483 GSs.
Step 18500: Added 0 GSs. Now having 8000000 GSs.
Step 18600: Relocated 463977 GSs.
Step 18600: Added 0 GSs. Now having 8000000 GSs.
Step 18700: Relocated 474999 GSs.
Step 18700: Added 0 GSs. Now having 8000000 GSs.
Step 18800: Relocated 473186 GSs.
Step 18800: Added 0 GSs. Now having 8000000 GSs.
Step 18900: Relocated 436600 GSs.
Step 18900: Added 0 GSs. Now having 8000000 GSs.
Step 19000: Relocated 437878 GSs.
Step 19000: Added 0 GSs. Now having 8000000 GSs.
[19000] loss 0.1016 l1 0.0553 ssim 0.7172 N 8000000
Step 19100: Relocated 450943 GSs.
Step 19100: Added 0 GSs. Now having 8000000 GSs.
Step 19200: Relocated 460207 GSs.
Step 19200: Added 0 GSs. Now having 8000000 GSs.
Step 19300: Relocated 447315 GSs.
Step 19300: Added 0 GSs. Now having 8000000 GSs.
Step 19400: Relocated 461051 GSs.
Step 19400: Added 0 GSs. Now having 8000000 GSs.
Step 19500: Relocated 449899 GSs.
Step 19500: Added 0 GSs. Now having 8000000 GSs.
Step 19600: Relocated 451463 GSs.
Step 19600: Added 0 GSs. Now having 8000000 GSs.
Step 19700: Relocated 481945 GSs.
Step 19700: Added 0 GSs. Now having 8000000 GSs.
Step 19800: Relocated 434816 GSs.
Step 19800: Added 0 GSs. Now having 8000000 GSs.
Step 19900: Relocated 458050 GSs.
Step 19900: Added 0 GSs. Now having 8000000 GSs.
Step 20000: Relocated 453592 GSs.
Step 20000: Added 0 GSs. Now having 8000000 GSs.
[20000] loss 0.0834 l1 0.0346 ssim 0.7253 N 8000000
Step 20100: Relocated 471023 GSs.
Step 20100: Added 0 GSs. Now having 8000000 GSs.
Step 20200: Relocated 437728 GSs.
Step 20200: Added 0 GSs. Now having 8000000 GSs.
Step 20300: Relocated 479948 GSs.
Step 20300: Added 0 GSs. Now having 8000000 GSs.
Step 20400: Relocated 478061 GSs.
Step 20400: Added 0 GSs. Now having 8000000 GSs.
Step 20500: Relocated 455874 GSs.
Step 20500: Added 0 GSs. Now having 8000000 GSs.
Step 20600: Relocated 455325 GSs.
Step 20600: Added 0 GSs. Now having 8000000 GSs.
Step 20700: Relocated 445742 GSs.
Step 20700: Added 0 GSs. Now having 8000000 GSs.
Step 20800: Relocated 437152 GSs.
Step 20800: Added 0 GSs. Now having 8000000 GSs.
Step 20900: Relocated 414517 GSs.
Step 20900: Added 0 GSs. Now having 8000000 GSs.
Step 21000: Relocated 416255 GSs.
Step 21000: Added 0 GSs. Now having 8000000 GSs.
[21000] loss 0.0715 l1 0.0315 ssim 0.7725 N 8000000
Step 21100: Relocated 420440 GSs.
Step 21100: Added 0 GSs. Now having 8000000 GSs.
Step 21200: Relocated 465979 GSs.
Step 21200: Added 0 GSs. Now having 8000000 GSs.
Step 21300: Relocated 439458 GSs.
Step 21300: Added 0 GSs. Now having 8000000 GSs.
Step 21400: Relocated 415187 GSs.
Step 21400: Added 0 GSs. Now having 8000000 GSs.
Step 21500: Relocated 497049 GSs.
Step 21500: Added 0 GSs. Now having 8000000 GSs.
Step 21600: Relocated 464813 GSs.
Step 21600: Added 0 GSs. Now having 8000000 GSs.
Step 21700: Relocated 479203 GSs.
Step 21700: Added 0 GSs. Now having 8000000 GSs.
Step 21800: Relocated 469870 GSs.
Step 21800: Added 0 GSs. Now having 8000000 GSs.
Step 21900: Relocated 441061 GSs.
Step 21900: Added 0 GSs. Now having 8000000 GSs.
Step 22000: Relocated 440669 GSs.
Step 22000: Added 0 GSs. Now having 8000000 GSs.
[22000] loss 0.0869 l1 0.0408 ssim 0.7328 N 8000000
Step 22100: Relocated 481162 GSs.
Step 22100: Added 0 GSs. Now having 8000000 GSs.
Step 22200: Relocated 464340 GSs.
Step 22200: Added 0 GSs. Now having 8000000 GSs.
Step 22300: Relocated 448260 GSs.
Step 22300: Added 0 GSs. Now having 8000000 GSs.
Step 22400: Relocated 437787 GSs.
Step 22400: Added 0 GSs. Now having 8000000 GSs.
Step 22500: Relocated 463625 GSs.
Step 22500: Added 0 GSs. Now having 8000000 GSs.
Step 22600: Relocated 496746 GSs.
Step 22600: Added 0 GSs. Now having 8000000 GSs.
Step 22700: Relocated 423997 GSs.
Step 22700: Added 0 GSs. Now having 8000000 GSs.
Step 22800: Relocated 413720 GSs.
Step 22800: Added 0 GSs. Now having 8000000 GSs.
Step 22900: Relocated 416806 GSs.
Step 22900: Added 0 GSs. Now having 8000000 GSs.
Step 23000: Relocated 431617 GSs.
Step 23000: Added 0 GSs. Now having 8000000 GSs.
[23000] loss 0.0668 l1 0.0407 ssim 0.8327 N 8000000
Step 23100: Relocated 417375 GSs.
Step 23100: Added 0 GSs. Now having 8000000 GSs.
Step 23200: Relocated 417697 GSs.
Step 23200: Added 0 GSs. Now having 8000000 GSs.
Step 23300: Relocated 415883 GSs.
Step 23300: Added 0 GSs. Now having 8000000 GSs.
Step 23400: Relocated 392245 GSs.
Step 23400: Added 0 GSs. Now having 8000000 GSs.
Step 23500: Relocated 394447 GSs.
Step 23500: Added 0 GSs. Now having 8000000 GSs.
Step 23600: Relocated 427895 GSs.
Step 23600: Added 0 GSs. Now having 8000000 GSs.
Step 23700: Relocated 428216 GSs.
Step 23700: Added 0 GSs. Now having 8000000 GSs.
Step 23800: Relocated 439021 GSs.
Step 23800: Added 0 GSs. Now having 8000000 GSs.
Step 23900: Relocated 410089 GSs.
Step 23900: Added 0 GSs. Now having 8000000 GSs.
Step 24000: Relocated 405782 GSs.
Step 24000: Added 0 GSs. Now having 8000000 GSs.
[24000] loss 0.0619 l1 0.0329 ssim 0.8261 N 8000000
Step 24100: Relocated 398761 GSs.
Step 24100: Added 0 GSs. Now having 8000000 GSs.
Step 24200: Relocated 412379 GSs.
Step 24200: Added 0 GSs. Now having 8000000 GSs.
Step 24300: Relocated 405493 GSs.
Step 24300: Added 0 GSs. Now having 8000000 GSs.
Step 24400: Relocated 417627 GSs.
Step 24400: Added 0 GSs. Now having 8000000 GSs.
Step 24500: Relocated 418174 GSs.
Step 24500: Added 0 GSs. Now having 8000000 GSs.
Step 24600: Relocated 396144 GSs.
Step 24600: Added 0 GSs. Now having 8000000 GSs.
Step 24700: Relocated 421087 GSs.
Step 24700: Added 0 GSs. Now having 8000000 GSs.
Step 24800: Relocated 418079 GSs.
Step 24800: Added 0 GSs. Now having 8000000 GSs.
Step 24900: Relocated 412414 GSs.
Step 24900: Added 0 GSs. Now having 8000000 GSs.
Step 25000: Relocated 415798 GSs.
Step 25000: Added 0 GSs. Now having 8000000 GSs.
[25000] loss 0.0669 l1 0.0404 ssim 0.8311 N 8000000
Step 25100: Relocated 401793 GSs.
Step 25100: Added 0 GSs. Now having 8000000 GSs.
Step 25200: Relocated 440804 GSs.
Step 25200: Added 0 GSs. Now having 8000000 GSs.
Step 25300: Relocated 427062 GSs.
Step 25300: Added 0 GSs. Now having 8000000 GSs.
Step 25400: Relocated 440755 GSs.
Step 25400: Added 0 GSs. Now having 8000000 GSs.
Step 25500: Relocated 443123 GSs.
Step 25500: Added 0 GSs. Now having 8000000 GSs.
Step 25600: Relocated 436525 GSs.
Step 25600: Added 0 GSs. Now having 8000000 GSs.
Step 25700: Relocated 414942 GSs.
Step 25700: Added 0 GSs. Now having 8000000 GSs.
Step 25800: Relocated 420094 GSs.
Step 25800: Added 0 GSs. Now having 8000000 GSs.
Step 25900: Relocated 424206 GSs.
Step 25900: Added 0 GSs. Now having 8000000 GSs.
Step 26000: Relocated 412709 GSs.
Step 26000: Added 0 GSs. Now having 8000000 GSs.
[26000] loss 0.0593 l1 0.0306 ssim 0.8297 N 8000000
Step 26100: Relocated 422823 GSs.
Step 26100: Added 0 GSs. Now having 8000000 GSs.
Step 26200: Relocated 398032 GSs.
Step 26200: Added 0 GSs. Now having 8000000 GSs.
Step 26300: Relocated 396951 GSs.
Step 26300: Added 0 GSs. Now having 8000000 GSs.
Step 26400: Relocated 384667 GSs.
Step 26400: Added 0 GSs. Now having 8000000 GSs.
Step 26500: Relocated 375827 GSs.
Step 26500: Added 0 GSs. Now having 8000000 GSs.
Step 26600: Relocated 366951 GSs.
Step 26600: Added 0 GSs. Now having 8000000 GSs.
Step 26700: Relocated 396874 GSs.
Step 26700: Added 0 GSs. Now having 8000000 GSs.
Step 26800: Relocated 385717 GSs.
Step 26800: Added 0 GSs. Now having 8000000 GSs.
Step 26900: Relocated 379226 GSs.
Step 26900: Added 0 GSs. Now having 8000000 GSs.
Step 27000: Relocated 373887 GSs.
Step 27000: Added 0 GSs. Now having 8000000 GSs.
[27000] loss 0.0648 l1 0.0400 ssim 0.8399 N 8000000
Step 27100: Relocated 369956 GSs.
Step 27100: Added 0 GSs. Now having 8000000 GSs.
Step 27200: Relocated 370390 GSs.
Step 27200: Added 0 GSs. Now having 8000000 GSs.
Step 27300: Relocated 351553 GSs.
Step 27300: Added 0 GSs. Now having 8000000 GSs.
Step 27400: Relocated 353455 GSs.
Step 27400: Added 0 GSs. Now having 8000000 GSs.
Step 27500: Relocated 373247 GSs.
Step 27500: Added 0 GSs. Now having 8000000 GSs.
Step 27600: Relocated 396386 GSs.
Step 27600: Added 0 GSs. Now having 8000000 GSs.
Step 27700: Relocated 377963 GSs.
Step 27700: Added 0 GSs. Now having 8000000 GSs.
Step 27800: Relocated 386662 GSs.
Step 27800: Added 0 GSs. Now having 8000000 GSs.
Step 27900: Relocated 379975 GSs.
Step 27900: Added 0 GSs. Now having 8000000 GSs.
Step 28000: Relocated 366869 GSs.
Step 28000: Added 0 GSs. Now having 8000000 GSs.
[28000] loss 0.0649 l1 0.0344 ssim 0.8172 N 8000000
Step 28100: Relocated 365066 GSs.
Step 28100: Added 0 GSs. Now having 8000000 GSs.
Step 28200: Relocated 377243 GSs.
Step 28200: Added 0 GSs. Now having 8000000 GSs.
Step 28300: Relocated 375239 GSs.
Step 28300: Added 0 GSs. Now having 8000000 GSs.
Step 28400: Relocated 354877 GSs.
Step 28400: Added 0 GSs. Now having 8000000 GSs.
Step 28500: Relocated 374092 GSs.
Step 28500: Added 0 GSs. Now having 8000000 GSs.
Step 28600: Relocated 378987 GSs.
Step 28600: Added 0 GSs. Now having 8000000 GSs.
Step 28700: Relocated 391301 GSs.
Step 28700: Added 0 GSs. Now having 8000000 GSs.
Step 28800: Relocated 407187 GSs.
Step 28800: Added 0 GSs. Now having 8000000 GSs.
Step 28900: Relocated 375866 GSs.
Step 28900: Added 0 GSs. Now having 8000000 GSs.
Step 29000: Relocated 349799 GSs.
Step 29000: Added 0 GSs. Now having 8000000 GSs.
[29000] loss 0.0926 l1 0.0483 ssim 0.7342 N 8000000
Step 29100: Relocated 387092 GSs.
Step 29100: Added 0 GSs. Now having 8000000 GSs.
Step 29200: Relocated 345392 GSs.
Step 29200: Added 0 GSs. Now having 8000000 GSs.
Step 29300: Relocated 350225 GSs.
Step 29300: Added 0 GSs. Now having 8000000 GSs.
Step 29400: Relocated 367080 GSs.
Step 29400: Added 0 GSs. Now having 8000000 GSs.
Step 29500: Relocated 348571 GSs.
Step 29500: Added 0 GSs. Now having 8000000 GSs.
Step 29600: Relocated 337287 GSs.
Step 29600: Added 0 GSs. Now having 8000000 GSs.
Step 29700: Relocated 364647 GSs.
Step 29700: Added 0 GSs. Now having 8000000 GSs.
Step 29800: Relocated 354179 GSs.
Step 29800: Added 0 GSs. Now having 8000000 GSs.
Step 29900: Relocated 354890 GSs.
Step 29900: Added 0 GSs. Now having 8000000 GSs.
Step 30000: Relocated 325489 GSs.
Step 30000: Added 0 GSs. Now having 8000000 GSs.
[30000] loss 0.0406 l1 0.0258 ssim 0.9045 N 8000000
Step 30100: Relocated 351662 GSs.
Step 30100: Added 0 GSs. Now having 8000000 GSs.
Step 30200: Relocated 353321 GSs.
Step 30200: Added 0 GSs. Now having 8000000 GSs.
Step 30300: Relocated 321805 GSs.
Step 30300: Added 0 GSs. Now having 8000000 GSs.
Step 30400: Relocated 352898 GSs.
Step 30400: Added 0 GSs. Now having 8000000 GSs.
Step 30500: Relocated 343413 GSs.
Step 30500: Added 0 GSs. Now having 8000000 GSs.
Step 30600: Relocated 322615 GSs.
Step 30600: Added 0 GSs. Now having 8000000 GSs.
Step 30700: Relocated 342988 GSs.
Step 30700: Added 0 GSs. Now having 8000000 GSs.
Step 30800: Relocated 320925 GSs.
Step 30800: Added 0 GSs. Now having 8000000 GSs.
Step 30900: Relocated 324797 GSs.
Step 30900: Added 0 GSs. Now having 8000000 GSs.
Step 31000: Relocated 307412 GSs.
Step 31000: Added 0 GSs. Now having 8000000 GSs.
[31000] loss 0.0583 l1 0.0387 ssim 0.8676 N 8000000
Step 31100: Relocated 332508 GSs.
Step 31100: Added 0 GSs. Now having 8000000 GSs.
Step 31200: Relocated 342188 GSs.
Step 31200: Added 0 GSs. Now having 8000000 GSs.
Step 31300: Relocated 347613 GSs.
Step 31300: Added 0 GSs. Now having 8000000 GSs.
Step 31400: Relocated 329448 GSs.
Step 31400: Added 0 GSs. Now having 8000000 GSs.
Step 31500: Relocated 336661 GSs.
Step 31500: Added 0 GSs. Now having 8000000 GSs.
Step 31600: Relocated 330792 GSs.
Step 31600: Added 0 GSs. Now having 8000000 GSs.
Step 31700: Relocated 309139 GSs.
Step 31700: Added 0 GSs. Now having 8000000 GSs.
Step 31800: Relocated 289158 GSs.
Step 31800: Added 0 GSs. Now having 8000000 GSs.
Step 31900: Relocated 288441 GSs.
Step 31900: Added 0 GSs. Now having 8000000 GSs.
Step 32000: Relocated 290307 GSs.
Step 32000: Added 0 GSs. Now having 8000000 GSs.
[32000] loss 0.0656 l1 0.0338 ssim 0.8117 N 8000000
Step 32100: Relocated 286916 GSs.
Step 32100: Added 0 GSs. Now having 8000000 GSs.
Step 32200: Relocated 287762 GSs.
Step 32200: Added 0 GSs. Now having 8000000 GSs.
Step 32300: Relocated 300113 GSs.
Step 32300: Added 0 GSs. Now having 8000000 GSs.
Step 32400: Relocated 294544 GSs.
Step 32400: Added 0 GSs. Now having 8000000 GSs.
Step 32500: Relocated 288796 GSs.
Step 32500: Added 0 GSs. Now having 8000000 GSs.
Step 32600: Relocated 303546 GSs.
Step 32600: Added 0 GSs. Now having 8000000 GSs.
Step 32700: Relocated 314043 GSs.
Step 32700: Added 0 GSs. Now having 8000000 GSs.
Step 32800: Relocated 277387 GSs.
Step 32800: Added 0 GSs. Now having 8000000 GSs.
Step 32900: Relocated 300242 GSs.
Step 32900: Added 0 GSs. Now having 8000000 GSs.
Step 33000: Relocated 300282 GSs.
Step 33000: Added 0 GSs. Now having 8000000 GSs.
[33000] loss 0.0474 l1 0.0264 ssim 0.8731 N 8000000
Step 33100: Relocated 300421 GSs.
Step 33100: Added 0 GSs. Now having 8000000 GSs.
Step 33200: Relocated 288358 GSs.
Step 33200: Added 0 GSs. Now having 8000000 GSs.
Step 33300: Relocated 274147 GSs.
Step 33300: Added 0 GSs. Now having 8000000 GSs.
Step 33400: Relocated 303220 GSs.
Step 33400: Added 0 GSs. Now having 8000000 GSs.
Step 33500: Relocated 283917 GSs.
Step 33500: Added 0 GSs. Now having 8000000 GSs.
Step 33600: Relocated 260869 GSs.
Step 33600: Added 0 GSs. Now having 8000000 GSs.
Step 33700: Relocated 262681 GSs.
Step 33700: Added 0 GSs. Now having 8000000 GSs.
Step 33800: Relocated 273851 GSs.
Step 33800: Added 0 GSs. Now having 8000000 GSs.
Step 33900: Relocated 268902 GSs.
Step 33900: Added 0 GSs. Now having 8000000 GSs.
Step 34000: Relocated 252138 GSs.
Step 34000: Added 0 GSs. Now having 8000000 GSs.
[34000] loss 0.0684 l1 0.0314 ssim 0.7880 N 8000000
Step 34100: Relocated 251543 GSs.
Step 34100: Added 0 GSs. Now having 8000000 GSs.
Step 34200: Relocated 263327 GSs.
Step 34200: Added 0 GSs. Now having 8000000 GSs.
Step 34300: Relocated 282231 GSs.
Step 34300: Added 0 GSs. Now having 8000000 GSs.
Step 34400: Relocated 261721 GSs.
Step 34400: Added 0 GSs. Now having 8000000 GSs.
Step 34500: Relocated 254815 GSs.
Step 34500: Added 0 GSs. Now having 8000000 GSs.
Step 34600: Relocated 264442 GSs.
Step 34600: Added 0 GSs. Now having 8000000 GSs.
Step 34700: Relocated 262763 GSs.
Step 34700: Added 0 GSs. Now having 8000000 GSs.
Step 34800: Relocated 236025 GSs.
Step 34800: Added 0 GSs. Now having 8000000 GSs.
Step 34900: Relocated 234141 GSs.
Step 34900: Added 0 GSs. Now having 8000000 GSs.
Step 35000: Relocated 227674 GSs.
Step 35000: Added 0 GSs. Now having 8000000 GSs.
[35000] loss 0.0672 l1 0.0387 ssim 0.8233 N 8000000
Step 35100: Relocated 223613 GSs.
Step 35100: Added 0 GSs. Now having 8000000 GSs.
Step 35200: Relocated 236601 GSs.
Step 35200: Added 0 GSs. Now having 8000000 GSs.
Step 35300: Relocated 231007 GSs.
Step 35300: Added 0 GSs. Now having 8000000 GSs.
Step 35400: Relocated 216699 GSs.
Step 35400: Added 0 GSs. Now having 8000000 GSs.
Step 35500: Relocated 235931 GSs.
Step 35500: Added 0 GSs. Now having 8000000 GSs.
Step 35600: Relocated 230199 GSs.
Step 35600: Added 0 GSs. Now having 8000000 GSs.
Step 35700: Relocated 222520 GSs.
Step 35700: Added 0 GSs. Now having 8000000 GSs.
Step 35800: Relocated 235457 GSs.
Step 35800: Added 0 GSs. Now having 8000000 GSs.
Step 35900: Relocated 232846 GSs.
Step 35900: Added 0 GSs. Now having 8000000 GSs.
Step 36000: Relocated 221758 GSs.
Step 36000: Added 0 GSs. Now having 8000000 GSs.
[36000] loss 0.0565 l1 0.0272 ssim 0.8312 N 8000000
Step 36100: Relocated 219487 GSs.
Step 36100: Added 0 GSs. Now having 8000000 GSs.
Step 36200: Relocated 203831 GSs.
Step 36200: Added 0 GSs. Now having 8000000 GSs.
Step 36300: Relocated 196305 GSs.
Step 36300: Added 0 GSs. Now having 8000000 GSs.
Step 36400: Relocated 195659 GSs.
Step 36400: Added 0 GSs. Now having 8000000 GSs.
Step 36500: Relocated 205647 GSs.
Step 36500: Added 0 GSs. Now having 8000000 GSs.
Step 36600: Relocated 199066 GSs.
Step 36600: Added 0 GSs. Now having 8000000 GSs.
Step 36700: Relocated 199622 GSs.
Step 36700: Added 0 GSs. Now having 8000000 GSs.
Step 36800: Relocated 190098 GSs.
Step 36800: Added 0 GSs. Now having 8000000 GSs.
Step 36900: Relocated 213389 GSs.
Step 36900: Added 0 GSs. Now having 8000000 GSs.
Step 37000: Relocated 192867 GSs.
Step 37000: Added 0 GSs. Now having 8000000 GSs.
[37000] loss 0.0569 l1 0.0367 ssim 0.8672 N 8000000
Step 37100: Relocated 201226 GSs.
Step 37100: Added 0 GSs. Now having 8000000 GSs.
Step 37200: Relocated 202593 GSs.
Step 37200: Added 0 GSs. Now having 8000000 GSs.
Step 37300: Relocated 194746 GSs.
Step 37300: Added 0 GSs. Now having 8000000 GSs.
Step 37400: Relocated 192853 GSs.
Step 37400: Added 0 GSs. Now having 8000000 GSs.
Step 37500: Relocated 182751 GSs.
Step 37500: Added 0 GSs. Now having 8000000 GSs.
Step 37600: Relocated 175434 GSs.
Step 37600: Added 0 GSs. Now having 8000000 GSs.
Step 37700: Relocated 171052 GSs.
Step 37700: Added 0 GSs. Now having 8000000 GSs.
Step 37800: Relocated 183512 GSs.
Step 37800: Added 0 GSs. Now having 8000000 GSs.
Step 37900: Relocated 200104 GSs.
Step 37900: Added 0 GSs. Now having 8000000 GSs.
Step 38000: Relocated 190578 GSs.
Step 38000: Added 0 GSs. Now having 8000000 GSs.
[38000] loss 0.0644 l1 0.0392 ssim 0.8399 N 8000000
Step 38100: Relocated 193168 GSs.
Step 38100: Added 0 GSs. Now having 8000000 GSs.
Step 38200: Relocated 178988 GSs.
Step 38200: Added 0 GSs. Now having 8000000 GSs.
Step 38300: Relocated 182169 GSs.
Step 38300: Added 0 GSs. Now having 8000000 GSs.
Step 38400: Relocated 181345 GSs.
Step 38400: Added 0 GSs. Now having 8000000 GSs.
Step 38500: Relocated 176502 GSs.
Step 38500: Added 0 GSs. Now having 8000000 GSs.
Step 38600: Relocated 163161 GSs.
Step 38600: Added 0 GSs. Now having 8000000 GSs.
Step 38700: Relocated 162172 GSs.
Step 38700: Added 0 GSs. Now having 8000000 GSs.
Step 38800: Relocated 153251 GSs.
Step 38800: Added 0 GSs. Now having 8000000 GSs.
Step 38900: Relocated 159289 GSs.
Step 38900: Added 0 GSs. Now having 8000000 GSs.
Step 39000: Relocated 154415 GSs.
Step 39000: Added 0 GSs. Now having 8000000 GSs.
[39000] loss 0.0556 l1 0.0299 ssim 0.8469 N 8000000
Step 39100: Relocated 161019 GSs.
Step 39100: Added 0 GSs. Now having 8000000 GSs.
Step 39200: Relocated 167508 GSs.
Step 39200: Added 0 GSs. Now having 8000000 GSs.
Step 39300: Relocated 152508 GSs.
Step 39300: Added 0 GSs. Now having 8000000 GSs.
Step 39400: Relocated 157921 GSs.
Step 39400: Added 0 GSs. Now having 8000000 GSs.
Step 39500: Relocated 158533 GSs.
Step 39500: Added 0 GSs. Now having 8000000 GSs.
Step 39600: Relocated 161225 GSs.
Step 39600: Added 0 GSs. Now having 8000000 GSs.
Step 39700: Relocated 161595 GSs.
Step 39700: Added 0 GSs. Now having 8000000 GSs.
Step 39800: Relocated 162333 GSs.
Step 39800: Added 0 GSs. Now having 8000000 GSs.
Step 39900: Relocated 153111 GSs.
Step 39900: Added 0 GSs. Now having 8000000 GSs.
Step 40000: Relocated 148599 GSs.
Step 40000: Added 0 GSs. Now having 8000000 GSs.
[40000] loss 0.0618 l1 0.0348 ssim 0.8355 N 8000000
Step 40100: Relocated 150850 GSs.
Step 40100: Added 0 GSs. Now having 8000000 GSs.
Step 40200: Relocated 153776 GSs.
Step 40200: Added 0 GSs. Now having 8000000 GSs.
Step 40300: Relocated 149705 GSs.
Step 40300: Added 0 GSs. Now having 8000000 GSs.
Step 40400: Relocated 145425 GSs.
Step 40400: Added 0 GSs. Now having 8000000 GSs.
Step 40500: Relocated 140308 GSs.
Step 40500: Added 0 GSs. Now having 8000000 GSs.
Step 40600: Relocated 142130 GSs.
Step 40600: Added 0 GSs. Now having 8000000 GSs.
Step 40700: Relocated 143590 GSs.
Step 40700: Added 0 GSs. Now having 8000000 GSs.
Step 40800: Relocated 145461 GSs.
Step 40800: Added 0 GSs. Now having 8000000 GSs.
Step 40900: Relocated 136566 GSs.
Step 40900: Added 0 GSs. Now having 8000000 GSs.
Step 41000: Relocated 131501 GSs.
Step 41000: Added 0 GSs. Now having 8000000 GSs.
[41000] loss 0.0601 l1 0.0342 ssim 0.8416 N 8000000
Step 41100: Relocated 132422 GSs.
Step 41100: Added 0 GSs. Now having 8000000 GSs.
Step 41200: Relocated 133942 GSs.
Step 41200: Added 0 GSs. Now having 8000000 GSs.
Step 41300: Relocated 138370 GSs.
Step 41300: Added 0 GSs. Now having 8000000 GSs.
Step 41400: Relocated 134237 GSs.
Step 41400: Added 0 GSs. Now having 8000000 GSs.
Step 41500: Relocated 124995 GSs.
Step 41500: Added 0 GSs. Now having 8000000 GSs.
Step 41600: Relocated 120278 GSs.
Step 41600: Added 0 GSs. Now having 8000000 GSs.
Step 41700: Relocated 118935 GSs.
Step 41700: Added 0 GSs. Now having 8000000 GSs.
Step 41800: Relocated 121734 GSs.
Step 41800: Added 0 GSs. Now having 8000000 GSs.
Step 41900: Relocated 114958 GSs.
Step 41900: Added 0 GSs. Now having 8000000 GSs.
Step 42000: Relocated 111014 GSs.
Step 42000: Added 0 GSs. Now having 8000000 GSs.
[42000] loss 0.0552 l1 0.0314 ssim 0.8549 N 8000000
Step 42100: Relocated 122124 GSs.
Step 42100: Added 0 GSs. Now having 8000000 GSs.
Step 42200: Relocated 123695 GSs.
Step 42200: Added 0 GSs. Now having 8000000 GSs.
Step 42300: Relocated 120441 GSs.
Step 42300: Added 0 GSs. Now having 8000000 GSs.
Step 42400: Relocated 115282 GSs.
Step 42400: Added 0 GSs. Now having 8000000 GSs.
Step 42500: Relocated 110020 GSs.
Step 42500: Added 0 GSs. Now having 8000000 GSs.
Step 42600: Relocated 110038 GSs.
Step 42600: Added 0 GSs. Now having 8000000 GSs.
Step 42700: Relocated 119666 GSs.
Step 42700: Added 0 GSs. Now having 8000000 GSs.
Step 42800: Relocated 112038 GSs.
Step 42800: Added 0 GSs. Now having 8000000 GSs.
Step 42900: Relocated 106355 GSs.
Step 42900: Added 0 GSs. Now having 8000000 GSs.
Step 43000: Relocated 102529 GSs.
Step 43000: Added 0 GSs. Now having 8000000 GSs.
[43000] loss 0.0565 l1 0.0282 ssim 0.8358 N 8000000
Step 43100: Relocated 104265 GSs.
Step 43100: Added 0 GSs. Now having 8000000 GSs.
Step 43200: Relocated 107198 GSs.
Step 43200: Added 0 GSs. Now having 8000000 GSs.
Step 43300: Relocated 113840 GSs.
Step 43300: Added 0 GSs. Now having 8000000 GSs.
Step 43400: Relocated 104782 GSs.
Step 43400: Added 0 GSs. Now having 8000000 GSs.
Step 43500: Relocated 100719 GSs.
Step 43500: Added 0 GSs. Now having 8000000 GSs.
Step 43600: Relocated 104133 GSs.
Step 43600: Added 0 GSs. Now having 8000000 GSs.
Step 43700: Relocated 108225 GSs.
Step 43700: Added 0 GSs. Now having 8000000 GSs.
Step 43800: Relocated 107964 GSs.
Step 43800: Added 0 GSs. Now having 8000000 GSs.
Step 43900: Relocated 105384 GSs.
Step 43900: Added 0 GSs. Now having 8000000 GSs.
Step 44000: Relocated 108416 GSs.
Step 44000: Added 0 GSs. Now having 8000000 GSs.
[44000] loss 0.0722 l1 0.0432 ssim 0.8176 N 8000000
Step 44100: Relocated 106105 GSs.
Step 44100: Added 0 GSs. Now having 8000000 GSs.
Step 44200: Relocated 98251 GSs.
Step 44200: Added 0 GSs. Now having 8000000 GSs.
Step 44300: Relocated 94234 GSs.
Step 44300: Added 0 GSs. Now having 8000000 GSs.
Step 44400: Relocated 91858 GSs.
Step 44400: Added 0 GSs. Now having 8000000 GSs.
Step 44500: Relocated 91044 GSs.
Step 44500: Added 0 GSs. Now having 8000000 GSs.
Step 44600: Relocated 85362 GSs.
Step 44600: Added 0 GSs. Now having 8000000 GSs.
Step 44700: Relocated 92019 GSs.
Step 44700: Added 0 GSs. Now having 8000000 GSs.
Step 44800: Relocated 89399 GSs.
Step 44800: Added 0 GSs. Now having 8000000 GSs.
Step 44900: Relocated 94946 GSs.
Step 44900: Added 0 GSs. Now having 8000000 GSs.
Step 45000: Relocated 87831 GSs.
Step 45000: Added 0 GSs. Now having 8000000 GSs.
[45000] loss 0.0547 l1 0.0305 ssim 0.8546 N 8000000
Step 45100: Relocated 94118 GSs.
Step 45100: Added 0 GSs. Now having 8000000 GSs.
Step 45200: Relocated 84659 GSs.
Step 45200: Added 0 GSs. Now having 8000000 GSs.
Step 45300: Relocated 86228 GSs.
Step 45300: Added 0 GSs. Now having 8000000 GSs.
Step 45400: Relocated 84734 GSs.
Step 45400: Added 0 GSs. Now having 8000000 GSs.
Step 45500: Relocated 83380 GSs.
Step 45500: Added 0 GSs. Now having 8000000 GSs.
Step 45600: Relocated 78954 GSs.
Step 45600: Added 0 GSs. Now having 8000000 GSs.
Step 45700: Relocated 80020 GSs.
Step 45700: Added 0 GSs. Now having 8000000 GSs.
Step 45800: Relocated 74940 GSs.
Step 45800: Added 0 GSs. Now having 8000000 GSs.
Step 45900: Relocated 78510 GSs.
Step 45900: Added 0 GSs. Now having 8000000 GSs.
Step 46000: Relocated 77956 GSs.
Step 46000: Added 0 GSs. Now having 8000000 GSs.
[46000] loss 0.0502 l1 0.0296 ssim 0.8734 N 8000000
Step 46100: Relocated 79739 GSs.
Step 46100: Added 0 GSs. Now having 8000000 GSs.
Step 46200: Relocated 72782 GSs.
Step 46200: Added 0 GSs. Now having 8000000 GSs.
Step 46300: Relocated 73020 GSs.
Step 46300: Added 0 GSs. Now having 8000000 GSs.
Step 46400: Relocated 73727 GSs.
Step 46400: Added 0 GSs. Now having 8000000 GSs.
Step 46500: Relocated 70592 GSs.
Step 46500: Added 0 GSs. Now having 8000000 GSs.
Step 46600: Relocated 69292 GSs.
Step 46600: Added 0 GSs. Now having 8000000 GSs.
Step 46700: Relocated 74444 GSs.
Step 46700: Added 0 GSs. Now having 8000000 GSs.
Step 46800: Relocated 70801 GSs.
Step 46800: Added 0 GSs. Now having 8000000 GSs.
Step 46900: Relocated 71819 GSs.
Step 46900: Added 0 GSs. Now having 8000000 GSs.
Step 47000: Relocated 71983 GSs.
Step 47000: Added 0 GSs. Now having 8000000 GSs.
[47000] loss 0.0783 l1 0.0454 ssim 0.7964 N 8000000
Step 47100: Relocated 70140 GSs.
Step 47100: Added 0 GSs. Now having 8000000 GSs.
Step 47200: Relocated 68135 GSs.
Step 47200: Added 0 GSs. Now having 8000000 GSs.
Step 47300: Relocated 70042 GSs.
Step 47300: Added 0 GSs. Now having 8000000 GSs.
Step 47400: Relocated 68270 GSs.
Step 47400: Added 0 GSs. Now having 8000000 GSs.
Step 47500: Relocated 73912 GSs.
Step 47500: Added 0 GSs. Now having 8000000 GSs.
Step 47600: Relocated 66659 GSs.
Step 47600: Added 0 GSs. Now having 8000000 GSs.
Step 47700: Relocated 60873 GSs.
Step 47700: Added 0 GSs. Now having 8000000 GSs.
Step 47800: Relocated 64158 GSs.
Step 47800: Added 0 GSs. Now having 8000000 GSs.
Step 47900: Relocated 65366 GSs.
Step 47900: Added 0 GSs. Now having 8000000 GSs.
Step 48000: Relocated 60847 GSs.
Step 48000: Added 0 GSs. Now having 8000000 GSs.
[48000] loss 0.0704 l1 0.0416 ssim 0.8208 N 8000000
Step 48100: Relocated 59435 GSs.
Step 48100: Added 0 GSs. Now having 8000000 GSs.
Step 48200: Relocated 64550 GSs.
Step 48200: Added 0 GSs. Now having 8000000 GSs.
Step 48300: Relocated 63080 GSs.
Step 48300: Added 0 GSs. Now having 8000000 GSs.
Step 48400: Relocated 63384 GSs.
Step 48400: Added 0 GSs. Now having 8000000 GSs.
Step 48500: Relocated 64669 GSs.
Step 48500: Added 0 GSs. Now having 8000000 GSs.
Step 48600: Relocated 59480 GSs.
Step 48600: Added 0 GSs. Now having 8000000 GSs.
Step 48700: Relocated 56379 GSs.
Step 48700: Added 0 GSs. Now having 8000000 GSs.
Step 48800: Relocated 59242 GSs.
Step 48800: Added 0 GSs. Now having 8000000 GSs.
Step 48900: Relocated 59506 GSs.
Step 48900: Added 0 GSs. Now having 8000000 GSs.
Step 49000: Relocated 58239 GSs.
Step 49000: Added 0 GSs. Now having 8000000 GSs.
[49000] loss 0.0329 l1 0.0194 ssim 0.9195 N 8000000
Step 49100: Relocated 56906 GSs.
Step 49100: Added 0 GSs. Now having 8000000 GSs.
Step 49200: Relocated 64293 GSs.
Step 49200: Added 0 GSs. Now having 8000000 GSs.
Step 49300: Relocated 62800 GSs.
Step 49300: Added 0 GSs. Now having 8000000 GSs.
Step 49400: Relocated 60557 GSs.
Step 49400: Added 0 GSs. Now having 8000000 GSs.
Step 49500: Relocated 57917 GSs.
Step 49500: Added 0 GSs. Now having 8000000 GSs.
Step 49600: Relocated 56637 GSs.
Step 49600: Added 0 GSs. Now having 8000000 GSs.
Step 49700: Relocated 57156 GSs.
Step 49700: Added 0 GSs. Now having 8000000 GSs.
Step 49800: Relocated 57541 GSs.
Step 49800: Added 0 GSs. Now having 8000000 GSs.
Step 49900: Relocated 53751 GSs.
Step 49900: Added 0 GSs. Now having 8000000 GSs.
[50000] loss 0.0720 l1 0.0429 ssim 0.8179 N 8000000
Setting up [LPIPS] perceptual loss: trunk [vgg], v[0.1], spatial [off]
/home/bkai/miniconda3/envs/gsplat/lib/python3.10/site-packages/torchvision/models/_utils.py:208: UserWarning: The parameter 'pretrained' is deprecated since 0.13 and may be removed in the future, please use 'weights' instead.
  warnings.warn(
/home/bkai/miniconda3/envs/gsplat/lib/python3.10/site-packages/torchvision/models/_utils.py:223: UserWarning: Arguments other than a weight enum or `None` for 'weights' are deprecated since 0.13 and may be removed in the future. The current behavior is equivalent to passing `weights=VGG16_Weights.IMAGENET1K_V1`. You can also use `weights=VGG16_Weights.DEFAULT` to get the most up-to-date weights.
  warnings.warn(msg)
Loading model from: /home/bkai/miniconda3/envs/gsplat/lib/python3.10/site-packages/lpips/weights/v0.1/vgg.pth
[51000] loss 0.0632 l1 0.0253 ssim 0.8818 N 8000000
[52000] loss 0.0576 l1 0.0243 ssim 0.8879 N 8000000
[53000] loss 0.0673 l1 0.0301 ssim 0.8884 N 8000000
[54000] loss 0.1112 l1 0.0450 ssim 0.7358 N 8000000
[55000] loss 0.0873 l1 0.0401 ssim 0.8193 N 8000000
[56000] loss 0.0743 l1 0.0377 ssim 0.8561 N 8000000
[57000] loss 0.0584 l1 0.0245 ssim 0.8901 N 8000000
[58000] loss 0.0493 l1 0.0245 ssim 0.9190 N 8000000
[59000] loss 0.0493 l1 0.0199 ssim 0.9160 N 8000000
[59999] loss 0.0590 l1 0.0218 ssim 0.8669 N 8000000
Saved 8000000 gaussians to /mnt/d/avv/r2r9/models/chair_ut7/ckpt.pt
  fit on 103 pairs -> field 90x160  mean |d| 0.200 px  max 0.96 px
saved -> /mnt/d/avv/r2r9/fields/chair.npy (+ .meta.json)
k1=+0.00000  720x1280  unsupervised 0.00% -> /mnt/d/avv/r2r9/masks/chair.npy
=== [chair] DONE (gpu0) ===
