ERROR conda.cli.main_run:execute(142): `conda run python -c 
import sys; sys.path.insert(0,'.')
from scene.colmap_loader import read_intrinsics_binary
c=list(read_intrinsics_binary('/mnt/d/avv/data/phase1/private_set2/HCM0644/train/sparse/0/cameras.bin').values())[0]
p=list(c.params); print(p[3] if c.model in ('SIMPLE_RADIAL','RADIAL') else 0.0)` failed. (See above for error)
[HCM0644] k1=ERROR: This cross-compiler package contains no program /home/bkai/miniconda3/bin/x86_64-conda-linux-gnu-g++ -> native
240/381 images.bin entries have files in /mnt/d/avv/data/phase1/private_set2/HCM0644/train/images
240 views, 209560 init points, K=[[925.5,0,660.0],[0,925.5,494.5]], size 1320x989
3DGUT mode: classic + with_ut + with_eval3d, k1=+0.009034
scene_scale 9.075
/mnt/c/Users/BKAI/an_plaza2/FastGS/gsplat_track/train_gsplat.py:325: UserWarning: The given NumPy array is not writable, and PyTorch does not support non-writable tensors. This means writing to this tensor will result in undefined behavior. You may want to copy the array to protect its data or make it writable before converting it to a tensor. This type of warning will be suppressed for the rest of this program. (Triggered internally at /pytorch/torch/csrc/utils/tensor_numpy.cpp:203.)
  gt_cache[vi] = torch.from_numpy(
[0] loss 0.3297 l1 0.2396 ssim 0.3395 N 209560
Step 600: Relocated 28519 GSs.
Step 600: Added 10478 GSs. Now having 220038 GSs.
Step 700: Relocated 7289 GSs.
Step 700: Added 11001 GSs. Now having 231039 GSs.
Step 800: Relocated 6182 GSs.
Step 800: Added 11551 GSs. Now having 242590 GSs.
Step 900: Relocated 6940 GSs.
Step 900: Added 12129 GSs. Now having 254719 GSs.
Step 1000: Relocated 6661 GSs.
Step 1000: Added 12735 GSs. Now having 267454 GSs.
[1000] loss 0.1080 l1 0.0565 ssim 0.7022 N 267454
Step 1100: Relocated 7525 GSs.
Step 1100: Added 13372 GSs. Now having 280826 GSs.
Step 1200: Relocated 8312 GSs.
Step 1200: Added 14041 GSs. Now having 294867 GSs.
Step 1300: Relocated 9917 GSs.
Step 1300: Added 14743 GSs. Now having 309610 GSs.
Step 1400: Relocated 10327 GSs.
Step 1400: Added 15480 GSs. Now having 325090 GSs.
Step 1500: Relocated 10358 GSs.
Step 1500: Added 16254 GSs. Now having 341344 GSs.
Step 1600: Relocated 12202 GSs.
Step 1600: Added 17067 GSs. Now having 358411 GSs.
Step 1700: Relocated 12872 GSs.
Step 1700: Added 17920 GSs. Now having 376331 GSs.
Step 1800: Relocated 13383 GSs.
Step 1800: Added 18816 GSs. Now having 395147 GSs.
Step 1900: Relocated 15432 GSs.
Step 1900: Added 19757 GSs. Now having 414904 GSs.
Step 2000: Relocated 17469 GSs.
Step 2000: Added 20745 GSs. Now having 435649 GSs.
[2000] loss 0.1335 l1 0.0661 ssim 0.6097 N 435649
Step 2100: Relocated 19977 GSs.
Step 2100: Added 21782 GSs. Now having 457431 GSs.
Step 2200: Relocated 18709 GSs.
Step 2200: Added 22871 GSs. Now having 480302 GSs.
Step 2300: Relocated 22044 GSs.
Step 2300: Added 24015 GSs. Now having 504317 GSs.
Step 2400: Relocated 25905 GSs.
Step 2400: Added 25215 GSs. Now having 529532 GSs.
Step 2500: Relocated 25019 GSs.
Step 2500: Added 26476 GSs. Now having 556008 GSs.
Step 2600: Relocated 28718 GSs.
Step 2600: Added 27800 GSs. Now having 583808 GSs.
Step 2700: Relocated 30505 GSs.
Step 2700: Added 29190 GSs. Now having 612998 GSs.
Step 2800: Relocated 30614 GSs.
Step 2800: Added 30649 GSs. Now having 643647 GSs.
Step 2900: Relocated 34627 GSs.
Step 2900: Added 32182 GSs. Now having 675829 GSs.
Step 3000: Relocated 36740 GSs.
Step 3000: Added 33791 GSs. Now having 709620 GSs.
[3000] loss 0.0941 l1 0.0534 ssim 0.7532 N 709620
Step 3100: Relocated 40830 GSs.
Step 3100: Added 35481 GSs. Now having 745101 GSs.
Step 3200: Relocated 42969 GSs.
Step 3200: Added 37255 GSs. Now having 782356 GSs.
Step 3300: Relocated 46459 GSs.
Step 3300: Added 39117 GSs. Now having 821473 GSs.
Step 3400: Relocated 48386 GSs.
Step 3400: Added 41073 GSs. Now having 862546 GSs.
Step 3500: Relocated 49461 GSs.
Step 3500: Added 43127 GSs. Now having 905673 GSs.
Step 3600: Relocated 57480 GSs.
Step 3600: Added 45283 GSs. Now having 950956 GSs.
Step 3700: Relocated 61109 GSs.
Step 3700: Added 47547 GSs. Now having 998503 GSs.
Step 3800: Relocated 60837 GSs.
Step 3800: Added 49925 GSs. Now having 1048428 GSs.
Step 3900: Relocated 68132 GSs.
Step 3900: Added 52421 GSs. Now having 1100849 GSs.
Step 4000: Relocated 74118 GSs.
Step 4000: Added 55042 GSs. Now having 1155891 GSs.
[4000] loss 0.1368 l1 0.0672 ssim 0.5934 N 1155891
Step 4100: Relocated 75012 GSs.
Step 4100: Added 57794 GSs. Now having 1213685 GSs.
Step 4200: Relocated 84409 GSs.
Step 4200: Added 60684 GSs. Now having 1274369 GSs.
Step 4300: Relocated 84929 GSs.
Step 4300: Added 63718 GSs. Now having 1338087 GSs.
Step 4400: Relocated 96415 GSs.
Step 4400: Added 66904 GSs. Now having 1404991 GSs.
Step 4500: Relocated 96153 GSs.
Step 4500: Added 70249 GSs. Now having 1475240 GSs.
Step 4600: Relocated 99974 GSs.
Step 4600: Added 73762 GSs. Now having 1549002 GSs.
Step 4700: Relocated 118822 GSs.
Step 4700: Added 77450 GSs. Now having 1626452 GSs.
Step 4800: Relocated 117218 GSs.
Step 4800: Added 81322 GSs. Now having 1707774 GSs.
Step 4900: Relocated 119655 GSs.
Step 4900: Added 85388 GSs. Now having 1793162 GSs.
Step 5000: Relocated 128552 GSs.
Step 5000: Added 89658 GSs. Now having 1882820 GSs.
[5000] loss 0.1000 l1 0.0524 ssim 0.7170 N 1882820
Step 5100: Relocated 140604 GSs.
Step 5100: Added 94141 GSs. Now having 1976961 GSs.
Step 5200: Relocated 151543 GSs.
Step 5200: Added 98848 GSs. Now having 2075809 GSs.
Step 5300: Relocated 167037 GSs.
Step 5300: Added 103790 GSs. Now having 2179599 GSs.
Step 5400: Relocated 170583 GSs.
Step 5400: Added 108979 GSs. Now having 2288578 GSs.
Step 5500: Relocated 181989 GSs.
Step 5500: Added 114428 GSs. Now having 2403006 GSs.
Step 5600: Relocated 188492 GSs.
Step 5600: Added 120150 GSs. Now having 2523156 GSs.
Step 5700: Relocated 205460 GSs.
Step 5700: Added 126157 GSs. Now having 2649313 GSs.
Step 5800: Relocated 208256 GSs.
Step 5800: Added 132465 GSs. Now having 2781778 GSs.
Step 5900: Relocated 209382 GSs.
Step 5900: Added 139088 GSs. Now having 2920866 GSs.
Step 6000: Relocated 228838 GSs.
Step 6000: Added 146043 GSs. Now having 3066909 GSs.
[6000] loss 0.0953 l1 0.0517 ssim 0.7369 N 3066909
Step 6100: Relocated 257373 GSs.
Step 6100: Added 153345 GSs. Now having 3220254 GSs.
Step 6200: Relocated 273297 GSs.
Step 6200: Added 161012 GSs. Now having 3381266 GSs.
Step 6300: Relocated 289241 GSs.
Step 6300: Added 169063 GSs. Now having 3550329 GSs.
Step 6400: Relocated 308064 GSs.
Step 6400: Added 177516 GSs. Now having 3727845 GSs.
Step 6500: Relocated 328861 GSs.
Step 6500: Added 186392 GSs. Now having 3914237 GSs.
Step 6600: Relocated 353523 GSs.
Step 6600: Added 195711 GSs. Now having 4109948 GSs.
Step 6700: Relocated 354657 GSs.
Step 6700: Added 205497 GSs. Now having 4315445 GSs.
Step 6800: Relocated 357447 GSs.
Step 6800: Added 215772 GSs. Now having 4531217 GSs.
Step 6900: Relocated 362953 GSs.
Step 6900: Added 226560 GSs. Now having 4757777 GSs.
Step 7000: Relocated 401463 GSs.
Step 7000: Added 237888 GSs. Now having 4995665 GSs.
[7000] loss 0.1434 l1 0.0689 ssim 0.5644 N 4995665
Step 7100: Relocated 408190 GSs.
Step 7100: Added 249783 GSs. Now having 5245448 GSs.
Step 7200: Relocated 428896 GSs.
Step 7200: Added 262272 GSs. Now having 5507720 GSs.
Step 7300: Relocated 471824 GSs.
Step 7300: Added 275386 GSs. Now having 5783106 GSs.
Step 7400: Relocated 522195 GSs.
Step 7400: Added 289155 GSs. Now having 6072261 GSs.
Step 7500: Relocated 553212 GSs.
Step 7500: Added 303613 GSs. Now having 6375874 GSs.
Step 7600: Relocated 580695 GSs.
Step 7600: Added 318793 GSs. Now having 6694667 GSs.
Step 7700: Relocated 615616 GSs.
Step 7700: Added 334733 GSs. Now having 7029400 GSs.
Step 7800: Relocated 633959 GSs.
Step 7800: Added 351470 GSs. Now having 7380870 GSs.
Step 7900: Relocated 679978 GSs.
Step 7900: Added 369043 GSs. Now having 7749913 GSs.
Step 8000: Relocated 707868 GSs.
Step 8000: Added 250087 GSs. Now having 8000000 GSs.
[8000] loss 0.0921 l1 0.0521 ssim 0.7532 N 8000000
Step 8100: Relocated 710137 GSs.
Step 8100: Added 0 GSs. Now having 8000000 GSs.
Step 8200: Relocated 590105 GSs.
Step 8200: Added 0 GSs. Now having 8000000 GSs.
Step 8300: Relocated 581893 GSs.
Step 8300: Added 0 GSs. Now having 8000000 GSs.
Step 8400: Relocated 549570 GSs.
Step 8400: Added 0 GSs. Now having 8000000 GSs.
Step 8500: Relocated 525897 GSs.
Step 8500: Added 0 GSs. Now having 8000000 GSs.
Step 8600: Relocated 480493 GSs.
Step 8600: Added 0 GSs. Now having 8000000 GSs.
Step 8700: Relocated 469376 GSs.
Step 8700: Added 0 GSs. Now having 8000000 GSs.
Step 8800: Relocated 466527 GSs.
Step 8800: Added 0 GSs. Now having 8000000 GSs.
Step 8900: Relocated 448186 GSs.
Step 8900: Added 0 GSs. Now having 8000000 GSs.
Step 9000: Relocated 432815 GSs.
Step 9000: Added 0 GSs. Now having 8000000 GSs.
[9000] loss 0.1076 l1 0.0640 ssim 0.7235 N 8000000
Step 9100: Relocated 416610 GSs.
Step 9100: Added 0 GSs. Now having 8000000 GSs.
Step 9200: Relocated 431463 GSs.
Step 9200: Added 0 GSs. Now having 8000000 GSs.
Step 9300: Relocated 431980 GSs.
Step 9300: Added 0 GSs. Now having 8000000 GSs.
Step 9400: Relocated 420419 GSs.
Step 9400: Added 0 GSs. Now having 8000000 GSs.
Step 9500: Relocated 426576 GSs.
Step 9500: Added 0 GSs. Now having 8000000 GSs.
Step 9600: Relocated 447879 GSs.
Step 9600: Added 0 GSs. Now having 8000000 GSs.
Step 9700: Relocated 419145 GSs.
Step 9700: Added 0 GSs. Now having 8000000 GSs.
Step 9800: Relocated 421872 GSs.
Step 9800: Added 0 GSs. Now having 8000000 GSs.
Step 9900: Relocated 397089 GSs.
Step 9900: Added 0 GSs. Now having 8000000 GSs.
Step 10000: Relocated 414559 GSs.
Step 10000: Added 0 GSs. Now having 8000000 GSs.
[10000] loss 0.1013 l1 0.0562 ssim 0.7236 N 8000000
Step 10100: Relocated 428499 GSs.
Step 10100: Added 0 GSs. Now having 8000000 GSs.
Step 10200: Relocated 408758 GSs.
Step 10200: Added 0 GSs. Now having 8000000 GSs.
Step 10300: Relocated 422419 GSs.
Step 10300: Added 0 GSs. Now having 8000000 GSs.
Step 10400: Relocated 419845 GSs.
Step 10400: Added 0 GSs. Now having 8000000 GSs.
Step 10500: Relocated 408494 GSs.
Step 10500: Added 0 GSs. Now having 8000000 GSs.
Step 10600: Relocated 410586 GSs.
Step 10600: Added 0 GSs. Now having 8000000 GSs.
Step 10700: Relocated 402153 GSs.
Step 10700: Added 0 GSs. Now having 8000000 GSs.
Step 10800: Relocated 398183 GSs.
Step 10800: Added 0 GSs. Now having 8000000 GSs.
Step 10900: Relocated 402944 GSs.
Step 10900: Added 0 GSs. Now having 8000000 GSs.
Step 11000: Relocated 410580 GSs.
Step 11000: Added 0 GSs. Now having 8000000 GSs.
[11000] loss 0.0848 l1 0.0475 ssim 0.7718 N 8000000
Step 11100: Relocated 421158 GSs.
Step 11100: Added 0 GSs. Now having 8000000 GSs.
Step 11200: Relocated 397340 GSs.
Step 11200: Added 0 GSs. Now having 8000000 GSs.
Step 11300: Relocated 398367 GSs.
Step 11300: Added 0 GSs. Now having 8000000 GSs.
Step 11400: Relocated 409385 GSs.
Step 11400: Added 0 GSs. Now having 8000000 GSs.
Step 11500: Relocated 403286 GSs.
Step 11500: Added 0 GSs. Now having 8000000 GSs.
Step 11600: Relocated 396963 GSs.
Step 11600: Added 0 GSs. Now having 8000000 GSs.
Step 11700: Relocated 397000 GSs.
Step 11700: Added 0 GSs. Now having 8000000 GSs.
Step 11800: Relocated 390099 GSs.
Step 11800: Added 0 GSs. Now having 8000000 GSs.
Step 11900: Relocated 380968 GSs.
Step 11900: Added 0 GSs. Now having 8000000 GSs.
Step 12000: Relocated 421199 GSs.
Step 12000: Added 0 GSs. Now having 8000000 GSs.
[12000] loss 0.0806 l1 0.0496 ssim 0.8010 N 8000000
Step 12100: Relocated 415153 GSs.
Step 12100: Added 0 GSs. Now having 8000000 GSs.
Step 12200: Relocated 437840 GSs.
Step 12200: Added 0 GSs. Now having 8000000 GSs.
Step 12300: Relocated 422179 GSs.
Step 12300: Added 0 GSs. Now having 8000000 GSs.
Step 12400: Relocated 395994 GSs.
Step 12400: Added 0 GSs. Now having 8000000 GSs.
Step 12500: Relocated 398655 GSs.
Step 12500: Added 0 GSs. Now having 8000000 GSs.
Step 12600: Relocated 392780 GSs.
Step 12600: Added 0 GSs. Now having 8000000 GSs.
Step 12700: Relocated 392153 GSs.
Step 12700: Added 0 GSs. Now having 8000000 GSs.
Step 12800: Relocated 406161 GSs.
Step 12800: Added 0 GSs. Now having 8000000 GSs.
Step 12900: Relocated 396885 GSs.
Step 12900: Added 0 GSs. Now having 8000000 GSs.
Step 13000: Relocated 398441 GSs.
Step 13000: Added 0 GSs. Now having 8000000 GSs.
[13000] loss 0.1166 l1 0.0583 ssim 0.6562 N 8000000
Step 13100: Relocated 383788 GSs.
Step 13100: Added 0 GSs. Now having 8000000 GSs.
Step 13200: Relocated 399005 GSs.
Step 13200: Added 0 GSs. Now having 8000000 GSs.
Step 13300: Relocated 414748 GSs.
Step 13300: Added 0 GSs. Now having 8000000 GSs.
Step 13400: Relocated 406074 GSs.
Step 13400: Added 0 GSs. Now having 8000000 GSs.
Step 13500: Relocated 405400 GSs.
Step 13500: Added 0 GSs. Now having 8000000 GSs.
Step 13600: Relocated 399757 GSs.
Step 13600: Added 0 GSs. Now having 8000000 GSs.
Step 13700: Relocated 422976 GSs.
Step 13700: Added 0 GSs. Now having 8000000 GSs.
Step 13800: Relocated 403340 GSs.
Step 13800: Added 0 GSs. Now having 8000000 GSs.
Step 13900: Relocated 402630 GSs.
Step 13900: Added 0 GSs. Now having 8000000 GSs.
Step 14000: Relocated 411784 GSs.
Step 14000: Added 0 GSs. Now having 8000000 GSs.
[14000] loss 0.0823 l1 0.0453 ssim 0.7755 N 8000000
Step 14100: Relocated 403259 GSs.
Step 14100: Added 0 GSs. Now having 8000000 GSs.
Step 14200: Relocated 406819 GSs.
Step 14200: Added 0 GSs. Now having 8000000 GSs.
Step 14300: Relocated 399623 GSs.
Step 14300: Added 0 GSs. Now having 8000000 GSs.
Step 14400: Relocated 395082 GSs.
Step 14400: Added 0 GSs. Now having 8000000 GSs.
Step 14500: Relocated 386477 GSs.
Step 14500: Added 0 GSs. Now having 8000000 GSs.
Step 14600: Relocated 405566 GSs.
Step 14600: Added 0 GSs. Now having 8000000 GSs.
Step 14700: Relocated 425510 GSs.
Step 14700: Added 0 GSs. Now having 8000000 GSs.
Step 14800: Relocated 426069 GSs.
Step 14800: Added 0 GSs. Now having 8000000 GSs.
Step 14900: Relocated 410578 GSs.
Step 14900: Added 0 GSs. Now having 8000000 GSs.
Step 15000: Relocated 432595 GSs.
Step 15000: Added 0 GSs. Now having 8000000 GSs.
[15000] loss 0.0980 l1 0.0522 ssim 0.7248 N 8000000
Step 15100: Relocated 404724 GSs.
Step 15100: Added 0 GSs. Now having 8000000 GSs.
Step 15200: Relocated 416208 GSs.
Step 15200: Added 0 GSs. Now having 8000000 GSs.
Step 15300: Relocated 401652 GSs.
Step 15300: Added 0 GSs. Now having 8000000 GSs.
Step 15400: Relocated 393059 GSs.
Step 15400: Added 0 GSs. Now having 8000000 GSs.
Step 15500: Relocated 421287 GSs.
Step 15500: Added 0 GSs. Now having 8000000 GSs.
Step 15600: Relocated 402210 GSs.
Step 15600: Added 0 GSs. Now having 8000000 GSs.
Step 15700: Relocated 432591 GSs.
Step 15700: Added 0 GSs. Now having 8000000 GSs.
Step 15800: Relocated 413424 GSs.
Step 15800: Added 0 GSs. Now having 8000000 GSs.
Step 15900: Relocated 443547 GSs.
Step 15900: Added 0 GSs. Now having 8000000 GSs.
Step 16000: Relocated 418027 GSs.
Step 16000: Added 0 GSs. Now having 8000000 GSs.
[16000] loss 0.0655 l1 0.0395 ssim 0.8369 N 8000000
Step 16100: Relocated 396115 GSs.
Step 16100: Added 0 GSs. Now having 8000000 GSs.
Step 16200: Relocated 409143 GSs.
Step 16200: Added 0 GSs. Now having 8000000 GSs.
Step 16300: Relocated 409450 GSs.
Step 16300: Added 0 GSs. Now having 8000000 GSs.
Step 16400: Relocated 385199 GSs.
Step 16400: Added 0 GSs. Now having 8000000 GSs.
Step 16500: Relocated 394871 GSs.
Step 16500: Added 0 GSs. Now having 8000000 GSs.
Step 16600: Relocated 389155 GSs.
Step 16600: Added 0 GSs. Now having 8000000 GSs.
Step 16700: Relocated 391024 GSs.
Step 16700: Added 0 GSs. Now having 8000000 GSs.
Step 16800: Relocated 397846 GSs.
Step 16800: Added 0 GSs. Now having 8000000 GSs.
Step 16900: Relocated 387984 GSs.
Step 16900: Added 0 GSs. Now having 8000000 GSs.
Step 17000: Relocated 408546 GSs.
Step 17000: Added 0 GSs. Now having 8000000 GSs.
[17000] loss 0.0726 l1 0.0422 ssim 0.8118 N 8000000
Step 17100: Relocated 396446 GSs.
Step 17100: Added 0 GSs. Now having 8000000 GSs.
Step 17200: Relocated 392985 GSs.
Step 17200: Added 0 GSs. Now having 8000000 GSs.
Step 17300: Relocated 386846 GSs.
Step 17300: Added 0 GSs. Now having 8000000 GSs.
Step 17400: Relocated 384076 GSs.
Step 17400: Added 0 GSs. Now having 8000000 GSs.
Step 17500: Relocated 387035 GSs.
Step 17500: Added 0 GSs. Now having 8000000 GSs.
Step 17600: Relocated 371972 GSs.
Step 17600: Added 0 GSs. Now having 8000000 GSs.
Step 17700: Relocated 389365 GSs.
Step 17700: Added 0 GSs. Now having 8000000 GSs.
Step 17800: Relocated 386658 GSs.
Step 17800: Added 0 GSs. Now having 8000000 GSs.
Step 17900: Relocated 387944 GSs.
Step 17900: Added 0 GSs. Now having 8000000 GSs.
Step 18000: Relocated 391947 GSs.
Step 18000: Added 0 GSs. Now having 8000000 GSs.
[18000] loss 0.0551 l1 0.0349 ssim 0.8705 N 8000000
Step 18100: Relocated 400336 GSs.
Step 18100: Added 0 GSs. Now having 8000000 GSs.
Step 18200: Relocated 373244 GSs.
Step 18200: Added 0 GSs. Now having 8000000 GSs.
Step 18300: Relocated 391968 GSs.
Step 18300: Added 0 GSs. Now having 8000000 GSs.
Step 18400: Relocated 378031 GSs.
Step 18400: Added 0 GSs. Now having 8000000 GSs.
Step 18500: Relocated 385337 GSs.
Step 18500: Added 0 GSs. Now having 8000000 GSs.
Step 18600: Relocated 390944 GSs.
Step 18600: Added 0 GSs. Now having 8000000 GSs.
Step 18700: Relocated 390162 GSs.
Step 18700: Added 0 GSs. Now having 8000000 GSs.
Step 18800: Relocated 388705 GSs.
Step 18800: Added 0 GSs. Now having 8000000 GSs.
Step 18900: Relocated 422593 GSs.
Step 18900: Added 0 GSs. Now having 8000000 GSs.
Step 19000: Relocated 407973 GSs.
Step 19000: Added 0 GSs. Now having 8000000 GSs.
[19000] loss 0.0819 l1 0.0443 ssim 0.7741 N 8000000
Step 19100: Relocated 421320 GSs.
Step 19100: Added 0 GSs. Now having 8000000 GSs.
Step 19200: Relocated 382742 GSs.
Step 19200: Added 0 GSs. Now having 8000000 GSs.
Step 19300: Relocated 358477 GSs.
Step 19300: Added 0 GSs. Now having 8000000 GSs.
Step 19400: Relocated 365417 GSs.
Step 19400: Added 0 GSs. Now having 8000000 GSs.
Step 19500: Relocated 392428 GSs.
Step 19500: Added 0 GSs. Now having 8000000 GSs.
Step 19600: Relocated 379668 GSs.
Step 19600: Added 0 GSs. Now having 8000000 GSs.
Step 19700: Relocated 388598 GSs.
Step 19700: Added 0 GSs. Now having 8000000 GSs.
Step 19800: Relocated 380380 GSs.
Step 19800: Added 0 GSs. Now having 8000000 GSs.
Step 19900: Relocated 371676 GSs.
Step 19900: Added 0 GSs. Now having 8000000 GSs.
Step 20000: Relocated 368165 GSs.
Step 20000: Added 0 GSs. Now having 8000000 GSs.
[20000] loss 0.0551 l1 0.0335 ssim 0.8653 N 8000000
Step 20100: Relocated 380818 GSs.
Step 20100: Added 0 GSs. Now having 8000000 GSs.
Step 20200: Relocated 395921 GSs.
Step 20200: Added 0 GSs. Now having 8000000 GSs.
Step 20300: Relocated 393000 GSs.
Step 20300: Added 0 GSs. Now having 8000000 GSs.
Step 20400: Relocated 364671 GSs.
Step 20400: Added 0 GSs. Now having 8000000 GSs.
Step 20500: Relocated 362877 GSs.
Step 20500: Added 0 GSs. Now having 8000000 GSs.
Step 20600: Relocated 385105 GSs.
Step 20600: Added 0 GSs. Now having 8000000 GSs.
Step 20700: Relocated 368374 GSs.
Step 20700: Added 0 GSs. Now having 8000000 GSs.
Step 20800: Relocated 376284 GSs.
Step 20800: Added 0 GSs. Now having 8000000 GSs.
Step 20900: Relocated 380896 GSs.
Step 20900: Added 0 GSs. Now having 8000000 GSs.
Step 21000: Relocated 386020 GSs.
Step 21000: Added 0 GSs. Now having 8000000 GSs.
[21000] loss 0.0647 l1 0.0393 ssim 0.8403 N 8000000
Step 21100: Relocated 387245 GSs.
Step 21100: Added 0 GSs. Now having 8000000 GSs.
Step 21200: Relocated 372085 GSs.
Step 21200: Added 0 GSs. Now having 8000000 GSs.
Step 21300: Relocated 382221 GSs.
Step 21300: Added 0 GSs. Now having 8000000 GSs.
Step 21400: Relocated 376640 GSs.
Step 21400: Added 0 GSs. Now having 8000000 GSs.
Step 21500: Relocated 362568 GSs.
Step 21500: Added 0 GSs. Now having 8000000 GSs.
Step 21600: Relocated 366783 GSs.
Step 21600: Added 0 GSs. Now having 8000000 GSs.
Step 21700: Relocated 376396 GSs.
Step 21700: Added 0 GSs. Now having 8000000 GSs.
Step 21800: Relocated 398074 GSs.
Step 21800: Added 0 GSs. Now having 8000000 GSs.
Step 21900: Relocated 397109 GSs.
Step 21900: Added 0 GSs. Now having 8000000 GSs.
Step 22000: Relocated 379746 GSs.
Step 22000: Added 0 GSs. Now having 8000000 GSs.
[22000] loss 0.0641 l1 0.0421 ssim 0.8544 N 8000000
Step 22100: Relocated 390801 GSs.
Step 22100: Added 0 GSs. Now having 8000000 GSs.
Step 22200: Relocated 399343 GSs.
Step 22200: Added 0 GSs. Now having 8000000 GSs.
Step 22300: Relocated 394293 GSs.
Step 22300: Added 0 GSs. Now having 8000000 GSs.
Step 22400: Relocated 384204 GSs.
Step 22400: Added 0 GSs. Now having 8000000 GSs.
Step 22500: Relocated 368701 GSs.
Step 22500: Added 0 GSs. Now having 8000000 GSs.
Step 22600: Relocated 372246 GSs.
Step 22600: Added 0 GSs. Now having 8000000 GSs.
Step 22700: Relocated 358600 GSs.
Step 22700: Added 0 GSs. Now having 8000000 GSs.
Step 22800: Relocated 364947 GSs.
Step 22800: Added 0 GSs. Now having 8000000 GSs.
Step 22900: Relocated 358720 GSs.
Step 22900: Added 0 GSs. Now having 8000000 GSs.
Step 23000: Relocated 380366 GSs.
Step 23000: Added 0 GSs. Now having 8000000 GSs.
[23000] loss 0.0846 l1 0.0485 ssim 0.7780 N 8000000
Step 23100: Relocated 359714 GSs.
Step 23100: Added 0 GSs. Now having 8000000 GSs.
Step 23200: Relocated 371013 GSs.
Step 23200: Added 0 GSs. Now having 8000000 GSs.
Step 23300: Relocated 367656 GSs.
Step 23300: Added 0 GSs. Now having 8000000 GSs.
Step 23400: Relocated 366778 GSs.
Step 23400: Added 0 GSs. Now having 8000000 GSs.
Step 23500: Relocated 371532 GSs.
Step 23500: Added 0 GSs. Now having 8000000 GSs.
Step 23600: Relocated 371507 GSs.
Step 23600: Added 0 GSs. Now having 8000000 GSs.
Step 23700: Relocated 368222 GSs.
Step 23700: Added 0 GSs. Now having 8000000 GSs.
Step 23800: Relocated 346283 GSs.
Step 23800: Added 0 GSs. Now having 8000000 GSs.
Step 23900: Relocated 356347 GSs.
Step 23900: Added 0 GSs. Now having 8000000 GSs.
Step 24000: Relocated 355421 GSs.
Step 24000: Added 0 GSs. Now having 8000000 GSs.
[24000] loss 0.0613 l1 0.0368 ssim 0.8479 N 8000000
Step 24100: Relocated 361191 GSs.
Step 24100: Added 0 GSs. Now having 8000000 GSs.
Step 24200: Relocated 365220 GSs.
Step 24200: Added 0 GSs. Now having 8000000 GSs.
Step 24300: Relocated 358674 GSs.
Step 24300: Added 0 GSs. Now having 8000000 GSs.
Step 24400: Relocated 368849 GSs.
Step 24400: Added 0 GSs. Now having 8000000 GSs.
Step 24500: Relocated 384205 GSs.
Step 24500: Added 0 GSs. Now having 8000000 GSs.
Step 24600: Relocated 370151 GSs.
Step 24600: Added 0 GSs. Now having 8000000 GSs.
Step 24700: Relocated 378725 GSs.
Step 24700: Added 0 GSs. Now having 8000000 GSs.
Step 24800: Relocated 375061 GSs.
Step 24800: Added 0 GSs. Now having 8000000 GSs.
Step 24900: Relocated 374453 GSs.
Step 24900: Added 0 GSs. Now having 8000000 GSs.
Step 25000: Relocated 359147 GSs.
Step 25000: Added 0 GSs. Now having 8000000 GSs.
[25000] loss 0.0723 l1 0.0425 ssim 0.8152 N 8000000
Step 25100: Relocated 368349 GSs.
Step 25100: Added 0 GSs. Now having 8000000 GSs.
Step 25200: Relocated 365447 GSs.
Step 25200: Added 0 GSs. Now having 8000000 GSs.
Step 25300: Relocated 365866 GSs.
Step 25300: Added 0 GSs. Now having 8000000 GSs.
Step 25400: Relocated 387820 GSs.
Step 25400: Added 0 GSs. Now having 8000000 GSs.
Step 25500: Relocated 378492 GSs.
Step 25500: Added 0 GSs. Now having 8000000 GSs.
Step 25600: Relocated 364614 GSs.
Step 25600: Added 0 GSs. Now having 8000000 GSs.
Step 25700: Relocated 367385 GSs.
Step 25700: Added 0 GSs. Now having 8000000 GSs.
Step 25800: Relocated 353118 GSs.
Step 25800: Added 0 GSs. Now having 8000000 GSs.
Step 25900: Relocated 356902 GSs.
Step 25900: Added 0 GSs. Now having 8000000 GSs.
Step 26000: Relocated 362389 GSs.
Step 26000: Added 0 GSs. Now having 8000000 GSs.
[26000] loss 0.0524 l1 0.0327 ssim 0.8754 N 8000000
Step 26100: Relocated 356584 GSs.
Step 26100: Added 0 GSs. Now having 8000000 GSs.
Step 26200: Relocated 350012 GSs.
Step 26200: Added 0 GSs. Now having 8000000 GSs.
Step 26300: Relocated 346842 GSs.
Step 26300: Added 0 GSs. Now having 8000000 GSs.
Step 26400: Relocated 342196 GSs.
Step 26400: Added 0 GSs. Now having 8000000 GSs.
Step 26500: Relocated 334761 GSs.
Step 26500: Added 0 GSs. Now having 8000000 GSs.
Step 26600: Relocated 332356 GSs.
Step 26600: Added 0 GSs. Now having 8000000 GSs.
Step 26700: Relocated 339620 GSs.
Step 26700: Added 0 GSs. Now having 8000000 GSs.
Step 26800: Relocated 336202 GSs.
Step 26800: Added 0 GSs. Now having 8000000 GSs.
Step 26900: Relocated 315504 GSs.
Step 26900: Added 0 GSs. Now having 8000000 GSs.
Step 27000: Relocated 314284 GSs.
Step 27000: Added 0 GSs. Now having 8000000 GSs.
[27000] loss 0.0557 l1 0.0330 ssim 0.8610 N 8000000
Step 27100: Relocated 323296 GSs.
Step 27100: Added 0 GSs. Now having 8000000 GSs.
Step 27200: Relocated 328681 GSs.
Step 27200: Added 0 GSs. Now having 8000000 GSs.
Step 27300: Relocated 323317 GSs.
Step 27300: Added 0 GSs. Now having 8000000 GSs.
Step 27400: Relocated 317165 GSs.
Step 27400: Added 0 GSs. Now having 8000000 GSs.
Step 27500: Relocated 326652 GSs.
Step 27500: Added 0 GSs. Now having 8000000 GSs.
Step 27600: Relocated 334164 GSs.
Step 27600: Added 0 GSs. Now having 8000000 GSs.
Step 27700: Relocated 320450 GSs.
Step 27700: Added 0 GSs. Now having 8000000 GSs.
Step 27800: Relocated 314699 GSs.
Step 27800: Added 0 GSs. Now having 8000000 GSs.
Step 27900: Relocated 306455 GSs.
Step 27900: Added 0 GSs. Now having 8000000 GSs.
Step 28000: Relocated 307326 GSs.
Step 28000: Added 0 GSs. Now having 8000000 GSs.
[28000] loss 0.0566 l1 0.0342 ssim 0.8609 N 8000000
Step 28100: Relocated 324799 GSs.
Step 28100: Added 0 GSs. Now having 8000000 GSs.
Step 28200: Relocated 320135 GSs.
Step 28200: Added 0 GSs. Now having 8000000 GSs.
Step 28300: Relocated 322945 GSs.
Step 28300: Added 0 GSs. Now having 8000000 GSs.
Step 28400: Relocated 310087 GSs.
Step 28400: Added 0 GSs. Now having 8000000 GSs.
Step 28500: Relocated 327790 GSs.
Step 28500: Added 0 GSs. Now having 8000000 GSs.
Step 28600: Relocated 331528 GSs.
Step 28600: Added 0 GSs. Now having 8000000 GSs.
Step 28700: Relocated 321336 GSs.
Step 28700: Added 0 GSs. Now having 8000000 GSs.
Step 28800: Relocated 308691 GSs.
Step 28800: Added 0 GSs. Now having 8000000 GSs.
Step 28900: Relocated 301788 GSs.
Step 28900: Added 0 GSs. Now having 8000000 GSs.
Step 29000: Relocated 291198 GSs.
Step 29000: Added 0 GSs. Now having 8000000 GSs.
[29000] loss 0.0626 l1 0.0392 ssim 0.8510 N 8000000
Step 29100: Relocated 314237 GSs.
Step 29100: Added 0 GSs. Now having 8000000 GSs.
Step 29200: Relocated 312794 GSs.
Step 29200: Added 0 GSs. Now having 8000000 GSs.
Step 29300: Relocated 304559 GSs.
Step 29300: Added 0 GSs. Now having 8000000 GSs.
Step 29400: Relocated 318326 GSs.
Step 29400: Added 0 GSs. Now having 8000000 GSs.
Step 29500: Relocated 320497 GSs.
Step 29500: Added 0 GSs. Now having 8000000 GSs.
Step 29600: Relocated 297686 GSs.
Step 29600: Added 0 GSs. Now having 8000000 GSs.
Step 29700: Relocated 312295 GSs.
Step 29700: Added 0 GSs. Now having 8000000 GSs.
Step 29800: Relocated 307879 GSs.
Step 29800: Added 0 GSs. Now having 8000000 GSs.
Step 29900: Relocated 297368 GSs.
Step 29900: Added 0 GSs. Now having 8000000 GSs.
Step 30000: Relocated 292358 GSs.
Step 30000: Added 0 GSs. Now having 8000000 GSs.
[30000] loss 0.0667 l1 0.0456 ssim 0.8566 N 8000000
Step 30100: Relocated 294005 GSs.
Step 30100: Added 0 GSs. Now having 8000000 GSs.
Step 30200: Relocated 292563 GSs.
Step 30200: Added 0 GSs. Now having 8000000 GSs.
Step 30300: Relocated 291916 GSs.
Step 30300: Added 0 GSs. Now having 8000000 GSs.
Step 30400: Relocated 292992 GSs.
Step 30400: Added 0 GSs. Now having 8000000 GSs.
Step 30500: Relocated 293012 GSs.
Step 30500: Added 0 GSs. Now having 8000000 GSs.
Step 30600: Relocated 277615 GSs.
Step 30600: Added 0 GSs. Now having 8000000 GSs.
Step 30700: Relocated 287911 GSs.
Step 30700: Added 0 GSs. Now having 8000000 GSs.
Step 30800: Relocated 292816 GSs.
Step 30800: Added 0 GSs. Now having 8000000 GSs.
Step 30900: Relocated 281978 GSs.
Step 30900: Added 0 GSs. Now having 8000000 GSs.
Step 31000: Relocated 280699 GSs.
Step 31000: Added 0 GSs. Now having 8000000 GSs.
[31000] loss 0.0398 l1 0.0257 ssim 0.9115 N 8000000
Step 31100: Relocated 277746 GSs.
Step 31100: Added 0 GSs. Now having 8000000 GSs.
Step 31200: Relocated 304431 GSs.
Step 31200: Added 0 GSs. Now having 8000000 GSs.
Step 31300: Relocated 283281 GSs.
Step 31300: Added 0 GSs. Now having 8000000 GSs.
Step 31400: Relocated 285972 GSs.
Step 31400: Added 0 GSs. Now having 8000000 GSs.
Step 31500: Relocated 287643 GSs.
Step 31500: Added 0 GSs. Now having 8000000 GSs.
Step 31600: Relocated 277813 GSs.
Step 31600: Added 0 GSs. Now having 8000000 GSs.
Step 31700: Relocated 273638 GSs.
Step 31700: Added 0 GSs. Now having 8000000 GSs.
Step 31800: Relocated 276929 GSs.
Step 31800: Added 0 GSs. Now having 8000000 GSs.
Step 31900: Relocated 274223 GSs.
Step 31900: Added 0 GSs. Now having 8000000 GSs.
Step 32000: Relocated 276318 GSs.
Step 32000: Added 0 GSs. Now having 8000000 GSs.
[32000] loss 0.0718 l1 0.0404 ssim 0.8103 N 8000000
Step 32100: Relocated 277694 GSs.
Step 32100: Added 0 GSs. Now having 8000000 GSs.
Step 32200: Relocated 288413 GSs.
Step 32200: Added 0 GSs. Now having 8000000 GSs.
Step 32300: Relocated 274060 GSs.
Step 32300: Added 0 GSs. Now having 8000000 GSs.
Step 32400: Relocated 282204 GSs.
Step 32400: Added 0 GSs. Now having 8000000 GSs.
Step 32500: Relocated 268574 GSs.
Step 32500: Added 0 GSs. Now having 8000000 GSs.
Step 32600: Relocated 270814 GSs.
Step 32600: Added 0 GSs. Now having 8000000 GSs.
Step 32700: Relocated 271883 GSs.
Step 32700: Added 0 GSs. Now having 8000000 GSs.
Step 32800: Relocated 269177 GSs.
Step 32800: Added 0 GSs. Now having 8000000 GSs.
Step 32900: Relocated 260800 GSs.
Step 32900: Added 0 GSs. Now having 8000000 GSs.
Step 33000: Relocated 272371 GSs.
Step 33000: Added 0 GSs. Now having 8000000 GSs.
[33000] loss 0.0478 l1 0.0310 ssim 0.8927 N 8000000
Step 33100: Relocated 274192 GSs.
Step 33100: Added 0 GSs. Now having 8000000 GSs.
Step 33200: Relocated 271940 GSs.
Step 33200: Added 0 GSs. Now having 8000000 GSs.
Step 33300: Relocated 269603 GSs.
Step 33300: Added 0 GSs. Now having 8000000 GSs.
Step 33400: Relocated 265951 GSs.
Step 33400: Added 0 GSs. Now having 8000000 GSs.
Step 33500: Relocated 265741 GSs.
Step 33500: Added 0 GSs. Now having 8000000 GSs.
Step 33600: Relocated 246487 GSs.
Step 33600: Added 0 GSs. Now having 8000000 GSs.
Step 33700: Relocated 252267 GSs.
Step 33700: Added 0 GSs. Now having 8000000 GSs.
Step 33800: Relocated 259122 GSs.
Step 33800: Added 0 GSs. Now having 8000000 GSs.
Step 33900: Relocated 270053 GSs.
Step 33900: Added 0 GSs. Now having 8000000 GSs.
Step 34000: Relocated 259325 GSs.
Step 34000: Added 0 GSs. Now having 8000000 GSs.
[34000] loss 0.0672 l1 0.0374 ssim 0.8212 N 8000000
Step 34100: Relocated 256778 GSs.
Step 34100: Added 0 GSs. Now having 8000000 GSs.
Step 34200: Relocated 262243 GSs.
Step 34200: Added 0 GSs. Now having 8000000 GSs.
Step 34300: Relocated 242849 GSs.
Step 34300: Added 0 GSs. Now having 8000000 GSs.
Step 34400: Relocated 241067 GSs.
Step 34400: Added 0 GSs. Now having 8000000 GSs.
Step 34500: Relocated 240640 GSs.
Step 34500: Added 0 GSs. Now having 8000000 GSs.
Step 34600: Relocated 247306 GSs.
Step 34600: Added 0 GSs. Now having 8000000 GSs.
Step 34700: Relocated 233721 GSs.
Step 34700: Added 0 GSs. Now having 8000000 GSs.
Step 34800: Relocated 242482 GSs.
Step 34800: Added 0 GSs. Now having 8000000 GSs.
Step 34900: Relocated 237697 GSs.
Step 34900: Added 0 GSs. Now having 8000000 GSs.
Step 35000: Relocated 240345 GSs.
Step 35000: Added 0 GSs. Now having 8000000 GSs.
[35000] loss 0.0491 l1 0.0310 ssim 0.8864 N 8000000
Step 35100: Relocated 238195 GSs.
Step 35100: Added 0 GSs. Now having 8000000 GSs.
Step 35200: Relocated 246773 GSs.
Step 35200: Added 0 GSs. Now having 8000000 GSs.
Step 35300: Relocated 233297 GSs.
Step 35300: Added 0 GSs. Now having 8000000 GSs.
Step 35400: Relocated 243107 GSs.
Step 35400: Added 0 GSs. Now having 8000000 GSs.
Step 35500: Relocated 237916 GSs.
Step 35500: Added 0 GSs. Now having 8000000 GSs.
Step 35600: Relocated 234390 GSs.
Step 35600: Added 0 GSs. Now having 8000000 GSs.
Step 35700: Relocated 233116 GSs.
Step 35700: Added 0 GSs. Now having 8000000 GSs.
Step 35800: Relocated 232204 GSs.
Step 35800: Added 0 GSs. Now having 8000000 GSs.
Step 35900: Relocated 230060 GSs.
Step 35900: Added 0 GSs. Now having 8000000 GSs.
Step 36000: Relocated 235855 GSs.
Step 36000: Added 0 GSs. Now having 8000000 GSs.
[36000] loss 0.0555 l1 0.0324 ssim 0.8602 N 8000000
Step 36100: Relocated 232463 GSs.
Step 36100: Added 0 GSs. Now having 8000000 GSs.
Step 36200: Relocated 240575 GSs.
Step 36200: Added 0 GSs. Now having 8000000 GSs.
Step 36300: Relocated 239446 GSs.
Step 36300: Added 0 GSs. Now having 8000000 GSs.
Step 36400: Relocated 234927 GSs.
Step 36400: Added 0 GSs. Now having 8000000 GSs.
Step 36500: Relocated 229051 GSs.
Step 36500: Added 0 GSs. Now having 8000000 GSs.
Step 36600: Relocated 219162 GSs.
Step 36600: Added 0 GSs. Now having 8000000 GSs.
Step 36700: Relocated 228413 GSs.
Step 36700: Added 0 GSs. Now having 8000000 GSs.
Step 36800: Relocated 227744 GSs.
Step 36800: Added 0 GSs. Now having 8000000 GSs.
Step 36900: Relocated 212426 GSs.
Step 36900: Added 0 GSs. Now having 8000000 GSs.
Step 37000: Relocated 208399 GSs.
Step 37000: Added 0 GSs. Now having 8000000 GSs.
[37000] loss 0.0483 l1 0.0299 ssim 0.8861 N 8000000
Step 37100: Relocated 214657 GSs.
Step 37100: Added 0 GSs. Now having 8000000 GSs.
Step 37200: Relocated 216967 GSs.
Step 37200: Added 0 GSs. Now having 8000000 GSs.
Step 37300: Relocated 222890 GSs.
Step 37300: Added 0 GSs. Now having 8000000 GSs.
Step 37400: Relocated 219945 GSs.
Step 37400: Added 0 GSs. Now having 8000000 GSs.
Step 37500: Relocated 220013 GSs.
Step 37500: Added 0 GSs. Now having 8000000 GSs.
Step 37600: Relocated 206762 GSs.
Step 37600: Added 0 GSs. Now having 8000000 GSs.
Step 37700: Relocated 211357 GSs.
Step 37700: Added 0 GSs. Now having 8000000 GSs.
Step 37800: Relocated 211660 GSs.
Step 37800: Added 0 GSs. Now having 8000000 GSs.
Step 37900: Relocated 209818 GSs.
Step 37900: Added 0 GSs. Now having 8000000 GSs.
Step 38000: Relocated 214547 GSs.
Step 38000: Added 0 GSs. Now having 8000000 GSs.
[38000] loss 0.0460 l1 0.0321 ssim 0.9067 N 8000000
Step 38100: Relocated 198706 GSs.
Step 38100: Added 0 GSs. Now having 8000000 GSs.
Step 38200: Relocated 205110 GSs.
Step 38200: Added 0 GSs. Now having 8000000 GSs.
Step 38300: Relocated 202338 GSs.
Step 38300: Added 0 GSs. Now having 8000000 GSs.
Step 38400: Relocated 197605 GSs.
Step 38400: Added 0 GSs. Now having 8000000 GSs.
Step 38500: Relocated 208580 GSs.
Step 38500: Added 0 GSs. Now having 8000000 GSs.
Step 38600: Relocated 200929 GSs.
Step 38600: Added 0 GSs. Now having 8000000 GSs.
Step 38700: Relocated 198299 GSs.
Step 38700: Added 0 GSs. Now having 8000000 GSs.
Step 38800: Relocated 206701 GSs.
Step 38800: Added 0 GSs. Now having 8000000 GSs.
Step 38900: Relocated 206632 GSs.
Step 38900: Added 0 GSs. Now having 8000000 GSs.
Step 39000: Relocated 193459 GSs.
Step 39000: Added 0 GSs. Now having 8000000 GSs.
[39000] loss 0.0580 l1 0.0379 ssim 0.8696 N 8000000
Step 39100: Relocated 184087 GSs.
Step 39100: Added 0 GSs. Now having 8000000 GSs.
Step 39200: Relocated 188387 GSs.
Step 39200: Added 0 GSs. Now having 8000000 GSs.
Step 39300: Relocated 193284 GSs.
Step 39300: Added 0 GSs. Now having 8000000 GSs.
Step 39400: Relocated 183132 GSs.
Step 39400: Added 0 GSs. Now having 8000000 GSs.
Step 39500: Relocated 185572 GSs.
Step 39500: Added 0 GSs. Now having 8000000 GSs.
Step 39600: Relocated 186128 GSs.
Step 39600: Added 0 GSs. Now having 8000000 GSs.
Step 39700: Relocated 189672 GSs.
Step 39700: Added 0 GSs. Now having 8000000 GSs.
Step 39800: Relocated 190095 GSs.
Step 39800: Added 0 GSs. Now having 8000000 GSs.
Step 39900: Relocated 185984 GSs.
Step 39900: Added 0 GSs. Now having 8000000 GSs.
Step 40000: Relocated 182223 GSs.
Step 40000: Added 0 GSs. Now having 8000000 GSs.
[40000] loss 0.0457 l1 0.0290 ssim 0.8958 N 8000000
Step 40100: Relocated 184001 GSs.
Step 40100: Added 0 GSs. Now having 8000000 GSs.
Step 40200: Relocated 171464 GSs.
Step 40200: Added 0 GSs. Now having 8000000 GSs.
Step 40300: Relocated 177916 GSs.
Step 40300: Added 0 GSs. Now having 8000000 GSs.
Step 40400: Relocated 185995 GSs.
Step 40400: Added 0 GSs. Now having 8000000 GSs.
Step 40500: Relocated 184392 GSs.
Step 40500: Added 0 GSs. Now having 8000000 GSs.
Step 40600: Relocated 180072 GSs.
Step 40600: Added 0 GSs. Now having 8000000 GSs.
Step 40700: Relocated 173257 GSs.
Step 40700: Added 0 GSs. Now having 8000000 GSs.
Step 40800: Relocated 176419 GSs.
Step 40800: Added 0 GSs. Now having 8000000 GSs.
Step 40900: Relocated 166996 GSs.
Step 40900: Added 0 GSs. Now having 8000000 GSs.
Step 41000: Relocated 176021 GSs.
Step 41000: Added 0 GSs. Now having 8000000 GSs.
[41000] loss 0.0447 l1 0.0283 ssim 0.8982 N 8000000
Step 41100: Relocated 175691 GSs.
Step 41100: Added 0 GSs. Now having 8000000 GSs.
Step 41200: Relocated 170392 GSs.
Step 41200: Added 0 GSs. Now having 8000000 GSs.
Step 41300: Relocated 176066 GSs.
Step 41300: Added 0 GSs. Now having 8000000 GSs.
Step 41400: Relocated 167213 GSs.
Step 41400: Added 0 GSs. Now having 8000000 GSs.
Step 41500: Relocated 168384 GSs.
Step 41500: Added 0 GSs. Now having 8000000 GSs.
Step 41600: Relocated 165139 GSs.
Step 41600: Added 0 GSs. Now having 8000000 GSs.
Step 41700: Relocated 162057 GSs.
Step 41700: Added 0 GSs. Now having 8000000 GSs.
Step 41800: Relocated 163343 GSs.
Step 41800: Added 0 GSs. Now having 8000000 GSs.
Step 41900: Relocated 170646 GSs.
Step 41900: Added 0 GSs. Now having 8000000 GSs.
Step 42000: Relocated 168908 GSs.
Step 42000: Added 0 GSs. Now having 8000000 GSs.
[42000] loss 0.0397 l1 0.0251 ssim 0.9103 N 8000000
Step 42100: Relocated 162469 GSs.
Step 42100: Added 0 GSs. Now having 8000000 GSs.
Step 42200: Relocated 155679 GSs.
Step 42200: Added 0 GSs. Now having 8000000 GSs.
Step 42300: Relocated 157601 GSs.
Step 42300: Added 0 GSs. Now having 8000000 GSs.
Step 42400: Relocated 159217 GSs.
Step 42400: Added 0 GSs. Now having 8000000 GSs.
Step 42500: Relocated 153270 GSs.
Step 42500: Added 0 GSs. Now having 8000000 GSs.
Step 42600: Relocated 148771 GSs.
Step 42600: Added 0 GSs. Now having 8000000 GSs.
Step 42700: Relocated 153791 GSs.
Step 42700: Added 0 GSs. Now having 8000000 GSs.
Step 42800: Relocated 152890 GSs.
Step 42800: Added 0 GSs. Now having 8000000 GSs.
Step 42900: Relocated 152678 GSs.
Step 42900: Added 0 GSs. Now having 8000000 GSs.
Step 43000: Relocated 148998 GSs.
Step 43000: Added 0 GSs. Now having 8000000 GSs.
[43000] loss 0.0471 l1 0.0305 ssim 0.8951 N 8000000
Step 43100: Relocated 152789 GSs.
Step 43100: Added 0 GSs. Now having 8000000 GSs.
Step 43200: Relocated 152512 GSs.
Step 43200: Added 0 GSs. Now having 8000000 GSs.
Step 43300: Relocated 155170 GSs.
Step 43300: Added 0 GSs. Now having 8000000 GSs.
Step 43400: Relocated 144526 GSs.
Step 43400: Added 0 GSs. Now having 8000000 GSs.
Step 43500: Relocated 149091 GSs.
Step 43500: Added 0 GSs. Now having 8000000 GSs.
Step 43600: Relocated 141828 GSs.
Step 43600: Added 0 GSs. Now having 8000000 GSs.
Step 43700: Relocated 152098 GSs.
Step 43700: Added 0 GSs. Now having 8000000 GSs.
Step 43800: Relocated 147457 GSs.
Step 43800: Added 0 GSs. Now having 8000000 GSs.
Step 43900: Relocated 146789 GSs.
Step 43900: Added 0 GSs. Now having 8000000 GSs.
Step 44000: Relocated 157221 GSs.
Step 44000: Added 0 GSs. Now having 8000000 GSs.
[44000] loss 0.0436 l1 0.0301 ssim 0.9114 N 8000000
Step 44100: Relocated 144685 GSs.
Step 44100: Added 0 GSs. Now having 8000000 GSs.
Step 44200: Relocated 139524 GSs.
Step 44200: Added 0 GSs. Now having 8000000 GSs.
Step 44300: Relocated 145853 GSs.
Step 44300: Added 0 GSs. Now having 8000000 GSs.
Step 44400: Relocated 148173 GSs.
Step 44400: Added 0 GSs. Now having 8000000 GSs.
Step 44500: Relocated 137824 GSs.
Step 44500: Added 0 GSs. Now having 8000000 GSs.
Step 44600: Relocated 139378 GSs.
Step 44600: Added 0 GSs. Now having 8000000 GSs.
Step 44700: Relocated 137959 GSs.
Step 44700: Added 0 GSs. Now having 8000000 GSs.
Step 44800: Relocated 133213 GSs.
Step 44800: Added 0 GSs. Now having 8000000 GSs.
Step 44900: Relocated 132401 GSs.
Step 44900: Added 0 GSs. Now having 8000000 GSs.
Step 45000: Relocated 140074 GSs.
Step 45000: Added 0 GSs. Now having 8000000 GSs.
[45000] loss 0.0516 l1 0.0322 ssim 0.8796 N 8000000
Step 45100: Relocated 135260 GSs.
Step 45100: Added 0 GSs. Now having 8000000 GSs.
Step 45200: Relocated 138790 GSs.
Step 45200: Added 0 GSs. Now having 8000000 GSs.
Step 45300: Relocated 130564 GSs.
Step 45300: Added 0 GSs. Now having 8000000 GSs.
Step 45400: Relocated 131970 GSs.
Step 45400: Added 0 GSs. Now having 8000000 GSs.
Step 45500: Relocated 126337 GSs.
Step 45500: Added 0 GSs. Now having 8000000 GSs.
Step 45600: Relocated 130611 GSs.
Step 45600: Added 0 GSs. Now having 8000000 GSs.
Step 45700: Relocated 130748 GSs.
Step 45700: Added 0 GSs. Now having 8000000 GSs.
Step 45800: Relocated 133884 GSs.
Step 45800: Added 0 GSs. Now having 8000000 GSs.
Step 45900: Relocated 128755 GSs.
Step 45900: Added 0 GSs. Now having 8000000 GSs.
Step 46000: Relocated 130650 GSs.
Step 46000: Added 0 GSs. Now having 8000000 GSs.
[46000] loss 0.0463 l1 0.0308 ssim 0.9005 N 8000000
Step 46100: Relocated 130473 GSs.
Step 46100: Added 0 GSs. Now having 8000000 GSs.
Step 46200: Relocated 119548 GSs.
Step 46200: Added 0 GSs. Now having 8000000 GSs.
Step 46300: Relocated 123347 GSs.
Step 46300: Added 0 GSs. Now having 8000000 GSs.
Step 46400: Relocated 124642 GSs.
Step 46400: Added 0 GSs. Now having 8000000 GSs.
Step 46500: Relocated 118570 GSs.
Step 46500: Added 0 GSs. Now having 8000000 GSs.
Step 46600: Relocated 120226 GSs.
Step 46600: Added 0 GSs. Now having 8000000 GSs.
Step 46700: Relocated 120126 GSs.
Step 46700: Added 0 GSs. Now having 8000000 GSs.
Step 46800: Relocated 123043 GSs.
Step 46800: Added 0 GSs. Now having 8000000 GSs.
Step 46900: Relocated 123592 GSs.
Step 46900: Added 0 GSs. Now having 8000000 GSs.
Step 47000: Relocated 121168 GSs.
Step 47000: Added 0 GSs. Now having 8000000 GSs.
[47000] loss 0.0469 l1 0.0291 ssim 0.8907 N 8000000
Step 47100: Relocated 126519 GSs.
Step 47100: Added 0 GSs. Now having 8000000 GSs.
Step 47200: Relocated 122600 GSs.
Step 47200: Added 0 GSs. Now having 8000000 GSs.
Step 47300: Relocated 116153 GSs.
Step 47300: Added 0 GSs. Now having 8000000 GSs.
Step 47400: Relocated 120229 GSs.
Step 47400: Added 0 GSs. Now having 8000000 GSs.
Step 47500: Relocated 123710 GSs.
Step 47500: Added 0 GSs. Now having 8000000 GSs.
Step 47600: Relocated 111668 GSs.
Step 47600: Added 0 GSs. Now having 8000000 GSs.
Step 47700: Relocated 106414 GSs.
Step 47700: Added 0 GSs. Now having 8000000 GSs.
Step 47800: Relocated 106913 GSs.
Step 47800: Added 0 GSs. Now having 8000000 GSs.
Step 47900: Relocated 110241 GSs.
Step 47900: Added 0 GSs. Now having 8000000 GSs.
Step 48000: Relocated 109073 GSs.
Step 48000: Added 0 GSs. Now having 8000000 GSs.
[48000] loss 0.0428 l1 0.0284 ssim 0.9089 N 8000000
Step 48100: Relocated 110956 GSs.
Step 48100: Added 0 GSs. Now having 8000000 GSs.
Step 48200: Relocated 111872 GSs.
Step 48200: Added 0 GSs. Now having 8000000 GSs.
Step 48300: Relocated 108460 GSs.
Step 48300: Added 0 GSs. Now having 8000000 GSs.
Step 48400: Relocated 102757 GSs.
Step 48400: Added 0 GSs. Now having 8000000 GSs.
Step 48500: Relocated 107107 GSs.
Step 48500: Added 0 GSs. Now having 8000000 GSs.
Step 48600: Relocated 100204 GSs.
Step 48600: Added 0 GSs. Now having 8000000 GSs.
Step 48700: Relocated 102994 GSs.
Step 48700: Added 0 GSs. Now having 8000000 GSs.
Step 48800: Relocated 101550 GSs.
Step 48800: Added 0 GSs. Now having 8000000 GSs.
Step 48900: Relocated 105961 GSs.
Step 48900: Added 0 GSs. Now having 8000000 GSs.
Step 49000: Relocated 104913 GSs.
Step 49000: Added 0 GSs. Now having 8000000 GSs.
[49000] loss 0.0505 l1 0.0318 ssim 0.8840 N 8000000
Step 49100: Relocated 102043 GSs.
Step 49100: Added 0 GSs. Now having 8000000 GSs.
Step 49200: Relocated 103840 GSs.
Step 49200: Added 0 GSs. Now having 8000000 GSs.
Step 49300: Relocated 102766 GSs.
Step 49300: Added 0 GSs. Now having 8000000 GSs.
Step 49400: Relocated 101192 GSs.
Step 49400: Added 0 GSs. Now having 8000000 GSs.
Step 49500: Relocated 101944 GSs.
Step 49500: Added 0 GSs. Now having 8000000 GSs.
Step 49600: Relocated 97313 GSs.
Step 49600: Added 0 GSs. Now having 8000000 GSs.
Step 49700: Relocated 95760 GSs.
Step 49700: Added 0 GSs. Now having 8000000 GSs.
Step 49800: Relocated 97700 GSs.
Step 49800: Added 0 GSs. Now having 8000000 GSs.
Step 49900: Relocated 94327 GSs.
Step 49900: Added 0 GSs. Now having 8000000 GSs.
[50000] loss 0.0495 l1 0.0313 ssim 0.8866 N 8000000
Setting up [LPIPS] perceptual loss: trunk [vgg], v[0.1], spatial [off]
/home/bkai/miniconda3/envs/gsplat/lib/python3.10/site-packages/torchvision/models/_utils.py:208: UserWarning: The parameter 'pretrained' is deprecated since 0.13 and may be removed in the future, please use 'weights' instead.
  warnings.warn(
/home/bkai/miniconda3/envs/gsplat/lib/python3.10/site-packages/torchvision/models/_utils.py:223: UserWarning: Arguments other than a weight enum or `None` for 'weights' are deprecated since 0.13 and may be removed in the future. The current behavior is equivalent to passing `weights=VGG16_Weights.IMAGENET1K_V1`. You can also use `weights=VGG16_Weights.DEFAULT` to get the most up-to-date weights.
  warnings.warn(msg)
Loading model from: /home/bkai/miniconda3/envs/gsplat/lib/python3.10/site-packages/lpips/weights/v0.1/vgg.pth
[51000] loss 0.0514 l1 0.0255 ssim 0.9019 N 8000000
[52000] loss 0.0699 l1 0.0324 ssim 0.8627 N 8000000
[53000] loss 0.0626 l1 0.0332 ssim 0.8806 N 8000000
[54000] loss 0.0453 l1 0.0251 ssim 0.9223 N 8000000
[55000] loss 0.0598 l1 0.0398 ssim 0.9071 N 8000000
[56000] loss 0.0675 l1 0.0374 ssim 0.8703 N 8000000
[57000] loss 0.0430 l1 0.0235 ssim 0.9237 N 8000000
[58000] loss 0.0546 l1 0.0333 ssim 0.9096 N 8000000
[59000] loss 0.0440 l1 0.0242 ssim 0.9274 N 8000000
[59999] loss 0.0636 l1 0.0348 ssim 0.8785 N 8000000
Saved 8000000 gaussians to /mnt/d/avv/r2r9/models/HCM0644_ut42/ckpt.pt
240/381 images.bin entries have files in /mnt/d/avv/data/phase1/private_set2/HCM0644/train/images
240 views, 209560 init points, K=[[925.5,0,660.0],[0,925.5,494.5]], size 1320x989
3DGUT mode: classic + with_ut + with_eval3d, k1=+0.009034
scene_scale 9.075
/mnt/c/Users/BKAI/an_plaza2/FastGS/gsplat_track/train_gsplat.py:325: UserWarning: The given NumPy array is not writable, and PyTorch does not support non-writable tensors. This means writing to this tensor will result in undefined behavior. You may want to copy the array to protect its data or make it writable before converting it to a tensor. This type of warning will be suppressed for the rest of this program. (Triggered internally at /pytorch/torch/csrc/utils/tensor_numpy.cpp:203.)
  gt_cache[vi] = torch.from_numpy(
[0] loss 0.3450 l1 0.2403 ssim 0.2656 N 209560
Step 600: Relocated 28397 GSs.
Step 600: Added 10478 GSs. Now having 220038 GSs.
Step 700: Relocated 7032 GSs.
Step 700: Added 11001 GSs. Now having 231039 GSs.
Step 800: Relocated 5935 GSs.
Step 800: Added 11551 GSs. Now having 242590 GSs.
Step 900: Relocated 6239 GSs.
Step 900: Added 12129 GSs. Now having 254719 GSs.
Step 1000: Relocated 7269 GSs.
Step 1000: Added 12735 GSs. Now having 267454 GSs.
[1000] loss 0.1236 l1 0.0622 ssim 0.6477 N 267454
Step 1100: Relocated 7021 GSs.
Step 1100: Added 13372 GSs. Now having 280826 GSs.
Step 1200: Relocated 7689 GSs.
Step 1200: Added 14041 GSs. Now having 294867 GSs.
Step 1300: Relocated 8401 GSs.
Step 1300: Added 14743 GSs. Now having 309610 GSs.
Step 1400: Relocated 9584 GSs.
Step 1400: Added 15480 GSs. Now having 325090 GSs.
Step 1500: Relocated 9970 GSs.
Step 1500: Added 16254 GSs. Now having 341344 GSs.
Step 1600: Relocated 10600 GSs.
Step 1600: Added 17067 GSs. Now having 358411 GSs.
Step 1700: Relocated 11927 GSs.
Step 1700: Added 17920 GSs. Now having 376331 GSs.
Step 1800: Relocated 14171 GSs.
Step 1800: Added 18816 GSs. Now having 395147 GSs.
Step 1900: Relocated 15631 GSs.
Step 1900: Added 19757 GSs. Now having 414904 GSs.
Step 2000: Relocated 16039 GSs.
Step 2000: Added 20745 GSs. Now having 435649 GSs.
[2000] loss 0.1329 l1 0.0704 ssim 0.6302 N 435649
Step 2100: Relocated 17185 GSs.
Step 2100: Added 21782 GSs. Now having 457431 GSs.
Step 2200: Relocated 18302 GSs.
Step 2200: Added 22871 GSs. Now having 480302 GSs.
Step 2300: Relocated 22058 GSs.
Step 2300: Added 24015 GSs. Now having 504317 GSs.
Step 2400: Relocated 22644 GSs.
Step 2400: Added 25215 GSs. Now having 529532 GSs.
Step 2500: Relocated 27522 GSs.
Step 2500: Added 26476 GSs. Now having 556008 GSs.
Step 2600: Relocated 27974 GSs.
Step 2600: Added 27800 GSs. Now having 583808 GSs.
Step 2700: Relocated 31858 GSs.
Step 2700: Added 29190 GSs. Now having 612998 GSs.
Step 2800: Relocated 30032 GSs.
Step 2800: Added 30649 GSs. Now having 643647 GSs.
Step 2900: Relocated 31151 GSs.
Step 2900: Added 32182 GSs. Now having 675829 GSs.
Step 3000: Relocated 34598 GSs.
Step 3000: Added 33791 GSs. Now having 709620 GSs.
[3000] loss 0.1328 l1 0.0698 ssim 0.6257 N 709620
Step 3100: Relocated 39461 GSs.
Step 3100: Added 35481 GSs. Now having 745101 GSs.
Step 3200: Relocated 45101 GSs.
Step 3200: Added 37255 GSs. Now having 782356 GSs.
Step 3300: Relocated 47525 GSs.
Step 3300: Added 39117 GSs. Now having 821473 GSs.
Step 3400: Relocated 48642 GSs.
Step 3400: Added 41073 GSs. Now having 862546 GSs.
Step 3500: Relocated 48330 GSs.
Step 3500: Added 43127 GSs. Now having 905673 GSs.
Step 3600: Relocated 53483 GSs.
Step 3600: Added 45283 GSs. Now having 950956 GSs.
Step 3700: Relocated 57589 GSs.
Step 3700: Added 47547 GSs. Now having 998503 GSs.
Step 3800: Relocated 59424 GSs.
Step 3800: Added 49925 GSs. Now having 1048428 GSs.
Step 3900: Relocated 67380 GSs.
Step 3900: Added 52421 GSs. Now having 1100849 GSs.
Step 4000: Relocated 82938 GSs.
Step 4000: Added 55042 GSs. Now having 1155891 GSs.
[4000] loss 0.1396 l1 0.0736 ssim 0.6054 N 1155891
Step 4100: Relocated 72872 GSs.
Step 4100: Added 57794 GSs. Now having 1213685 GSs.
Step 4200: Relocated 80890 GSs.
Step 4200: Added 60684 GSs. Now having 1274369 GSs.
Step 4300: Relocated 78873 GSs.
Step 4300: Added 63718 GSs. Now having 1338087 GSs.
Step 4400: Relocated 90393 GSs.
Step 4400: Added 66904 GSs. Now having 1404991 GSs.
Step 4500: Relocated 101151 GSs.
Step 4500: Added 70249 GSs. Now having 1475240 GSs.
Step 4600: Relocated 109723 GSs.
Step 4600: Added 73762 GSs. Now having 1549002 GSs.
Step 4700: Relocated 109621 GSs.
Step 4700: Added 77450 GSs. Now having 1626452 GSs.
Step 4800: Relocated 119654 GSs.
Step 4800: Added 81322 GSs. Now having 1707774 GSs.
Step 4900: Relocated 126949 GSs.
Step 4900: Added 85388 GSs. Now having 1793162 GSs.
Step 5000: Relocated 125077 GSs.
Step 5000: Added 89658 GSs. Now having 1882820 GSs.
[5000] loss 0.1159 l1 0.0654 ssim 0.6895 N 1882820
Step 5100: Relocated 150122 GSs.
Step 5100: Added 94141 GSs. Now having 1976961 GSs.
Step 5200: Relocated 152312 GSs.
Step 5200: Added 98848 GSs. Now having 2075809 GSs.
Step 5300: Relocated 176363 GSs.
Step 5300: Added 103790 GSs. Now having 2179599 GSs.
Step 5400: Relocated 187677 GSs.
Step 5400: Added 108979 GSs. Now having 2288578 GSs.
Step 5500: Relocated 191364 GSs.
Step 5500: Added 114428 GSs. Now having 2403006 GSs.
Step 5600: Relocated 197880 GSs.
Step 5600: Added 120150 GSs. Now having 2523156 GSs.
Step 5700: Relocated 194641 GSs.
Step 5700: Added 126157 GSs. Now having 2649313 GSs.
Step 5800: Relocated 216046 GSs.
Step 5800: Added 132465 GSs. Now having 2781778 GSs.
Step 5900: Relocated 226666 GSs.
Step 5900: Added 139088 GSs. Now having 2920866 GSs.
Step 6000: Relocated 251763 GSs.
Step 6000: Added 146043 GSs. Now having 3066909 GSs.
[6000] loss 0.1552 l1 0.0778 ssim 0.5417 N 3066909
Step 6100: Relocated 252851 GSs.
Step 6100: Added 153345 GSs. Now having 3220254 GSs.
Step 6200: Relocated 269616 GSs.
Step 6200: Added 161012 GSs. Now having 3381266 GSs.
Step 6300: Relocated 284164 GSs.
Step 6300: Added 169063 GSs. Now having 3550329 GSs.
Step 6400: Relocated 298443 GSs.
Step 6400: Added 177516 GSs. Now having 3727845 GSs.
Step 6500: Relocated 312035 GSs.
Step 6500: Added 186392 GSs. Now having 3914237 GSs.
Step 6600: Relocated 334382 GSs.
Step 6600: Added 195711 GSs. Now having 4109948 GSs.
Step 6700: Relocated 352948 GSs.
Step 6700: Added 205497 GSs. Now having 4315445 GSs.
Step 6800: Relocated 397823 GSs.
Step 6800: Added 215772 GSs. Now having 4531217 GSs.
Step 6900: Relocated 410684 GSs.
Step 6900: Added 226560 GSs. Now having 4757777 GSs.
Step 7000: Relocated 467821 GSs.
Step 7000: Added 237888 GSs. Now having 4995665 GSs.
[7000] loss 0.0968 l1 0.0526 ssim 0.7320 N 4995665
Step 7100: Relocated 441989 GSs.
Step 7100: Added 249783 GSs. Now having 5245448 GSs.
Step 7200: Relocated 439659 GSs.
Step 7200: Added 262272 GSs. Now having 5507720 GSs.
Step 7300: Relocated 486561 GSs.
Step 7300: Added 275386 GSs. Now having 5783106 GSs.
Step 7400: Relocated 518050 GSs.
Step 7400: Added 289155 GSs. Now having 6072261 GSs.
Step 7500: Relocated 524065 GSs.
Step 7500: Added 303613 GSs. Now having 6375874 GSs.
Step 7600: Relocated 580141 GSs.
Step 7600: Added 318793 GSs. Now having 6694667 GSs.
Step 7700: Relocated 628550 GSs.
Step 7700: Added 334733 GSs. Now having 7029400 GSs.
Step 7800: Relocated 630877 GSs.
Step 7800: Added 351470 GSs. Now having 7380870 GSs.
Step 7900: Relocated 666674 GSs.
Step 7900: Added 369043 GSs. Now having 7749913 GSs.
Step 8000: Relocated 679915 GSs.
Step 8000: Added 250087 GSs. Now having 8000000 GSs.
[8000] loss 0.0973 l1 0.0532 ssim 0.7315 N 8000000
Step 8100: Relocated 717429 GSs.
Step 8100: Added 0 GSs. Now having 8000000 GSs.
Step 8200: Relocated 641367 GSs.
Step 8200: Added 0 GSs. Now having 8000000 GSs.
Step 8300: Relocated 581078 GSs.
Step 8300: Added 0 GSs. Now having 8000000 GSs.
Step 8400: Relocated 528098 GSs.
Step 8400: Added 0 GSs. Now having 8000000 GSs.
Step 8500: Relocated 479884 GSs.
Step 8500: Added 0 GSs. Now having 8000000 GSs.
Step 8600: Relocated 462787 GSs.
Step 8600: Added 0 GSs. Now having 8000000 GSs.
Step 8700: Relocated 452952 GSs.
Step 8700: Added 0 GSs. Now having 8000000 GSs.
Step 8800: Relocated 457887 GSs.
Step 8800: Added 0 GSs. Now having 8000000 GSs.
Step 8900: Relocated 448218 GSs.
Step 8900: Added 0 GSs. Now having 8000000 GSs.
Step 9000: Relocated 477598 GSs.
Step 9000: Added 0 GSs. Now having 8000000 GSs.
[9000] loss 0.0879 l1 0.0484 ssim 0.7597 N 8000000
Step 9100: Relocated 451075 GSs.
Step 9100: Added 0 GSs. Now having 8000000 GSs.
Step 9200: Relocated 440145 GSs.
Step 9200: Added 0 GSs. Now having 8000000 GSs.
Step 9300: Relocated 442057 GSs.
Step 9300: Added 0 GSs. Now having 8000000 GSs.
Step 9400: Relocated 422937 GSs.
Step 9400: Added 0 GSs. Now having 8000000 GSs.
Step 9500: Relocated 433634 GSs.
Step 9500: Added 0 GSs. Now having 8000000 GSs.
Step 9600: Relocated 409931 GSs.
Step 9600: Added 0 GSs. Now having 8000000 GSs.
Step 9700: Relocated 411398 GSs.
Step 9700: Added 0 GSs. Now having 8000000 GSs.
Step 9800: Relocated 406484 GSs.
Step 9800: Added 0 GSs. Now having 8000000 GSs.
Step 9900: Relocated 424066 GSs.
Step 9900: Added 0 GSs. Now having 8000000 GSs.
Step 10000: Relocated 421637 GSs.
Step 10000: Added 0 GSs. Now having 8000000 GSs.
[10000] loss 0.1067 l1 0.0607 ssim 0.7150 N 8000000
Step 10100: Relocated 401373 GSs.
Step 10100: Added 0 GSs. Now having 8000000 GSs.
Step 10200: Relocated 398560 GSs.
Step 10200: Added 0 GSs. Now having 8000000 GSs.
Step 10300: Relocated 432372 GSs.
Step 10300: Added 0 GSs. Now having 8000000 GSs.
Step 10400: Relocated 428938 GSs.
Step 10400: Added 0 GSs. Now having 8000000 GSs.
Step 10500: Relocated 428817 GSs.
Step 10500: Added 0 GSs. Now having 8000000 GSs.
Step 10600: Relocated 414033 GSs.
Step 10600: Added 0 GSs. Now having 8000000 GSs.
Step 10700: Relocated 413836 GSs.
Step 10700: Added 0 GSs. Now having 8000000 GSs.
Step 10800: Relocated 411490 GSs.
Step 10800: Added 0 GSs. Now having 8000000 GSs.
Step 10900: Relocated 392911 GSs.
Step 10900: Added 0 GSs. Now having 8000000 GSs.
Step 11000: Relocated 418640 GSs.
Step 11000: Added 0 GSs. Now having 8000000 GSs.
[11000] loss 0.0872 l1 0.0519 ssim 0.7776 N 8000000
Step 11100: Relocated 409556 GSs.
Step 11100: Added 0 GSs. Now having 8000000 GSs.
Step 11200: Relocated 412816 GSs.
Step 11200: Added 0 GSs. Now having 8000000 GSs.
Step 11300: Relocated 416315 GSs.
Step 11300: Added 0 GSs. Now having 8000000 GSs.
Step 11400: Relocated 403074 GSs.
Step 11400: Added 0 GSs. Now having 8000000 GSs.
Step 11500: Relocated 395683 GSs.
Step 11500: Added 0 GSs. Now having 8000000 GSs.
Step 11600: Relocated 402120 GSs.
Step 11600: Added 0 GSs. Now having 8000000 GSs.
Step 11700: Relocated 406596 GSs.
Step 11700: Added 0 GSs. Now having 8000000 GSs.
Step 11800: Relocated 405475 GSs.
Step 11800: Added 0 GSs. Now having 8000000 GSs.
Step 11900: Relocated 382715 GSs.
Step 11900: Added 0 GSs. Now having 8000000 GSs.
Step 12000: Relocated 406287 GSs.
Step 12000: Added 0 GSs. Now having 8000000 GSs.
[12000] loss 0.0623 l1 0.0359 ssim 0.8378 N 8000000
Step 12100: Relocated 427947 GSs.
Step 12100: Added 0 GSs. Now having 8000000 GSs.
Step 12200: Relocated 409513 GSs.
Step 12200: Added 0 GSs. Now having 8000000 GSs.
Step 12300: Relocated 408802 GSs.
Step 12300: Added 0 GSs. Now having 8000000 GSs.
Step 12400: Relocated 407932 GSs.
Step 12400: Added 0 GSs. Now having 8000000 GSs.
Step 12500: Relocated 417902 GSs.
Step 12500: Added 0 GSs. Now having 8000000 GSs.
Step 12600: Relocated 403383 GSs.
Step 12600: Added 0 GSs. Now having 8000000 GSs.
Step 12700: Relocated 409105 GSs.
Step 12700: Added 0 GSs. Now having 8000000 GSs.
Step 12800: Relocated 396743 GSs.
Step 12800: Added 0 GSs. Now having 8000000 GSs.
Step 12900: Relocated 404316 GSs.
Step 12900: Added 0 GSs. Now having 8000000 GSs.
Step 13000: Relocated 409132 GSs.
Step 13000: Added 0 GSs. Now having 8000000 GSs.
[13000] loss 0.1226 l1 0.0604 ssim 0.6344 N 8000000
Step 13100: Relocated 396188 GSs.
Step 13100: Added 0 GSs. Now having 8000000 GSs.
Step 13200: Relocated 395016 GSs.
Step 13200: Added 0 GSs. Now having 8000000 GSs.
Step 13300: Relocated 386024 GSs.
Step 13300: Added 0 GSs. Now having 8000000 GSs.
Step 13400: Relocated 384162 GSs.
Step 13400: Added 0 GSs. Now having 8000000 GSs.
Step 13500: Relocated 398159 GSs.
Step 13500: Added 0 GSs. Now having 8000000 GSs.
Step 13600: Relocated 417002 GSs.
Step 13600: Added 0 GSs. Now having 8000000 GSs.
Step 13700: Relocated 397059 GSs.
Step 13700: Added 0 GSs. Now having 8000000 GSs.
Step 13800: Relocated 417977 GSs.
Step 13800: Added 0 GSs. Now having 8000000 GSs.
Step 13900: Relocated 416140 GSs.
Step 13900: Added 0 GSs. Now having 8000000 GSs.
Step 14000: Relocated 401536 GSs.
Step 14000: Added 0 GSs. Now having 8000000 GSs.
[14000] loss 0.0705 l1 0.0425 ssim 0.8234 N 8000000
Step 14100: Relocated 416229 GSs.
Step 14100: Added 0 GSs. Now having 8000000 GSs.
Step 14200: Relocated 397155 GSs.
Step 14200: Added 0 GSs. Now having 8000000 GSs.
Step 14300: Relocated 404094 GSs.
Step 14300: Added 0 GSs. Now having 8000000 GSs.
Step 14400: Relocated 383475 GSs.
Step 14400: Added 0 GSs. Now having 8000000 GSs.
Step 14500: Relocated 394512 GSs.
Step 14500: Added 0 GSs. Now having 8000000 GSs.
Step 14600: Relocated 382189 GSs.
Step 14600: Added 0 GSs. Now having 8000000 GSs.
Step 14700: Relocated 396258 GSs.
Step 14700: Added 0 GSs. Now having 8000000 GSs.
Step 14800: Relocated 393995 GSs.
Step 14800: Added 0 GSs. Now having 8000000 GSs.
Step 14900: Relocated 382959 GSs.
Step 14900: Added 0 GSs. Now having 8000000 GSs.
Step 15000: Relocated 386234 GSs.
Step 15000: Added 0 GSs. Now having 8000000 GSs.
[15000] loss 0.0662 l1 0.0367 ssim 0.8221 N 8000000
Step 15100: Relocated 384009 GSs.
Step 15100: Added 0 GSs. Now having 8000000 GSs.
Step 15200: Relocated 385635 GSs.
Step 15200: Added 0 GSs. Now having 8000000 GSs.
Step 15300: Relocated 399525 GSs.
Step 15300: Added 0 GSs. Now having 8000000 GSs.
Step 15400: Relocated 398471 GSs.
Step 15400: Added 0 GSs. Now having 8000000 GSs.
Step 15500: Relocated 416749 GSs.
Step 15500: Added 0 GSs. Now having 8000000 GSs.
Step 15600: Relocated 394511 GSs.
Step 15600: Added 0 GSs. Now having 8000000 GSs.
Step 15700: Relocated 420761 GSs.
Step 15700: Added 0 GSs. Now having 8000000 GSs.
Step 15800: Relocated 410800 GSs.
Step 15800: Added 0 GSs. Now having 8000000 GSs.
Step 15900: Relocated 388506 GSs.
Step 15900: Added 0 GSs. Now having 8000000 GSs.
Step 16000: Relocated 394997 GSs.
Step 16000: Added 0 GSs. Now having 8000000 GSs.
[16000] loss 0.0722 l1 0.0422 ssim 0.8137 N 8000000
Step 16100: Relocated 417898 GSs.
Step 16100: Added 0 GSs. Now having 8000000 GSs.
Step 16200: Relocated 401174 GSs.
Step 16200: Added 0 GSs. Now having 8000000 GSs.
Step 16300: Relocated 400894 GSs.
Step 16300: Added 0 GSs. Now having 8000000 GSs.
Step 16400: Relocated 403536 GSs.
Step 16400: Added 0 GSs. Now having 8000000 GSs.
Step 16500: Relocated 404978 GSs.
Step 16500: Added 0 GSs. Now having 8000000 GSs.
Step 16600: Relocated 375191 GSs.
Step 16600: Added 0 GSs. Now having 8000000 GSs.
Step 16700: Relocated 408018 GSs.
Step 16700: Added 0 GSs. Now having 8000000 GSs.
Step 16800: Relocated 401236 GSs.
Step 16800: Added 0 GSs. Now having 8000000 GSs.
Step 16900: Relocated 405452 GSs.
Step 16900: Added 0 GSs. Now having 8000000 GSs.
Step 17000: Relocated 397160 GSs.
Step 17000: Added 0 GSs. Now having 8000000 GSs.
[17000] loss 0.0684 l1 0.0416 ssim 0.8309 N 8000000
Step 17100: Relocated 416458 GSs.
Step 17100: Added 0 GSs. Now having 8000000 GSs.
Step 17200: Relocated 402332 GSs.
Step 17200: Added 0 GSs. Now having 8000000 GSs.
Step 17300: Relocated 417939 GSs.
Step 17300: Added 0 GSs. Now having 8000000 GSs.
Step 17400: Relocated 448795 GSs.
Step 17400: Added 0 GSs. Now having 8000000 GSs.
Step 17500: Relocated 426028 GSs.
Step 17500: Added 0 GSs. Now having 8000000 GSs.
Step 17600: Relocated 414571 GSs.
Step 17600: Added 0 GSs. Now having 8000000 GSs.
Step 17700: Relocated 424857 GSs.
Step 17700: Added 0 GSs. Now having 8000000 GSs.
Step 17800: Relocated 419056 GSs.
Step 17800: Added 0 GSs. Now having 8000000 GSs.
Step 17900: Relocated 389100 GSs.
Step 17900: Added 0 GSs. Now having 8000000 GSs.
Step 18000: Relocated 376557 GSs.
Step 18000: Added 0 GSs. Now having 8000000 GSs.
[18000] loss 0.0850 l1 0.0509 ssim 0.7851 N 8000000
Step 18100: Relocated 398311 GSs.
Step 18100: Added 0 GSs. Now having 8000000 GSs.
Step 18200: Relocated 393854 GSs.
Step 18200: Added 0 GSs. Now having 8000000 GSs.
Step 18300: Relocated 414396 GSs.
Step 18300: Added 0 GSs. Now having 8000000 GSs.
Step 18400: Relocated 391003 GSs.
Step 18400: Added 0 GSs. Now having 8000000 GSs.
Step 18500: Relocated 404315 GSs.
Step 18500: Added 0 GSs. Now having 8000000 GSs.
Step 18600: Relocated 389972 GSs.
Step 18600: Added 0 GSs. Now having 8000000 GSs.
Step 18700: Relocated 395202 GSs.
Step 18700: Added 0 GSs. Now having 8000000 GSs.
Step 18800: Relocated 428664 GSs.
Step 18800: Added 0 GSs. Now having 8000000 GSs.
Step 18900: Relocated 409693 GSs.
Step 18900: Added 0 GSs. Now having 8000000 GSs.
Step 19000: Relocated 396838 GSs.
Step 19000: Added 0 GSs. Now having 8000000 GSs.
[19000] loss 0.0586 l1 0.0346 ssim 0.8518 N 8000000
Step 19100: Relocated 390492 GSs.
Step 19100: Added 0 GSs. Now having 8000000 GSs.
Step 19200: Relocated 381532 GSs.
Step 19200: Added 0 GSs. Now having 8000000 GSs.
Step 19300: Relocated 376720 GSs.
Step 19300: Added 0 GSs. Now having 8000000 GSs.
Step 19400: Relocated 370904 GSs.
Step 19400: Added 0 GSs. Now having 8000000 GSs.
Step 19500: Relocated 390734 GSs.
Step 19500: Added 0 GSs. Now having 8000000 GSs.
Step 19600: Relocated 377033 GSs.
Step 19600: Added 0 GSs. Now having 8000000 GSs.
Step 19700: Relocated 389695 GSs.
Step 19700: Added 0 GSs. Now having 8000000 GSs.
Step 19800: Relocated 397813 GSs.
Step 19800: Added 0 GSs. Now having 8000000 GSs.
Step 19900: Relocated 379957 GSs.
Step 19900: Added 0 GSs. Now having 8000000 GSs.
Step 20000: Relocated 393105 GSs.
Step 20000: Added 0 GSs. Now having 8000000 GSs.
[20000] loss 0.0617 l1 0.0380 ssim 0.8504 N 8000000
Step 20100: Relocated 367470 GSs.
Step 20100: Added 0 GSs. Now having 8000000 GSs.
Step 20200: Relocated 398834 GSs.
Step 20200: Added 0 GSs. Now having 8000000 GSs.
Step 20300: Relocated 371489 GSs.
Step 20300: Added 0 GSs. Now having 8000000 GSs.
Step 20400: Relocated 392784 GSs.
Step 20400: Added 0 GSs. Now having 8000000 GSs.
Step 20500: Relocated 392312 GSs.
Step 20500: Added 0 GSs. Now having 8000000 GSs.
Step 20600: Relocated 394544 GSs.
Step 20600: Added 0 GSs. Now having 8000000 GSs.
Step 20700: Relocated 370730 GSs.
Step 20700: Added 0 GSs. Now having 8000000 GSs.
Step 20800: Relocated 381226 GSs.
Step 20800: Added 0 GSs. Now having 8000000 GSs.
Step 20900: Relocated 376582 GSs.
Step 20900: Added 0 GSs. Now having 8000000 GSs.
Step 21000: Relocated 367183 GSs.
Step 21000: Added 0 GSs. Now having 8000000 GSs.
[21000] loss 0.0649 l1 0.0380 ssim 0.8339 N 8000000
Step 21100: Relocated 379388 GSs.
Step 21100: Added 0 GSs. Now having 8000000 GSs.
Step 21200: Relocated 376440 GSs.
Step 21200: Added 0 GSs. Now having 8000000 GSs.
Step 21300: Relocated 380239 GSs.
Step 21300: Added 0 GSs. Now having 8000000 GSs.
Step 21400: Relocated 375912 GSs.
Step 21400: Added 0 GSs. Now having 8000000 GSs.
Step 21500: Relocated 370684 GSs.
Step 21500: Added 0 GSs. Now having 8000000 GSs.
Step 21600: Relocated 380444 GSs.
Step 21600: Added 0 GSs. Now having 8000000 GSs.
Step 21700: Relocated 368447 GSs.
Step 21700: Added 0 GSs. Now having 8000000 GSs.
Step 21800: Relocated 393040 GSs.
Step 21800: Added 0 GSs. Now having 8000000 GSs.
Step 21900: Relocated 408925 GSs.
Step 21900: Added 0 GSs. Now having 8000000 GSs.
Step 22000: Relocated 376907 GSs.
Step 22000: Added 0 GSs. Now having 8000000 GSs.
[22000] loss 0.0771 l1 0.0441 ssim 0.7978 N 8000000
Step 22100: Relocated 367380 GSs.
Step 22100: Added 0 GSs. Now having 8000000 GSs.
Step 22200: Relocated 369997 GSs.
Step 22200: Added 0 GSs. Now having 8000000 GSs.
Step 22300: Relocated 370633 GSs.
Step 22300: Added 0 GSs. Now having 8000000 GSs.
Step 22400: Relocated 381349 GSs.
Step 22400: Added 0 GSs. Now having 8000000 GSs.
Step 22500: Relocated 387495 GSs.
Step 22500: Added 0 GSs. Now having 8000000 GSs.
Step 22600: Relocated 376887 GSs.
Step 22600: Added 0 GSs. Now having 8000000 GSs.
Step 22700: Relocated 360227 GSs.
Step 22700: Added 0 GSs. Now having 8000000 GSs.
Step 22800: Relocated 370292 GSs.
Step 22800: Added 0 GSs. Now having 8000000 GSs.
Step 22900: Relocated 367653 GSs.
Step 22900: Added 0 GSs. Now having 8000000 GSs.
Step 23000: Relocated 375641 GSs.
Step 23000: Added 0 GSs. Now having 8000000 GSs.
[23000] loss 0.0526 l1 0.0361 ssim 0.8881 N 8000000
Step 23100: Relocated 401295 GSs.
Step 23100: Added 0 GSs. Now having 8000000 GSs.
Step 23200: Relocated 382134 GSs.
Step 23200: Added 0 GSs. Now having 8000000 GSs.
Step 23300: Relocated 379847 GSs.
Step 23300: Added 0 GSs. Now having 8000000 GSs.
Step 23400: Relocated 378562 GSs.
Step 23400: Added 0 GSs. Now having 8000000 GSs.
Step 23500: Relocated 364951 GSs.
Step 23500: Added 0 GSs. Now having 8000000 GSs.
Step 23600: Relocated 348993 GSs.
Step 23600: Added 0 GSs. Now having 8000000 GSs.
Step 23700: Relocated 342636 GSs.
Step 23700: Added 0 GSs. Now having 8000000 GSs.
Step 23800: Relocated 374115 GSs.
Step 23800: Added 0 GSs. Now having 8000000 GSs.
Step 23900: Relocated 357150 GSs.
Step 23900: Added 0 GSs. Now having 8000000 GSs.
Step 24000: Relocated 370446 GSs.
Step 24000: Added 0 GSs. Now having 8000000 GSs.
[24000] loss 0.0507 l1 0.0311 ssim 0.8775 N 8000000
Step 24100: Relocated 347192 GSs.
Step 24100: Added 0 GSs. Now having 8000000 GSs.
Step 24200: Relocated 350483 GSs.
Step 24200: Added 0 GSs. Now having 8000000 GSs.
Step 24300: Relocated 360481 GSs.
Step 24300: Added 0 GSs. Now having 8000000 GSs.
Step 24400: Relocated 344200 GSs.
Step 24400: Added 0 GSs. Now having 8000000 GSs.
Step 24500: Relocated 342009 GSs.
Step 24500: Added 0 GSs. Now having 8000000 GSs.
Step 24600: Relocated 348064 GSs.
Step 24600: Added 0 GSs. Now having 8000000 GSs.
Step 24700: Relocated 347813 GSs.
Step 24700: Added 0 GSs. Now having 8000000 GSs.
Step 24800: Relocated 348389 GSs.
Step 24800: Added 0 GSs. Now having 8000000 GSs.
Step 24900: Relocated 342947 GSs.
Step 24900: Added 0 GSs. Now having 8000000 GSs.
Step 25000: Relocated 331333 GSs.
Step 25000: Added 0 GSs. Now having 8000000 GSs.
[25000] loss 0.0695 l1 0.0449 ssim 0.8388 N 8000000
Step 25100: Relocated 348786 GSs.
Step 25100: Added 0 GSs. Now having 8000000 GSs.
Step 25200: Relocated 344101 GSs.
Step 25200: Added 0 GSs. Now having 8000000 GSs.
Step 25300: Relocated 345349 GSs.
Step 25300: Added 0 GSs. Now having 8000000 GSs.
Step 25400: Relocated 347426 GSs.
Step 25400: Added 0 GSs. Now having 8000000 GSs.
Step 25500: Relocated 355749 GSs.
Step 25500: Added 0 GSs. Now having 8000000 GSs.
Step 25600: Relocated 340937 GSs.
Step 25600: Added 0 GSs. Now having 8000000 GSs.
Step 25700: Relocated 333386 GSs.
Step 25700: Added 0 GSs. Now having 8000000 GSs.
Step 25800: Relocated 346003 GSs.
Step 25800: Added 0 GSs. Now having 8000000 GSs.
Step 25900: Relocated 355409 GSs.
Step 25900: Added 0 GSs. Now having 8000000 GSs.
Step 26000: Relocated 339754 GSs.
Step 26000: Added 0 GSs. Now having 8000000 GSs.
[26000] loss 0.0934 l1 0.0661 ssim 0.8044 N 8000000
Step 26100: Relocated 341335 GSs.
Step 26100: Added 0 GSs. Now having 8000000 GSs.
Step 26200: Relocated 335147 GSs.
Step 26200: Added 0 GSs. Now having 8000000 GSs.
Step 26300: Relocated 343895 GSs.
Step 26300: Added 0 GSs. Now having 8000000 GSs.
Step 26400: Relocated 349810 GSs.
Step 26400: Added 0 GSs. Now having 8000000 GSs.
Step 26500: Relocated 340786 GSs.
Step 26500: Added 0 GSs. Now having 8000000 GSs.
Step 26600: Relocated 322359 GSs.
Step 26600: Added 0 GSs. Now having 8000000 GSs.
Step 26700: Relocated 350654 GSs.
Step 26700: Added 0 GSs. Now having 8000000 GSs.
Step 26800: Relocated 355191 GSs.
Step 26800: Added 0 GSs. Now having 8000000 GSs.
Step 26900: Relocated 345150 GSs.
Step 26900: Added 0 GSs. Now having 8000000 GSs.
Step 27000: Relocated 340472 GSs.
Step 27000: Added 0 GSs. Now having 8000000 GSs.
[27000] loss 0.0517 l1 0.0326 ssim 0.8791 N 8000000
Step 27100: Relocated 349548 GSs.
Step 27100: Added 0 GSs. Now having 8000000 GSs.
Step 27200: Relocated 342766 GSs.
Step 27200: Added 0 GSs. Now having 8000000 GSs.
Step 27300: Relocated 335767 GSs.
Step 27300: Added 0 GSs. Now having 8000000 GSs.
Step 27400: Relocated 334097 GSs.
Step 27400: Added 0 GSs. Now having 8000000 GSs.
Step 27500: Relocated 323731 GSs.
Step 27500: Added 0 GSs. Now having 8000000 GSs.
Step 27600: Relocated 308272 GSs.
Step 27600: Added 0 GSs. Now having 8000000 GSs.
Step 27700: Relocated 315978 GSs.
Step 27700: Added 0 GSs. Now having 8000000 GSs.
Step 27800: Relocated 308494 GSs.
Step 27800: Added 0 GSs. Now having 8000000 GSs.
Step 27900: Relocated 315142 GSs.
Step 27900: Added 0 GSs. Now having 8000000 GSs.
Step 28000: Relocated 311492 GSs.
Step 28000: Added 0 GSs. Now having 8000000 GSs.
[28000] loss 0.0545 l1 0.0361 ssim 0.8788 N 8000000
Step 28100: Relocated 315069 GSs.
Step 28100: Added 0 GSs. Now having 8000000 GSs.
Step 28200: Relocated 302492 GSs.
Step 28200: Added 0 GSs. Now having 8000000 GSs.
Step 28300: Relocated 311394 GSs.
Step 28300: Added 0 GSs. Now having 8000000 GSs.
Step 28400: Relocated 336643 GSs.
Step 28400: Added 0 GSs. Now having 8000000 GSs.
Step 28500: Relocated 313533 GSs.
Step 28500: Added 0 GSs. Now having 8000000 GSs.
Step 28600: Relocated 318154 GSs.
Step 28600: Added 0 GSs. Now having 8000000 GSs.
Step 28700: Relocated 301378 GSs.
Step 28700: Added 0 GSs. Now having 8000000 GSs.
Step 28800: Relocated 315862 GSs.
Step 28800: Added 0 GSs. Now having 8000000 GSs.
Step 28900: Relocated 306032 GSs.
Step 28900: Added 0 GSs. Now having 8000000 GSs.
Step 29000: Relocated 311660 GSs.
Step 29000: Added 0 GSs. Now having 8000000 GSs.
[29000] loss 0.0454 l1 0.0287 ssim 0.8948 N 8000000
Step 29100: Relocated 309903 GSs.
Step 29100: Added 0 GSs. Now having 8000000 GSs.
Step 29200: Relocated 305616 GSs.
Step 29200: Added 0 GSs. Now having 8000000 GSs.
Step 29300: Relocated 309603 GSs.
Step 29300: Added 0 GSs. Now having 8000000 GSs.
Step 29400: Relocated 307507 GSs.
Step 29400: Added 0 GSs. Now having 8000000 GSs.
Step 29500: Relocated 322981 GSs.
Step 29500: Added 0 GSs. Now having 8000000 GSs.
Step 29600: Relocated 310567 GSs.
Step 29600: Added 0 GSs. Now having 8000000 GSs.
Step 29700: Relocated 325295 GSs.
Step 29700: Added 0 GSs. Now having 8000000 GSs.
Step 29800: Relocated 321906 GSs.
Step 29800: Added 0 GSs. Now having 8000000 GSs.
Step 29900: Relocated 320655 GSs.
Step 29900: Added 0 GSs. Now having 8000000 GSs.
Step 30000: Relocated 299206 GSs.
Step 30000: Added 0 GSs. Now having 8000000 GSs.
[30000] loss 0.0702 l1 0.0414 ssim 0.8220 N 8000000
Step 30100: Relocated 292689 GSs.
Step 30100: Added 0 GSs. Now having 8000000 GSs.
Step 30200: Relocated 304086 GSs.
Step 30200: Added 0 GSs. Now having 8000000 GSs.
Step 30300: Relocated 310717 GSs.
Step 30300: Added 0 GSs. Now having 8000000 GSs.
Step 30400: Relocated 319474 GSs.
Step 30400: Added 0 GSs. Now having 8000000 GSs.
Step 30500: Relocated 332609 GSs.
Step 30500: Added 0 GSs. Now having 8000000 GSs.
Step 30600: Relocated 312500 GSs.
Step 30600: Added 0 GSs. Now having 8000000 GSs.
Step 30700: Relocated 308642 GSs.
Step 30700: Added 0 GSs. Now having 8000000 GSs.
Step 30800: Relocated 321049 GSs.
Step 30800: Added 0 GSs. Now having 8000000 GSs.
Step 30900: Relocated 311601 GSs.
Step 30900: Added 0 GSs. Now having 8000000 GSs.
Step 31000: Relocated 297252 GSs.
Step 31000: Added 0 GSs. Now having 8000000 GSs.
[31000] loss 0.0560 l1 0.0337 ssim 0.8622 N 8000000
Step 31100: Relocated 278367 GSs.
Step 31100: Added 0 GSs. Now having 8000000 GSs.
Step 31200: Relocated 310124 GSs.
Step 31200: Added 0 GSs. Now having 8000000 GSs.
Step 31300: Relocated 280103 GSs.
Step 31300: Added 0 GSs. Now having 8000000 GSs.
Step 31400: Relocated 289133 GSs.
Step 31400: Added 0 GSs. Now having 8000000 GSs.
Step 31500: Relocated 278320 GSs.
Step 31500: Added 0 GSs. Now having 8000000 GSs.
Step 31600: Relocated 296695 GSs.
Step 31600: Added 0 GSs. Now having 8000000 GSs.
Step 31700: Relocated 281622 GSs.
Step 31700: Added 0 GSs. Now having 8000000 GSs.
Step 31800: Relocated 277609 GSs.
Step 31800: Added 0 GSs. Now having 8000000 GSs.
Step 31900: Relocated 276504 GSs.
Step 31900: Added 0 GSs. Now having 8000000 GSs.
Step 32000: Relocated 286243 GSs.
Step 32000: Added 0 GSs. Now having 8000000 GSs.
[32000] loss 0.0650 l1 0.0395 ssim 0.8403 N 8000000
Step 32100: Relocated 276428 GSs.
Step 32100: Added 0 GSs. Now having 8000000 GSs.
Step 32200: Relocated 284609 GSs.
Step 32200: Added 0 GSs. Now having 8000000 GSs.
Step 32300: Relocated 275662 GSs.
Step 32300: Added 0 GSs. Now having 8000000 GSs.
Step 32400: Relocated 292244 GSs.
Step 32400: Added 0 GSs. Now having 8000000 GSs.
Step 32500: Relocated 286156 GSs.
Step 32500: Added 0 GSs. Now having 8000000 GSs.
Step 32600: Relocated 270038 GSs.
Step 32600: Added 0 GSs. Now having 8000000 GSs.
Step 32700: Relocated 262957 GSs.
Step 32700: Added 0 GSs. Now having 8000000 GSs.
Step 32800: Relocated 274150 GSs.
Step 32800: Added 0 GSs. Now having 8000000 GSs.
Step 32900: Relocated 273154 GSs.
Step 32900: Added 0 GSs. Now having 8000000 GSs.
Step 33000: Relocated 268212 GSs.
Step 33000: Added 0 GSs. Now having 8000000 GSs.
[33000] loss 0.0435 l1 0.0276 ssim 0.9007 N 8000000
Step 33100: Relocated 282209 GSs.
Step 33100: Added 0 GSs. Now having 8000000 GSs.
Step 33200: Relocated 272059 GSs.
Step 33200: Added 0 GSs. Now having 8000000 GSs.
Step 33300: Relocated 272155 GSs.
Step 33300: Added 0 GSs. Now having 8000000 GSs.
Step 33400: Relocated 257192 GSs.
Step 33400: Added 0 GSs. Now having 8000000 GSs.
Step 33500: Relocated 252974 GSs.
Step 33500: Added 0 GSs. Now having 8000000 GSs.
Step 33600: Relocated 260653 GSs.
Step 33600: Added 0 GSs. Now having 8000000 GSs.
Step 33700: Relocated 260768 GSs.
Step 33700: Added 0 GSs. Now having 8000000 GSs.
Step 33800: Relocated 268811 GSs.
Step 33800: Added 0 GSs. Now having 8000000 GSs.
Step 33900: Relocated 257241 GSs.
Step 33900: Added 0 GSs. Now having 8000000 GSs.
Step 34000: Relocated 255014 GSs.
Step 34000: Added 0 GSs. Now having 8000000 GSs.
[34000] loss 0.0521 l1 0.0325 ssim 0.8774 N 8000000
Step 34100: Relocated 260684 GSs.
Step 34100: Added 0 GSs. Now having 8000000 GSs.
Step 34200: Relocated 256364 GSs.
Step 34200: Added 0 GSs. Now having 8000000 GSs.
Step 34300: Relocated 247707 GSs.
Step 34300: Added 0 GSs. Now having 8000000 GSs.
Step 34400: Relocated 248347 GSs.
Step 34400: Added 0 GSs. Now having 8000000 GSs.
Step 34500: Relocated 262882 GSs.
Step 34500: Added 0 GSs. Now having 8000000 GSs.
Step 34600: Relocated 250663 GSs.
Step 34600: Added 0 GSs. Now having 8000000 GSs.
Step 34700: Relocated 253144 GSs.
Step 34700: Added 0 GSs. Now having 8000000 GSs.
Step 34800: Relocated 240898 GSs.
Step 34800: Added 0 GSs. Now having 8000000 GSs.
Step 34900: Relocated 248931 GSs.
Step 34900: Added 0 GSs. Now having 8000000 GSs.
Step 35000: Relocated 260990 GSs.
Step 35000: Added 0 GSs. Now having 8000000 GSs.
[35000] loss 0.0406 l1 0.0250 ssim 0.9046 N 8000000
Step 35100: Relocated 257906 GSs.
Step 35100: Added 0 GSs. Now having 8000000 GSs.
Step 35200: Relocated 248176 GSs.
Step 35200: Added 0 GSs. Now having 8000000 GSs.
Step 35300: Relocated 239134 GSs.
Step 35300: Added 0 GSs. Now having 8000000 GSs.
Step 35400: Relocated 239197 GSs.
Step 35400: Added 0 GSs. Now having 8000000 GSs.
Step 35500: Relocated 239592 GSs.
Step 35500: Added 0 GSs. Now having 8000000 GSs.
Step 35600: Relocated 231802 GSs.
Step 35600: Added 0 GSs. Now having 8000000 GSs.
Step 35700: Relocated 226415 GSs.
Step 35700: Added 0 GSs. Now having 8000000 GSs.
Step 35800: Relocated 229143 GSs.
Step 35800: Added 0 GSs. Now having 8000000 GSs.
Step 35900: Relocated 244103 GSs.
Step 35900: Added 0 GSs. Now having 8000000 GSs.
Step 36000: Relocated 234327 GSs.
Step 36000: Added 0 GSs. Now having 8000000 GSs.
[36000] loss 0.0680 l1 0.0439 ssim 0.8435 N 8000000
Step 36100: Relocated 227472 GSs.
Step 36100: Added 0 GSs. Now having 8000000 GSs.
Step 36200: Relocated 231515 GSs.
Step 36200: Added 0 GSs. Now having 8000000 GSs.
Step 36300: Relocated 224219 GSs.
Step 36300: Added 0 GSs. Now having 8000000 GSs.
Step 36400: Relocated 232195 GSs.
Step 36400: Added 0 GSs. Now having 8000000 GSs.
Step 36500: Relocated 210239 GSs.
Step 36500: Added 0 GSs. Now having 8000000 GSs.
Step 36600: Relocated 215347 GSs.
Step 36600: Added 0 GSs. Now having 8000000 GSs.
Step 36700: Relocated 220537 GSs.
Step 36700: Added 0 GSs. Now having 8000000 GSs.
Step 36800: Relocated 212710 GSs.
Step 36800: Added 0 GSs. Now having 8000000 GSs.
Step 36900: Relocated 219987 GSs.
Step 36900: Added 0 GSs. Now having 8000000 GSs.
Step 37000: Relocated 213020 GSs.
Step 37000: Added 0 GSs. Now having 8000000 GSs.
[37000] loss 0.0551 l1 0.0359 ssim 0.8761 N 8000000
Step 37100: Relocated 202271 GSs.
Step 37100: Added 0 GSs. Now having 8000000 GSs.
Step 37200: Relocated 224095 GSs.
Step 37200: Added 0 GSs. Now having 8000000 GSs.
Step 37300: Relocated 213584 GSs.
Step 37300: Added 0 GSs. Now having 8000000 GSs.
Step 37400: Relocated 209907 GSs.
Step 37400: Added 0 GSs. Now having 8000000 GSs.
Step 37500: Relocated 212003 GSs.
Step 37500: Added 0 GSs. Now having 8000000 GSs.
Step 37600: Relocated 211961 GSs.
Step 37600: Added 0 GSs. Now having 8000000 GSs.
Step 37700: Relocated 206876 GSs.
Step 37700: Added 0 GSs. Now having 8000000 GSs.
Step 37800: Relocated 213970 GSs.
Step 37800: Added 0 GSs. Now having 8000000 GSs.
Step 37900: Relocated 218132 GSs.
Step 37900: Added 0 GSs. Now having 8000000 GSs.
Step 38000: Relocated 206442 GSs.
Step 38000: Added 0 GSs. Now having 8000000 GSs.
[38000] loss 0.0471 l1 0.0282 ssim 0.8854 N 8000000
Step 38100: Relocated 208670 GSs.
Step 38100: Added 0 GSs. Now having 8000000 GSs.
Step 38200: Relocated 207824 GSs.
Step 38200: Added 0 GSs. Now having 8000000 GSs.
Step 38300: Relocated 198503 GSs.
Step 38300: Added 0 GSs. Now having 8000000 GSs.
Step 38400: Relocated 199878 GSs.
Step 38400: Added 0 GSs. Now having 8000000 GSs.
Step 38500: Relocated 188963 GSs.
Step 38500: Added 0 GSs. Now having 8000000 GSs.
Step 38600: Relocated 193656 GSs.
Step 38600: Added 0 GSs. Now having 8000000 GSs.
Step 38700: Relocated 190617 GSs.
Step 38700: Added 0 GSs. Now having 8000000 GSs.
Step 38800: Relocated 190406 GSs.
Step 38800: Added 0 GSs. Now having 8000000 GSs.
Step 38900: Relocated 197361 GSs.
Step 38900: Added 0 GSs. Now having 8000000 GSs.
Step 39000: Relocated 200437 GSs.
Step 39000: Added 0 GSs. Now having 8000000 GSs.
[39000] loss 0.0427 l1 0.0277 ssim 0.9056 N 8000000
Step 39100: Relocated 194258 GSs.
Step 39100: Added 0 GSs. Now having 8000000 GSs.
Step 39200: Relocated 195738 GSs.
Step 39200: Added 0 GSs. Now having 8000000 GSs.
Step 39300: Relocated 189061 GSs.
Step 39300: Added 0 GSs. Now having 8000000 GSs.
Step 39400: Relocated 194634 GSs.
Step 39400: Added 0 GSs. Now having 8000000 GSs.
Step 39500: Relocated 195127 GSs.
Step 39500: Added 0 GSs. Now having 8000000 GSs.
Step 39600: Relocated 206978 GSs.
Step 39600: Added 0 GSs. Now having 8000000 GSs.
Step 39700: Relocated 192582 GSs.
Step 39700: Added 0 GSs. Now having 8000000 GSs.
Step 39800: Relocated 203931 GSs.
Step 39800: Added 0 GSs. Now having 8000000 GSs.
Step 39900: Relocated 206466 GSs.
Step 39900: Added 0 GSs. Now having 8000000 GSs.
Step 40000: Relocated 202891 GSs.
Step 40000: Added 0 GSs. Now having 8000000 GSs.
[40000] loss 0.0584 l1 0.0341 ssim 0.8526 N 8000000
Step 40100: Relocated 190504 GSs.
Step 40100: Added 0 GSs. Now having 8000000 GSs.
Step 40200: Relocated 196887 GSs.
Step 40200: Added 0 GSs. Now having 8000000 GSs.
Step 40300: Relocated 193957 GSs.
Step 40300: Added 0 GSs. Now having 8000000 GSs.
Step 40400: Relocated 172407 GSs.
Step 40400: Added 0 GSs. Now having 8000000 GSs.
Step 40500: Relocated 174125 GSs.
Step 40500: Added 0 GSs. Now having 8000000 GSs.
Step 40600: Relocated 179549 GSs.
Step 40600: Added 0 GSs. Now having 8000000 GSs.
Step 40700: Relocated 177369 GSs.
Step 40700: Added 0 GSs. Now having 8000000 GSs.
Step 40800: Relocated 180785 GSs.
Step 40800: Added 0 GSs. Now having 8000000 GSs.
Step 40900: Relocated 183817 GSs.
Step 40900: Added 0 GSs. Now having 8000000 GSs.
Step 41000: Relocated 186197 GSs.
Step 41000: Added 0 GSs. Now having 8000000 GSs.
[41000] loss 0.0444 l1 0.0291 ssim 0.9029 N 8000000
Step 41100: Relocated 175780 GSs.
Step 41100: Added 0 GSs. Now having 8000000 GSs.
Step 41200: Relocated 171215 GSs.
Step 41200: Added 0 GSs. Now having 8000000 GSs.
Step 41300: Relocated 173207 GSs.
Step 41300: Added 0 GSs. Now having 8000000 GSs.
Step 41400: Relocated 169186 GSs.
Step 41400: Added 0 GSs. Now having 8000000 GSs.
Step 41500: Relocated 160751 GSs.
Step 41500: Added 0 GSs. Now having 8000000 GSs.
Step 41600: Relocated 165041 GSs.
Step 41600: Added 0 GSs. Now having 8000000 GSs.
Step 41700: Relocated 167962 GSs.
Step 41700: Added 0 GSs. Now having 8000000 GSs.
Step 41800: Relocated 164289 GSs.
Step 41800: Added 0 GSs. Now having 8000000 GSs.
Step 41900: Relocated 160128 GSs.
Step 41900: Added 0 GSs. Now having 8000000 GSs.
Step 42000: Relocated 163771 GSs.
Step 42000: Added 0 GSs. Now having 8000000 GSs.
[42000] loss 0.0386 l1 0.0252 ssim 0.9161 N 8000000
Step 42100: Relocated 175139 GSs.
Step 42100: Added 0 GSs. Now having 8000000 GSs.
Step 42200: Relocated 174786 GSs.
Step 42200: Added 0 GSs. Now having 8000000 GSs.
Step 42300: Relocated 163735 GSs.
Step 42300: Added 0 GSs. Now having 8000000 GSs.
Step 42400: Relocated 155643 GSs.
Step 42400: Added 0 GSs. Now having 8000000 GSs.
Step 42500: Relocated 164670 GSs.
Step 42500: Added 0 GSs. Now having 8000000 GSs.
Step 42600: Relocated 170194 GSs.
Step 42600: Added 0 GSs. Now having 8000000 GSs.
Step 42700: Relocated 155817 GSs.
Step 42700: Added 0 GSs. Now having 8000000 GSs.
Step 42800: Relocated 158431 GSs.
Step 42800: Added 0 GSs. Now having 8000000 GSs.
Step 42900: Relocated 157516 GSs.
Step 42900: Added 0 GSs. Now having 8000000 GSs.
Step 43000: Relocated 159137 GSs.
Step 43000: Added 0 GSs. Now having 8000000 GSs.
[43000] loss 0.0441 l1 0.0285 ssim 0.9020 N 8000000
Step 43100: Relocated 167030 GSs.
Step 43100: Added 0 GSs. Now having 8000000 GSs.
Step 43200: Relocated 151400 GSs.
Step 43200: Added 0 GSs. Now having 8000000 GSs.
Step 43300: Relocated 155180 GSs.
Step 43300: Added 0 GSs. Now having 8000000 GSs.
Step 43400: Relocated 155650 GSs.
Step 43400: Added 0 GSs. Now having 8000000 GSs.
Step 43500: Relocated 149175 GSs.
Step 43500: Added 0 GSs. Now having 8000000 GSs.
Step 43600: Relocated 149267 GSs.
Step 43600: Added 0 GSs. Now having 8000000 GSs.
Step 43700: Relocated 147629 GSs.
Step 43700: Added 0 GSs. Now having 8000000 GSs.
Step 43800: Relocated 139262 GSs.
Step 43800: Added 0 GSs. Now having 8000000 GSs.
Step 43900: Relocated 139375 GSs.
Step 43900: Added 0 GSs. Now having 8000000 GSs.
Step 44000: Relocated 143328 GSs.
Step 44000: Added 0 GSs. Now having 8000000 GSs.
[44000] loss 0.0464 l1 0.0312 ssim 0.9014 N 8000000
Step 44100: Relocated 142272 GSs.
Step 44100: Added 0 GSs. Now having 8000000 GSs.
Step 44200: Relocated 144256 GSs.
Step 44200: Added 0 GSs. Now having 8000000 GSs.
Step 44300: Relocated 138502 GSs.
Step 44300: Added 0 GSs. Now having 8000000 GSs.
Step 44400: Relocated 139279 GSs.
Step 44400: Added 0 GSs. Now having 8000000 GSs.
Step 44500: Relocated 143854 GSs.
Step 44500: Added 0 GSs. Now having 8000000 GSs.
Step 44600: Relocated 136411 GSs.
Step 44600: Added 0 GSs. Now having 8000000 GSs.
Step 44700: Relocated 136101 GSs.
Step 44700: Added 0 GSs. Now having 8000000 GSs.
Step 44800: Relocated 135160 GSs.
Step 44800: Added 0 GSs. Now having 8000000 GSs.
Step 44900: Relocated 138878 GSs.
Step 44900: Added 0 GSs. Now having 8000000 GSs.
Step 45000: Relocated 139506 GSs.
Step 45000: Added 0 GSs. Now having 8000000 GSs.
[45000] loss 0.0509 l1 0.0332 ssim 0.8872 N 8000000
Step 45100: Relocated 140665 GSs.
Step 45100: Added 0 GSs. Now having 8000000 GSs.
Step 45200: Relocated 130919 GSs.
Step 45200: Added 0 GSs. Now having 8000000 GSs.
Step 45300: Relocated 127631 GSs.
Step 45300: Added 0 GSs. Now having 8000000 GSs.
Step 45400: Relocated 141139 GSs.
Step 45400: Added 0 GSs. Now having 8000000 GSs.
Step 45500: Relocated 144036 GSs.
Step 45500: Added 0 GSs. Now having 8000000 GSs.
Step 45600: Relocated 130432 GSs.
Step 45600: Added 0 GSs. Now having 8000000 GSs.
Step 45700: Relocated 134773 GSs.
Step 45700: Added 0 GSs. Now having 8000000 GSs.
Step 45800: Relocated 131634 GSs.
Step 45800: Added 0 GSs. Now having 8000000 GSs.
Step 45900: Relocated 123582 GSs.
Step 45900: Added 0 GSs. Now having 8000000 GSs.
Step 46000: Relocated 125884 GSs.
Step 46000: Added 0 GSs. Now having 8000000 GSs.
[46000] loss 0.0561 l1 0.0396 ssim 0.8867 N 8000000
Step 46100: Relocated 136355 GSs.
Step 46100: Added 0 GSs. Now having 8000000 GSs.
Step 46200: Relocated 127640 GSs.
Step 46200: Added 0 GSs. Now having 8000000 GSs.
Step 46300: Relocated 126295 GSs.
Step 46300: Added 0 GSs. Now having 8000000 GSs.
Step 46400: Relocated 122761 GSs.
Step 46400: Added 0 GSs. Now having 8000000 GSs.
Step 46500: Relocated 132471 GSs.
Step 46500: Added 0 GSs. Now having 8000000 GSs.
Step 46600: Relocated 121530 GSs.
Step 46600: Added 0 GSs. Now having 8000000 GSs.
Step 46700: Relocated 122743 GSs.
Step 46700: Added 0 GSs. Now having 8000000 GSs.
Step 46800: Relocated 123242 GSs.
Step 46800: Added 0 GSs. Now having 8000000 GSs.
Step 46900: Relocated 118457 GSs.
Step 46900: Added 0 GSs. Now having 8000000 GSs.
Step 47000: Relocated 120119 GSs.
Step 47000: Added 0 GSs. Now having 8000000 GSs.
[47000] loss 0.0455 l1 0.0302 ssim 0.9025 N 8000000
Step 47100: Relocated 114295 GSs.
Step 47100: Added 0 GSs. Now having 8000000 GSs.
Step 47200: Relocated 112347 GSs.
Step 47200: Added 0 GSs. Now having 8000000 GSs.
Step 47300: Relocated 120550 GSs.
Step 47300: Added 0 GSs. Now having 8000000 GSs.
Step 47400: Relocated 117885 GSs.
Step 47400: Added 0 GSs. Now having 8000000 GSs.
Step 47500: Relocated 116844 GSs.
Step 47500: Added 0 GSs. Now having 8000000 GSs.
Step 47600: Relocated 114270 GSs.
Step 47600: Added 0 GSs. Now having 8000000 GSs.
Step 47700: Relocated 114029 GSs.
Step 47700: Added 0 GSs. Now having 8000000 GSs.
Step 47800: Relocated 111130 GSs.
Step 47800: Added 0 GSs. Now having 8000000 GSs.
Step 47900: Relocated 112449 GSs.
Step 47900: Added 0 GSs. Now having 8000000 GSs.
Step 48000: Relocated 111067 GSs.
Step 48000: Added 0 GSs. Now having 8000000 GSs.
[48000] loss 0.0540 l1 0.0408 ssim 0.9025 N 8000000
Step 48100: Relocated 106525 GSs.
Step 48100: Added 0 GSs. Now having 8000000 GSs.
Step 48200: Relocated 110905 GSs.
Step 48200: Added 0 GSs. Now having 8000000 GSs.
Step 48300: Relocated 109828 GSs.
Step 48300: Added 0 GSs. Now having 8000000 GSs.
Step 48400: Relocated 110052 GSs.
Step 48400: Added 0 GSs. Now having 8000000 GSs.
Step 48500: Relocated 106531 GSs.
Step 48500: Added 0 GSs. Now having 8000000 GSs.
Step 48600: Relocated 107317 GSs.
Step 48600: Added 0 GSs. Now having 8000000 GSs.
Step 48700: Relocated 109754 GSs.
Step 48700: Added 0 GSs. Now having 8000000 GSs.
Step 48800: Relocated 101463 GSs.
Step 48800: Added 0 GSs. Now having 8000000 GSs.
Step 48900: Relocated 110285 GSs.
Step 48900: Added 0 GSs. Now having 8000000 GSs.
Step 49000: Relocated 104892 GSs.
Step 49000: Added 0 GSs. Now having 8000000 GSs.
[49000] loss 0.0472 l1 0.0319 ssim 0.9008 N 8000000
Step 49100: Relocated 104038 GSs.
Step 49100: Added 0 GSs. Now having 8000000 GSs.
Step 49200: Relocated 103169 GSs.
Step 49200: Added 0 GSs. Now having 8000000 GSs.
Step 49300: Relocated 103360 GSs.
Step 49300: Added 0 GSs. Now having 8000000 GSs.
Step 49400: Relocated 99287 GSs.
Step 49400: Added 0 GSs. Now having 8000000 GSs.
Step 49500: Relocated 97228 GSs.
Step 49500: Added 0 GSs. Now having 8000000 GSs.
Step 49600: Relocated 99151 GSs.
Step 49600: Added 0 GSs. Now having 8000000 GSs.
Step 49700: Relocated 103982 GSs.
Step 49700: Added 0 GSs. Now having 8000000 GSs.
Step 49800: Relocated 98227 GSs.
Step 49800: Added 0 GSs. Now having 8000000 GSs.
Step 49900: Relocated 92976 GSs.
Step 49900: Added 0 GSs. Now having 8000000 GSs.
[50000] loss 0.0391 l1 0.0239 ssim 0.9094 N 8000000
Setting up [LPIPS] perceptual loss: trunk [vgg], v[0.1], spatial [off]
/home/bkai/miniconda3/envs/gsplat/lib/python3.10/site-packages/torchvision/models/_utils.py:208: UserWarning: The parameter 'pretrained' is deprecated since 0.13 and may be removed in the future, please use 'weights' instead.
  warnings.warn(
/home/bkai/miniconda3/envs/gsplat/lib/python3.10/site-packages/torchvision/models/_utils.py:223: UserWarning: Arguments other than a weight enum or `None` for 'weights' are deprecated since 0.13 and may be removed in the future. The current behavior is equivalent to passing `weights=VGG16_Weights.IMAGENET1K_V1`. You can also use `weights=VGG16_Weights.DEFAULT` to get the most up-to-date weights.
  warnings.warn(msg)
Loading model from: /home/bkai/miniconda3/envs/gsplat/lib/python3.10/site-packages/lpips/weights/v0.1/vgg.pth
[51000] loss 0.0500 l1 0.0262 ssim 0.9072 N 8000000
[52000] loss 0.0543 l1 0.0279 ssim 0.9048 N 8000000
[53000] loss 0.0720 l1 0.0342 ssim 0.8594 N 8000000
[54000] loss 0.0502 l1 0.0276 ssim 0.9206 N 8000000
[55000] loss 0.0566 l1 0.0268 ssim 0.8994 N 8000000
[56000] loss 0.0733 l1 0.0400 ssim 0.8720 N 8000000
[57000] loss 0.0431 l1 0.0224 ssim 0.9201 N 8000000
[58000] loss 0.0565 l1 0.0360 ssim 0.9087 N 8000000
[59000] loss 0.0494 l1 0.0260 ssim 0.9114 N 8000000
[59999] loss 0.0527 l1 0.0295 ssim 0.9020 N 8000000
Saved 8000000 gaussians to /mnt/d/avv/r2r9/models/HCM0644_ut7/ckpt.pt
  fit on 120 pairs -> field 165x123  mean |d| 0.194 px  max 1.09 px
saved -> /mnt/d/avv/r2r9/fields/HCM0644.npy (+ .meta.json)
k1=+0.00903  1320x989  unsupervised 0.00% -> /mnt/d/avv/r2r9/masks/HCM0644.npy
=== [HCM0644] DONE (gpu0) ===
