200/350 images.bin entries have files in /mnt/d/avv/evalsplit/HCM0421/train_sub/images
200 views, 171304 init points, K=[[926.4,0,660.0],[0,926.4,494.5]], size 1320x989
3DGUT mode: classic + with_ut + with_eval3d, k1=+0.008945
scene_scale 10.216
/mnt/c/Users/BKAI/an_plaza2/FastGS/gsplat_track/train_gsplat.py:613: UserWarning: The given NumPy array is not writable, and PyTorch does not support non-writable tensors. This means writing to this tensor will result in undefined behavior. You may want to copy the array to protect its data or make it writable before converting it to a tensor. This type of warning will be suppressed for the rest of this program. (Triggered internally at /pytorch/torch/csrc/utils/tensor_numpy.cpp:203.)
  gt_cache[vi] = torch.from_numpy(
[0] loss 0.2998 l1 0.1948 ssim 0.3552 N 171304
Step 600: Relocated 27221 GSs.
Step 600: Added 8565 GSs. Now having 179869 GSs.
Step 700: Relocated 5728 GSs.
Step 700: Added 8993 GSs. Now having 188862 GSs.
Step 800: Relocated 4825 GSs.
Step 800: Added 9443 GSs. Now having 198305 GSs.
Step 900: Relocated 5013 GSs.
Step 900: Added 9915 GSs. Now having 208220 GSs.
Step 1000: Relocated 4901 GSs.
Step 1000: Added 10411 GSs. Now having 218631 GSs.
[1000] loss 0.1642 l1 0.0794 ssim 0.5405 N 218631
Step 1100: Relocated 5394 GSs.
Step 1100: Added 10931 GSs. Now having 229562 GSs.
Step 1200: Relocated 5919 GSs.
Step 1200: Added 11478 GSs. Now having 241040 GSs.
Step 1300: Relocated 6312 GSs.
Step 1300: Added 12052 GSs. Now having 253092 GSs.
Step 1400: Relocated 6836 GSs.
Step 1400: Added 12654 GSs. Now having 265746 GSs.
Step 1500: Relocated 7786 GSs.
Step 1500: Added 13287 GSs. Now having 279033 GSs.
Step 1600: Relocated 10921 GSs.
Step 1600: Added 13951 GSs. Now having 292984 GSs.
Step 1700: Relocated 9246 GSs.
Step 1700: Added 14649 GSs. Now having 307633 GSs.
Step 1800: Relocated 9078 GSs.
Step 1800: Added 15381 GSs. Now having 323014 GSs.
Step 1900: Relocated 11230 GSs.
Step 1900: Added 16150 GSs. Now having 339164 GSs.
Step 2000: Relocated 10763 GSs.
Step 2000: Added 16958 GSs. Now having 356122 GSs.
[2000] loss 0.1471 l1 0.0707 ssim 0.5823 N 356122
Step 2100: Relocated 12016 GSs.
Step 2100: Added 17806 GSs. Now having 373928 GSs.
Step 2200: Relocated 13602 GSs.
Step 2200: Added 18696 GSs. Now having 392624 GSs.
Step 2300: Relocated 13779 GSs.
Step 2300: Added 19631 GSs. Now having 412255 GSs.
Step 2400: Relocated 15422 GSs.
Step 2400: Added 20612 GSs. Now having 432867 GSs.
Step 2500: Relocated 16941 GSs.
Step 2500: Added 21643 GSs. Now having 454510 GSs.
Step 2600: Relocated 19440 GSs.
Step 2600: Added 22725 GSs. Now having 477235 GSs.
Step 2700: Relocated 19253 GSs.
Step 2700: Added 23861 GSs. Now having 501096 GSs.
Step 2800: Relocated 19307 GSs.
Step 2800: Added 25054 GSs. Now having 526150 GSs.
Step 2900: Relocated 21599 GSs.
Step 2900: Added 26307 GSs. Now having 552457 GSs.
Step 3000: Relocated 25326 GSs.
Step 3000: Added 27622 GSs. Now having 580079 GSs.
[3000] loss 0.1016 l1 0.0448 ssim 0.7007 N 580079
Step 3100: Relocated 25333 GSs.
Step 3100: Added 29003 GSs. Now having 609082 GSs.
Step 3200: Relocated 26557 GSs.
Step 3200: Added 30454 GSs. Now having 639536 GSs.
Step 3300: Relocated 28684 GSs.
Step 3300: Added 31976 GSs. Now having 671512 GSs.
Step 3400: Relocated 33232 GSs.
Step 3400: Added 33575 GSs. Now having 705087 GSs.
Step 3500: Relocated 36205 GSs.
Step 3500: Added 35254 GSs. Now having 740341 GSs.
Step 3600: Relocated 38555 GSs.
Step 3600: Added 37017 GSs. Now having 777358 GSs.
Step 3700: Relocated 37665 GSs.
Step 3700: Added 38867 GSs. Now having 816225 GSs.
Step 3800: Relocated 41651 GSs.
Step 3800: Added 40811 GSs. Now having 857036 GSs.
Step 3900: Relocated 45367 GSs.
Step 3900: Added 42851 GSs. Now having 899887 GSs.
Step 4000: Relocated 48297 GSs.
Step 4000: Added 44994 GSs. Now having 944881 GSs.
[4000] loss 0.0904 l1 0.0404 ssim 0.7343 N 944881
Step 4100: Relocated 46337 GSs.
Step 4100: Added 47244 GSs. Now having 992125 GSs.
Step 4200: Relocated 52062 GSs.
Step 4200: Added 49606 GSs. Now having 1041731 GSs.
Step 4300: Relocated 58061 GSs.
Step 4300: Added 52086 GSs. Now having 1093817 GSs.
Step 4400: Relocated 60489 GSs.
Step 4400: Added 54690 GSs. Now having 1148507 GSs.
Step 4500: Relocated 66993 GSs.
Step 4500: Added 57425 GSs. Now having 1205932 GSs.
Step 4600: Relocated 64336 GSs.
Step 4600: Added 60296 GSs. Now having 1266228 GSs.
Step 4700: Relocated 68536 GSs.
Step 4700: Added 63311 GSs. Now having 1329539 GSs.
Step 4800: Relocated 75172 GSs.
Step 4800: Added 66476 GSs. Now having 1396015 GSs.
Step 4900: Relocated 82599 GSs.
Step 4900: Added 69800 GSs. Now having 1465815 GSs.
Step 5000: Relocated 83397 GSs.
Step 5000: Added 73290 GSs. Now having 1539105 GSs.
[5000] loss 0.0933 l1 0.0423 ssim 0.7249 N 1539105
Step 5100: Relocated 99848 GSs.
Step 5100: Added 76955 GSs. Now having 1616060 GSs.
Step 5200: Relocated 96234 GSs.
Step 5200: Added 80803 GSs. Now having 1696863 GSs.
Step 5300: Relocated 111800 GSs.
Step 5300: Added 84843 GSs. Now having 1781706 GSs.
Step 5400: Relocated 115567 GSs.
Step 5400: Added 89085 GSs. Now having 1870791 GSs.
Step 5500: Relocated 112416 GSs.
Step 5500: Added 93539 GSs. Now having 1964330 GSs.
Step 5600: Relocated 119468 GSs.
Step 5600: Added 98216 GSs. Now having 2062546 GSs.
Step 5700: Relocated 133194 GSs.
Step 5700: Added 103127 GSs. Now having 2165673 GSs.
Step 5800: Relocated 131617 GSs.
Step 5800: Added 108283 GSs. Now having 2273956 GSs.
Step 5900: Relocated 150463 GSs.
Step 5900: Added 113697 GSs. Now having 2387653 GSs.
Step 6000: Relocated 151117 GSs.
Step 6000: Added 119382 GSs. Now having 2507035 GSs.
[6000] loss 0.1149 l1 0.0555 ssim 0.6669 N 2507035
Step 6100: Relocated 169128 GSs.
Step 6100: Added 125351 GSs. Now having 2632386 GSs.
Step 6200: Relocated 168197 GSs.
Step 6200: Added 131619 GSs. Now having 2764005 GSs.
Step 6300: Relocated 179408 GSs.
Step 6300: Added 138200 GSs. Now having 2902205 GSs.
Step 6400: Relocated 198549 GSs.
Step 6400: Added 145110 GSs. Now having 3047315 GSs.
Step 6500: Relocated 215430 GSs.
Step 6500: Added 152365 GSs. Now having 3199680 GSs.
Step 6600: Relocated 208172 GSs.
Step 6600: Added 159984 GSs. Now having 3359664 GSs.
Step 6700: Relocated 234919 GSs.
Step 6700: Added 167983 GSs. Now having 3527647 GSs.
Step 6800: Relocated 250925 GSs.
Step 6800: Added 176382 GSs. Now having 3704029 GSs.
Step 6900: Relocated 237433 GSs.
Step 6900: Added 185201 GSs. Now having 3889230 GSs.
Step 7000: Relocated 280852 GSs.
Step 7000: Added 194461 GSs. Now having 4083691 GSs.
[7000] loss 0.0832 l1 0.0410 ssim 0.7651 N 4083691
Step 7100: Relocated 283080 GSs.
Step 7100: Added 204184 GSs. Now having 4287875 GSs.
Step 7200: Relocated 309526 GSs.
Step 7200: Added 214393 GSs. Now having 4502268 GSs.
Step 7300: Relocated 331247 GSs.
Step 7300: Added 225113 GSs. Now having 4727381 GSs.
Step 7400: Relocated 355498 GSs.
Step 7400: Added 236369 GSs. Now having 4963750 GSs.
Step 7500: Relocated 373611 GSs.
Step 7500: Added 248187 GSs. Now having 5211937 GSs.
Step 7600: Relocated 394692 GSs.
Step 7600: Added 260596 GSs. Now having 5472533 GSs.
Step 7700: Relocated 462523 GSs.
Step 7700: Added 273626 GSs. Now having 5746159 GSs.
Step 7800: Relocated 435332 GSs.
Step 7800: Added 287307 GSs. Now having 6033466 GSs.
Step 7900: Relocated 450444 GSs.
Step 7900: Added 301673 GSs. Now having 6335139 GSs.
Step 8000: Relocated 517171 GSs.
Step 8000: Added 316756 GSs. Now having 6651895 GSs.
[8000] loss 0.0941 l1 0.0431 ssim 0.7171 N 6651895
Step 8100: Relocated 551725 GSs.
Step 8100: Added 332594 GSs. Now having 6984489 GSs.
Step 8200: Relocated 582318 GSs.
Step 8200: Added 349224 GSs. Now having 7333713 GSs.
Step 8300: Relocated 588050 GSs.
Step 8300: Added 366685 GSs. Now having 7700398 GSs.
Step 8400: Relocated 569566 GSs.
Step 8400: Added 299602 GSs. Now having 8000000 GSs.
Step 8500: Relocated 610894 GSs.
Step 8500: Added 0 GSs. Now having 8000000 GSs.
Step 8600: Relocated 506332 GSs.
Step 8600: Added 0 GSs. Now having 8000000 GSs.
Step 8700: Relocated 460841 GSs.
Step 8700: Added 0 GSs. Now having 8000000 GSs.
Step 8800: Relocated 415582 GSs.
Step 8800: Added 0 GSs. Now having 8000000 GSs.
Step 8900: Relocated 425624 GSs.
Step 8900: Added 0 GSs. Now having 8000000 GSs.
Step 9000: Relocated 414564 GSs.
Step 9000: Added 0 GSs. Now having 8000000 GSs.
[9000] loss 0.0845 l1 0.0400 ssim 0.7517 N 8000000
Step 9100: Relocated 395415 GSs.
Step 9100: Added 0 GSs. Now having 8000000 GSs.
Step 9200: Relocated 373131 GSs.
Step 9200: Added 0 GSs. Now having 8000000 GSs.
Step 9300: Relocated 376378 GSs.
Step 9300: Added 0 GSs. Now having 8000000 GSs.
Step 9400: Relocated 362665 GSs.
Step 9400: Added 0 GSs. Now having 8000000 GSs.
Step 9500: Relocated 369289 GSs.
Step 9500: Added 0 GSs. Now having 8000000 GSs.
Step 9600: Relocated 404579 GSs.
Step 9600: Added 0 GSs. Now having 8000000 GSs.
Step 9700: Relocated 375544 GSs.
Step 9700: Added 0 GSs. Now having 8000000 GSs.
Step 9800: Relocated 365329 GSs.
Step 9800: Added 0 GSs. Now having 8000000 GSs.
Step 9900: Relocated 361536 GSs.
Step 9900: Added 0 GSs. Now having 8000000 GSs.
Step 10000: Relocated 357757 GSs.
Step 10000: Added 0 GSs. Now having 8000000 GSs.
[10000] loss 0.1102 l1 0.0516 ssim 0.6691 N 8000000
Step 10100: Relocated 348184 GSs.
Step 10100: Added 0 GSs. Now having 8000000 GSs.
Step 10200: Relocated 359409 GSs.
Step 10200: Added 0 GSs. Now having 8000000 GSs.
Step 10300: Relocated 365839 GSs.
Step 10300: Added 0 GSs. Now having 8000000 GSs.
Step 10400: Relocated 360646 GSs.
Step 10400: Added 0 GSs. Now having 8000000 GSs.
Step 10500: Relocated 358903 GSs.
Step 10500: Added 0 GSs. Now having 8000000 GSs.
Step 10600: Relocated 350819 GSs.
Step 10600: Added 0 GSs. Now having 8000000 GSs.
Step 10700: Relocated 346967 GSs.
Step 10700: Added 0 GSs. Now having 8000000 GSs.
Step 10800: Relocated 357175 GSs.
Step 10800: Added 0 GSs. Now having 8000000 GSs.
Step 10900: Relocated 368322 GSs.
Step 10900: Added 0 GSs. Now having 8000000 GSs.
Step 11000: Relocated 379407 GSs.
Step 11000: Added 0 GSs. Now having 8000000 GSs.
[11000] loss 0.0981 l1 0.0514 ssim 0.7284 N 8000000
Step 11100: Relocated 349081 GSs.
Step 11100: Added 0 GSs. Now having 8000000 GSs.
Step 11200: Relocated 370953 GSs.
Step 11200: Added 0 GSs. Now having 8000000 GSs.
Step 11300: Relocated 356885 GSs.
Step 11300: Added 0 GSs. Now having 8000000 GSs.
Step 11400: Relocated 348572 GSs.
Step 11400: Added 0 GSs. Now having 8000000 GSs.
Step 11500: Relocated 362227 GSs.
Step 11500: Added 0 GSs. Now having 8000000 GSs.
Step 11600: Relocated 365532 GSs.
Step 11600: Added 0 GSs. Now having 8000000 GSs.
Step 11700: Relocated 354441 GSs.
Step 11700: Added 0 GSs. Now having 8000000 GSs.
Step 11800: Relocated 382216 GSs.
Step 11800: Added 0 GSs. Now having 8000000 GSs.
Step 11900: Relocated 365443 GSs.
Step 11900: Added 0 GSs. Now having 8000000 GSs.
Step 12000: Relocated 364236 GSs.
Step 12000: Added 0 GSs. Now having 8000000 GSs.
[12000] loss 0.0788 l1 0.0397 ssim 0.7780 N 8000000
Step 12100: Relocated 368726 GSs.
Step 12100: Added 0 GSs. Now having 8000000 GSs.
Step 12200: Relocated 359052 GSs.
Step 12200: Added 0 GSs. Now having 8000000 GSs.
Step 12300: Relocated 372936 GSs.
Step 12300: Added 0 GSs. Now having 8000000 GSs.
Step 12400: Relocated 375436 GSs.
Step 12400: Added 0 GSs. Now having 8000000 GSs.
Step 12500: Relocated 380590 GSs.
Step 12500: Added 0 GSs. Now having 8000000 GSs.
Step 12600: Relocated 372432 GSs.
Step 12600: Added 0 GSs. Now having 8000000 GSs.
Step 12700: Relocated 383931 GSs.
Step 12700: Added 0 GSs. Now having 8000000 GSs.
Step 12800: Relocated 374489 GSs.
Step 12800: Added 0 GSs. Now having 8000000 GSs.
Step 12900: Relocated 370014 GSs.
Step 12900: Added 0 GSs. Now having 8000000 GSs.
Step 13000: Relocated 362639 GSs.
Step 13000: Added 0 GSs. Now having 8000000 GSs.
[13000] loss 0.0620 l1 0.0319 ssim 0.8309 N 8000000
Step 13100: Relocated 382199 GSs.
Step 13100: Added 0 GSs. Now having 8000000 GSs.
Step 13200: Relocated 381754 GSs.
Step 13200: Added 0 GSs. Now having 8000000 GSs.
Step 13300: Relocated 385150 GSs.
Step 13300: Added 0 GSs. Now having 8000000 GSs.
Step 13400: Relocated 374591 GSs.
Step 13400: Added 0 GSs. Now having 8000000 GSs.
Step 13500: Relocated 364978 GSs.
Step 13500: Added 0 GSs. Now having 8000000 GSs.
Step 13600: Relocated 373134 GSs.
Step 13600: Added 0 GSs. Now having 8000000 GSs.
Step 13700: Relocated 364832 GSs.
Step 13700: Added 0 GSs. Now having 8000000 GSs.
Step 13800: Relocated 355027 GSs.
Step 13800: Added 0 GSs. Now having 8000000 GSs.
Step 13900: Relocated 357247 GSs.
Step 13900: Added 0 GSs. Now having 8000000 GSs.
Step 14000: Relocated 349131 GSs.
Step 14000: Added 0 GSs. Now having 8000000 GSs.
[14000] loss 0.0735 l1 0.0363 ssim 0.7908 N 8000000
Step 14100: Relocated 360232 GSs.
Step 14100: Added 0 GSs. Now having 8000000 GSs.
Step 14200: Relocated 371466 GSs.
Step 14200: Added 0 GSs. Now having 8000000 GSs.
Step 14300: Relocated 373010 GSs.
Step 14300: Added 0 GSs. Now having 8000000 GSs.
Step 14400: Relocated 368021 GSs.
Step 14400: Added 0 GSs. Now having 8000000 GSs.
Step 14500: Relocated 358003 GSs.
Step 14500: Added 0 GSs. Now having 8000000 GSs.
Step 14600: Relocated 359132 GSs.
Step 14600: Added 0 GSs. Now having 8000000 GSs.
Step 14700: Relocated 354025 GSs.
Step 14700: Added 0 GSs. Now having 8000000 GSs.
Step 14800: Relocated 360272 GSs.
Step 14800: Added 0 GSs. Now having 8000000 GSs.
Step 14900: Relocated 345540 GSs.
Step 14900: Added 0 GSs. Now having 8000000 GSs.
Step 15000: Relocated 354554 GSs.
Step 15000: Added 0 GSs. Now having 8000000 GSs.
[15000] loss 0.0897 l1 0.0428 ssim 0.7356 N 8000000
Step 15100: Relocated 357999 GSs.
Step 15100: Added 0 GSs. Now having 8000000 GSs.
Step 15200: Relocated 353708 GSs.
Step 15200: Added 0 GSs. Now having 8000000 GSs.
Step 15300: Relocated 344873 GSs.
Step 15300: Added 0 GSs. Now having 8000000 GSs.
Step 15400: Relocated 378502 GSs.
Step 15400: Added 0 GSs. Now having 8000000 GSs.
Step 15500: Relocated 375223 GSs.
Step 15500: Added 0 GSs. Now having 8000000 GSs.
Step 15600: Relocated 376388 GSs.
Step 15600: Added 0 GSs. Now having 8000000 GSs.
Step 15700: Relocated 386932 GSs.
Step 15700: Added 0 GSs. Now having 8000000 GSs.
Step 15800: Relocated 363913 GSs.
Step 15800: Added 0 GSs. Now having 8000000 GSs.
Step 15900: Relocated 340034 GSs.
Step 15900: Added 0 GSs. Now having 8000000 GSs.
Step 16000: Relocated 346158 GSs.
Step 16000: Added 0 GSs. Now having 8000000 GSs.
[16000] loss 0.0862 l1 0.0451 ssim 0.7626 N 8000000
Step 16100: Relocated 362532 GSs.
Step 16100: Added 0 GSs. Now having 8000000 GSs.
Step 16200: Relocated 352607 GSs.
Step 16200: Added 0 GSs. Now having 8000000 GSs.
Step 16300: Relocated 356583 GSs.
Step 16300: Added 0 GSs. Now having 8000000 GSs.
Step 16400: Relocated 351753 GSs.
Step 16400: Added 0 GSs. Now having 8000000 GSs.
Step 16500: Relocated 339680 GSs.
Step 16500: Added 0 GSs. Now having 8000000 GSs.
Step 16600: Relocated 356215 GSs.
Step 16600: Added 0 GSs. Now having 8000000 GSs.
Step 16700: Relocated 337175 GSs.
Step 16700: Added 0 GSs. Now having 8000000 GSs.
Step 16800: Relocated 340570 GSs.
Step 16800: Added 0 GSs. Now having 8000000 GSs.
Step 16900: Relocated 364337 GSs.
Step 16900: Added 0 GSs. Now having 8000000 GSs.
Step 17000: Relocated 355963 GSs.
Step 17000: Added 0 GSs. Now having 8000000 GSs.
[17000] loss 0.0666 l1 0.0378 ssim 0.8311 N 8000000
Step 17100: Relocated 352291 GSs.
Step 17100: Added 0 GSs. Now having 8000000 GSs.
Step 17200: Relocated 360390 GSs.
Step 17200: Added 0 GSs. Now having 8000000 GSs.
Step 17300: Relocated 341051 GSs.
Step 17300: Added 0 GSs. Now having 8000000 GSs.
Step 17400: Relocated 333701 GSs.
Step 17400: Added 0 GSs. Now having 8000000 GSs.
Step 17500: Relocated 342220 GSs.
Step 17500: Added 0 GSs. Now having 8000000 GSs.
Step 17600: Relocated 350220 GSs.
Step 17600: Added 0 GSs. Now having 8000000 GSs.
Step 17700: Relocated 364030 GSs.
Step 17700: Added 0 GSs. Now having 8000000 GSs.
Step 17800: Relocated 346164 GSs.
Step 17800: Added 0 GSs. Now having 8000000 GSs.
Step 17900: Relocated 340413 GSs.
Step 17900: Added 0 GSs. Now having 8000000 GSs.
Step 18000: Relocated 344003 GSs.
Step 18000: Added 0 GSs. Now having 8000000 GSs.
[18000] loss 0.0744 l1 0.0376 ssim 0.7912 N 8000000
Step 18100: Relocated 359152 GSs.
Step 18100: Added 0 GSs. Now having 8000000 GSs.
Step 18200: Relocated 359797 GSs.
Step 18200: Added 0 GSs. Now having 8000000 GSs.
Step 18300: Relocated 335022 GSs.
Step 18300: Added 0 GSs. Now having 8000000 GSs.
Step 18400: Relocated 361920 GSs.
Step 18400: Added 0 GSs. Now having 8000000 GSs.
Step 18500: Relocated 337332 GSs.
Step 18500: Added 0 GSs. Now having 8000000 GSs.
Step 18600: Relocated 348850 GSs.
Step 18600: Added 0 GSs. Now having 8000000 GSs.
Step 18700: Relocated 352929 GSs.
Step 18700: Added 0 GSs. Now having 8000000 GSs.
Step 18800: Relocated 331072 GSs.
Step 18800: Added 0 GSs. Now having 8000000 GSs.
Step 18900: Relocated 332512 GSs.
Step 18900: Added 0 GSs. Now having 8000000 GSs.
Step 19000: Relocated 362997 GSs.
Step 19000: Added 0 GSs. Now having 8000000 GSs.
[19000] loss 0.0438 l1 0.0259 ssim 0.8977 N 8000000
Step 19100: Relocated 354377 GSs.
Step 19100: Added 0 GSs. Now having 8000000 GSs.
Step 19200: Relocated 341713 GSs.
Step 19200: Added 0 GSs. Now having 8000000 GSs.
Step 19300: Relocated 347817 GSs.
Step 19300: Added 0 GSs. Now having 8000000 GSs.
Step 19400: Relocated 340850 GSs.
Step 19400: Added 0 GSs. Now having 8000000 GSs.
Step 19500: Relocated 332222 GSs.
Step 19500: Added 0 GSs. Now having 8000000 GSs.
Step 19600: Relocated 343676 GSs.
Step 19600: Added 0 GSs. Now having 8000000 GSs.
Step 19700: Relocated 335276 GSs.
Step 19700: Added 0 GSs. Now having 8000000 GSs.
Step 19800: Relocated 342921 GSs.
Step 19800: Added 0 GSs. Now having 8000000 GSs.
Step 19900: Relocated 327878 GSs.
Step 19900: Added 0 GSs. Now having 8000000 GSs.
Step 20000: Relocated 335068 GSs.
Step 20000: Added 0 GSs. Now having 8000000 GSs.
[20000] loss 0.0863 l1 0.0466 ssim 0.7678 N 8000000
Step 20100: Relocated 317422 GSs.
Step 20100: Added 0 GSs. Now having 8000000 GSs.
Step 20200: Relocated 322455 GSs.
Step 20200: Added 0 GSs. Now having 8000000 GSs.
Step 20300: Relocated 325618 GSs.
Step 20300: Added 0 GSs. Now having 8000000 GSs.
Step 20400: Relocated 323964 GSs.
Step 20400: Added 0 GSs. Now having 8000000 GSs.
Step 20500: Relocated 319414 GSs.
Step 20500: Added 0 GSs. Now having 8000000 GSs.
Step 20600: Relocated 317591 GSs.
Step 20600: Added 0 GSs. Now having 8000000 GSs.
Step 20700: Relocated 331368 GSs.
Step 20700: Added 0 GSs. Now having 8000000 GSs.
Step 20800: Relocated 347277 GSs.
Step 20800: Added 0 GSs. Now having 8000000 GSs.
Step 20900: Relocated 341105 GSs.
Step 20900: Added 0 GSs. Now having 8000000 GSs.
Step 21000: Relocated 376667 GSs.
Step 21000: Added 0 GSs. Now having 8000000 GSs.
[21000] loss 0.0895 l1 0.0540 ssim 0.7814 N 8000000
Step 21100: Relocated 343684 GSs.
Step 21100: Added 0 GSs. Now having 8000000 GSs.
Step 21200: Relocated 351274 GSs.
Step 21200: Added 0 GSs. Now having 8000000 GSs.
Step 21300: Relocated 338217 GSs.
Step 21300: Added 0 GSs. Now having 8000000 GSs.
Step 21400: Relocated 343574 GSs.
Step 21400: Added 0 GSs. Now having 8000000 GSs.
Step 21500: Relocated 356921 GSs.
Step 21500: Added 0 GSs. Now having 8000000 GSs.
Step 21600: Relocated 337179 GSs.
Step 21600: Added 0 GSs. Now having 8000000 GSs.
Step 21700: Relocated 336717 GSs.
Step 21700: Added 0 GSs. Now having 8000000 GSs.
Step 21800: Relocated 336782 GSs.
Step 21800: Added 0 GSs. Now having 8000000 GSs.
Step 21900: Relocated 326619 GSs.
Step 21900: Added 0 GSs. Now having 8000000 GSs.
Step 22000: Relocated 320739 GSs.
Step 22000: Added 0 GSs. Now having 8000000 GSs.
[22000] loss 0.0716 l1 0.0378 ssim 0.8066 N 8000000
Step 22100: Relocated 333187 GSs.
Step 22100: Added 0 GSs. Now having 8000000 GSs.
Step 22200: Relocated 322139 GSs.
Step 22200: Added 0 GSs. Now having 8000000 GSs.
Step 22300: Relocated 328200 GSs.
Step 22300: Added 0 GSs. Now having 8000000 GSs.
Step 22400: Relocated 317111 GSs.
Step 22400: Added 0 GSs. Now having 8000000 GSs.
Step 22500: Relocated 320986 GSs.
Step 22500: Added 0 GSs. Now having 8000000 GSs.
Step 22600: Relocated 318451 GSs.
Step 22600: Added 0 GSs. Now having 8000000 GSs.
Step 22700: Relocated 331123 GSs.
Step 22700: Added 0 GSs. Now having 8000000 GSs.
Step 22800: Relocated 316061 GSs.
Step 22800: Added 0 GSs. Now having 8000000 GSs.
Step 22900: Relocated 314095 GSs.
Step 22900: Added 0 GSs. Now having 8000000 GSs.
Step 23000: Relocated 316758 GSs.
Step 23000: Added 0 GSs. Now having 8000000 GSs.
[23000] loss 0.0412 l1 0.0245 ssim 0.9053 N 8000000
Step 23100: Relocated 315755 GSs.
Step 23100: Added 0 GSs. Now having 8000000 GSs.
Step 23200: Relocated 315437 GSs.
Step 23200: Added 0 GSs. Now having 8000000 GSs.
Step 23300: Relocated 317665 GSs.
Step 23300: Added 0 GSs. Now having 8000000 GSs.
Step 23400: Relocated 306112 GSs.
Step 23400: Added 0 GSs. Now having 8000000 GSs.
Step 23500: Relocated 293032 GSs.
Step 23500: Added 0 GSs. Now having 8000000 GSs.
Step 23600: Relocated 295563 GSs.
Step 23600: Added 0 GSs. Now having 8000000 GSs.
Step 23700: Relocated 318336 GSs.
Step 23700: Added 0 GSs. Now having 8000000 GSs.
Step 23800: Relocated 315717 GSs.
Step 23800: Added 0 GSs. Now having 8000000 GSs.
Step 23900: Relocated 305524 GSs.
Step 23900: Added 0 GSs. Now having 8000000 GSs.
Step 24000: Relocated 320719 GSs.
Step 24000: Added 0 GSs. Now having 8000000 GSs.
[24000] loss 0.0791 l1 0.0419 ssim 0.7853 N 8000000
Step 24100: Relocated 315115 GSs.
Step 24100: Added 0 GSs. Now having 8000000 GSs.
Step 24200: Relocated 300499 GSs.
Step 24200: Added 0 GSs. Now having 8000000 GSs.
Step 24300: Relocated 301410 GSs.
Step 24300: Added 0 GSs. Now having 8000000 GSs.
Step 24400: Relocated 298423 GSs.
Step 24400: Added 0 GSs. Now having 8000000 GSs.
Step 24500: Relocated 308489 GSs.
Step 24500: Added 0 GSs. Now having 8000000 GSs.
Step 24600: Relocated 303045 GSs.
Step 24600: Added 0 GSs. Now having 8000000 GSs.
Step 24700: Relocated 317866 GSs.
Step 24700: Added 0 GSs. Now having 8000000 GSs.
Step 24800: Relocated 302666 GSs.
Step 24800: Added 0 GSs. Now having 8000000 GSs.
Step 24900: Relocated 298411 GSs.
Step 24900: Added 0 GSs. Now having 8000000 GSs.
Step 25000: Relocated 298744 GSs.
Step 25000: Added 0 GSs. Now having 8000000 GSs.
[25000] loss 0.0818 l1 0.0509 ssim 0.8074 N 8000000
Step 25100: Relocated 282688 GSs.
Step 25100: Added 0 GSs. Now having 8000000 GSs.
Step 25200: Relocated 305015 GSs.
Step 25200: Added 0 GSs. Now having 8000000 GSs.
Step 25300: Relocated 295885 GSs.
Step 25300: Added 0 GSs. Now having 8000000 GSs.
Step 25400: Relocated 301180 GSs.
Step 25400: Added 0 GSs. Now having 8000000 GSs.
Step 25500: Relocated 304878 GSs.
Step 25500: Added 0 GSs. Now having 8000000 GSs.
Step 25600: Relocated 315000 GSs.
Step 25600: Added 0 GSs. Now having 8000000 GSs.
Step 25700: Relocated 309287 GSs.
Step 25700: Added 0 GSs. Now having 8000000 GSs.
Step 25800: Relocated 310741 GSs.
Step 25800: Added 0 GSs. Now having 8000000 GSs.
Step 25900: Relocated 317364 GSs.
Step 25900: Added 0 GSs. Now having 8000000 GSs.
Step 26000: Relocated 307247 GSs.
Step 26000: Added 0 GSs. Now having 8000000 GSs.
[26000] loss 0.0449 l1 0.0260 ssim 0.8927 N 8000000
Step 26100: Relocated 292754 GSs.
Step 26100: Added 0 GSs. Now having 8000000 GSs.
Step 26200: Relocated 305491 GSs.
Step 26200: Added 0 GSs. Now having 8000000 GSs.
Step 26300: Relocated 301534 GSs.
Step 26300: Added 0 GSs. Now having 8000000 GSs.
Step 26400: Relocated 296675 GSs.
Step 26400: Added 0 GSs. Now having 8000000 GSs.
Step 26500: Relocated 293010 GSs.
Step 26500: Added 0 GSs. Now having 8000000 GSs.
Step 26600: Relocated 288587 GSs.
Step 26600: Added 0 GSs. Now having 8000000 GSs.
Step 26700: Relocated 294256 GSs.
Step 26700: Added 0 GSs. Now having 8000000 GSs.
Step 26800: Relocated 276629 GSs.
Step 26800: Added 0 GSs. Now having 8000000 GSs.
Step 26900: Relocated 275000 GSs.
Step 26900: Added 0 GSs. Now having 8000000 GSs.
Step 27000: Relocated 274266 GSs.
Step 27000: Added 0 GSs. Now having 8000000 GSs.
[27000] loss 0.0592 l1 0.0332 ssim 0.8500 N 8000000
Step 27100: Relocated 277732 GSs.
Step 27100: Added 0 GSs. Now having 8000000 GSs.
Step 27200: Relocated 296475 GSs.
Step 27200: Added 0 GSs. Now having 8000000 GSs.
Step 27300: Relocated 276189 GSs.
Step 27300: Added 0 GSs. Now having 8000000 GSs.
Step 27400: Relocated 278367 GSs.
Step 27400: Added 0 GSs. Now having 8000000 GSs.
Step 27500: Relocated 284107 GSs.
Step 27500: Added 0 GSs. Now having 8000000 GSs.
Step 27600: Relocated 284233 GSs.
Step 27600: Added 0 GSs. Now having 8000000 GSs.
Step 27700: Relocated 279180 GSs.
Step 27700: Added 0 GSs. Now having 8000000 GSs.
Step 27800: Relocated 284425 GSs.
Step 27800: Added 0 GSs. Now having 8000000 GSs.
Step 27900: Relocated 273546 GSs.
Step 27900: Added 0 GSs. Now having 8000000 GSs.
Step 28000: Relocated 288531 GSs.
Step 28000: Added 0 GSs. Now having 8000000 GSs.
[28000] loss 0.0465 l1 0.0287 ssim 0.8955 N 8000000
Step 28100: Relocated 271046 GSs.
Step 28100: Added 0 GSs. Now having 8000000 GSs.
Step 28200: Relocated 275755 GSs.
Step 28200: Added 0 GSs. Now having 8000000 GSs.
Step 28300: Relocated 283911 GSs.
Step 28300: Added 0 GSs. Now having 8000000 GSs.
Step 28400: Relocated 297945 GSs.
Step 28400: Added 0 GSs. Now having 8000000 GSs.
Step 28500: Relocated 284209 GSs.
Step 28500: Added 0 GSs. Now having 8000000 GSs.
Step 28600: Relocated 269718 GSs.
Step 28600: Added 0 GSs. Now having 8000000 GSs.
Step 28700: Relocated 294944 GSs.
Step 28700: Added 0 GSs. Now having 8000000 GSs.
Step 28800: Relocated 267279 GSs.
Step 28800: Added 0 GSs. Now having 8000000 GSs.
Step 28900: Relocated 272907 GSs.
Step 28900: Added 0 GSs. Now having 8000000 GSs.
Step 29000: Relocated 267943 GSs.
Step 29000: Added 0 GSs. Now having 8000000 GSs.
[29000] loss 0.0516 l1 0.0297 ssim 0.8740 N 8000000
Step 29100: Relocated 271064 GSs.
Step 29100: Added 0 GSs. Now having 8000000 GSs.
Step 29200: Relocated 270305 GSs.
Step 29200: Added 0 GSs. Now having 8000000 GSs.
Step 29300: Relocated 268694 GSs.
Step 29300: Added 0 GSs. Now having 8000000 GSs.
Step 29400: Relocated 259799 GSs.
Step 29400: Added 0 GSs. Now having 8000000 GSs.
Step 29500: Relocated 257722 GSs.
Step 29500: Added 0 GSs. Now having 8000000 GSs.
Step 29600: Relocated 267911 GSs.
Step 29600: Added 0 GSs. Now having 8000000 GSs.
Step 29700: Relocated 266340 GSs.
Step 29700: Added 0 GSs. Now having 8000000 GSs.
Step 29800: Relocated 269205 GSs.
Step 29800: Added 0 GSs. Now having 8000000 GSs.
Step 29900: Relocated 255212 GSs.
Step 29900: Added 0 GSs. Now having 8000000 GSs.
Step 30000: Relocated 247927 GSs.
Step 30000: Added 0 GSs. Now having 8000000 GSs.
[30000] loss 0.0459 l1 0.0276 ssim 0.8944 N 8000000
Step 30100: Relocated 263869 GSs.
Step 30100: Added 0 GSs. Now having 8000000 GSs.
Step 30200: Relocated 245775 GSs.
Step 30200: Added 0 GSs. Now having 8000000 GSs.
Step 30300: Relocated 243099 GSs.
Step 30300: Added 0 GSs. Now having 8000000 GSs.
Step 30400: Relocated 247921 GSs.
Step 30400: Added 0 GSs. Now having 8000000 GSs.
Step 30500: Relocated 245253 GSs.
Step 30500: Added 0 GSs. Now having 8000000 GSs.
Step 30600: Relocated 241105 GSs.
Step 30600: Added 0 GSs. Now having 8000000 GSs.
Step 30700: Relocated 246540 GSs.
Step 30700: Added 0 GSs. Now having 8000000 GSs.
Step 30800: Relocated 248447 GSs.
Step 30800: Added 0 GSs. Now having 8000000 GSs.
Step 30900: Relocated 240212 GSs.
Step 30900: Added 0 GSs. Now having 8000000 GSs.
Step 31000: Relocated 248104 GSs.
Step 31000: Added 0 GSs. Now having 8000000 GSs.
[31000] loss 0.0416 l1 0.0253 ssim 0.9063 N 8000000
Step 31100: Relocated 236471 GSs.
Step 31100: Added 0 GSs. Now having 8000000 GSs.
Step 31200: Relocated 261455 GSs.
Step 31200: Added 0 GSs. Now having 8000000 GSs.
Step 31300: Relocated 246971 GSs.
Step 31300: Added 0 GSs. Now having 8000000 GSs.
Step 31400: Relocated 237252 GSs.
Step 31400: Added 0 GSs. Now having 8000000 GSs.
Step 31500: Relocated 232139 GSs.
Step 31500: Added 0 GSs. Now having 8000000 GSs.
Step 31600: Relocated 236029 GSs.
Step 31600: Added 0 GSs. Now having 8000000 GSs.
Step 31700: Relocated 232093 GSs.
Step 31700: Added 0 GSs. Now having 8000000 GSs.
Step 31800: Relocated 244342 GSs.
Step 31800: Added 0 GSs. Now having 8000000 GSs.
Step 31900: Relocated 244953 GSs.
Step 31900: Added 0 GSs. Now having 8000000 GSs.
Step 32000: Relocated 253148 GSs.
Step 32000: Added 0 GSs. Now having 8000000 GSs.
[32000] loss 0.0779 l1 0.0469 ssim 0.8115 N 8000000
Step 32100: Relocated 235660 GSs.
Step 32100: Added 0 GSs. Now having 8000000 GSs.
Step 32200: Relocated 230899 GSs.
Step 32200: Added 0 GSs. Now having 8000000 GSs.
Step 32300: Relocated 222608 GSs.
Step 32300: Added 0 GSs. Now having 8000000 GSs.
Step 32400: Relocated 233093 GSs.
Step 32400: Added 0 GSs. Now having 8000000 GSs.
Step 32500: Relocated 233827 GSs.
Step 32500: Added 0 GSs. Now having 8000000 GSs.
Step 32600: Relocated 222839 GSs.
Step 32600: Added 0 GSs. Now having 8000000 GSs.
Step 32700: Relocated 238936 GSs.
Step 32700: Added 0 GSs. Now having 8000000 GSs.
Step 32800: Relocated 223120 GSs.
Step 32800: Added 0 GSs. Now having 8000000 GSs.
Step 32900: Relocated 230566 GSs.
Step 32900: Added 0 GSs. Now having 8000000 GSs.
Step 33000: Relocated 231818 GSs.
Step 33000: Added 0 GSs. Now having 8000000 GSs.
[33000] loss 0.0515 l1 0.0302 ssim 0.8770 N 8000000
Step 33100: Relocated 223830 GSs.
Step 33100: Added 0 GSs. Now having 8000000 GSs.
Step 33200: Relocated 214912 GSs.
Step 33200: Added 0 GSs. Now having 8000000 GSs.
Step 33300: Relocated 221763 GSs.
Step 33300: Added 0 GSs. Now having 8000000 GSs.
Step 33400: Relocated 223382 GSs.
Step 33400: Added 0 GSs. Now having 8000000 GSs.
Step 33500: Relocated 225671 GSs.
Step 33500: Added 0 GSs. Now having 8000000 GSs.
Step 33600: Relocated 228651 GSs.
Step 33600: Added 0 GSs. Now having 8000000 GSs.
Step 33700: Relocated 218637 GSs.
Step 33700: Added 0 GSs. Now having 8000000 GSs.
Step 33800: Relocated 214052 GSs.
Step 33800: Added 0 GSs. Now having 8000000 GSs.
Step 33900: Relocated 220691 GSs.
Step 33900: Added 0 GSs. Now having 8000000 GSs.
Step 34000: Relocated 228852 GSs.
Step 34000: Added 0 GSs. Now having 8000000 GSs.
[34000] loss 0.0484 l1 0.0282 ssim 0.8843 N 8000000
Step 34100: Relocated 213230 GSs.
Step 34100: Added 0 GSs. Now having 8000000 GSs.
Step 34200: Relocated 213665 GSs.
Step 34200: Added 0 GSs. Now having 8000000 GSs.
Step 34300: Relocated 223100 GSs.
Step 34300: Added 0 GSs. Now having 8000000 GSs.
Step 34400: Relocated 211120 GSs.
Step 34400: Added 0 GSs. Now having 8000000 GSs.
Step 34500: Relocated 210543 GSs.
Step 34500: Added 0 GSs. Now having 8000000 GSs.
Step 34600: Relocated 202770 GSs.
Step 34600: Added 0 GSs. Now having 8000000 GSs.
Step 34700: Relocated 205096 GSs.
Step 34700: Added 0 GSs. Now having 8000000 GSs.
Step 34800: Relocated 207024 GSs.
Step 34800: Added 0 GSs. Now having 8000000 GSs.
Step 34900: Relocated 195980 GSs.
Step 34900: Added 0 GSs. Now having 8000000 GSs.
Step 35000: Relocated 201738 GSs.
Step 35000: Added 0 GSs. Now having 8000000 GSs.
[35000] loss 0.0413 l1 0.0240 ssim 0.9030 N 8000000
Step 35100: Relocated 209021 GSs.
Step 35100: Added 0 GSs. Now having 8000000 GSs.
Step 35200: Relocated 202640 GSs.
Step 35200: Added 0 GSs. Now having 8000000 GSs.
Step 35300: Relocated 198163 GSs.
Step 35300: Added 0 GSs. Now having 8000000 GSs.
Step 35400: Relocated 194640 GSs.
Step 35400: Added 0 GSs. Now having 8000000 GSs.
Step 35500: Relocated 204039 GSs.
Step 35500: Added 0 GSs. Now having 8000000 GSs.
Step 35600: Relocated 193564 GSs.
Step 35600: Added 0 GSs. Now having 8000000 GSs.
Step 35700: Relocated 191897 GSs.
Step 35700: Added 0 GSs. Now having 8000000 GSs.
Step 35800: Relocated 189998 GSs.
Step 35800: Added 0 GSs. Now having 8000000 GSs.
Step 35900: Relocated 190444 GSs.
Step 35900: Added 0 GSs. Now having 8000000 GSs.
Step 36000: Relocated 202428 GSs.
Step 36000: Added 0 GSs. Now having 8000000 GSs.
[36000] loss 0.0530 l1 0.0284 ssim 0.8622 N 8000000
Step 36100: Relocated 187332 GSs.
Step 36100: Added 0 GSs. Now having 8000000 GSs.
Step 36200: Relocated 184942 GSs.
Step 36200: Added 0 GSs. Now having 8000000 GSs.
Step 36300: Relocated 187006 GSs.
Step 36300: Added 0 GSs. Now having 8000000 GSs.
Step 36400: Relocated 183073 GSs.
Step 36400: Added 0 GSs. Now having 8000000 GSs.
Step 36500: Relocated 180172 GSs.
Step 36500: Added 0 GSs. Now having 8000000 GSs.
Step 36600: Relocated 191247 GSs.
Step 36600: Added 0 GSs. Now having 8000000 GSs.
Step 36700: Relocated 190014 GSs.
Step 36700: Added 0 GSs. Now having 8000000 GSs.
Step 36800: Relocated 190177 GSs.
Step 36800: Added 0 GSs. Now having 8000000 GSs.
Step 36900: Relocated 184462 GSs.
Step 36900: Added 0 GSs. Now having 8000000 GSs.
Step 37000: Relocated 181426 GSs.
Step 37000: Added 0 GSs. Now having 8000000 GSs.
[37000] loss 0.0738 l1 0.0412 ssim 0.8095 N 8000000
Step 37100: Relocated 182469 GSs.
Step 37100: Added 0 GSs. Now having 8000000 GSs.
Step 37200: Relocated 176751 GSs.
Step 37200: Added 0 GSs. Now having 8000000 GSs.
Step 37300: Relocated 175920 GSs.
Step 37300: Added 0 GSs. Now having 8000000 GSs.
Step 37400: Relocated 176722 GSs.
Step 37400: Added 0 GSs. Now having 8000000 GSs.
Step 37500: Relocated 181709 GSs.
Step 37500: Added 0 GSs. Now having 8000000 GSs.
Step 37600: Relocated 170772 GSs.
Step 37600: Added 0 GSs. Now having 8000000 GSs.
Step 37700: Relocated 171996 GSs.
Step 37700: Added 0 GSs. Now having 8000000 GSs.
Step 37800: Relocated 170793 GSs.
Step 37800: Added 0 GSs. Now having 8000000 GSs.
Step 37900: Relocated 174274 GSs.
Step 37900: Added 0 GSs. Now having 8000000 GSs.
Step 38000: Relocated 171224 GSs.
Step 38000: Added 0 GSs. Now having 8000000 GSs.
[38000] loss 0.0640 l1 0.0377 ssim 0.8445 N 8000000
Step 38100: Relocated 164710 GSs.
Step 38100: Added 0 GSs. Now having 8000000 GSs.
Step 38200: Relocated 165592 GSs.
Step 38200: Added 0 GSs. Now having 8000000 GSs.
Step 38300: Relocated 167305 GSs.
Step 38300: Added 0 GSs. Now having 8000000 GSs.
Step 38400: Relocated 165230 GSs.
Step 38400: Added 0 GSs. Now having 8000000 GSs.
Step 38500: Relocated 169266 GSs.
Step 38500: Added 0 GSs. Now having 8000000 GSs.
Step 38600: Relocated 163327 GSs.
Step 38600: Added 0 GSs. Now having 8000000 GSs.
Step 38700: Relocated 160272 GSs.
Step 38700: Added 0 GSs. Now having 8000000 GSs.
Step 38800: Relocated 166917 GSs.
Step 38800: Added 0 GSs. Now having 8000000 GSs.
Step 38900: Relocated 163686 GSs.
Step 38900: Added 0 GSs. Now having 8000000 GSs.
Step 39000: Relocated 160962 GSs.
Step 39000: Added 0 GSs. Now having 8000000 GSs.
[39000] loss 0.0410 l1 0.0251 ssim 0.9093 N 8000000
Step 39100: Relocated 159936 GSs.
Step 39100: Added 0 GSs. Now having 8000000 GSs.
Step 39200: Relocated 153332 GSs.
Step 39200: Added 0 GSs. Now having 8000000 GSs.
Step 39300: Relocated 155893 GSs.
Step 39300: Added 0 GSs. Now having 8000000 GSs.
Step 39400: Relocated 156595 GSs.
Step 39400: Added 0 GSs. Now having 8000000 GSs.
Step 39500: Relocated 156795 GSs.
Step 39500: Added 0 GSs. Now having 8000000 GSs.
Step 39600: Relocated 155258 GSs.
Step 39600: Added 0 GSs. Now having 8000000 GSs.
Step 39700: Relocated 151286 GSs.
Step 39700: Added 0 GSs. Now having 8000000 GSs.
Step 39800: Relocated 151716 GSs.
Step 39800: Added 0 GSs. Now having 8000000 GSs.
Step 39900: Relocated 153543 GSs.
Step 39900: Added 0 GSs. Now having 8000000 GSs.
Step 40000: Relocated 144615 GSs.
Step 40000: Added 0 GSs. Now having 8000000 GSs.
[40000] loss 0.0514 l1 0.0294 ssim 0.8744 N 8000000
Step 40100: Relocated 143728 GSs.
Step 40100: Added 0 GSs. Now having 8000000 GSs.
Step 40200: Relocated 149755 GSs.
Step 40200: Added 0 GSs. Now having 8000000 GSs.
Step 40300: Relocated 150164 GSs.
Step 40300: Added 0 GSs. Now having 8000000 GSs.
Step 40400: Relocated 150007 GSs.
Step 40400: Added 0 GSs. Now having 8000000 GSs.
Step 40500: Relocated 142309 GSs.
Step 40500: Added 0 GSs. Now having 8000000 GSs.
Step 40600: Relocated 145802 GSs.
Step 40600: Added 0 GSs. Now having 8000000 GSs.
Step 40700: Relocated 138654 GSs.
Step 40700: Added 0 GSs. Now having 8000000 GSs.
Step 40800: Relocated 142235 GSs.
Step 40800: Added 0 GSs. Now having 8000000 GSs.
Step 40900: Relocated 138517 GSs.
Step 40900: Added 0 GSs. Now having 8000000 GSs.
Step 41000: Relocated 135917 GSs.
Step 41000: Added 0 GSs. Now having 8000000 GSs.
[41000] loss 0.0323 l1 0.0210 ssim 0.9363 N 8000000
Step 41100: Relocated 137590 GSs.
Step 41100: Added 0 GSs. Now having 8000000 GSs.
Step 41200: Relocated 138389 GSs.
Step 41200: Added 0 GSs. Now having 8000000 GSs.
Step 41300: Relocated 139388 GSs.
Step 41300: Added 0 GSs. Now having 8000000 GSs.
Step 41400: Relocated 131925 GSs.
Step 41400: Added 0 GSs. Now having 8000000 GSs.
Step 41500: Relocated 133931 GSs.
Step 41500: Added 0 GSs. Now having 8000000 GSs.
Step 41600: Relocated 135057 GSs.
Step 41600: Added 0 GSs. Now having 8000000 GSs.
Step 41700: Relocated 126610 GSs.
Step 41700: Added 0 GSs. Now having 8000000 GSs.
Step 41800: Relocated 132891 GSs.
Step 41800: Added 0 GSs. Now having 8000000 GSs.
Step 41900: Relocated 130501 GSs.
Step 41900: Added 0 GSs. Now having 8000000 GSs.
Step 42000: Relocated 128957 GSs.
Step 42000: Added 0 GSs. Now having 8000000 GSs.
[42000] loss 0.0436 l1 0.0257 ssim 0.8989 N 8000000
Step 42100: Relocated 127957 GSs.
Step 42100: Added 0 GSs. Now having 8000000 GSs.
Step 42200: Relocated 130366 GSs.
Step 42200: Added 0 GSs. Now having 8000000 GSs.
Step 42300: Relocated 127314 GSs.
Step 42300: Added 0 GSs. Now having 8000000 GSs.
Step 42400: Relocated 128283 GSs.
Step 42400: Added 0 GSs. Now having 8000000 GSs.
Step 42500: Relocated 125739 GSs.
Step 42500: Added 0 GSs. Now having 8000000 GSs.
Step 42600: Relocated 125156 GSs.
Step 42600: Added 0 GSs. Now having 8000000 GSs.
Step 42700: Relocated 124159 GSs.
Step 42700: Added 0 GSs. Now having 8000000 GSs.
Step 42800: Relocated 127102 GSs.
Step 42800: Added 0 GSs. Now having 8000000 GSs.
Step 42900: Relocated 122573 GSs.
Step 42900: Added 0 GSs. Now having 8000000 GSs.
Step 43000: Relocated 124450 GSs.
Step 43000: Added 0 GSs. Now having 8000000 GSs.
[43000] loss 0.0423 l1 0.0259 ssim 0.9063 N 8000000
Step 43100: Relocated 129074 GSs.
Step 43100: Added 0 GSs. Now having 8000000 GSs.
Step 43200: Relocated 123086 GSs.
Step 43200: Added 0 GSs. Now having 8000000 GSs.
Step 43300: Relocated 121057 GSs.
Step 43300: Added 0 GSs. Now having 8000000 GSs.
Step 43400: Relocated 116135 GSs.
Step 43400: Added 0 GSs. Now having 8000000 GSs.
Step 43500: Relocated 115480 GSs.
Step 43500: Added 0 GSs. Now having 8000000 GSs.
Step 43600: Relocated 119529 GSs.
Step 43600: Added 0 GSs. Now having 8000000 GSs.
Step 43700: Relocated 117033 GSs.
Step 43700: Added 0 GSs. Now having 8000000 GSs.
Step 43800: Relocated 114087 GSs.
Step 43800: Added 0 GSs. Now having 8000000 GSs.
Step 43900: Relocated 111731 GSs.
Step 43900: Added 0 GSs. Now having 8000000 GSs.
Step 44000: Relocated 112014 GSs.
Step 44000: Added 0 GSs. Now having 8000000 GSs.
[44000] loss 0.0687 l1 0.0391 ssim 0.8271 N 8000000
Step 44100: Relocated 109886 GSs.
Step 44100: Added 0 GSs. Now having 8000000 GSs.
Step 44200: Relocated 112896 GSs.
Step 44200: Added 0 GSs. Now having 8000000 GSs.
Step 44300: Relocated 112057 GSs.
Step 44300: Added 0 GSs. Now having 8000000 GSs.
Step 44400: Relocated 117764 GSs.
Step 44400: Added 0 GSs. Now having 8000000 GSs.
Step 44500: Relocated 112602 GSs.
Step 44500: Added 0 GSs. Now having 8000000 GSs.
Step 44600: Relocated 112851 GSs.
Step 44600: Added 0 GSs. Now having 8000000 GSs.
Step 44700: Relocated 105957 GSs.
Step 44700: Added 0 GSs. Now having 8000000 GSs.
Step 44800: Relocated 110657 GSs.
Step 44800: Added 0 GSs. Now having 8000000 GSs.
Step 44900: Relocated 104619 GSs.
Step 44900: Added 0 GSs. Now having 8000000 GSs.
Step 45000: Relocated 107649 GSs.
Step 45000: Added 0 GSs. Now having 8000000 GSs.
[45000] loss 0.0738 l1 0.0421 ssim 0.8138 N 8000000
Step 45100: Relocated 109709 GSs.
Step 45100: Added 0 GSs. Now having 8000000 GSs.
Step 45200: Relocated 110817 GSs.
Step 45200: Added 0 GSs. Now having 8000000 GSs.
Step 45300: Relocated 107104 GSs.
Step 45300: Added 0 GSs. Now having 8000000 GSs.
Step 45400: Relocated 104341 GSs.
Step 45400: Added 0 GSs. Now having 8000000 GSs.
Step 45500: Relocated 106623 GSs.
Step 45500: Added 0 GSs. Now having 8000000 GSs.
Step 45600: Relocated 106255 GSs.
Step 45600: Added 0 GSs. Now having 8000000 GSs.
Step 45700: Relocated 108704 GSs.
Step 45700: Added 0 GSs. Now having 8000000 GSs.
Step 45800: Relocated 103822 GSs.
Step 45800: Added 0 GSs. Now having 8000000 GSs.
Step 45900: Relocated 102919 GSs.
Step 45900: Added 0 GSs. Now having 8000000 GSs.
Step 46000: Relocated 102407 GSs.
Step 46000: Added 0 GSs. Now having 8000000 GSs.
[46000] loss 0.0312 l1 0.0192 ssim 0.9352 N 8000000
Step 46100: Relocated 98399 GSs.
Step 46100: Added 0 GSs. Now having 8000000 GSs.
Step 46200: Relocated 101519 GSs.
Step 46200: Added 0 GSs. Now having 8000000 GSs.
Step 46300: Relocated 110256 GSs.
Step 46300: Added 0 GSs. Now having 8000000 GSs.
Step 46400: Relocated 101351 GSs.
Step 46400: Added 0 GSs. Now having 8000000 GSs.
Step 46500: Relocated 96946 GSs.
Step 46500: Added 0 GSs. Now having 8000000 GSs.
Step 46600: Relocated 98595 GSs.
Step 46600: Added 0 GSs. Now having 8000000 GSs.
Step 46700: Relocated 97611 GSs.
Step 46700: Added 0 GSs. Now having 8000000 GSs.
Step 46800: Relocated 98176 GSs.
Step 46800: Added 0 GSs. Now having 8000000 GSs.
Step 46900: Relocated 94421 GSs.
Step 46900: Added 0 GSs. Now having 8000000 GSs.
Step 47000: Relocated 92231 GSs.
Step 47000: Added 0 GSs. Now having 8000000 GSs.
[47000] loss 0.0298 l1 0.0185 ssim 0.9398 N 8000000
Step 47100: Relocated 92295 GSs.
Step 47100: Added 0 GSs. Now having 8000000 GSs.
Step 47200: Relocated 92298 GSs.
Step 47200: Added 0 GSs. Now having 8000000 GSs.
Step 47300: Relocated 95622 GSs.
Step 47300: Added 0 GSs. Now having 8000000 GSs.
Step 47400: Relocated 90171 GSs.
Step 47400: Added 0 GSs. Now having 8000000 GSs.
Step 47500: Relocated 94677 GSs.
Step 47500: Added 0 GSs. Now having 8000000 GSs.
Step 47600: Relocated 90564 GSs.
Step 47600: Added 0 GSs. Now having 8000000 GSs.
Step 47700: Relocated 90945 GSs.
Step 47700: Added 0 GSs. Now having 8000000 GSs.
Step 47800: Relocated 89079 GSs.
Step 47800: Added 0 GSs. Now having 8000000 GSs.
Step 47900: Relocated 88330 GSs.
Step 47900: Added 0 GSs. Now having 8000000 GSs.
Step 48000: Relocated 91440 GSs.
Step 48000: Added 0 GSs. Now having 8000000 GSs.
[48000] loss 0.0482 l1 0.0284 ssim 0.8874 N 8000000
Step 48100: Relocated 89248 GSs.
Step 48100: Added 0 GSs. Now having 8000000 GSs.
Step 48200: Relocated 95211 GSs.
Step 48200: Added 0 GSs. Now having 8000000 GSs.
Step 48300: Relocated 90474 GSs.
Step 48300: Added 0 GSs. Now having 8000000 GSs.
Step 48400: Relocated 87839 GSs.
Step 48400: Added 0 GSs. Now having 8000000 GSs.
Step 48500: Relocated 85330 GSs.
Step 48500: Added 0 GSs. Now having 8000000 GSs.
Step 48600: Relocated 83237 GSs.
Step 48600: Added 0 GSs. Now having 8000000 GSs.
Step 48700: Relocated 85011 GSs.
Step 48700: Added 0 GSs. Now having 8000000 GSs.
Step 48800: Relocated 85278 GSs.
Step 48800: Added 0 GSs. Now having 8000000 GSs.
Step 48900: Relocated 85792 GSs.
Step 48900: Added 0 GSs. Now having 8000000 GSs.
Step 49000: Relocated 87020 GSs.
Step 49000: Added 0 GSs. Now having 8000000 GSs.
[49000] loss 0.0612 l1 0.0363 ssim 0.8542 N 8000000
Step 49100: Relocated 83673 GSs.
Step 49100: Added 0 GSs. Now having 8000000 GSs.
Step 49200: Relocated 81671 GSs.
Step 49200: Added 0 GSs. Now having 8000000 GSs.
Step 49300: Relocated 86019 GSs.
Step 49300: Added 0 GSs. Now having 8000000 GSs.
Step 49400: Relocated 81288 GSs.
Step 49400: Added 0 GSs. Now having 8000000 GSs.
Step 49500: Relocated 79970 GSs.
Step 49500: Added 0 GSs. Now having 8000000 GSs.
Step 49600: Relocated 78332 GSs.
Step 49600: Added 0 GSs. Now having 8000000 GSs.
Step 49700: Relocated 81636 GSs.
Step 49700: Added 0 GSs. Now having 8000000 GSs.
Step 49800: Relocated 81552 GSs.
Step 49800: Added 0 GSs. Now having 8000000 GSs.
Step 49900: Relocated 80783 GSs.
Step 49900: Added 0 GSs. Now having 8000000 GSs.
[50000] loss 0.0440 l1 0.0293 ssim 0.9123 N 8000000
Setting up [LPIPS] perceptual loss: trunk [vgg], v[0.1], spatial [off]
/home/bkai/miniconda3/envs/gsplat/lib/python3.10/site-packages/torchvision/models/_utils.py:208: UserWarning: The parameter 'pretrained' is deprecated since 0.13 and may be removed in the future, please use 'weights' instead.
  warnings.warn(
/home/bkai/miniconda3/envs/gsplat/lib/python3.10/site-packages/torchvision/models/_utils.py:223: UserWarning: Arguments other than a weight enum or `None` for 'weights' are deprecated since 0.13 and may be removed in the future. The current behavior is equivalent to passing `weights=VGG16_Weights.IMAGENET1K_V1`. You can also use `weights=VGG16_Weights.DEFAULT` to get the most up-to-date weights.
  warnings.warn(msg)
Loading model from: /home/bkai/miniconda3/envs/gsplat/lib/python3.10/site-packages/lpips/weights/v0.1/vgg.pth
[51000] loss 0.0594 l1 0.0302 ssim 0.8886 N 8000000
[52000] loss 0.0762 l1 0.0383 ssim 0.8511 N 8000000
[53000] loss 0.0618 l1 0.0318 ssim 0.8820 N 8000000
