/home/bkai/miniconda3/envs/fastgs2/lib/python3.10/site-packages/torchvision/models/_utils.py:208: UserWarning: The parameter 'pretrained' is deprecated since 0.13 and may be removed in the future, please use 'weights' instead.
  warnings.warn(
/home/bkai/miniconda3/envs/fastgs2/lib/python3.10/site-packages/torchvision/models/_utils.py:223: UserWarning: Arguments other than a weight enum or `None` for 'weights' are deprecated since 0.13 and may be removed in the future. The current behavior is equivalent to passing `weights=VGG16_Weights.IMAGENET1K_V1`. You can also use `weights=VGG16_Weights.DEFAULT` to get the most up-to-date weights.
  warnings.warn(msg)
Setting up [LPIPS] perceptual loss: trunk [vgg], v[0.1], spatial [off]
Loading model from: /home/bkai/miniconda3/envs/fastgs2/lib/python3.10/site-packages/lpips/weights/v0.1/vgg.pth
[1/60] DJI_20241229103156_0001_V  38s
[2/60] DJI_20241229103320_0006_V  74s
[3/60] DJI_20241229103324_0010_V  116s
[4/60] DJI_20241229103328_0014_V  176s
[5/60] DJI_20241229103332_0018_V  234s
[6/60] DJI_20241229103336_0022_V  296s
[7/60] DJI_20241229103343_0029_V  354s
[8/60] DJI_20241229103348_0034_V  414s
[9/60] DJI_20241229103400_0042_V  474s
[10/60] DJI_20241229103406_0048_V  534s
[11/60] DJI_20241229103411_0053_V  595s
[12/60] DJI_20241229103415_0057_V  654s
[13/60] DJI_20241229103419_0061_V  715s
[14/60] DJI_20241229103424_0066_V  774s
[15/60] DJI_20241229103441_0073_V  834s
[16/60] DJI_20241229103445_0077_V  894s
[17/60] DJI_20241229103450_0082_V  966s
[18/60] DJI_20241229103454_0086_V  1044s
[19/60] DJI_20241229103458_0090_V  1127s
[20/60] DJI_20241229103502_0094_V  1212s
[21/60] DJI_20241229103507_0099_V  1301s
[22/60] DJI_20241229103511_0103_V  1390s
[23/60] DJI_20241229103542_0107_V  1488s
[24/60] DJI_20241229103547_0112_V  1587s
[25/60] DJI_20241229103551_0116_V  1684s
[26/60] DJI_20241229103556_0121_V  1780s
[27/60] DJI_20241229103602_0127_V  1876s
[28/60] DJI_20241229103606_0131_V  1971s
[29/60] DJI_20241229103613_0138_V  2066s
[30/60] DJI_20241229103755_0175_V  2162s
[31/60] DJI_20241229103811_0191_V  2248s
[32/60] DJI_20241229103815_0195_V  2326s
[33/60] DJI_20241229103820_0200_V  2404s
[34/60] DJI_20241229103824_0204_V  2481s
[35/60] DJI_20241229103829_0209_V  2559s
[36/60] DJI_20241229103853_0213_V  2634s
[37/60] DJI_20241229103859_0219_V  2712s
[38/60] DJI_20241229103903_0223_V  2789s
[39/60] DJI_20241229103907_0227_V  2867s
[40/60] DJI_20241229103915_0235_V  2939s
[41/60] DJI_20241229103920_0240_V  3007s
[42/60] DJI_20241229104003_0246_V  3056s
[43/60] DJI_20241229104010_0253_V  3102s
[44/60] DJI_20241229104015_0258_V  3152s
[45/60] DJI_20241229104031_0266_V  3200s
[46/60] DJI_20241229104036_0271_V  3247s
[47/60] DJI_20241229104047_0276_V  3290s
[48/60] DJI_20241229104052_0281_V  3337s
[49/60] DJI_20241229104057_0286_V  3383s
[50/60] DJI_20241229104108_0291_V  3430s
[51/60] DJI_20241229104112_0295_V  3476s
[52/60] DJI_20241229104143_0322_V  3523s
[53/60] DJI_20241229104200_0333_V  3568s
[54/60] DJI_20241229104204_0337_V  3613s
[55/60] DJI_20241229104219_0344_V  3662s
[56/60] DJI_20241229104223_0348_V  3708s
[57/60] DJI_20241229104227_0352_V  3754s
[58/60] DJI_20241229104237_0356_V  3801s
[59/60] DJI_20241229104243_0362_V  3846s
[60/60] DJI_20241229104256_0368_V  3892s

=== SOLO ===
  eval_png                 PSNR 24.2410 SSIM 0.8480 LPIPS 0.1139 SCORE 75.4293
  eval_png                 PSNR 24.1955 SSIM 0.8469 LPIPS 0.1153 SCORE 75.3116
  eval_png                 PSNR 24.1232 SSIM 0.8441 LPIPS 0.1200 SCORE 74.9974
  eval_png                 PSNR 24.0924 SSIM 0.8431 LPIPS 0.1204 SCORE 74.9301
  eval_png                 PSNR 24.1285 SSIM 0.8440 LPIPS 0.1203 SCORE 74.9820
  eval_png                 PSNR 24.0748 SSIM 0.8438 LPIPS 0.1215 SCORE 74.8983
  eval_png                 PSNR 24.0449 SSIM 0.8419 LPIPS 0.1214 SCORE 74.8281
=== CUMULATIVE PIXEL-MEAN DEPTH CURVE ===
  k=1  PSNR 24.2410 SSIM 0.8480 LPIPS 0.1139 SCORE 75.4293
  k=2  PSNR 24.5762 SSIM 0.8574 LPIPS 0.1085 SCORE 76.1288  delta +0.6995
  k=3  PSNR 24.6985 SSIM 0.8606 LPIPS 0.1079 SCORE 76.3214  delta +0.1926
  k=4  PSNR 24.7590 SSIM 0.8622 LPIPS 0.1079 SCORE 76.4054  delta +0.0840
  k=5  PSNR 24.8095 SSIM 0.8636 LPIPS 0.1080 SCORE 76.4735  delta +0.0681
  k=6  PSNR 24.8300 SSIM 0.8643 LPIPS 0.1080 SCORE 76.5065  delta +0.0330
  k=7  PSNR 24.8454 SSIM 0.8646 LPIPS 0.1083 SCORE 76.5156  delta +0.0091
