220/276 images.bin entries have files in /mnt/d/avv/evalsplit/bonsai/train_sub/images
220 views, 54422 init points, K=[[1650.0,0,960.0],[0,1650.0,540.0]], size 1920x1080
scene_scale 8.368
/mnt/c/Users/BKAI/an_plaza2/FastGS/gsplat_track/train_gsplat.py:613: UserWarning: The given NumPy array is not writable, and PyTorch does not support non-writable tensors. This means writing to this tensor will result in undefined behavior. You may want to copy the array to protect its data or make it writable before converting it to a tensor. This type of warning will be suppressed for the rest of this program. (Triggered internally at /pytorch/torch/csrc/utils/tensor_numpy.cpp:203.)
  gt_cache[vi] = torch.from_numpy(
[0] loss 0.2288 l1 0.2184 ssim 0.7705 N 54422
Step 600: Relocated 37711 GSs.
Step 600: Added 2721 GSs. Now having 57143 GSs.
Step 700: Relocated 5014 GSs.
Step 700: Added 2857 GSs. Now having 60000 GSs.
Step 800: Relocated 4213 GSs.
Step 800: Added 3000 GSs. Now having 63000 GSs.
Step 900: Relocated 3731 GSs.
Step 900: Added 3150 GSs. Now having 66150 GSs.
Step 1000: Relocated 3973 GSs.
Step 1000: Added 3307 GSs. Now having 69457 GSs.
[1000] loss 0.1379 l1 0.0694 ssim 0.6179 N 69457
Step 1100: Relocated 4054 GSs.
Step 1100: Added 3472 GSs. Now having 72929 GSs.
Step 1200: Relocated 4144 GSs.
Step 1200: Added 3646 GSs. Now having 76575 GSs.
Step 1300: Relocated 4487 GSs.
Step 1300: Added 3828 GSs. Now having 80403 GSs.
Step 1400: Relocated 4472 GSs.
Step 1400: Added 4020 GSs. Now having 84423 GSs.
Step 1500: Relocated 4410 GSs.
Step 1500: Added 4221 GSs. Now having 88644 GSs.
Step 1600: Relocated 5009 GSs.
Step 1600: Added 4432 GSs. Now having 93076 GSs.
Step 1700: Relocated 5049 GSs.
Step 1700: Added 4653 GSs. Now having 97729 GSs.
Step 1800: Relocated 5067 GSs.
Step 1800: Added 4886 GSs. Now having 102615 GSs.
Step 1900: Relocated 5833 GSs.
Step 1900: Added 5130 GSs. Now having 107745 GSs.
Step 2000: Relocated 6473 GSs.
Step 2000: Added 5387 GSs. Now having 113132 GSs.
[2000] loss 0.0586 l1 0.0313 ssim 0.8593 N 113132
Step 2100: Relocated 6478 GSs.
Step 2100: Added 5656 GSs. Now having 118788 GSs.
Step 2200: Relocated 8136 GSs.
Step 2200: Added 5939 GSs. Now having 124727 GSs.
Step 2300: Relocated 7093 GSs.
Step 2300: Added 6236 GSs. Now having 130963 GSs.
Step 2400: Relocated 8716 GSs.
Step 2400: Added 6548 GSs. Now having 137511 GSs.
Step 2500: Relocated 7892 GSs.
Step 2500: Added 6875 GSs. Now having 144386 GSs.
Step 2600: Relocated 8658 GSs.
Step 2600: Added 7219 GSs. Now having 151605 GSs.
Step 2700: Relocated 9620 GSs.
Step 2700: Added 7580 GSs. Now having 159185 GSs.
Step 2800: Relocated 9622 GSs.
Step 2800: Added 7959 GSs. Now having 167144 GSs.
Step 2900: Relocated 10306 GSs.
Step 2900: Added 8357 GSs. Now having 175501 GSs.
Step 3000: Relocated 10287 GSs.
Step 3000: Added 8775 GSs. Now having 184276 GSs.
[3000] loss 0.0542 l1 0.0302 ssim 0.8734 N 184276
Step 3100: Relocated 11311 GSs.
Step 3100: Added 9213 GSs. Now having 193489 GSs.
Step 3200: Relocated 11579 GSs.
Step 3200: Added 9674 GSs. Now having 203163 GSs.
Step 3300: Relocated 13380 GSs.
Step 3300: Added 10158 GSs. Now having 213321 GSs.
Step 3400: Relocated 14110 GSs.
Step 3400: Added 10666 GSs. Now having 223987 GSs.
Step 3500: Relocated 14109 GSs.
Step 3500: Added 11199 GSs. Now having 235186 GSs.
Step 3600: Relocated 15942 GSs.
Step 3600: Added 11759 GSs. Now having 246945 GSs.
Step 3700: Relocated 16138 GSs.
Step 3700: Added 12347 GSs. Now having 259292 GSs.
Step 3800: Relocated 18797 GSs.
Step 3800: Added 12964 GSs. Now having 272256 GSs.
Step 3900: Relocated 19392 GSs.
Step 3900: Added 13612 GSs. Now having 285868 GSs.
Step 4000: Relocated 19608 GSs.
Step 4000: Added 14293 GSs. Now having 300161 GSs.
[4000] loss 0.0644 l1 0.0409 ssim 0.8612 N 300161
Step 4100: Relocated 18620 GSs.
Step 4100: Added 15008 GSs. Now having 315169 GSs.
Step 4200: Relocated 21527 GSs.
Step 4200: Added 15758 GSs. Now having 330927 GSs.
Step 4300: Relocated 21889 GSs.
Step 4300: Added 16546 GSs. Now having 347473 GSs.
Step 4400: Relocated 25516 GSs.
Step 4400: Added 17373 GSs. Now having 364846 GSs.
Step 4500: Relocated 24798 GSs.
Step 4500: Added 18242 GSs. Now having 383088 GSs.
Step 4600: Relocated 26128 GSs.
Step 4600: Added 19154 GSs. Now having 402242 GSs.
Step 4700: Relocated 28894 GSs.
Step 4700: Added 20112 GSs. Now having 422354 GSs.
Step 4800: Relocated 31410 GSs.
Step 4800: Added 21117 GSs. Now having 443471 GSs.
Step 4900: Relocated 30394 GSs.
Step 4900: Added 22173 GSs. Now having 465644 GSs.
Step 5000: Relocated 30759 GSs.
Step 5000: Added 23282 GSs. Now having 488926 GSs.
[5000] loss 0.0563 l1 0.0335 ssim 0.8695 N 488926
Step 5100: Relocated 36230 GSs.
Step 5100: Added 24446 GSs. Now having 513372 GSs.
Step 5200: Relocated 37413 GSs.
Step 5200: Added 25668 GSs. Now having 539040 GSs.
Step 5300: Relocated 38032 GSs.
Step 5300: Added 26952 GSs. Now having 565992 GSs.
Step 5400: Relocated 38802 GSs.
Step 5400: Added 28299 GSs. Now having 594291 GSs.
Step 5500: Relocated 46473 GSs.
Step 5500: Added 29714 GSs. Now having 624005 GSs.
Step 5600: Relocated 48188 GSs.
Step 5600: Added 31200 GSs. Now having 655205 GSs.
Step 5700: Relocated 53430 GSs.
Step 5700: Added 32760 GSs. Now having 687965 GSs.
Step 5800: Relocated 54916 GSs.
Step 5800: Added 34398 GSs. Now having 722363 GSs.
Step 5900: Relocated 55229 GSs.
Step 5900: Added 36118 GSs. Now having 758481 GSs.
Step 6000: Relocated 55047 GSs.
Step 6000: Added 37924 GSs. Now having 796405 GSs.
[6000] loss 0.0577 l1 0.0326 ssim 0.8569 N 796405
Step 6100: Relocated 62754 GSs.
Step 6100: Added 39820 GSs. Now having 836225 GSs.
Step 6200: Relocated 74686 GSs.
Step 6200: Added 41811 GSs. Now having 878036 GSs.
Step 6300: Relocated 74725 GSs.
Step 6300: Added 43901 GSs. Now having 921937 GSs.
Step 6400: Relocated 78303 GSs.
Step 6400: Added 46096 GSs. Now having 968033 GSs.
Step 6500: Relocated 76532 GSs.
Step 6500: Added 48401 GSs. Now having 1016434 GSs.
Step 6600: Relocated 81367 GSs.
Step 6600: Added 50821 GSs. Now having 1067255 GSs.
Step 6700: Relocated 91343 GSs.
Step 6700: Added 53362 GSs. Now having 1120617 GSs.
Step 6800: Relocated 91999 GSs.
Step 6800: Added 56030 GSs. Now having 1176647 GSs.
Step 6900: Relocated 98170 GSs.
Step 6900: Added 58832 GSs. Now having 1235479 GSs.
Step 7000: Relocated 101644 GSs.
Step 7000: Added 61773 GSs. Now having 1297252 GSs.
[7000] loss 0.0620 l1 0.0395 ssim 0.8610 N 1297252
Step 7100: Relocated 102295 GSs.
Step 7100: Added 64862 GSs. Now having 1362114 GSs.
Step 7200: Relocated 112703 GSs.
Step 7200: Added 68105 GSs. Now having 1430219 GSs.
Step 7300: Relocated 121202 GSs.
Step 7300: Added 71510 GSs. Now having 1501729 GSs.
Step 7400: Relocated 129937 GSs.
Step 7400: Added 75086 GSs. Now having 1576815 GSs.
Step 7500: Relocated 135511 GSs.
Step 7500: Added 78840 GSs. Now having 1655655 GSs.
Step 7600: Relocated 140137 GSs.
Step 7600: Added 82782 GSs. Now having 1738437 GSs.
Step 7700: Relocated 152770 GSs.
Step 7700: Added 86921 GSs. Now having 1825358 GSs.
Step 7800: Relocated 165761 GSs.
Step 7800: Added 91267 GSs. Now having 1916625 GSs.
Step 7900: Relocated 172403 GSs.
Step 7900: Added 95831 GSs. Now having 2012456 GSs.
Step 8000: Relocated 179951 GSs.
Step 8000: Added 100622 GSs. Now having 2113078 GSs.
[8000] loss 0.1004 l1 0.0479 ssim 0.7017 N 2113078
Step 8100: Relocated 167925 GSs.
Step 8100: Added 105653 GSs. Now having 2218731 GSs.
Step 8200: Relocated 162615 GSs.
Step 8200: Added 110936 GSs. Now having 2329667 GSs.
Step 8300: Relocated 156445 GSs.
Step 8300: Added 116483 GSs. Now having 2446150 GSs.
Step 8400: Relocated 176421 GSs.
Step 8400: Added 122307 GSs. Now having 2568457 GSs.
Step 8500: Relocated 189156 GSs.
Step 8500: Added 128422 GSs. Now having 2696879 GSs.
Step 8600: Relocated 187489 GSs.
Step 8600: Added 134843 GSs. Now having 2831722 GSs.
Step 8700: Relocated 196434 GSs.
Step 8700: Added 141586 GSs. Now having 2973308 GSs.
Step 8800: Relocated 241507 GSs.
Step 8800: Added 148665 GSs. Now having 3121973 GSs.
Step 8900: Relocated 242914 GSs.
Step 8900: Added 156098 GSs. Now having 3278071 GSs.
Step 9000: Relocated 242703 GSs.
Step 9000: Added 163903 GSs. Now having 3441974 GSs.
[9000] loss 0.0294 l1 0.0188 ssim 0.9380 N 3441974
Step 9100: Relocated 245937 GSs.
Step 9100: Added 172098 GSs. Now having 3614072 GSs.
Step 9200: Relocated 244902 GSs.
Step 9200: Added 180703 GSs. Now having 3794775 GSs.
Step 9300: Relocated 264754 GSs.
Step 9300: Added 189738 GSs. Now having 3984513 GSs.
Step 9400: Relocated 306254 GSs.
Step 9400: Added 199225 GSs. Now having 4183738 GSs.
Step 9500: Relocated 329720 GSs.
Step 9500: Added 209186 GSs. Now having 4392924 GSs.
Step 9600: Relocated 352741 GSs.
Step 9600: Added 219646 GSs. Now having 4612570 GSs.
Step 9700: Relocated 375045 GSs.
Step 9700: Added 230628 GSs. Now having 4843198 GSs.
Step 9800: Relocated 392553 GSs.
Step 9800: Added 156802 GSs. Now having 5000000 GSs.
Step 9900: Relocated 397227 GSs.
Step 9900: Added 0 GSs. Now having 5000000 GSs.
Step 10000: Relocated 348731 GSs.
Step 10000: Added 0 GSs. Now having 5000000 GSs.
[10000] loss 0.1041 l1 0.0456 ssim 0.6704 N 5000000
Step 10100: Relocated 290934 GSs.
Step 10100: Added 0 GSs. Now having 5000000 GSs.
Step 10200: Relocated 262615 GSs.
Step 10200: Added 0 GSs. Now having 5000000 GSs.
Step 10300: Relocated 256725 GSs.
Step 10300: Added 0 GSs. Now having 5000000 GSs.
Step 10400: Relocated 230754 GSs.
Step 10400: Added 0 GSs. Now having 5000000 GSs.
Step 10500: Relocated 232858 GSs.
Step 10500: Added 0 GSs. Now having 5000000 GSs.
Step 10600: Relocated 234657 GSs.
Step 10600: Added 0 GSs. Now having 5000000 GSs.
Step 10700: Relocated 217300 GSs.
Step 10700: Added 0 GSs. Now having 5000000 GSs.
Step 10800: Relocated 211942 GSs.
Step 10800: Added 0 GSs. Now having 5000000 GSs.
Step 10900: Relocated 202339 GSs.
Step 10900: Added 0 GSs. Now having 5000000 GSs.
Step 11000: Relocated 203768 GSs.
Step 11000: Added 0 GSs. Now having 5000000 GSs.
[11000] loss 0.0825 l1 0.0391 ssim 0.7510 N 5000000
Step 11100: Relocated 221700 GSs.
Step 11100: Added 0 GSs. Now having 5000000 GSs.
Step 11200: Relocated 220563 GSs.
Step 11200: Added 0 GSs. Now having 5000000 GSs.
Step 11300: Relocated 192460 GSs.
Step 11300: Added 0 GSs. Now having 5000000 GSs.
Step 11400: Relocated 179478 GSs.
Step 11400: Added 0 GSs. Now having 5000000 GSs.
Step 11500: Relocated 177006 GSs.
Step 11500: Added 0 GSs. Now having 5000000 GSs.
Step 11600: Relocated 185942 GSs.
Step 11600: Added 0 GSs. Now having 5000000 GSs.
Step 11700: Relocated 176433 GSs.
Step 11700: Added 0 GSs. Now having 5000000 GSs.
Step 11800: Relocated 170840 GSs.
Step 11800: Added 0 GSs. Now having 5000000 GSs.
Step 11900: Relocated 174929 GSs.
Step 11900: Added 0 GSs. Now having 5000000 GSs.
Step 12000: Relocated 181649 GSs.
Step 12000: Added 0 GSs. Now having 5000000 GSs.
[12000] loss 0.0882 l1 0.0433 ssim 0.7391 N 5000000
Setting up [LPIPS] perceptual loss: trunk [vgg], v[0.1], spatial [off]
/home/bkai/miniconda3/envs/gsplat/lib/python3.10/site-packages/torchvision/models/_utils.py:208: UserWarning: The parameter 'pretrained' is deprecated since 0.13 and may be removed in the future, please use 'weights' instead.
  warnings.warn(
/home/bkai/miniconda3/envs/gsplat/lib/python3.10/site-packages/torchvision/models/_utils.py:223: UserWarning: Arguments other than a weight enum or `None` for 'weights' are deprecated since 0.13 and may be removed in the future. The current behavior is equivalent to passing `weights=VGG16_Weights.IMAGENET1K_V1`. You can also use `weights=VGG16_Weights.DEFAULT` to get the most up-to-date weights.
  warnings.warn(msg)
Loading model from: /home/bkai/miniconda3/envs/gsplat/lib/python3.10/site-packages/lpips/weights/v0.1/vgg.pth
Step 12100: Relocated 239560 GSs.
Step 12100: Added 0 GSs. Now having 5000000 GSs.
Step 12200: Relocated 200996 GSs.
Step 12200: Added 0 GSs. Now having 5000000 GSs.
Step 12300: Relocated 186580 GSs.
Step 12300: Added 0 GSs. Now having 5000000 GSs.
Step 12400: Relocated 181567 GSs.
Step 12400: Added 0 GSs. Now having 5000000 GSs.
Step 12500: Relocated 185790 GSs.
Step 12500: Added 0 GSs. Now having 5000000 GSs.
Step 12600: Relocated 164475 GSs.
Step 12600: Added 0 GSs. Now having 5000000 GSs.
Step 12700: Relocated 150713 GSs.
Step 12700: Added 0 GSs. Now having 5000000 GSs.
Step 12800: Relocated 144577 GSs.
Step 12800: Added 0 GSs. Now having 5000000 GSs.
Step 12900: Relocated 139274 GSs.
Step 12900: Added 0 GSs. Now having 5000000 GSs.
Step 13000: Relocated 142740 GSs.
Step 13000: Added 0 GSs. Now having 5000000 GSs.
[13000] loss 0.0497 l1 0.0177 ssim 0.9216 N 5000000
Step 13100: Relocated 132441 GSs.
Step 13100: Added 0 GSs. Now having 5000000 GSs.
Step 13200: Relocated 128139 GSs.
Step 13200: Added 0 GSs. Now having 5000000 GSs.
Step 13300: Relocated 121203 GSs.
Step 13300: Added 0 GSs. Now having 5000000 GSs.
Step 13400: Relocated 118399 GSs.
Step 13400: Added 0 GSs. Now having 5000000 GSs.
Step 13500: Relocated 123156 GSs.
Step 13500: Added 0 GSs. Now having 5000000 GSs.
Step 13600: Relocated 118177 GSs.
Step 13600: Added 0 GSs. Now having 5000000 GSs.
Step 13700: Relocated 116335 GSs.
Step 13700: Added 0 GSs. Now having 5000000 GSs.
Step 13800: Relocated 127285 GSs.
Step 13800: Added 0 GSs. Now having 5000000 GSs.
Step 13900: Relocated 118787 GSs.
Step 13900: Added 0 GSs. Now having 5000000 GSs.
Step 14000: Relocated 106123 GSs.
Step 14000: Added 0 GSs. Now having 5000000 GSs.
[14000] loss 0.0829 l1 0.0287 ssim 0.8629 N 5000000
Step 14100: Relocated 107648 GSs.
Step 14100: Added 0 GSs. Now having 5000000 GSs.
Step 14200: Relocated 106929 GSs.
Step 14200: Added 0 GSs. Now having 5000000 GSs.
Step 14300: Relocated 102163 GSs.
Step 14300: Added 0 GSs. Now having 5000000 GSs.
Step 14400: Relocated 105662 GSs.
Step 14400: Added 0 GSs. Now having 5000000 GSs.
Step 14500: Relocated 109750 GSs.
Step 14500: Added 0 GSs. Now having 5000000 GSs.
Step 14600: Relocated 105306 GSs.
Step 14600: Added 0 GSs. Now having 5000000 GSs.
Step 14700: Relocated 102820 GSs.
Step 14700: Added 0 GSs. Now having 5000000 GSs.
Step 14800: Relocated 92601 GSs.
Step 14800: Added 0 GSs. Now having 5000000 GSs.
Step 14900: Relocated 94659 GSs.
Step 14900: Added 0 GSs. Now having 5000000 GSs.
[15000] loss 0.0488 l1 0.0195 ssim 0.9305 N 5000000
[16000] loss 0.0612 l1 0.0237 ssim 0.9139 N 5000000
[17000] loss 0.1074 l1 0.0367 ssim 0.7553 N 5000000
[18000] loss 0.0399 l1 0.0162 ssim 0.9459 N 5000000
[19000] loss 0.0489 l1 0.0174 ssim 0.9291 N 5000000
[20000] loss 0.0413 l1 0.0134 ssim 0.9442 N 5000000
[21000] loss 0.1036 l1 0.0397 ssim 0.7756 N 5000000
[22000] loss 0.0504 l1 0.0207 ssim 0.9260 N 5000000
[23000] loss 0.0408 l1 0.0170 ssim 0.9466 N 5000000
[24000] loss 0.0284 l1 0.0116 ssim 0.9721 N 5000000
[25000] loss 0.0325 l1 0.0133 ssim 0.9703 N 5000000
[26000] loss 0.0373 l1 0.0146 ssim 0.9508 N 5000000
[27000] loss 0.0333 l1 0.0135 ssim 0.9575 N 5000000
[28000] loss 0.0416 l1 0.0183 ssim 0.9413 N 5000000
[29000] loss 0.0867 l1 0.0317 ssim 0.8058 N 5000000
[29999] loss 0.0930 l1 0.0324 ssim 0.7827 N 5000000
Saved 5000000 gaussians to /mnt/d/avv/r43_bonsai/opreg003/ckpt.pt
