ERROR conda.cli.main_run:execute(142): `conda run python -c 
import sys; sys.path.insert(0,'.')
from scene.colmap_loader import read_intrinsics_binary
c=list(read_intrinsics_binary('/mnt/d/avv/data/phase1/private_set2/bonsai/train/sparse/0/cameras.bin').values())[0]
p=list(c.params); print(p[3] if c.model in ('SIMPLE_RADIAL','RADIAL') else 0.0)` failed. (See above for error)
[bonsai] k1=ERROR: This cross-compiler package contains no program /home/bkai/miniconda3/bin/x86_64-conda-linux-gnu-g++ -> native
248/276 images.bin entries have files in /mnt/d/avv/data/phase1/private_set2/bonsai/train/images
248 views, 54422 init points, K=[[1650.0,0,960.0],[0,1650.0,540.0]], size 1920x1080
3DGUT mode: classic + with_ut + with_eval3d, k1=+0.000000
scene_scale 8.409
/mnt/c/Users/BKAI/an_plaza2/FastGS/gsplat_track/train_gsplat.py:325: UserWarning: The given NumPy array is not writable, and PyTorch does not support non-writable tensors. This means writing to this tensor will result in undefined behavior. You may want to copy the array to protect its data or make it writable before converting it to a tensor. This type of warning will be suppressed for the rest of this program. (Triggered internally at /pytorch/torch/csrc/utils/tensor_numpy.cpp:203.)
  gt_cache[vi] = torch.from_numpy(
[0] loss 0.2646 l1 0.2268 ssim 0.6123 N 54422
Step 600: Relocated 37996 GSs.
Step 600: Added 2721 GSs. Now having 57143 GSs.
Step 700: Relocated 7864 GSs.
Step 700: Added 2857 GSs. Now having 60000 GSs.
Step 800: Relocated 6968 GSs.
Step 800: Added 3000 GSs. Now having 63000 GSs.
Step 900: Relocated 6217 GSs.
Step 900: Added 3150 GSs. Now having 66150 GSs.
Step 1000: Relocated 6024 GSs.
Step 1000: Added 3307 GSs. Now having 69457 GSs.
[1000] loss 0.1329 l1 0.1102 ssim 0.7856 N 69457
Step 1100: Relocated 6012 GSs.
Step 1100: Added 3472 GSs. Now having 72929 GSs.
Step 1200: Relocated 5968 GSs.
Step 1200: Added 3646 GSs. Now having 76575 GSs.
Step 1300: Relocated 6289 GSs.
Step 1300: Added 3828 GSs. Now having 80403 GSs.
Step 1400: Relocated 6488 GSs.
Step 1400: Added 4020 GSs. Now having 84423 GSs.
Step 1500: Relocated 7047 GSs.
Step 1500: Added 4221 GSs. Now having 88644 GSs.
Step 1600: Relocated 7024 GSs.
Step 1600: Added 4432 GSs. Now having 93076 GSs.
Step 1700: Relocated 7748 GSs.
Step 1700: Added 4653 GSs. Now having 97729 GSs.
Step 1800: Relocated 7862 GSs.
Step 1800: Added 4886 GSs. Now having 102615 GSs.
Step 1900: Relocated 8497 GSs.
Step 1900: Added 5130 GSs. Now having 107745 GSs.
Step 2000: Relocated 9550 GSs.
Step 2000: Added 5387 GSs. Now having 113132 GSs.
[2000] loss 0.0872 l1 0.0670 ssim 0.8422 N 113132
Step 2100: Relocated 10229 GSs.
Step 2100: Added 5656 GSs. Now having 118788 GSs.
Step 2200: Relocated 11595 GSs.
Step 2200: Added 5939 GSs. Now having 124727 GSs.
Step 2300: Relocated 12257 GSs.
Step 2300: Added 6236 GSs. Now having 130963 GSs.
Step 2400: Relocated 12984 GSs.
Step 2400: Added 6548 GSs. Now having 137511 GSs.
Step 2500: Relocated 14192 GSs.
Step 2500: Added 6875 GSs. Now having 144386 GSs.
Step 2600: Relocated 14939 GSs.
Step 2600: Added 7219 GSs. Now having 151605 GSs.
Step 2700: Relocated 15590 GSs.
Step 2700: Added 7580 GSs. Now having 159185 GSs.
Step 2800: Relocated 18678 GSs.
Step 2800: Added 7959 GSs. Now having 167144 GSs.
Step 2900: Relocated 19029 GSs.
Step 2900: Added 8357 GSs. Now having 175501 GSs.
Step 3000: Relocated 19910 GSs.
Step 3000: Added 8775 GSs. Now having 184276 GSs.
[3000] loss 0.1037 l1 0.0617 ssim 0.7379 N 184276
Step 3100: Relocated 19879 GSs.
Step 3100: Added 9213 GSs. Now having 193489 GSs.
Step 3200: Relocated 20589 GSs.
Step 3200: Added 9674 GSs. Now having 203163 GSs.
Step 3300: Relocated 23705 GSs.
Step 3300: Added 10158 GSs. Now having 213321 GSs.
Step 3400: Relocated 24959 GSs.
Step 3400: Added 10666 GSs. Now having 223987 GSs.
Step 3500: Relocated 24834 GSs.
Step 3500: Added 11199 GSs. Now having 235186 GSs.
Step 3600: Relocated 27505 GSs.
Step 3600: Added 11759 GSs. Now having 246945 GSs.
Step 3700: Relocated 28767 GSs.
Step 3700: Added 12347 GSs. Now having 259292 GSs.
Step 3800: Relocated 32387 GSs.
Step 3800: Added 12964 GSs. Now having 272256 GSs.
Step 3900: Relocated 32826 GSs.
Step 3900: Added 13612 GSs. Now having 285868 GSs.
Step 4000: Relocated 36208 GSs.
Step 4000: Added 14293 GSs. Now having 300161 GSs.
[4000] loss 0.1238 l1 0.0626 ssim 0.6402 N 300161
Step 4100: Relocated 37000 GSs.
Step 4100: Added 15008 GSs. Now having 315169 GSs.
Step 4200: Relocated 38210 GSs.
Step 4200: Added 15758 GSs. Now having 330927 GSs.
Step 4300: Relocated 43434 GSs.
Step 4300: Added 16546 GSs. Now having 347473 GSs.
Step 4400: Relocated 44844 GSs.
Step 4400: Added 17373 GSs. Now having 364846 GSs.
Step 4500: Relocated 50141 GSs.
Step 4500: Added 18242 GSs. Now having 383088 GSs.
Step 4600: Relocated 49962 GSs.
Step 4600: Added 19154 GSs. Now having 402242 GSs.
Step 4700: Relocated 55427 GSs.
Step 4700: Added 20112 GSs. Now having 422354 GSs.
Step 4800: Relocated 58278 GSs.
Step 4800: Added 21117 GSs. Now having 443471 GSs.
Step 4900: Relocated 61783 GSs.
Step 4900: Added 22173 GSs. Now having 465644 GSs.
Step 5000: Relocated 68503 GSs.
Step 5000: Added 23282 GSs. Now having 488926 GSs.
[5000] loss 0.0733 l1 0.0384 ssim 0.7953 N 488926
Step 5100: Relocated 71364 GSs.
Step 5100: Added 24446 GSs. Now having 513372 GSs.
Step 5200: Relocated 77334 GSs.
Step 5200: Added 25668 GSs. Now having 539040 GSs.
Step 5300: Relocated 78847 GSs.
Step 5300: Added 26952 GSs. Now having 565992 GSs.
Step 5400: Relocated 91964 GSs.
Step 5400: Added 28299 GSs. Now having 594291 GSs.
Step 5500: Relocated 92085 GSs.
Step 5500: Added 29714 GSs. Now having 624005 GSs.
Step 5600: Relocated 95034 GSs.
Step 5600: Added 31200 GSs. Now having 655205 GSs.
Step 5700: Relocated 108251 GSs.
Step 5700: Added 32760 GSs. Now having 687965 GSs.
Step 5800: Relocated 115205 GSs.
Step 5800: Added 34398 GSs. Now having 722363 GSs.
Step 5900: Relocated 115174 GSs.
Step 5900: Added 36118 GSs. Now having 758481 GSs.
Step 6000: Relocated 128013 GSs.
Step 6000: Added 37924 GSs. Now having 796405 GSs.
[6000] loss 0.0463 l1 0.0307 ssim 0.8983 N 796405
Step 6100: Relocated 139901 GSs.
Step 6100: Added 39820 GSs. Now having 836225 GSs.
Step 6200: Relocated 145544 GSs.
Step 6200: Added 41811 GSs. Now having 878036 GSs.
Step 6300: Relocated 150902 GSs.
Step 6300: Added 43901 GSs. Now having 921937 GSs.
Step 6400: Relocated 159099 GSs.
Step 6400: Added 46096 GSs. Now having 968033 GSs.
Step 6500: Relocated 173576 GSs.
Step 6500: Added 48401 GSs. Now having 1016434 GSs.
Step 6600: Relocated 177870 GSs.
Step 6600: Added 50821 GSs. Now having 1067255 GSs.
Step 6700: Relocated 187849 GSs.
Step 6700: Added 53362 GSs. Now having 1120617 GSs.
Step 6800: Relocated 198209 GSs.
Step 6800: Added 56030 GSs. Now having 1176647 GSs.
Step 6900: Relocated 211064 GSs.
Step 6900: Added 58832 GSs. Now having 1235479 GSs.
Step 7000: Relocated 218550 GSs.
Step 7000: Added 61773 GSs. Now having 1297252 GSs.
[7000] loss 0.1033 l1 0.0482 ssim 0.6820 N 1297252
Step 7100: Relocated 237625 GSs.
Step 7100: Added 64862 GSs. Now having 1362114 GSs.
Step 7200: Relocated 254770 GSs.
Step 7200: Added 68105 GSs. Now having 1430219 GSs.
Step 7300: Relocated 273289 GSs.
Step 7300: Added 71510 GSs. Now having 1501729 GSs.
Step 7400: Relocated 282841 GSs.
Step 7400: Added 75086 GSs. Now having 1576815 GSs.
Step 7500: Relocated 305747 GSs.
Step 7500: Added 78840 GSs. Now having 1655655 GSs.
Step 7600: Relocated 316521 GSs.
Step 7600: Added 82782 GSs. Now having 1738437 GSs.
Step 7700: Relocated 336576 GSs.
Step 7700: Added 86921 GSs. Now having 1825358 GSs.
Step 7800: Relocated 353975 GSs.
Step 7800: Added 91267 GSs. Now having 1916625 GSs.
Step 7900: Relocated 376260 GSs.
Step 7900: Added 95831 GSs. Now having 2012456 GSs.
Step 8000: Relocated 394800 GSs.
Step 8000: Added 100622 GSs. Now having 2113078 GSs.
[8000] loss 0.0448 l1 0.0328 ssim 0.9121 N 2113078
Step 8100: Relocated 412008 GSs.
Step 8100: Added 105653 GSs. Now having 2218731 GSs.
Step 8200: Relocated 436828 GSs.
Step 8200: Added 110936 GSs. Now having 2329667 GSs.
Step 8300: Relocated 464963 GSs.
Step 8300: Added 116483 GSs. Now having 2446150 GSs.
Step 8400: Relocated 489739 GSs.
Step 8400: Added 122307 GSs. Now having 2568457 GSs.
Step 8500: Relocated 542961 GSs.
Step 8500: Added 128422 GSs. Now having 2696879 GSs.
Step 8600: Relocated 587514 GSs.
Step 8600: Added 134843 GSs. Now having 2831722 GSs.
Step 8700: Relocated 629980 GSs.
Step 8700: Added 141586 GSs. Now having 2973308 GSs.
Step 8800: Relocated 672426 GSs.
Step 8800: Added 148665 GSs. Now having 3121973 GSs.
Step 8900: Relocated 674534 GSs.
Step 8900: Added 156098 GSs. Now having 3278071 GSs.
Step 9000: Relocated 711907 GSs.
Step 9000: Added 163903 GSs. Now having 3441974 GSs.
[9000] loss 0.1335 l1 0.0770 ssim 0.6445 N 3441974
Step 9100: Relocated 781576 GSs.
Step 9100: Added 172098 GSs. Now having 3614072 GSs.
Step 9200: Relocated 813683 GSs.
Step 9200: Added 180703 GSs. Now having 3794775 GSs.
Step 9300: Relocated 847828 GSs.
Step 9300: Added 189738 GSs. Now having 3984513 GSs.
Step 9400: Relocated 909229 GSs.
Step 9400: Added 199225 GSs. Now having 4183738 GSs.
Step 9500: Relocated 961814 GSs.
Step 9500: Added 209186 GSs. Now having 4392924 GSs.
Step 9600: Relocated 1053016 GSs.
Step 9600: Added 219646 GSs. Now having 4612570 GSs.
Step 9700: Relocated 1084542 GSs.
Step 9700: Added 230628 GSs. Now having 4843198 GSs.
Step 9800: Relocated 1172145 GSs.
Step 9800: Added 156802 GSs. Now having 5000000 GSs.
Step 9900: Relocated 1159252 GSs.
Step 9900: Added 0 GSs. Now having 5000000 GSs.
Step 10000: Relocated 1091224 GSs.
Step 10000: Added 0 GSs. Now having 5000000 GSs.
[10000] loss 0.0868 l1 0.0727 ssim 0.8604 N 5000000
Step 10100: Relocated 1056218 GSs.
Step 10100: Added 0 GSs. Now having 5000000 GSs.
Step 10200: Relocated 1023228 GSs.
Step 10200: Added 0 GSs. Now having 5000000 GSs.
Step 10300: Relocated 1010533 GSs.
Step 10300: Added 0 GSs. Now having 5000000 GSs.
Step 10400: Relocated 1036428 GSs.
Step 10400: Added 0 GSs. Now having 5000000 GSs.
Step 10500: Relocated 1021676 GSs.
Step 10500: Added 0 GSs. Now having 5000000 GSs.
Step 10600: Relocated 1018374 GSs.
Step 10600: Added 0 GSs. Now having 5000000 GSs.
Step 10700: Relocated 1062771 GSs.
Step 10700: Added 0 GSs. Now having 5000000 GSs.
Step 10800: Relocated 1195328 GSs.
Step 10800: Added 0 GSs. Now having 5000000 GSs.
Step 10900: Relocated 1539442 GSs.
Step 10900: Added 0 GSs. Now having 5000000 GSs.
Step 11000: Relocated 2252706 GSs.
Step 11000: Added 0 GSs. Now having 5000000 GSs.
[11000] loss 0.2723 l1 0.2677 ssim 0.7119 N 5000000
Step 11100: Relocated 3289931 GSs.
Step 11100: Added 0 GSs. Now having 5000000 GSs.
Step 11200: Relocated 4273267 GSs.
Step 11200: Added 0 GSs. Now having 5000000 GSs.
Step 11300: Relocated 4589904 GSs.
Step 11300: Added 0 GSs. Now having 5000000 GSs.
Step 11400: Relocated 4558083 GSs.
Step 11400: Added 0 GSs. Now having 5000000 GSs.
Step 11500: Relocated 4521352 GSs.
Step 11500: Added 0 GSs. Now having 5000000 GSs.
Step 11600: Relocated 4451736 GSs.
Step 11600: Added 0 GSs. Now having 5000000 GSs.
Step 11700: Relocated 4483148 GSs.
Step 11700: Added 0 GSs. Now having 5000000 GSs.
Step 11800: Relocated 4371875 GSs.
Step 11800: Added 0 GSs. Now having 5000000 GSs.
Step 11900: Relocated 4248098 GSs.
Step 11900: Added 0 GSs. Now having 5000000 GSs.
Step 12000: Relocated 4057072 GSs.
Step 12000: Added 0 GSs. Now having 5000000 GSs.
[12000] loss 0.2073 l1 0.1512 ssim 0.5707 N 5000000
Step 12100: Relocated 4098425 GSs.
Step 12100: Added 0 GSs. Now having 5000000 GSs.
Step 12200: Relocated 4173958 GSs.
Step 12200: Added 0 GSs. Now having 5000000 GSs.
Step 12300: Relocated 4170016 GSs.
Step 12300: Added 0 GSs. Now having 5000000 GSs.
Step 12400: Relocated 4078553 GSs.
Step 12400: Added 0 GSs. Now having 5000000 GSs.
Step 12500: Relocated 4048632 GSs.
Step 12500: Added 0 GSs. Now having 5000000 GSs.
Step 12600: Relocated 3943754 GSs.
Step 12600: Added 0 GSs. Now having 5000000 GSs.
Step 12700: Relocated 4061419 GSs.
Step 12700: Added 0 GSs. Now having 5000000 GSs.
Step 12800: Relocated 4182660 GSs.
Step 12800: Added 0 GSs. Now having 5000000 GSs.
Step 12900: Relocated 4236077 GSs.
Step 12900: Added 0 GSs. Now having 5000000 GSs.
Step 13000: Relocated 4072412 GSs.
Step 13000: Added 0 GSs. Now having 5000000 GSs.
[13000] loss 0.4237 l1 0.4271 ssim 0.5920 N 5000000
Step 13100: Relocated 4010838 GSs.
Step 13100: Added 0 GSs. Now having 5000000 GSs.
Step 13200: Relocated 3955195 GSs.
Step 13200: Added 0 GSs. Now having 5000000 GSs.
Step 13300: Relocated 3920610 GSs.
Step 13300: Added 0 GSs. Now having 5000000 GSs.
Step 13400: Relocated 3972968 GSs.
Step 13400: Added 0 GSs. Now having 5000000 GSs.
Step 13500: Relocated 3982612 GSs.
Step 13500: Added 0 GSs. Now having 5000000 GSs.
Step 13600: Relocated 3958493 GSs.
Step 13600: Added 0 GSs. Now having 5000000 GSs.
Step 13700: Relocated 4172009 GSs.
Step 13700: Added 0 GSs. Now having 5000000 GSs.
Step 13800: Relocated 4132840 GSs.
Step 13800: Added 0 GSs. Now having 5000000 GSs.
Step 13900: Relocated 4045458 GSs.
Step 13900: Added 0 GSs. Now having 5000000 GSs.
Step 14000: Relocated 4113593 GSs.
Step 14000: Added 0 GSs. Now having 5000000 GSs.
[14000] loss 0.5551 l1 0.5077 ssim 0.2575 N 5000000
Step 14100: Relocated 3995056 GSs.
Step 14100: Added 0 GSs. Now having 5000000 GSs.
Step 14200: Relocated 4207983 GSs.
Step 14200: Added 0 GSs. Now having 5000000 GSs.
Step 14300: Relocated 4321288 GSs.
Step 14300: Added 0 GSs. Now having 5000000 GSs.
Step 14400: Relocated 4270758 GSs.
Step 14400: Added 0 GSs. Now having 5000000 GSs.
Step 14500: Relocated 4044168 GSs.
Step 14500: Added 0 GSs. Now having 5000000 GSs.
Step 14600: Relocated 4187963 GSs.
Step 14600: Added 0 GSs. Now having 5000000 GSs.
Step 14700: Relocated 4204985 GSs.
Step 14700: Added 0 GSs. Now having 5000000 GSs.
Step 14800: Relocated 4087949 GSs.
Step 14800: Added 0 GSs. Now having 5000000 GSs.
Step 14900: Relocated 4086895 GSs.
Step 14900: Added 0 GSs. Now having 5000000 GSs.
Step 15000: Relocated 4214109 GSs.
Step 15000: Added 0 GSs. Now having 5000000 GSs.
[15000] loss 0.2789 l1 0.2607 ssim 0.6502 N 5000000
Step 15100: Relocated 4250236 GSs.
Step 15100: Added 0 GSs. Now having 5000000 GSs.
Step 15200: Relocated 4254161 GSs.
Step 15200: Added 0 GSs. Now having 5000000 GSs.
Step 15300: Relocated 4229522 GSs.
Step 15300: Added 0 GSs. Now having 5000000 GSs.
Step 15400: Relocated 4137383 GSs.
Step 15400: Added 0 GSs. Now having 5000000 GSs.
Step 15500: Relocated 4219403 GSs.
Step 15500: Added 0 GSs. Now having 5000000 GSs.
Step 15600: Relocated 4422989 GSs.
Step 15600: Added 0 GSs. Now having 5000000 GSs.
Step 15700: Relocated 4352178 GSs.
Step 15700: Added 0 GSs. Now having 5000000 GSs.
Step 15800: Relocated 4396534 GSs.
Step 15800: Added 0 GSs. Now having 5000000 GSs.
Step 15900: Relocated 4343216 GSs.
Step 15900: Added 0 GSs. Now having 5000000 GSs.
Step 16000: Relocated 4386159 GSs.
Step 16000: Added 0 GSs. Now having 5000000 GSs.
[16000] loss 0.3142 l1 0.2947 ssim 0.6102 N 5000000
Step 16100: Relocated 4499534 GSs.
Step 16100: Added 0 GSs. Now having 5000000 GSs.
Step 16200: Relocated 4445665 GSs.
Step 16200: Added 0 GSs. Now having 5000000 GSs.
Step 16300: Relocated 4441968 GSs.
Step 16300: Added 0 GSs. Now having 5000000 GSs.
Step 16400: Relocated 4401192 GSs.
Step 16400: Added 0 GSs. Now having 5000000 GSs.
Step 16500: Relocated 4306387 GSs.
Step 16500: Added 0 GSs. Now having 5000000 GSs.
Step 16600: Relocated 4263513 GSs.
Step 16600: Added 0 GSs. Now having 5000000 GSs.
Step 16700: Relocated 4187571 GSs.
Step 16700: Added 0 GSs. Now having 5000000 GSs.
Step 16800: Relocated 4110300 GSs.
Step 16800: Added 0 GSs. Now having 5000000 GSs.
Step 16900: Relocated 3912526 GSs.
Step 16900: Added 0 GSs. Now having 5000000 GSs.
Step 17000: Relocated 4070520 GSs.
Step 17000: Added 0 GSs. Now having 5000000 GSs.
[17000] loss 0.3470 l1 0.2915 ssim 0.4334 N 5000000
Step 17100: Relocated 3990561 GSs.
Step 17100: Added 0 GSs. Now having 5000000 GSs.
Step 17200: Relocated 4144590 GSs.
Step 17200: Added 0 GSs. Now having 5000000 GSs.
Step 17300: Relocated 4279946 GSs.
Step 17300: Added 0 GSs. Now having 5000000 GSs.
Step 17400: Relocated 4233088 GSs.
Step 17400: Added 0 GSs. Now having 5000000 GSs.
Step 17500: Relocated 4375343 GSs.
Step 17500: Added 0 GSs. Now having 5000000 GSs.
Step 17600: Relocated 4317271 GSs.
Step 17600: Added 0 GSs. Now having 5000000 GSs.
Step 17700: Relocated 4197709 GSs.
Step 17700: Added 0 GSs. Now having 5000000 GSs.
Step 17800: Relocated 4295744 GSs.
Step 17800: Added 0 GSs. Now having 5000000 GSs.
Step 17900: Relocated 4282627 GSs.
Step 17900: Added 0 GSs. Now having 5000000 GSs.
Step 18000: Relocated 4236134 GSs.
Step 18000: Added 0 GSs. Now having 5000000 GSs.
[18000] loss 0.2976 l1 0.2857 ssim 0.6569 N 5000000
Step 18100: Relocated 4322831 GSs.
Step 18100: Added 0 GSs. Now having 5000000 GSs.
Step 18200: Relocated 4234763 GSs.
Step 18200: Added 0 GSs. Now having 5000000 GSs.
Step 18300: Relocated 4188069 GSs.
Step 18300: Added 0 GSs. Now having 5000000 GSs.
Step 18400: Relocated 4384941 GSs.
Step 18400: Added 0 GSs. Now having 5000000 GSs.
Step 18500: Relocated 4344590 GSs.
Step 18500: Added 0 GSs. Now having 5000000 GSs.
Step 18600: Relocated 4366202 GSs.
Step 18600: Added 0 GSs. Now having 5000000 GSs.
Step 18700: Relocated 4323171 GSs.
Step 18700: Added 0 GSs. Now having 5000000 GSs.
Step 18800: Relocated 4294176 GSs.
Step 18800: Added 0 GSs. Now having 5000000 GSs.
Step 18900: Relocated 4350638 GSs.
Step 18900: Added 0 GSs. Now having 5000000 GSs.
Step 19000: Relocated 4399377 GSs.
Step 19000: Added 0 GSs. Now having 5000000 GSs.
[19000] loss 0.2131 l1 0.1590 ssim 0.5723 N 5000000
Step 19100: Relocated 4349164 GSs.
Step 19100: Added 0 GSs. Now having 5000000 GSs.
Step 19200: Relocated 4198953 GSs.
Step 19200: Added 0 GSs. Now having 5000000 GSs.
Step 19300: Relocated 4321906 GSs.
Step 19300: Added 0 GSs. Now having 5000000 GSs.
Step 19400: Relocated 4268972 GSs.
Step 19400: Added 0 GSs. Now having 5000000 GSs.
Step 19500: Relocated 4244682 GSs.
Step 19500: Added 0 GSs. Now having 5000000 GSs.
Step 19600: Relocated 4319405 GSs.
Step 19600: Added 0 GSs. Now having 5000000 GSs.
Step 19700: Relocated 4226854 GSs.
Step 19700: Added 0 GSs. Now having 5000000 GSs.
Step 19800: Relocated 4350404 GSs.
Step 19800: Added 0 GSs. Now having 5000000 GSs.
Step 19900: Relocated 4204023 GSs.
Step 19900: Added 0 GSs. Now having 5000000 GSs.
Step 20000: Relocated 4258927 GSs.
Step 20000: Added 0 GSs. Now having 5000000 GSs.
[20000] loss 0.2129 l1 0.1909 ssim 0.7014 N 5000000
Step 20100: Relocated 4272986 GSs.
Step 20100: Added 0 GSs. Now having 5000000 GSs.
Step 20200: Relocated 4231247 GSs.
Step 20200: Added 0 GSs. Now having 5000000 GSs.
Step 20300: Relocated 4284199 GSs.
Step 20300: Added 0 GSs. Now having 5000000 GSs.
Step 20400: Relocated 4217340 GSs.
Step 20400: Added 0 GSs. Now having 5000000 GSs.
Step 20500: Relocated 4187508 GSs.
Step 20500: Added 0 GSs. Now having 5000000 GSs.
Step 20600: Relocated 4384263 GSs.
Step 20600: Added 0 GSs. Now having 5000000 GSs.
Step 20700: Relocated 4309360 GSs.
Step 20700: Added 0 GSs. Now having 5000000 GSs.
Step 20800: Relocated 4317990 GSs.
Step 20800: Added 0 GSs. Now having 5000000 GSs.
Step 20900: Relocated 4149147 GSs.
Step 20900: Added 0 GSs. Now having 5000000 GSs.
Step 21000: Relocated 4178911 GSs.
Step 21000: Added 0 GSs. Now having 5000000 GSs.
[21000] loss 0.1941 l1 0.1600 ssim 0.6715 N 5000000
Step 21100: Relocated 4206001 GSs.
Step 21100: Added 0 GSs. Now having 5000000 GSs.
Step 21200: Relocated 4386323 GSs.
Step 21200: Added 0 GSs. Now having 5000000 GSs.
Step 21300: Relocated 4335082 GSs.
Step 21300: Added 0 GSs. Now having 5000000 GSs.
Step 21400: Relocated 4352257 GSs.
Step 21400: Added 0 GSs. Now having 5000000 GSs.
Step 21500: Relocated 4127244 GSs.
Step 21500: Added 0 GSs. Now having 5000000 GSs.
Step 21600: Relocated 4394880 GSs.
Step 21600: Added 0 GSs. Now having 5000000 GSs.
Step 21700: Relocated 4460472 GSs.
Step 21700: Added 0 GSs. Now having 5000000 GSs.
Step 21800: Relocated 4464855 GSs.
Step 21800: Added 0 GSs. Now having 5000000 GSs.
Step 21900: Relocated 4326800 GSs.
Step 21900: Added 0 GSs. Now having 5000000 GSs.
Step 22000: Relocated 4236502 GSs.
Step 22000: Added 0 GSs. Now having 5000000 GSs.
[22000] loss 0.2650 l1 0.2554 ssim 0.6987 N 5000000
Step 22100: Relocated 4293535 GSs.
Step 22100: Added 0 GSs. Now having 5000000 GSs.
Step 22200: Relocated 4253956 GSs.
Step 22200: Added 0 GSs. Now having 5000000 GSs.
Step 22300: Relocated 4225858 GSs.
Step 22300: Added 0 GSs. Now having 5000000 GSs.
Step 22400: Relocated 4271805 GSs.
Step 22400: Added 0 GSs. Now having 5000000 GSs.
Step 22500: Relocated 4415452 GSs.
Step 22500: Added 0 GSs. Now having 5000000 GSs.
Step 22600: Relocated 4362009 GSs.
Step 22600: Added 0 GSs. Now having 5000000 GSs.
Step 22700: Relocated 4524879 GSs.
Step 22700: Added 0 GSs. Now having 5000000 GSs.
Step 22800: Relocated 4426685 GSs.
Step 22800: Added 0 GSs. Now having 5000000 GSs.
Step 22900: Relocated 4521123 GSs.
Step 22900: Added 0 GSs. Now having 5000000 GSs.
Step 23000: Relocated 4186017 GSs.
Step 23000: Added 0 GSs. Now having 5000000 GSs.
[23000] loss 0.1710 l1 0.1621 ssim 0.7956 N 5000000
Step 23100: Relocated 4400048 GSs.
Step 23100: Added 0 GSs. Now having 5000000 GSs.
Step 23200: Relocated 4159169 GSs.
Step 23200: Added 0 GSs. Now having 5000000 GSs.
Step 23300: Relocated 4295241 GSs.
Step 23300: Added 0 GSs. Now having 5000000 GSs.
Step 23400: Relocated 4295684 GSs.
Step 23400: Added 0 GSs. Now having 5000000 GSs.
Step 23500: Relocated 4395793 GSs.
Step 23500: Added 0 GSs. Now having 5000000 GSs.
Step 23600: Relocated 4347059 GSs.
Step 23600: Added 0 GSs. Now having 5000000 GSs.
Step 23700: Relocated 4230658 GSs.
Step 23700: Added 0 GSs. Now having 5000000 GSs.
Step 23800: Relocated 4389079 GSs.
Step 23800: Added 0 GSs. Now having 5000000 GSs.
Step 23900: Relocated 4342790 GSs.
Step 23900: Added 0 GSs. Now having 5000000 GSs.
Step 24000: Relocated 4469786 GSs.
Step 24000: Added 0 GSs. Now having 5000000 GSs.
[24000] loss 0.3043 l1 0.2609 ssim 0.5240 N 5000000
Step 24100: Relocated 4485530 GSs.
Step 24100: Added 0 GSs. Now having 5000000 GSs.
Step 24200: Relocated 4405929 GSs.
Step 24200: Added 0 GSs. Now having 5000000 GSs.
Step 24300: Relocated 4416199 GSs.
Step 24300: Added 0 GSs. Now having 5000000 GSs.
Step 24400: Relocated 4320209 GSs.
Step 24400: Added 0 GSs. Now having 5000000 GSs.
Step 24500: Relocated 4456831 GSs.
Step 24500: Added 0 GSs. Now having 5000000 GSs.
Step 24600: Relocated 4524010 GSs.
Step 24600: Added 0 GSs. Now having 5000000 GSs.
Step 24700: Relocated 4505601 GSs.
Step 24700: Added 0 GSs. Now having 5000000 GSs.
Step 24800: Relocated 4565291 GSs.
Step 24800: Added 0 GSs. Now having 5000000 GSs.
Step 24900: Relocated 4556185 GSs.
Step 24900: Added 0 GSs. Now having 5000000 GSs.
[25000] loss 0.2560 l1 0.1969 ssim 0.5094 N 5000000
Setting up [LPIPS] perceptual loss: trunk [vgg], v[0.1], spatial [off]
/home/bkai/miniconda3/envs/gsplat/lib/python3.10/site-packages/torchvision/models/_utils.py:208: UserWarning: The parameter 'pretrained' is deprecated since 0.13 and may be removed in the future, please use 'weights' instead.
  warnings.warn(
/home/bkai/miniconda3/envs/gsplat/lib/python3.10/site-packages/torchvision/models/_utils.py:223: UserWarning: Arguments other than a weight enum or `None` for 'weights' are deprecated since 0.13 and may be removed in the future. The current behavior is equivalent to passing `weights=VGG16_Weights.IMAGENET1K_V1`. You can also use `weights=VGG16_Weights.DEFAULT` to get the most up-to-date weights.
  warnings.warn(msg)
Loading model from: /home/bkai/miniconda3/envs/gsplat/lib/python3.10/site-packages/lpips/weights/v0.1/vgg.pth
[26000] loss 0.2943 l1 0.1820 ssim 0.5752 N 5000000
[27000] loss 0.2293 l1 0.1332 ssim 0.6702 N 5000000
[28000] loss 0.2235 l1 0.0956 ssim 0.5785 N 5000000
[29000] loss 0.2192 l1 0.0968 ssim 0.5954 N 5000000
[29999] loss 0.2126 l1 0.1549 ssim 0.7976 N 5000000
Saved 5000000 gaussians to /mnt/d/avv/r2r8/models/bonsai_ut42/ckpt.pt
248/276 images.bin entries have files in /mnt/d/avv/data/phase1/private_set2/bonsai/train/images
248 views, 54422 init points, K=[[1650.0,0,960.0],[0,1650.0,540.0]], size 1920x1080
3DGUT mode: classic + with_ut + with_eval3d, k1=+0.000000
scene_scale 8.409
/mnt/c/Users/BKAI/an_plaza2/FastGS/gsplat_track/train_gsplat.py:325: UserWarning: The given NumPy array is not writable, and PyTorch does not support non-writable tensors. This means writing to this tensor will result in undefined behavior. You may want to copy the array to protect its data or make it writable before converting it to a tensor. This type of warning will be suppressed for the rest of this program. (Triggered internally at /pytorch/torch/csrc/utils/tensor_numpy.cpp:203.)
  gt_cache[vi] = torch.from_numpy(
[0] loss 0.2413 l1 0.2248 ssim 0.7207 N 54422
Step 600: Relocated 36531 GSs.
Step 600: Added 2721 GSs. Now having 57143 GSs.
Step 700: Relocated 7892 GSs.
Step 700: Added 2857 GSs. Now having 60000 GSs.
Step 800: Relocated 7064 GSs.
Step 800: Added 3000 GSs. Now having 63000 GSs.
Step 900: Relocated 6111 GSs.
Step 900: Added 3150 GSs. Now having 66150 GSs.
Step 1000: Relocated 5754 GSs.
Step 1000: Added 3307 GSs. Now having 69457 GSs.
[1000] loss 0.0828 l1 0.0520 ssim 0.8039 N 69457
Step 1100: Relocated 5775 GSs.
Step 1100: Added 3472 GSs. Now having 72929 GSs.
Step 1200: Relocated 6149 GSs.
Step 1200: Added 3646 GSs. Now having 76575 GSs.
Step 1300: Relocated 6659 GSs.
Step 1300: Added 3828 GSs. Now having 80403 GSs.
Step 1400: Relocated 6344 GSs.
Step 1400: Added 4020 GSs. Now having 84423 GSs.
Step 1500: Relocated 7360 GSs.
Step 1500: Added 4221 GSs. Now having 88644 GSs.
Step 1600: Relocated 7395 GSs.
Step 1600: Added 4432 GSs. Now having 93076 GSs.
Step 1700: Relocated 7882 GSs.
Step 1700: Added 4653 GSs. Now having 97729 GSs.
Step 1800: Relocated 7674 GSs.
Step 1800: Added 4886 GSs. Now having 102615 GSs.
Step 1900: Relocated 9461 GSs.
Step 1900: Added 5130 GSs. Now having 107745 GSs.
Step 2000: Relocated 9393 GSs.
Step 2000: Added 5387 GSs. Now having 113132 GSs.
[2000] loss 0.1199 l1 0.0650 ssim 0.6706 N 113132
Step 2100: Relocated 10296 GSs.
Step 2100: Added 5656 GSs. Now having 118788 GSs.
Step 2200: Relocated 10975 GSs.
Step 2200: Added 5939 GSs. Now having 124727 GSs.
Step 2300: Relocated 11342 GSs.
Step 2300: Added 6236 GSs. Now having 130963 GSs.
Step 2400: Relocated 12271 GSs.
Step 2400: Added 6548 GSs. Now having 137511 GSs.
Step 2500: Relocated 14189 GSs.
Step 2500: Added 6875 GSs. Now having 144386 GSs.
Step 2600: Relocated 16007 GSs.
Step 2600: Added 7219 GSs. Now having 151605 GSs.
Step 2700: Relocated 17079 GSs.
Step 2700: Added 7580 GSs. Now having 159185 GSs.
Step 2800: Relocated 17814 GSs.
Step 2800: Added 7959 GSs. Now having 167144 GSs.
Step 2900: Relocated 19538 GSs.
Step 2900: Added 8357 GSs. Now having 175501 GSs.
Step 3000: Relocated 20722 GSs.
Step 3000: Added 8775 GSs. Now having 184276 GSs.
[3000] loss 0.0618 l1 0.0381 ssim 0.8529 N 184276
Step 3100: Relocated 20865 GSs.
Step 3100: Added 9213 GSs. Now having 193489 GSs.
Step 3200: Relocated 23258 GSs.
Step 3200: Added 9674 GSs. Now having 203163 GSs.
Step 3300: Relocated 23704 GSs.
Step 3300: Added 10158 GSs. Now having 213321 GSs.
Step 3400: Relocated 24249 GSs.
Step 3400: Added 10666 GSs. Now having 223987 GSs.
Step 3500: Relocated 27595 GSs.
Step 3500: Added 11199 GSs. Now having 235186 GSs.
Step 3600: Relocated 30792 GSs.
Step 3600: Added 11759 GSs. Now having 246945 GSs.
Step 3700: Relocated 31210 GSs.
Step 3700: Added 12347 GSs. Now having 259292 GSs.
Step 3800: Relocated 33493 GSs.
Step 3800: Added 12964 GSs. Now having 272256 GSs.
Step 3900: Relocated 33951 GSs.
Step 3900: Added 13612 GSs. Now having 285868 GSs.
Step 4000: Relocated 36693 GSs.
Step 4000: Added 14293 GSs. Now having 300161 GSs.
[4000] loss 0.0755 l1 0.0468 ssim 0.8188 N 300161
Step 4100: Relocated 41972 GSs.
Step 4100: Added 15008 GSs. Now having 315169 GSs.
Step 4200: Relocated 42546 GSs.
Step 4200: Added 15758 GSs. Now having 330927 GSs.
Step 4300: Relocated 43649 GSs.
Step 4300: Added 16546 GSs. Now having 347473 GSs.
Step 4400: Relocated 45687 GSs.
Step 4400: Added 17373 GSs. Now having 364846 GSs.
Step 4500: Relocated 48592 GSs.
Step 4500: Added 18242 GSs. Now having 383088 GSs.
Step 4600: Relocated 51355 GSs.
Step 4600: Added 19154 GSs. Now having 402242 GSs.
Step 4700: Relocated 55145 GSs.
Step 4700: Added 20112 GSs. Now having 422354 GSs.
Step 4800: Relocated 59839 GSs.
Step 4800: Added 21117 GSs. Now having 443471 GSs.
Step 4900: Relocated 62503 GSs.
Step 4900: Added 22173 GSs. Now having 465644 GSs.
Step 5000: Relocated 65356 GSs.
Step 5000: Added 23282 GSs. Now having 488926 GSs.
[5000] loss 0.1337 l1 0.0616 ssim 0.5858 N 488926
Step 5100: Relocated 73111 GSs.
Step 5100: Added 24446 GSs. Now having 513372 GSs.
Step 5200: Relocated 75943 GSs.
Step 5200: Added 25668 GSs. Now having 539040 GSs.
Step 5300: Relocated 83579 GSs.
Step 5300: Added 26952 GSs. Now having 565992 GSs.
Step 5400: Relocated 88368 GSs.
Step 5400: Added 28299 GSs. Now having 594291 GSs.
Step 5500: Relocated 99128 GSs.
Step 5500: Added 29714 GSs. Now having 624005 GSs.
Step 5600: Relocated 103660 GSs.
Step 5600: Added 31200 GSs. Now having 655205 GSs.
Step 5700: Relocated 117550 GSs.
Step 5700: Added 32760 GSs. Now having 687965 GSs.
Step 5800: Relocated 128821 GSs.
Step 5800: Added 34398 GSs. Now having 722363 GSs.
Step 5900: Relocated 130210 GSs.
Step 5900: Added 36118 GSs. Now having 758481 GSs.
Step 6000: Relocated 129301 GSs.
Step 6000: Added 37924 GSs. Now having 796405 GSs.
[6000] loss 0.0745 l1 0.0519 ssim 0.8423 N 796405
Step 6100: Relocated 144216 GSs.
Step 6100: Added 39820 GSs. Now having 836225 GSs.
Step 6200: Relocated 151843 GSs.
Step 6200: Added 41811 GSs. Now having 878036 GSs.
Step 6300: Relocated 159983 GSs.
Step 6300: Added 43901 GSs. Now having 921937 GSs.
Step 6400: Relocated 167714 GSs.
Step 6400: Added 46096 GSs. Now having 968033 GSs.
Step 6500: Relocated 176062 GSs.
Step 6500: Added 48401 GSs. Now having 1016434 GSs.
Step 6600: Relocated 180190 GSs.
Step 6600: Added 50821 GSs. Now having 1067255 GSs.
Step 6700: Relocated 196016 GSs.
Step 6700: Added 53362 GSs. Now having 1120617 GSs.
Step 6800: Relocated 201352 GSs.
Step 6800: Added 56030 GSs. Now having 1176647 GSs.
Step 6900: Relocated 214740 GSs.
Step 6900: Added 58832 GSs. Now having 1235479 GSs.
Step 7000: Relocated 222567 GSs.
Step 7000: Added 61773 GSs. Now having 1297252 GSs.
[7000] loss 0.1101 l1 0.0559 ssim 0.6790 N 1297252
Step 7100: Relocated 239565 GSs.
Step 7100: Added 64862 GSs. Now having 1362114 GSs.
Step 7200: Relocated 261805 GSs.
Step 7200: Added 68105 GSs. Now having 1430219 GSs.
Step 7300: Relocated 273655 GSs.
Step 7300: Added 71510 GSs. Now having 1501729 GSs.
Step 7400: Relocated 302132 GSs.
Step 7400: Added 75086 GSs. Now having 1576815 GSs.
Step 7500: Relocated 310754 GSs.
Step 7500: Added 78840 GSs. Now having 1655655 GSs.
Step 7600: Relocated 335499 GSs.
Step 7600: Added 82782 GSs. Now having 1738437 GSs.
Step 7700: Relocated 357106 GSs.
Step 7700: Added 86921 GSs. Now having 1825358 GSs.
Step 7800: Relocated 369390 GSs.
Step 7800: Added 91267 GSs. Now having 1916625 GSs.
Step 7900: Relocated 396579 GSs.
Step 7900: Added 95831 GSs. Now having 2012456 GSs.
Step 8000: Relocated 413960 GSs.
Step 8000: Added 100622 GSs. Now having 2113078 GSs.
[8000] loss 0.1288 l1 0.0797 ssim 0.6795 N 2113078
Step 8100: Relocated 422041 GSs.
Step 8100: Added 105653 GSs. Now having 2218731 GSs.
Step 8200: Relocated 448134 GSs.
Step 8200: Added 110936 GSs. Now having 2329667 GSs.
Step 8300: Relocated 467598 GSs.
Step 8300: Added 116483 GSs. Now having 2446150 GSs.
Step 8400: Relocated 489705 GSs.
Step 8400: Added 122307 GSs. Now having 2568457 GSs.
Step 8500: Relocated 523052 GSs.
Step 8500: Added 128422 GSs. Now having 2696879 GSs.
Step 8600: Relocated 546418 GSs.
Step 8600: Added 134843 GSs. Now having 2831722 GSs.
Step 8700: Relocated 557978 GSs.
Step 8700: Added 141586 GSs. Now having 2973308 GSs.
Step 8800: Relocated 591658 GSs.
Step 8800: Added 148665 GSs. Now having 3121973 GSs.
Step 8900: Relocated 606047 GSs.
Step 8900: Added 156098 GSs. Now having 3278071 GSs.
Step 9000: Relocated 655757 GSs.
Step 9000: Added 163903 GSs. Now having 3441974 GSs.
[9000] loss 0.1391 l1 0.0883 ssim 0.6621 N 3441974
Step 9100: Relocated 726601 GSs.
Step 9100: Added 172098 GSs. Now having 3614072 GSs.
Step 9200: Relocated 748407 GSs.
Step 9200: Added 180703 GSs. Now having 3794775 GSs.
Step 9300: Relocated 803910 GSs.
Step 9300: Added 189738 GSs. Now having 3984513 GSs.
Step 9400: Relocated 883256 GSs.
Step 9400: Added 199225 GSs. Now having 4183738 GSs.
Step 9500: Relocated 909505 GSs.
Step 9500: Added 209186 GSs. Now having 4392924 GSs.
Step 9600: Relocated 984418 GSs.
Step 9600: Added 219646 GSs. Now having 4612570 GSs.
Step 9700: Relocated 1010538 GSs.
Step 9700: Added 230628 GSs. Now having 4843198 GSs.
Step 9800: Relocated 1130121 GSs.
Step 9800: Added 156802 GSs. Now having 5000000 GSs.
Step 9900: Relocated 1101676 GSs.
Step 9900: Added 0 GSs. Now having 5000000 GSs.
Step 10000: Relocated 1019054 GSs.
Step 10000: Added 0 GSs. Now having 5000000 GSs.
[10000] loss 0.0786 l1 0.0618 ssim 0.8578 N 5000000
Step 10100: Relocated 1042319 GSs.
Step 10100: Added 0 GSs. Now having 5000000 GSs.
Step 10200: Relocated 944133 GSs.
Step 10200: Added 0 GSs. Now having 5000000 GSs.
Step 10300: Relocated 934139 GSs.
Step 10300: Added 0 GSs. Now having 5000000 GSs.
Step 10400: Relocated 938758 GSs.
Step 10400: Added 0 GSs. Now having 5000000 GSs.
Step 10500: Relocated 872305 GSs.
Step 10500: Added 0 GSs. Now having 5000000 GSs.
Step 10600: Relocated 934504 GSs.
Step 10600: Added 0 GSs. Now having 5000000 GSs.
Step 10700: Relocated 933993 GSs.
Step 10700: Added 0 GSs. Now having 5000000 GSs.
Step 10800: Relocated 890949 GSs.
Step 10800: Added 0 GSs. Now having 5000000 GSs.
Step 10900: Relocated 1022217 GSs.
Step 10900: Added 0 GSs. Now having 5000000 GSs.
Step 11000: Relocated 982640 GSs.
Step 11000: Added 0 GSs. Now having 5000000 GSs.
[11000] loss 0.0830 l1 0.0649 ssim 0.8484 N 5000000
Step 11100: Relocated 1002376 GSs.
Step 11100: Added 0 GSs. Now having 5000000 GSs.
Step 11200: Relocated 1032339 GSs.
Step 11200: Added 0 GSs. Now having 5000000 GSs.
Step 11300: Relocated 1159043 GSs.
Step 11300: Added 0 GSs. Now having 5000000 GSs.
Step 11400: Relocated 1288768 GSs.
Step 11400: Added 0 GSs. Now having 5000000 GSs.
Step 11500: Relocated 1786372 GSs.
Step 11500: Added 0 GSs. Now having 5000000 GSs.
Step 11600: Relocated 2661884 GSs.
Step 11600: Added 0 GSs. Now having 5000000 GSs.
Step 11700: Relocated 3716526 GSs.
Step 11700: Added 0 GSs. Now having 5000000 GSs.
Step 11800: Relocated 4241777 GSs.
Step 11800: Added 0 GSs. Now having 5000000 GSs.
Step 11900: Relocated 4588769 GSs.
Step 11900: Added 0 GSs. Now having 5000000 GSs.
Step 12000: Relocated 4538354 GSs.
Step 12000: Added 0 GSs. Now having 5000000 GSs.
[12000] loss 0.2276 l1 0.2145 ssim 0.7215 N 5000000
Step 12100: Relocated 4534501 GSs.
Step 12100: Added 0 GSs. Now having 5000000 GSs.
Step 12200: Relocated 4449181 GSs.
Step 12200: Added 0 GSs. Now having 5000000 GSs.
Step 12300: Relocated 4347988 GSs.
Step 12300: Added 0 GSs. Now having 5000000 GSs.
Step 12400: Relocated 4283172 GSs.
Step 12400: Added 0 GSs. Now having 5000000 GSs.
Step 12500: Relocated 4152380 GSs.
Step 12500: Added 0 GSs. Now having 5000000 GSs.
Step 12600: Relocated 4159085 GSs.
Step 12600: Added 0 GSs. Now having 5000000 GSs.
Step 12700: Relocated 4203624 GSs.
Step 12700: Added 0 GSs. Now having 5000000 GSs.
Step 12800: Relocated 4204281 GSs.
Step 12800: Added 0 GSs. Now having 5000000 GSs.
Step 12900: Relocated 4114353 GSs.
Step 12900: Added 0 GSs. Now having 5000000 GSs.
Step 13000: Relocated 3941812 GSs.
Step 13000: Added 0 GSs. Now having 5000000 GSs.
[13000] loss 0.1699 l1 0.1679 ssim 0.8244 N 5000000
Step 13100: Relocated 4046917 GSs.
Step 13100: Added 0 GSs. Now having 5000000 GSs.
Step 13200: Relocated 3977564 GSs.
Step 13200: Added 0 GSs. Now having 5000000 GSs.
Step 13300: Relocated 4154945 GSs.
Step 13300: Added 0 GSs. Now having 5000000 GSs.
Step 13400: Relocated 4286233 GSs.
Step 13400: Added 0 GSs. Now having 5000000 GSs.
Step 13500: Relocated 4191747 GSs.
Step 13500: Added 0 GSs. Now having 5000000 GSs.
Step 13600: Relocated 4180565 GSs.
Step 13600: Added 0 GSs. Now having 5000000 GSs.
Step 13700: Relocated 4189551 GSs.
Step 13700: Added 0 GSs. Now having 5000000 GSs.
Step 13800: Relocated 4271081 GSs.
Step 13800: Added 0 GSs. Now having 5000000 GSs.
Step 13900: Relocated 4310344 GSs.
Step 13900: Added 0 GSs. Now having 5000000 GSs.
Step 14000: Relocated 4382135 GSs.
Step 14000: Added 0 GSs. Now having 5000000 GSs.
[14000] loss 0.2363 l1 0.2006 ssim 0.6230 N 5000000
Step 14100: Relocated 4292735 GSs.
Step 14100: Added 0 GSs. Now having 5000000 GSs.
Step 14200: Relocated 4366740 GSs.
Step 14200: Added 0 GSs. Now having 5000000 GSs.
Step 14300: Relocated 4184205 GSs.
Step 14300: Added 0 GSs. Now having 5000000 GSs.
Step 14400: Relocated 4155693 GSs.
Step 14400: Added 0 GSs. Now having 5000000 GSs.
Step 14500: Relocated 4097393 GSs.
Step 14500: Added 0 GSs. Now having 5000000 GSs.
Step 14600: Relocated 4219969 GSs.
Step 14600: Added 0 GSs. Now having 5000000 GSs.
Step 14700: Relocated 4226376 GSs.
Step 14700: Added 0 GSs. Now having 5000000 GSs.
Step 14800: Relocated 4213449 GSs.
Step 14800: Added 0 GSs. Now having 5000000 GSs.
Step 14900: Relocated 4273642 GSs.
Step 14900: Added 0 GSs. Now having 5000000 GSs.
Step 15000: Relocated 4217105 GSs.
Step 15000: Added 0 GSs. Now having 5000000 GSs.
[15000] loss 0.3458 l1 0.3391 ssim 0.6294 N 5000000
Step 15100: Relocated 4298688 GSs.
Step 15100: Added 0 GSs. Now having 5000000 GSs.
Step 15200: Relocated 4214112 GSs.
Step 15200: Added 0 GSs. Now having 5000000 GSs.
Step 15300: Relocated 4140777 GSs.
Step 15300: Added 0 GSs. Now having 5000000 GSs.
Step 15400: Relocated 3994217 GSs.
Step 15400: Added 0 GSs. Now having 5000000 GSs.
Step 15500: Relocated 4032783 GSs.
Step 15500: Added 0 GSs. Now having 5000000 GSs.
Step 15600: Relocated 4260602 GSs.
Step 15600: Added 0 GSs. Now having 5000000 GSs.
Step 15700: Relocated 4300566 GSs.
Step 15700: Added 0 GSs. Now having 5000000 GSs.
Step 15800: Relocated 4343096 GSs.
Step 15800: Added 0 GSs. Now having 5000000 GSs.
Step 15900: Relocated 4442556 GSs.
Step 15900: Added 0 GSs. Now having 5000000 GSs.
Step 16000: Relocated 4492850 GSs.
Step 16000: Added 0 GSs. Now having 5000000 GSs.
[16000] loss 0.3484 l1 0.3286 ssim 0.5741 N 5000000
Step 16100: Relocated 4449811 GSs.
Step 16100: Added 0 GSs. Now having 5000000 GSs.
Step 16200: Relocated 4411610 GSs.
Step 16200: Added 0 GSs. Now having 5000000 GSs.
Step 16300: Relocated 4437020 GSs.
Step 16300: Added 0 GSs. Now having 5000000 GSs.
Step 16400: Relocated 4405663 GSs.
Step 16400: Added 0 GSs. Now having 5000000 GSs.
Step 16500: Relocated 4196767 GSs.
Step 16500: Added 0 GSs. Now having 5000000 GSs.
Step 16600: Relocated 4303631 GSs.
Step 16600: Added 0 GSs. Now having 5000000 GSs.
Step 16700: Relocated 4386737 GSs.
Step 16700: Added 0 GSs. Now having 5000000 GSs.
Step 16800: Relocated 4381584 GSs.
Step 16800: Added 0 GSs. Now having 5000000 GSs.
Step 16900: Relocated 4359697 GSs.
Step 16900: Added 0 GSs. Now having 5000000 GSs.
Step 17000: Relocated 4275320 GSs.
Step 17000: Added 0 GSs. Now having 5000000 GSs.
[17000] loss 0.2066 l1 0.1602 ssim 0.6101 N 5000000
Step 17100: Relocated 4170758 GSs.
Step 17100: Added 0 GSs. Now having 5000000 GSs.
Step 17200: Relocated 4206211 GSs.
Step 17200: Added 0 GSs. Now having 5000000 GSs.
Step 17300: Relocated 4204133 GSs.
Step 17300: Added 0 GSs. Now having 5000000 GSs.
Step 17400: Relocated 4275194 GSs.
Step 17400: Added 0 GSs. Now having 5000000 GSs.
Step 17500: Relocated 4246987 GSs.
Step 17500: Added 0 GSs. Now having 5000000 GSs.
Step 17600: Relocated 4238653 GSs.
Step 17600: Added 0 GSs. Now having 5000000 GSs.
Step 17700: Relocated 4366248 GSs.
Step 17700: Added 0 GSs. Now having 5000000 GSs.
Step 17800: Relocated 4324848 GSs.
Step 17800: Added 0 GSs. Now having 5000000 GSs.
Step 17900: Relocated 4461853 GSs.
Step 17900: Added 0 GSs. Now having 5000000 GSs.
Step 18000: Relocated 4359684 GSs.
Step 18000: Added 0 GSs. Now having 5000000 GSs.
[18000] loss 0.2256 l1 0.2198 ssim 0.7533 N 5000000
Step 18100: Relocated 4309624 GSs.
Step 18100: Added 0 GSs. Now having 5000000 GSs.
Step 18200: Relocated 4315642 GSs.
Step 18200: Added 0 GSs. Now having 5000000 GSs.
Step 18300: Relocated 4333065 GSs.
Step 18300: Added 0 GSs. Now having 5000000 GSs.
Step 18400: Relocated 4299180 GSs.
Step 18400: Added 0 GSs. Now having 5000000 GSs.
Step 18500: Relocated 4402731 GSs.
Step 18500: Added 0 GSs. Now having 5000000 GSs.
Step 18600: Relocated 4395717 GSs.
Step 18600: Added 0 GSs. Now having 5000000 GSs.
Step 18700: Relocated 4257525 GSs.
Step 18700: Added 0 GSs. Now having 5000000 GSs.
Step 18800: Relocated 4177228 GSs.
Step 18800: Added 0 GSs. Now having 5000000 GSs.
Step 18900: Relocated 4160576 GSs.
Step 18900: Added 0 GSs. Now having 5000000 GSs.
Step 19000: Relocated 4281717 GSs.
Step 19000: Added 0 GSs. Now having 5000000 GSs.
[19000] loss 0.2417 l1 0.1855 ssim 0.5359 N 5000000
Step 19100: Relocated 4280039 GSs.
Step 19100: Added 0 GSs. Now having 5000000 GSs.
Step 19200: Relocated 4308794 GSs.
Step 19200: Added 0 GSs. Now having 5000000 GSs.
Step 19300: Relocated 4363925 GSs.
Step 19300: Added 0 GSs. Now having 5000000 GSs.
Step 19400: Relocated 4233678 GSs.
Step 19400: Added 0 GSs. Now having 5000000 GSs.
Step 19500: Relocated 4321540 GSs.
Step 19500: Added 0 GSs. Now having 5000000 GSs.
Step 19600: Relocated 4310972 GSs.
Step 19600: Added 0 GSs. Now having 5000000 GSs.
Step 19700: Relocated 4320141 GSs.
Step 19700: Added 0 GSs. Now having 5000000 GSs.
Step 19800: Relocated 4435457 GSs.
Step 19800: Added 0 GSs. Now having 5000000 GSs.
Step 19900: Relocated 4446682 GSs.
Step 19900: Added 0 GSs. Now having 5000000 GSs.
Step 20000: Relocated 4497540 GSs.
Step 20000: Added 0 GSs. Now having 5000000 GSs.
[20000] loss 0.2624 l1 0.2566 ssim 0.7166 N 5000000
Step 20100: Relocated 4560348 GSs.
Step 20100: Added 0 GSs. Now having 5000000 GSs.
Step 20200: Relocated 4563993 GSs.
Step 20200: Added 0 GSs. Now having 5000000 GSs.
Step 20300: Relocated 4542359 GSs.
Step 20300: Added 0 GSs. Now having 5000000 GSs.
Step 20400: Relocated 4518390 GSs.
Step 20400: Added 0 GSs. Now having 5000000 GSs.
Step 20500: Relocated 4420155 GSs.
Step 20500: Added 0 GSs. Now having 5000000 GSs.
Step 20600: Relocated 4420855 GSs.
Step 20600: Added 0 GSs. Now having 5000000 GSs.
Step 20700: Relocated 4294367 GSs.
Step 20700: Added 0 GSs. Now having 5000000 GSs.
Step 20800: Relocated 4350910 GSs.
Step 20800: Added 0 GSs. Now having 5000000 GSs.
Step 20900: Relocated 4390239 GSs.
Step 20900: Added 0 GSs. Now having 5000000 GSs.
Step 21000: Relocated 4382493 GSs.
Step 21000: Added 0 GSs. Now having 5000000 GSs.
[21000] loss 0.3649 l1 0.3739 ssim 0.6733 N 5000000
Step 21100: Relocated 4212113 GSs.
Step 21100: Added 0 GSs. Now having 5000000 GSs.
Step 21200: Relocated 4305783 GSs.
Step 21200: Added 0 GSs. Now having 5000000 GSs.
Step 21300: Relocated 4223409 GSs.
Step 21300: Added 0 GSs. Now having 5000000 GSs.
Step 21400: Relocated 4236986 GSs.
Step 21400: Added 0 GSs. Now having 5000000 GSs.
Step 21500: Relocated 4277267 GSs.
Step 21500: Added 0 GSs. Now having 5000000 GSs.
Step 21600: Relocated 4252188 GSs.
Step 21600: Added 0 GSs. Now having 5000000 GSs.
Step 21700: Relocated 4150034 GSs.
Step 21700: Added 0 GSs. Now having 5000000 GSs.
Step 21800: Relocated 4079322 GSs.
Step 21800: Added 0 GSs. Now having 5000000 GSs.
Step 21900: Relocated 4169200 GSs.
Step 21900: Added 0 GSs. Now having 5000000 GSs.
Step 22000: Relocated 4370755 GSs.
Step 22000: Added 0 GSs. Now having 5000000 GSs.
[22000] loss 0.2485 l1 0.2050 ssim 0.5792 N 5000000
Step 22100: Relocated 4303078 GSs.
Step 22100: Added 0 GSs. Now having 5000000 GSs.
Step 22200: Relocated 4426969 GSs.
Step 22200: Added 0 GSs. Now having 5000000 GSs.
Step 22300: Relocated 4475512 GSs.
Step 22300: Added 0 GSs. Now having 5000000 GSs.
Step 22400: Relocated 4558884 GSs.
Step 22400: Added 0 GSs. Now having 5000000 GSs.
Step 22500: Relocated 4474437 GSs.
Step 22500: Added 0 GSs. Now having 5000000 GSs.
Step 22600: Relocated 4526249 GSs.
Step 22600: Added 0 GSs. Now having 5000000 GSs.
Step 22700: Relocated 4471184 GSs.
Step 22700: Added 0 GSs. Now having 5000000 GSs.
Step 22800: Relocated 4529346 GSs.
Step 22800: Added 0 GSs. Now having 5000000 GSs.
Step 22900: Relocated 4363816 GSs.
Step 22900: Added 0 GSs. Now having 5000000 GSs.
Step 23000: Relocated 4463089 GSs.
Step 23000: Added 0 GSs. Now having 5000000 GSs.
[23000] loss 0.2575 l1 0.1990 ssim 0.5106 N 5000000
Step 23100: Relocated 4536745 GSs.
Step 23100: Added 0 GSs. Now having 5000000 GSs.
Step 23200: Relocated 4368395 GSs.
Step 23200: Added 0 GSs. Now having 5000000 GSs.
Step 23300: Relocated 4408180 GSs.
Step 23300: Added 0 GSs. Now having 5000000 GSs.
Step 23400: Relocated 4496992 GSs.
Step 23400: Added 0 GSs. Now having 5000000 GSs.
Step 23500: Relocated 4425265 GSs.
Step 23500: Added 0 GSs. Now having 5000000 GSs.
Step 23600: Relocated 4460736 GSs.
Step 23600: Added 0 GSs. Now having 5000000 GSs.
Step 23700: Relocated 4450232 GSs.
Step 23700: Added 0 GSs. Now having 5000000 GSs.
Step 23800: Relocated 4484123 GSs.
Step 23800: Added 0 GSs. Now having 5000000 GSs.
Step 23900: Relocated 4480825 GSs.
Step 23900: Added 0 GSs. Now having 5000000 GSs.
Step 24000: Relocated 4429252 GSs.
Step 24000: Added 0 GSs. Now having 5000000 GSs.
[24000] loss 0.1725 l1 0.1176 ssim 0.6097 N 5000000
Step 24100: Relocated 4466245 GSs.
Step 24100: Added 0 GSs. Now having 5000000 GSs.
Step 24200: Relocated 4488799 GSs.
Step 24200: Added 0 GSs. Now having 5000000 GSs.
Step 24300: Relocated 4494364 GSs.
Step 24300: Added 0 GSs. Now having 5000000 GSs.
Step 24400: Relocated 4522939 GSs.
Step 24400: Added 0 GSs. Now having 5000000 GSs.
Step 24500: Relocated 4613835 GSs.
Step 24500: Added 0 GSs. Now having 5000000 GSs.
Step 24600: Relocated 4523459 GSs.
Step 24600: Added 0 GSs. Now having 5000000 GSs.
Step 24700: Relocated 4397172 GSs.
Step 24700: Added 0 GSs. Now having 5000000 GSs.
Step 24800: Relocated 4230589 GSs.
Step 24800: Added 0 GSs. Now having 5000000 GSs.
Step 24900: Relocated 4430216 GSs.
Step 24900: Added 0 GSs. Now having 5000000 GSs.
[25000] loss 0.3695 l1 0.3613 ssim 0.5998 N 5000000
Setting up [LPIPS] perceptual loss: trunk [vgg], v[0.1], spatial [off]
/home/bkai/miniconda3/envs/gsplat/lib/python3.10/site-packages/torchvision/models/_utils.py:208: UserWarning: The parameter 'pretrained' is deprecated since 0.13 and may be removed in the future, please use 'weights' instead.
  warnings.warn(
/home/bkai/miniconda3/envs/gsplat/lib/python3.10/site-packages/torchvision/models/_utils.py:223: UserWarning: Arguments other than a weight enum or `None` for 'weights' are deprecated since 0.13 and may be removed in the future. The current behavior is equivalent to passing `weights=VGG16_Weights.IMAGENET1K_V1`. You can also use `weights=VGG16_Weights.DEFAULT` to get the most up-to-date weights.
  warnings.warn(msg)
Loading model from: /home/bkai/miniconda3/envs/gsplat/lib/python3.10/site-packages/lpips/weights/v0.1/vgg.pth
[26000] loss 0.2455 l1 0.1663 ssim 0.7278 N 5000000
[27000] loss 0.3181 l1 0.2527 ssim 0.6850 N 5000000
[28000] loss 0.1842 l1 0.0989 ssim 0.7501 N 5000000
[29000] loss 0.2822 l1 0.1957 ssim 0.6985 N 5000000
[29999] loss 0.1341 l1 0.0715 ssim 0.8423 N 5000000
Saved 5000000 gaussians to /mnt/d/avv/r2r8/models/bonsai_ut7/ckpt.pt
  fit on 124 pairs -> field 240x135  mean |d| 1.025 px  max 2.91 px
saved -> /mnt/d/avv/r2r8/fields/bonsai.npy (+ .meta.json)
k1=+0.00000  1920x1080  unsupervised 0.21% -> /mnt/d/avv/r2r8/masks/bonsai.npy
=== [bonsai] DONE (gpu0) ===
