ERROR conda.cli.main_run:execute(142): `conda run python -c 
import sys; sys.path.insert(0,'.')
from scene.colmap_loader import read_intrinsics_binary
c=list(read_intrinsics_binary('/mnt/d/avv/data/phase1/private_set2/chair/train/sparse/0/cameras.bin').values())[0]
p=list(c.params); print(p[3] if c.model in ('SIMPLE_RADIAL','RADIAL') else 0.0)` failed. (See above for error)
[chair] k1=ERROR: This cross-compiler package contains no program /home/bkai/miniconda3/bin/x86_64-conda-linux-gnu-g++ -> native
205/263 images.bin entries have files in /mnt/d/avv/data/phase1/private_set2/chair/train/images
205 views, 80491 init points, K=[[1114.0,0,360.0],[0,1114.0,640.0]], size 720x1280
3DGUT mode: classic + with_ut + with_eval3d, k1=+0.000000
scene_scale 5.779
/mnt/c/Users/BKAI/an_plaza2/FastGS/gsplat_track/train_gsplat.py:325: UserWarning: The given NumPy array is not writable, and PyTorch does not support non-writable tensors. This means writing to this tensor will result in undefined behavior. You may want to copy the array to protect its data or make it writable before converting it to a tensor. This type of warning will be suppressed for the rest of this program. (Triggered internally at /pytorch/torch/csrc/utils/tensor_numpy.cpp:203.)
  gt_cache[vi] = torch.from_numpy(
[0] loss 0.2803 l1 0.1952 ssim 0.4068 N 80491
Step 600: Relocated 22684 GSs.
Step 600: Added 4024 GSs. Now having 84515 GSs.
Step 700: Relocated 4429 GSs.
Step 700: Added 4225 GSs. Now having 88740 GSs.
Step 800: Relocated 3510 GSs.
Step 800: Added 4437 GSs. Now having 93177 GSs.
Step 900: Relocated 3682 GSs.
Step 900: Added 4658 GSs. Now having 97835 GSs.
Step 1000: Relocated 3545 GSs.
Step 1000: Added 4891 GSs. Now having 102726 GSs.
[1000] loss 0.1311 l1 0.0703 ssim 0.6345 N 102726
Step 1100: Relocated 3957 GSs.
Step 1100: Added 5136 GSs. Now having 107862 GSs.
Step 1200: Relocated 4391 GSs.
Step 1200: Added 5393 GSs. Now having 113255 GSs.
Step 1300: Relocated 4665 GSs.
Step 1300: Added 5662 GSs. Now having 118917 GSs.
Step 1400: Relocated 4953 GSs.
Step 1400: Added 5945 GSs. Now having 124862 GSs.
Step 1500: Relocated 5238 GSs.
Step 1500: Added 6243 GSs. Now having 131105 GSs.
Step 1600: Relocated 5905 GSs.
Step 1600: Added 6555 GSs. Now having 137660 GSs.
Step 1700: Relocated 6472 GSs.
Step 1700: Added 6883 GSs. Now having 144543 GSs.
Step 1800: Relocated 7402 GSs.
Step 1800: Added 7227 GSs. Now having 151770 GSs.
Step 1900: Relocated 7266 GSs.
Step 1900: Added 7588 GSs. Now having 159358 GSs.
Step 2000: Relocated 7996 GSs.
Step 2000: Added 7967 GSs. Now having 167325 GSs.
[2000] loss 0.1510 l1 0.0723 ssim 0.5417 N 167325
Step 2100: Relocated 8840 GSs.
Step 2100: Added 8366 GSs. Now having 175691 GSs.
Step 2200: Relocated 10141 GSs.
Step 2200: Added 8784 GSs. Now having 184475 GSs.
Step 2300: Relocated 10221 GSs.
Step 2300: Added 9223 GSs. Now having 193698 GSs.
Step 2400: Relocated 10918 GSs.
Step 2400: Added 9684 GSs. Now having 203382 GSs.
Step 2500: Relocated 12433 GSs.
Step 2500: Added 10169 GSs. Now having 213551 GSs.
Step 2600: Relocated 13455 GSs.
Step 2600: Added 10677 GSs. Now having 224228 GSs.
Step 2700: Relocated 14451 GSs.
Step 2700: Added 11211 GSs. Now having 235439 GSs.
Step 2800: Relocated 14547 GSs.
Step 2800: Added 11771 GSs. Now having 247210 GSs.
Step 2900: Relocated 16901 GSs.
Step 2900: Added 12360 GSs. Now having 259570 GSs.
Step 3000: Relocated 19343 GSs.
Step 3000: Added 12978 GSs. Now having 272548 GSs.
[3000] loss 0.1266 l1 0.0611 ssim 0.6177 N 272548
Step 3100: Relocated 19639 GSs.
Step 3100: Added 13627 GSs. Now having 286175 GSs.
Step 3200: Relocated 20758 GSs.
Step 3200: Added 14308 GSs. Now having 300483 GSs.
Step 3300: Relocated 21590 GSs.
Step 3300: Added 15024 GSs. Now having 315507 GSs.
Step 3400: Relocated 23239 GSs.
Step 3400: Added 15775 GSs. Now having 331282 GSs.
Step 3500: Relocated 24146 GSs.
Step 3500: Added 16564 GSs. Now having 347846 GSs.
Step 3600: Relocated 27035 GSs.
Step 3600: Added 17392 GSs. Now having 365238 GSs.
Step 3700: Relocated 28702 GSs.
Step 3700: Added 18261 GSs. Now having 383499 GSs.
Step 3800: Relocated 32010 GSs.
Step 3800: Added 19174 GSs. Now having 402673 GSs.
Step 3900: Relocated 33181 GSs.
Step 3900: Added 20133 GSs. Now having 422806 GSs.
Step 4000: Relocated 35592 GSs.
Step 4000: Added 21140 GSs. Now having 443946 GSs.
[4000] loss 0.1149 l1 0.0571 ssim 0.6600 N 443946
Step 4100: Relocated 38246 GSs.
Step 4100: Added 22197 GSs. Now having 466143 GSs.
Step 4200: Relocated 40970 GSs.
Step 4200: Added 23307 GSs. Now having 489450 GSs.
Step 4300: Relocated 42555 GSs.
Step 4300: Added 24472 GSs. Now having 513922 GSs.
Step 4400: Relocated 46604 GSs.
Step 4400: Added 25696 GSs. Now having 539618 GSs.
Step 4500: Relocated 52276 GSs.
Step 4500: Added 26980 GSs. Now having 566598 GSs.
Step 4600: Relocated 55183 GSs.
Step 4600: Added 28329 GSs. Now having 594927 GSs.
Step 4700: Relocated 53649 GSs.
Step 4700: Added 29746 GSs. Now having 624673 GSs.
Step 4800: Relocated 59803 GSs.
Step 4800: Added 31233 GSs. Now having 655906 GSs.
Step 4900: Relocated 61883 GSs.
Step 4900: Added 32795 GSs. Now having 688701 GSs.
Step 5000: Relocated 62159 GSs.
Step 5000: Added 34435 GSs. Now having 723136 GSs.
[5000] loss 0.1083 l1 0.0532 ssim 0.6766 N 723136
Step 5100: Relocated 69747 GSs.
Step 5100: Added 36156 GSs. Now having 759292 GSs.
Step 5200: Relocated 69189 GSs.
Step 5200: Added 37964 GSs. Now having 797256 GSs.
Step 5300: Relocated 75819 GSs.
Step 5300: Added 39862 GSs. Now having 837118 GSs.
Step 5400: Relocated 78783 GSs.
Step 5400: Added 41855 GSs. Now having 878973 GSs.
Step 5500: Relocated 84322 GSs.
Step 5500: Added 43948 GSs. Now having 922921 GSs.
Step 5600: Relocated 94997 GSs.
Step 5600: Added 46146 GSs. Now having 969067 GSs.
Step 5700: Relocated 96896 GSs.
Step 5700: Added 48453 GSs. Now having 1017520 GSs.
Step 5800: Relocated 100465 GSs.
Step 5800: Added 50876 GSs. Now having 1068396 GSs.
Step 5900: Relocated 111410 GSs.
Step 5900: Added 53419 GSs. Now having 1121815 GSs.
Step 6000: Relocated 118133 GSs.
Step 6000: Added 56090 GSs. Now having 1177905 GSs.
[6000] loss 0.1021 l1 0.0470 ssim 0.6825 N 1177905
Step 6100: Relocated 127656 GSs.
Step 6100: Added 58895 GSs. Now having 1236800 GSs.
Step 6200: Relocated 135385 GSs.
Step 6200: Added 61840 GSs. Now having 1298640 GSs.
Step 6300: Relocated 130562 GSs.
Step 6300: Added 64932 GSs. Now having 1363572 GSs.
Step 6400: Relocated 149239 GSs.
Step 6400: Added 68178 GSs. Now having 1431750 GSs.
Step 6500: Relocated 144076 GSs.
Step 6500: Added 71587 GSs. Now having 1503337 GSs.
Step 6600: Relocated 154921 GSs.
Step 6600: Added 75166 GSs. Now having 1578503 GSs.
Step 6700: Relocated 158417 GSs.
Step 6700: Added 78925 GSs. Now having 1657428 GSs.
Step 6800: Relocated 164379 GSs.
Step 6800: Added 82871 GSs. Now having 1740299 GSs.
Step 6900: Relocated 191588 GSs.
Step 6900: Added 87014 GSs. Now having 1827313 GSs.
Step 7000: Relocated 210070 GSs.
Step 7000: Added 91365 GSs. Now having 1918678 GSs.
[7000] loss 0.1606 l1 0.0913 ssim 0.5667 N 1918678
Step 7100: Relocated 204643 GSs.
Step 7100: Added 95933 GSs. Now having 2014611 GSs.
Step 7200: Relocated 211439 GSs.
Step 7200: Added 100730 GSs. Now having 2115341 GSs.
Step 7300: Relocated 232661 GSs.
Step 7300: Added 105767 GSs. Now having 2221108 GSs.
Step 7400: Relocated 247662 GSs.
Step 7400: Added 111055 GSs. Now having 2332163 GSs.
Step 7500: Relocated 266316 GSs.
Step 7500: Added 116608 GSs. Now having 2448771 GSs.
Step 7600: Relocated 266013 GSs.
Step 7600: Added 122438 GSs. Now having 2571209 GSs.
Step 7700: Relocated 291637 GSs.
Step 7700: Added 128560 GSs. Now having 2699769 GSs.
Step 7800: Relocated 318430 GSs.
Step 7800: Added 134988 GSs. Now having 2834757 GSs.
Step 7900: Relocated 357243 GSs.
Step 7900: Added 141737 GSs. Now having 2976494 GSs.
Step 8000: Relocated 357860 GSs.
Step 8000: Added 148824 GSs. Now having 3125318 GSs.
[8000] loss 0.0797 l1 0.0453 ssim 0.7868 N 3125318
Step 8100: Relocated 358570 GSs.
Step 8100: Added 156265 GSs. Now having 3281583 GSs.
Step 8200: Relocated 398908 GSs.
Step 8200: Added 164079 GSs. Now having 3445662 GSs.
Step 8300: Relocated 439331 GSs.
Step 8300: Added 172283 GSs. Now having 3617945 GSs.
Step 8400: Relocated 460036 GSs.
Step 8400: Added 180897 GSs. Now having 3798842 GSs.
Step 8500: Relocated 466430 GSs.
Step 8500: Added 189942 GSs. Now having 3988784 GSs.
Step 8600: Relocated 500570 GSs.
Step 8600: Added 199439 GSs. Now having 4188223 GSs.
Step 8700: Relocated 509000 GSs.
Step 8700: Added 209411 GSs. Now having 4397634 GSs.
Step 8800: Relocated 582906 GSs.
Step 8800: Added 219881 GSs. Now having 4617515 GSs.
Step 8900: Relocated 650331 GSs.
Step 8900: Added 230875 GSs. Now having 4848390 GSs.
Step 9000: Relocated 694032 GSs.
Step 9000: Added 151610 GSs. Now having 5000000 GSs.
[9000] loss 0.1257 l1 0.0689 ssim 0.6506 N 5000000
Step 9100: Relocated 640104 GSs.
Step 9100: Added 0 GSs. Now having 5000000 GSs.
Step 9200: Relocated 553180 GSs.
Step 9200: Added 0 GSs. Now having 5000000 GSs.
Step 9300: Relocated 504789 GSs.
Step 9300: Added 0 GSs. Now having 5000000 GSs.
Step 9400: Relocated 448312 GSs.
Step 9400: Added 0 GSs. Now having 5000000 GSs.
Step 9500: Relocated 430861 GSs.
Step 9500: Added 0 GSs. Now having 5000000 GSs.
Step 9600: Relocated 408721 GSs.
Step 9600: Added 0 GSs. Now having 5000000 GSs.
Step 9700: Relocated 386812 GSs.
Step 9700: Added 0 GSs. Now having 5000000 GSs.
Step 9800: Relocated 375671 GSs.
Step 9800: Added 0 GSs. Now having 5000000 GSs.
Step 9900: Relocated 394458 GSs.
Step 9900: Added 0 GSs. Now having 5000000 GSs.
Step 10000: Relocated 367243 GSs.
Step 10000: Added 0 GSs. Now having 5000000 GSs.
[10000] loss 0.0815 l1 0.0384 ssim 0.7498 N 5000000
Step 10100: Relocated 373246 GSs.
Step 10100: Added 0 GSs. Now having 5000000 GSs.
Step 10200: Relocated 375419 GSs.
Step 10200: Added 0 GSs. Now having 5000000 GSs.
Step 10300: Relocated 364849 GSs.
Step 10300: Added 0 GSs. Now having 5000000 GSs.
Step 10400: Relocated 365236 GSs.
Step 10400: Added 0 GSs. Now having 5000000 GSs.
Step 10500: Relocated 327561 GSs.
Step 10500: Added 0 GSs. Now having 5000000 GSs.
Step 10600: Relocated 359061 GSs.
Step 10600: Added 0 GSs. Now having 5000000 GSs.
Step 10700: Relocated 366135 GSs.
Step 10700: Added 0 GSs. Now having 5000000 GSs.
Step 10800: Relocated 377443 GSs.
Step 10800: Added 0 GSs. Now having 5000000 GSs.
Step 10900: Relocated 367687 GSs.
Step 10900: Added 0 GSs. Now having 5000000 GSs.
Step 11000: Relocated 357009 GSs.
Step 11000: Added 0 GSs. Now having 5000000 GSs.
[11000] loss 0.1116 l1 0.0585 ssim 0.6797 N 5000000
Step 11100: Relocated 336511 GSs.
Step 11100: Added 0 GSs. Now having 5000000 GSs.
Step 11200: Relocated 316326 GSs.
Step 11200: Added 0 GSs. Now having 5000000 GSs.
Step 11300: Relocated 300203 GSs.
Step 11300: Added 0 GSs. Now having 5000000 GSs.
Step 11400: Relocated 306089 GSs.
Step 11400: Added 0 GSs. Now having 5000000 GSs.
Step 11500: Relocated 322737 GSs.
Step 11500: Added 0 GSs. Now having 5000000 GSs.
Step 11600: Relocated 324035 GSs.
Step 11600: Added 0 GSs. Now having 5000000 GSs.
Step 11700: Relocated 297335 GSs.
Step 11700: Added 0 GSs. Now having 5000000 GSs.
Step 11800: Relocated 311871 GSs.
Step 11800: Added 0 GSs. Now having 5000000 GSs.
Step 11900: Relocated 322273 GSs.
Step 11900: Added 0 GSs. Now having 5000000 GSs.
Step 12000: Relocated 327600 GSs.
Step 12000: Added 0 GSs. Now having 5000000 GSs.
[12000] loss 0.0899 l1 0.0505 ssim 0.7563 N 5000000
Step 12100: Relocated 315217 GSs.
Step 12100: Added 0 GSs. Now having 5000000 GSs.
Step 12200: Relocated 322597 GSs.
Step 12200: Added 0 GSs. Now having 5000000 GSs.
Step 12300: Relocated 321684 GSs.
Step 12300: Added 0 GSs. Now having 5000000 GSs.
Step 12400: Relocated 307817 GSs.
Step 12400: Added 0 GSs. Now having 5000000 GSs.
Step 12500: Relocated 322404 GSs.
Step 12500: Added 0 GSs. Now having 5000000 GSs.
Step 12600: Relocated 309216 GSs.
Step 12600: Added 0 GSs. Now having 5000000 GSs.
Step 12700: Relocated 305180 GSs.
Step 12700: Added 0 GSs. Now having 5000000 GSs.
Step 12800: Relocated 302813 GSs.
Step 12800: Added 0 GSs. Now having 5000000 GSs.
Step 12900: Relocated 274249 GSs.
Step 12900: Added 0 GSs. Now having 5000000 GSs.
Step 13000: Relocated 264876 GSs.
Step 13000: Added 0 GSs. Now having 5000000 GSs.
[13000] loss 0.0832 l1 0.0464 ssim 0.7740 N 5000000
Step 13100: Relocated 271329 GSs.
Step 13100: Added 0 GSs. Now having 5000000 GSs.
Step 13200: Relocated 275964 GSs.
Step 13200: Added 0 GSs. Now having 5000000 GSs.
Step 13300: Relocated 267001 GSs.
Step 13300: Added 0 GSs. Now having 5000000 GSs.
Step 13400: Relocated 270306 GSs.
Step 13400: Added 0 GSs. Now having 5000000 GSs.
Step 13500: Relocated 258810 GSs.
Step 13500: Added 0 GSs. Now having 5000000 GSs.
Step 13600: Relocated 259599 GSs.
Step 13600: Added 0 GSs. Now having 5000000 GSs.
Step 13700: Relocated 266255 GSs.
Step 13700: Added 0 GSs. Now having 5000000 GSs.
Step 13800: Relocated 260054 GSs.
Step 13800: Added 0 GSs. Now having 5000000 GSs.
Step 13900: Relocated 272182 GSs.
Step 13900: Added 0 GSs. Now having 5000000 GSs.
Step 14000: Relocated 275814 GSs.
Step 14000: Added 0 GSs. Now having 5000000 GSs.
[14000] loss 0.0630 l1 0.0413 ssim 0.8541 N 5000000
Step 14100: Relocated 269606 GSs.
Step 14100: Added 0 GSs. Now having 5000000 GSs.
Step 14200: Relocated 253868 GSs.
Step 14200: Added 0 GSs. Now having 5000000 GSs.
Step 14300: Relocated 249995 GSs.
Step 14300: Added 0 GSs. Now having 5000000 GSs.
Step 14400: Relocated 253711 GSs.
Step 14400: Added 0 GSs. Now having 5000000 GSs.
Step 14500: Relocated 249475 GSs.
Step 14500: Added 0 GSs. Now having 5000000 GSs.
Step 14600: Relocated 242723 GSs.
Step 14600: Added 0 GSs. Now having 5000000 GSs.
Step 14700: Relocated 252584 GSs.
Step 14700: Added 0 GSs. Now having 5000000 GSs.
Step 14800: Relocated 249364 GSs.
Step 14800: Added 0 GSs. Now having 5000000 GSs.
Step 14900: Relocated 261421 GSs.
Step 14900: Added 0 GSs. Now having 5000000 GSs.
Step 15000: Relocated 239285 GSs.
Step 15000: Added 0 GSs. Now having 5000000 GSs.
[15000] loss 0.0855 l1 0.0414 ssim 0.7425 N 5000000
Step 15100: Relocated 227474 GSs.
Step 15100: Added 0 GSs. Now having 5000000 GSs.
Step 15200: Relocated 227465 GSs.
Step 15200: Added 0 GSs. Now having 5000000 GSs.
Step 15300: Relocated 234828 GSs.
Step 15300: Added 0 GSs. Now having 5000000 GSs.
Step 15400: Relocated 230886 GSs.
Step 15400: Added 0 GSs. Now having 5000000 GSs.
Step 15500: Relocated 219024 GSs.
Step 15500: Added 0 GSs. Now having 5000000 GSs.
Step 15600: Relocated 218764 GSs.
Step 15600: Added 0 GSs. Now having 5000000 GSs.
Step 15700: Relocated 219658 GSs.
Step 15700: Added 0 GSs. Now having 5000000 GSs.
Step 15800: Relocated 216842 GSs.
Step 15800: Added 0 GSs. Now having 5000000 GSs.
Step 15900: Relocated 214149 GSs.
Step 15900: Added 0 GSs. Now having 5000000 GSs.
Step 16000: Relocated 209727 GSs.
Step 16000: Added 0 GSs. Now having 5000000 GSs.
[16000] loss 0.0719 l1 0.0405 ssim 0.8069 N 5000000
Step 16100: Relocated 200104 GSs.
Step 16100: Added 0 GSs. Now having 5000000 GSs.
Step 16200: Relocated 206260 GSs.
Step 16200: Added 0 GSs. Now having 5000000 GSs.
Step 16300: Relocated 194099 GSs.
Step 16300: Added 0 GSs. Now having 5000000 GSs.
Step 16400: Relocated 197593 GSs.
Step 16400: Added 0 GSs. Now having 5000000 GSs.
Step 16500: Relocated 189681 GSs.
Step 16500: Added 0 GSs. Now having 5000000 GSs.
Step 16600: Relocated 187485 GSs.
Step 16600: Added 0 GSs. Now having 5000000 GSs.
Step 16700: Relocated 193587 GSs.
Step 16700: Added 0 GSs. Now having 5000000 GSs.
Step 16800: Relocated 193357 GSs.
Step 16800: Added 0 GSs. Now having 5000000 GSs.
Step 16900: Relocated 188979 GSs.
Step 16900: Added 0 GSs. Now having 5000000 GSs.
Step 17000: Relocated 185357 GSs.
Step 17000: Added 0 GSs. Now having 5000000 GSs.
[17000] loss 0.0775 l1 0.0430 ssim 0.7891 N 5000000
Step 17100: Relocated 188048 GSs.
Step 17100: Added 0 GSs. Now having 5000000 GSs.
Step 17200: Relocated 192166 GSs.
Step 17200: Added 0 GSs. Now having 5000000 GSs.
Step 17300: Relocated 181520 GSs.
Step 17300: Added 0 GSs. Now having 5000000 GSs.
Step 17400: Relocated 179609 GSs.
Step 17400: Added 0 GSs. Now having 5000000 GSs.
Step 17500: Relocated 190648 GSs.
Step 17500: Added 0 GSs. Now having 5000000 GSs.
Step 17600: Relocated 178244 GSs.
Step 17600: Added 0 GSs. Now having 5000000 GSs.
Step 17700: Relocated 173993 GSs.
Step 17700: Added 0 GSs. Now having 5000000 GSs.
Step 17800: Relocated 170344 GSs.
Step 17800: Added 0 GSs. Now having 5000000 GSs.
Step 17900: Relocated 163556 GSs.
Step 17900: Added 0 GSs. Now having 5000000 GSs.
Step 18000: Relocated 170749 GSs.
Step 18000: Added 0 GSs. Now having 5000000 GSs.
[18000] loss 0.0865 l1 0.0476 ssim 0.7626 N 5000000
Step 18100: Relocated 176928 GSs.
Step 18100: Added 0 GSs. Now having 5000000 GSs.
Step 18200: Relocated 176538 GSs.
Step 18200: Added 0 GSs. Now having 5000000 GSs.
Step 18300: Relocated 156736 GSs.
Step 18300: Added 0 GSs. Now having 5000000 GSs.
Step 18400: Relocated 156128 GSs.
Step 18400: Added 0 GSs. Now having 5000000 GSs.
Step 18500: Relocated 164374 GSs.
Step 18500: Added 0 GSs. Now having 5000000 GSs.
Step 18600: Relocated 152594 GSs.
Step 18600: Added 0 GSs. Now having 5000000 GSs.
Step 18700: Relocated 147514 GSs.
Step 18700: Added 0 GSs. Now having 5000000 GSs.
Step 18800: Relocated 141741 GSs.
Step 18800: Added 0 GSs. Now having 5000000 GSs.
Step 18900: Relocated 139948 GSs.
Step 18900: Added 0 GSs. Now having 5000000 GSs.
Step 19000: Relocated 146189 GSs.
Step 19000: Added 0 GSs. Now having 5000000 GSs.
[19000] loss 0.0847 l1 0.0411 ssim 0.7455 N 5000000
Step 19100: Relocated 143097 GSs.
Step 19100: Added 0 GSs. Now having 5000000 GSs.
Step 19200: Relocated 144228 GSs.
Step 19200: Added 0 GSs. Now having 5000000 GSs.
Step 19300: Relocated 140243 GSs.
Step 19300: Added 0 GSs. Now having 5000000 GSs.
Step 19400: Relocated 134149 GSs.
Step 19400: Added 0 GSs. Now having 5000000 GSs.
Step 19500: Relocated 135831 GSs.
Step 19500: Added 0 GSs. Now having 5000000 GSs.
Step 19600: Relocated 140338 GSs.
Step 19600: Added 0 GSs. Now having 5000000 GSs.
Step 19700: Relocated 128067 GSs.
Step 19700: Added 0 GSs. Now having 5000000 GSs.
Step 19800: Relocated 126070 GSs.
Step 19800: Added 0 GSs. Now having 5000000 GSs.
Step 19900: Relocated 128532 GSs.
Step 19900: Added 0 GSs. Now having 5000000 GSs.
Step 20000: Relocated 118017 GSs.
Step 20000: Added 0 GSs. Now having 5000000 GSs.
[20000] loss 0.0533 l1 0.0337 ssim 0.8735 N 5000000
Step 20100: Relocated 126113 GSs.
Step 20100: Added 0 GSs. Now having 5000000 GSs.
Step 20200: Relocated 121843 GSs.
Step 20200: Added 0 GSs. Now having 5000000 GSs.
Step 20300: Relocated 121248 GSs.
Step 20300: Added 0 GSs. Now having 5000000 GSs.
Step 20400: Relocated 110697 GSs.
Step 20400: Added 0 GSs. Now having 5000000 GSs.
Step 20500: Relocated 109404 GSs.
Step 20500: Added 0 GSs. Now having 5000000 GSs.
Step 20600: Relocated 117208 GSs.
Step 20600: Added 0 GSs. Now having 5000000 GSs.
Step 20700: Relocated 122500 GSs.
Step 20700: Added 0 GSs. Now having 5000000 GSs.
Step 20800: Relocated 107702 GSs.
Step 20800: Added 0 GSs. Now having 5000000 GSs.
Step 20900: Relocated 105814 GSs.
Step 20900: Added 0 GSs. Now having 5000000 GSs.
Step 21000: Relocated 107306 GSs.
Step 21000: Added 0 GSs. Now having 5000000 GSs.
[21000] loss 0.0954 l1 0.0532 ssim 0.7407 N 5000000
Step 21100: Relocated 101429 GSs.
Step 21100: Added 0 GSs. Now having 5000000 GSs.
Step 21200: Relocated 94701 GSs.
Step 21200: Added 0 GSs. Now having 5000000 GSs.
Step 21300: Relocated 91805 GSs.
Step 21300: Added 0 GSs. Now having 5000000 GSs.
Step 21400: Relocated 87401 GSs.
Step 21400: Added 0 GSs. Now having 5000000 GSs.
Step 21500: Relocated 93324 GSs.
Step 21500: Added 0 GSs. Now having 5000000 GSs.
Step 21600: Relocated 90408 GSs.
Step 21600: Added 0 GSs. Now having 5000000 GSs.
Step 21700: Relocated 91710 GSs.
Step 21700: Added 0 GSs. Now having 5000000 GSs.
Step 21800: Relocated 87554 GSs.
Step 21800: Added 0 GSs. Now having 5000000 GSs.
Step 21900: Relocated 95915 GSs.
Step 21900: Added 0 GSs. Now having 5000000 GSs.
Step 22000: Relocated 89432 GSs.
Step 22000: Added 0 GSs. Now having 5000000 GSs.
[22000] loss 0.0643 l1 0.0290 ssim 0.7998 N 5000000
Step 22100: Relocated 87292 GSs.
Step 22100: Added 0 GSs. Now having 5000000 GSs.
Step 22200: Relocated 83429 GSs.
Step 22200: Added 0 GSs. Now having 5000000 GSs.
Step 22300: Relocated 79337 GSs.
Step 22300: Added 0 GSs. Now having 5000000 GSs.
Step 22400: Relocated 78643 GSs.
Step 22400: Added 0 GSs. Now having 5000000 GSs.
Step 22500: Relocated 76119 GSs.
Step 22500: Added 0 GSs. Now having 5000000 GSs.
Step 22600: Relocated 75338 GSs.
Step 22600: Added 0 GSs. Now having 5000000 GSs.
Step 22700: Relocated 73164 GSs.
Step 22700: Added 0 GSs. Now having 5000000 GSs.
Step 22800: Relocated 74130 GSs.
Step 22800: Added 0 GSs. Now having 5000000 GSs.
Step 22900: Relocated 72811 GSs.
Step 22900: Added 0 GSs. Now having 5000000 GSs.
Step 23000: Relocated 72628 GSs.
Step 23000: Added 0 GSs. Now having 5000000 GSs.
[23000] loss 0.0659 l1 0.0363 ssim 0.8212 N 5000000
Step 23100: Relocated 70663 GSs.
Step 23100: Added 0 GSs. Now having 5000000 GSs.
Step 23200: Relocated 70648 GSs.
Step 23200: Added 0 GSs. Now having 5000000 GSs.
Step 23300: Relocated 71287 GSs.
Step 23300: Added 0 GSs. Now having 5000000 GSs.
Step 23400: Relocated 69076 GSs.
Step 23400: Added 0 GSs. Now having 5000000 GSs.
Step 23500: Relocated 66136 GSs.
Step 23500: Added 0 GSs. Now having 5000000 GSs.
Step 23600: Relocated 63197 GSs.
Step 23600: Added 0 GSs. Now having 5000000 GSs.
Step 23700: Relocated 62652 GSs.
Step 23700: Added 0 GSs. Now having 5000000 GSs.
Step 23800: Relocated 63370 GSs.
Step 23800: Added 0 GSs. Now having 5000000 GSs.
Step 23900: Relocated 64838 GSs.
Step 23900: Added 0 GSs. Now having 5000000 GSs.
Step 24000: Relocated 63593 GSs.
Step 24000: Added 0 GSs. Now having 5000000 GSs.
[24000] loss 0.0589 l1 0.0302 ssim 0.8318 N 5000000
Step 24100: Relocated 64631 GSs.
Step 24100: Added 0 GSs. Now having 5000000 GSs.
Step 24200: Relocated 66970 GSs.
Step 24200: Added 0 GSs. Now having 5000000 GSs.
Step 24300: Relocated 67097 GSs.
Step 24300: Added 0 GSs. Now having 5000000 GSs.
Step 24400: Relocated 64326 GSs.
Step 24400: Added 0 GSs. Now having 5000000 GSs.
Step 24500: Relocated 60039 GSs.
Step 24500: Added 0 GSs. Now having 5000000 GSs.
Step 24600: Relocated 60652 GSs.
Step 24600: Added 0 GSs. Now having 5000000 GSs.
Step 24700: Relocated 56632 GSs.
Step 24700: Added 0 GSs. Now having 5000000 GSs.
Step 24800: Relocated 61247 GSs.
Step 24800: Added 0 GSs. Now having 5000000 GSs.
Step 24900: Relocated 54242 GSs.
Step 24900: Added 0 GSs. Now having 5000000 GSs.
[25000] loss 0.0416 l1 0.0213 ssim 0.8829 N 5000000
Setting up [LPIPS] perceptual loss: trunk [vgg], v[0.1], spatial [off]
/home/bkai/miniconda3/envs/gsplat/lib/python3.10/site-packages/torchvision/models/_utils.py:208: UserWarning: The parameter 'pretrained' is deprecated since 0.13 and may be removed in the future, please use 'weights' instead.
  warnings.warn(
/home/bkai/miniconda3/envs/gsplat/lib/python3.10/site-packages/torchvision/models/_utils.py:223: UserWarning: Arguments other than a weight enum or `None` for 'weights' are deprecated since 0.13 and may be removed in the future. The current behavior is equivalent to passing `weights=VGG16_Weights.IMAGENET1K_V1`. You can also use `weights=VGG16_Weights.DEFAULT` to get the most up-to-date weights.
  warnings.warn(msg)
Loading model from: /home/bkai/miniconda3/envs/gsplat/lib/python3.10/site-packages/lpips/weights/v0.1/vgg.pth
[26000] loss 0.0784 l1 0.0292 ssim 0.8439 N 5000000
[27000] loss 0.0784 l1 0.0300 ssim 0.8349 N 5000000
[28000] loss 0.0554 l1 0.0194 ssim 0.8984 N 5000000
[29000] loss 0.0713 l1 0.0297 ssim 0.8635 N 5000000
[29999] loss 0.0728 l1 0.0255 ssim 0.8353 N 5000000
Saved 5000000 gaussians to /mnt/d/avv/r2r8/models/chair_ut42/ckpt.pt
205/263 images.bin entries have files in /mnt/d/avv/data/phase1/private_set2/chair/train/images
205 views, 80491 init points, K=[[1114.0,0,360.0],[0,1114.0,640.0]], size 720x1280
3DGUT mode: classic + with_ut + with_eval3d, k1=+0.000000
scene_scale 5.779
/mnt/c/Users/BKAI/an_plaza2/FastGS/gsplat_track/train_gsplat.py:325: UserWarning: The given NumPy array is not writable, and PyTorch does not support non-writable tensors. This means writing to this tensor will result in undefined behavior. You may want to copy the array to protect its data or make it writable before converting it to a tensor. This type of warning will be suppressed for the rest of this program. (Triggered internally at /pytorch/torch/csrc/utils/tensor_numpy.cpp:203.)
  gt_cache[vi] = torch.from_numpy(
[0] loss 0.2564 l1 0.1646 ssim 0.4036 N 80491
Step 600: Relocated 20423 GSs.
Step 600: Added 4024 GSs. Now having 84515 GSs.
Step 700: Relocated 4373 GSs.
Step 700: Added 4225 GSs. Now having 88740 GSs.
Step 800: Relocated 3559 GSs.
Step 800: Added 4437 GSs. Now having 93177 GSs.
Step 900: Relocated 3528 GSs.
Step 900: Added 4658 GSs. Now having 97835 GSs.
Step 1000: Relocated 3534 GSs.
Step 1000: Added 4891 GSs. Now having 102726 GSs.
[1000] loss 0.1795 l1 0.0986 ssim 0.5062 N 102726
Step 1100: Relocated 3809 GSs.
Step 1100: Added 5136 GSs. Now having 107862 GSs.
Step 1200: Relocated 4067 GSs.
Step 1200: Added 5393 GSs. Now having 113255 GSs.
Step 1300: Relocated 4532 GSs.
Step 1300: Added 5662 GSs. Now having 118917 GSs.
Step 1400: Relocated 4930 GSs.
Step 1400: Added 5945 GSs. Now having 124862 GSs.
Step 1500: Relocated 5259 GSs.
Step 1500: Added 6243 GSs. Now having 131105 GSs.
Step 1600: Relocated 5758 GSs.
Step 1600: Added 6555 GSs. Now having 137660 GSs.
Step 1700: Relocated 6406 GSs.
Step 1700: Added 6883 GSs. Now having 144543 GSs.
Step 1800: Relocated 6787 GSs.
Step 1800: Added 7227 GSs. Now having 151770 GSs.
Step 1900: Relocated 7545 GSs.
Step 1900: Added 7588 GSs. Now having 159358 GSs.
Step 2000: Relocated 7904 GSs.
Step 2000: Added 7967 GSs. Now having 167325 GSs.
[2000] loss 0.1190 l1 0.0559 ssim 0.6362 N 167325
Step 2100: Relocated 8324 GSs.
Step 2100: Added 8366 GSs. Now having 175691 GSs.
Step 2200: Relocated 9543 GSs.
Step 2200: Added 8784 GSs. Now having 184475 GSs.
Step 2300: Relocated 10867 GSs.
Step 2300: Added 9223 GSs. Now having 193698 GSs.
Step 2400: Relocated 11083 GSs.
Step 2400: Added 9684 GSs. Now having 203382 GSs.
Step 2500: Relocated 12631 GSs.
Step 2500: Added 10169 GSs. Now having 213551 GSs.
Step 2600: Relocated 13301 GSs.
Step 2600: Added 10677 GSs. Now having 224228 GSs.
Step 2700: Relocated 13744 GSs.
Step 2700: Added 11211 GSs. Now having 235439 GSs.
Step 2800: Relocated 14247 GSs.
Step 2800: Added 11771 GSs. Now having 247210 GSs.
Step 2900: Relocated 15522 GSs.
Step 2900: Added 12360 GSs. Now having 259570 GSs.
Step 3000: Relocated 16701 GSs.
Step 3000: Added 12978 GSs. Now having 272548 GSs.
[3000] loss 0.1171 l1 0.0512 ssim 0.6259 N 272548
Step 3100: Relocated 18984 GSs.
Step 3100: Added 13627 GSs. Now having 286175 GSs.
Step 3200: Relocated 22085 GSs.
Step 3200: Added 14308 GSs. Now having 300483 GSs.
Step 3300: Relocated 21954 GSs.
Step 3300: Added 15024 GSs. Now having 315507 GSs.
Step 3400: Relocated 23411 GSs.
Step 3400: Added 15775 GSs. Now having 331282 GSs.
Step 3500: Relocated 24423 GSs.
Step 3500: Added 16564 GSs. Now having 347846 GSs.
Step 3600: Relocated 25965 GSs.
Step 3600: Added 17392 GSs. Now having 365238 GSs.
Step 3700: Relocated 27936 GSs.
Step 3700: Added 18261 GSs. Now having 383499 GSs.
Step 3800: Relocated 28670 GSs.
Step 3800: Added 19174 GSs. Now having 402673 GSs.
Step 3900: Relocated 31575 GSs.
Step 3900: Added 20133 GSs. Now having 422806 GSs.
Step 4000: Relocated 35936 GSs.
Step 4000: Added 21140 GSs. Now having 443946 GSs.
[4000] loss 0.1215 l1 0.0576 ssim 0.6290 N 443946
Step 4100: Relocated 37325 GSs.
Step 4100: Added 22197 GSs. Now having 466143 GSs.
Step 4200: Relocated 37447 GSs.
Step 4200: Added 23307 GSs. Now having 489450 GSs.
Step 4300: Relocated 42866 GSs.
Step 4300: Added 24472 GSs. Now having 513922 GSs.
Step 4400: Relocated 43529 GSs.
Step 4400: Added 25696 GSs. Now having 539618 GSs.
Step 4500: Relocated 47405 GSs.
Step 4500: Added 26980 GSs. Now having 566598 GSs.
Step 4600: Relocated 47373 GSs.
Step 4600: Added 28329 GSs. Now having 594927 GSs.
Step 4700: Relocated 50088 GSs.
Step 4700: Added 29746 GSs. Now having 624673 GSs.
Step 4800: Relocated 54294 GSs.
Step 4800: Added 31233 GSs. Now having 655906 GSs.
Step 4900: Relocated 60809 GSs.
Step 4900: Added 32795 GSs. Now having 688701 GSs.
Step 5000: Relocated 62829 GSs.
Step 5000: Added 34435 GSs. Now having 723136 GSs.
[5000] loss 0.1024 l1 0.0512 ssim 0.6979 N 723136
Step 5100: Relocated 66643 GSs.
Step 5100: Added 36156 GSs. Now having 759292 GSs.
Step 5200: Relocated 71556 GSs.
Step 5200: Added 37964 GSs. Now having 797256 GSs.
Step 5300: Relocated 76053 GSs.
Step 5300: Added 39862 GSs. Now having 837118 GSs.
Step 5400: Relocated 76673 GSs.
Step 5400: Added 41855 GSs. Now having 878973 GSs.
Step 5500: Relocated 82580 GSs.
Step 5500: Added 43948 GSs. Now having 922921 GSs.
Step 5600: Relocated 90734 GSs.
Step 5600: Added 46146 GSs. Now having 969067 GSs.
Step 5700: Relocated 92648 GSs.
Step 5700: Added 48453 GSs. Now having 1017520 GSs.
Step 5800: Relocated 98907 GSs.
Step 5800: Added 50876 GSs. Now having 1068396 GSs.
Step 5900: Relocated 108245 GSs.
Step 5900: Added 53419 GSs. Now having 1121815 GSs.
Step 6000: Relocated 111469 GSs.
Step 6000: Added 56090 GSs. Now having 1177905 GSs.
[6000] loss 0.1279 l1 0.0610 ssim 0.6095 N 1177905
Step 6100: Relocated 118814 GSs.
Step 6100: Added 58895 GSs. Now having 1236800 GSs.
Step 6200: Relocated 136666 GSs.
Step 6200: Added 61840 GSs. Now having 1298640 GSs.
Step 6300: Relocated 139455 GSs.
Step 6300: Added 64932 GSs. Now having 1363572 GSs.
Step 6400: Relocated 141645 GSs.
Step 6400: Added 68178 GSs. Now having 1431750 GSs.
Step 6500: Relocated 154488 GSs.
Step 6500: Added 71587 GSs. Now having 1503337 GSs.
Step 6600: Relocated 156549 GSs.
Step 6600: Added 75166 GSs. Now having 1578503 GSs.
Step 6700: Relocated 163614 GSs.
Step 6700: Added 78925 GSs. Now having 1657428 GSs.
Step 6800: Relocated 167861 GSs.
Step 6800: Added 82871 GSs. Now having 1740299 GSs.
Step 6900: Relocated 188819 GSs.
Step 6900: Added 87014 GSs. Now having 1827313 GSs.
Step 7000: Relocated 196027 GSs.
Step 7000: Added 91365 GSs. Now having 1918678 GSs.
[7000] loss 0.0779 l1 0.0420 ssim 0.7827 N 1918678
Step 7100: Relocated 209543 GSs.
Step 7100: Added 95933 GSs. Now having 2014611 GSs.
Step 7200: Relocated 224803 GSs.
Step 7200: Added 100730 GSs. Now having 2115341 GSs.
Step 7300: Relocated 240705 GSs.
Step 7300: Added 105767 GSs. Now having 2221108 GSs.
Step 7400: Relocated 242251 GSs.
Step 7400: Added 111055 GSs. Now having 2332163 GSs.
Step 7500: Relocated 270737 GSs.
Step 7500: Added 116608 GSs. Now having 2448771 GSs.
Step 7600: Relocated 303518 GSs.
Step 7600: Added 122438 GSs. Now having 2571209 GSs.
Step 7700: Relocated 290092 GSs.
Step 7700: Added 128560 GSs. Now having 2699769 GSs.
Step 7800: Relocated 313540 GSs.
Step 7800: Added 134988 GSs. Now having 2834757 GSs.
Step 7900: Relocated 341080 GSs.
Step 7900: Added 141737 GSs. Now having 2976494 GSs.
Step 8000: Relocated 357016 GSs.
Step 8000: Added 148824 GSs. Now having 3125318 GSs.
[8000] loss 0.0622 l1 0.0357 ssim 0.8356 N 3125318
Step 8100: Relocated 399079 GSs.
Step 8100: Added 156265 GSs. Now having 3281583 GSs.
Step 8200: Relocated 404687 GSs.
Step 8200: Added 164079 GSs. Now having 3445662 GSs.
Step 8300: Relocated 415452 GSs.
Step 8300: Added 172283 GSs. Now having 3617945 GSs.
Step 8400: Relocated 442691 GSs.
Step 8400: Added 180897 GSs. Now having 3798842 GSs.
Step 8500: Relocated 474883 GSs.
Step 8500: Added 189942 GSs. Now having 3988784 GSs.
Step 8600: Relocated 488764 GSs.
Step 8600: Added 199439 GSs. Now having 4188223 GSs.
Step 8700: Relocated 508292 GSs.
Step 8700: Added 209411 GSs. Now having 4397634 GSs.
Step 8800: Relocated 527981 GSs.
Step 8800: Added 219881 GSs. Now having 4617515 GSs.
Step 8900: Relocated 522024 GSs.
Step 8900: Added 230875 GSs. Now having 4848390 GSs.
Step 9000: Relocated 608566 GSs.
Step 9000: Added 151610 GSs. Now having 5000000 GSs.
[9000] loss 0.0914 l1 0.0480 ssim 0.7387 N 5000000
Step 9100: Relocated 652033 GSs.
Step 9100: Added 0 GSs. Now having 5000000 GSs.
Step 9200: Relocated 532929 GSs.
Step 9200: Added 0 GSs. Now having 5000000 GSs.
Step 9300: Relocated 461995 GSs.
Step 9300: Added 0 GSs. Now having 5000000 GSs.
Step 9400: Relocated 431198 GSs.
Step 9400: Added 0 GSs. Now having 5000000 GSs.
Step 9500: Relocated 433948 GSs.
Step 9500: Added 0 GSs. Now having 5000000 GSs.
Step 9600: Relocated 456483 GSs.
Step 9600: Added 0 GSs. Now having 5000000 GSs.
Step 9700: Relocated 433998 GSs.
Step 9700: Added 0 GSs. Now having 5000000 GSs.
Step 9800: Relocated 399759 GSs.
Step 9800: Added 0 GSs. Now having 5000000 GSs.
Step 9900: Relocated 381169 GSs.
Step 9900: Added 0 GSs. Now having 5000000 GSs.
Step 10000: Relocated 344107 GSs.
Step 10000: Added 0 GSs. Now having 5000000 GSs.
[10000] loss 0.0811 l1 0.0426 ssim 0.7687 N 5000000
Step 10100: Relocated 328456 GSs.
Step 10100: Added 0 GSs. Now having 5000000 GSs.
Step 10200: Relocated 325059 GSs.
Step 10200: Added 0 GSs. Now having 5000000 GSs.
Step 10300: Relocated 319131 GSs.
Step 10300: Added 0 GSs. Now having 5000000 GSs.
Step 10400: Relocated 307870 GSs.
Step 10400: Added 0 GSs. Now having 5000000 GSs.
Step 10500: Relocated 295103 GSs.
Step 10500: Added 0 GSs. Now having 5000000 GSs.
Step 10600: Relocated 328369 GSs.
Step 10600: Added 0 GSs. Now having 5000000 GSs.
Step 10700: Relocated 340725 GSs.
Step 10700: Added 0 GSs. Now having 5000000 GSs.
Step 10800: Relocated 333371 GSs.
Step 10800: Added 0 GSs. Now having 5000000 GSs.
Step 10900: Relocated 336020 GSs.
Step 10900: Added 0 GSs. Now having 5000000 GSs.
Step 11000: Relocated 328406 GSs.
Step 11000: Added 0 GSs. Now having 5000000 GSs.
[11000] loss 0.0729 l1 0.0452 ssim 0.8202 N 5000000
Step 11100: Relocated 319127 GSs.
Step 11100: Added 0 GSs. Now having 5000000 GSs.
Step 11200: Relocated 333512 GSs.
Step 11200: Added 0 GSs. Now having 5000000 GSs.
Step 11300: Relocated 322798 GSs.
Step 11300: Added 0 GSs. Now having 5000000 GSs.
Step 11400: Relocated 310446 GSs.
Step 11400: Added 0 GSs. Now having 5000000 GSs.
Step 11500: Relocated 335129 GSs.
Step 11500: Added 0 GSs. Now having 5000000 GSs.
Step 11600: Relocated 313281 GSs.
Step 11600: Added 0 GSs. Now having 5000000 GSs.
Step 11700: Relocated 326564 GSs.
Step 11700: Added 0 GSs. Now having 5000000 GSs.
Step 11800: Relocated 305405 GSs.
Step 11800: Added 0 GSs. Now having 5000000 GSs.
Step 11900: Relocated 302178 GSs.
Step 11900: Added 0 GSs. Now having 5000000 GSs.
Step 12000: Relocated 293715 GSs.
Step 12000: Added 0 GSs. Now having 5000000 GSs.
[12000] loss 0.0961 l1 0.0401 ssim 0.6835 N 5000000
Step 12100: Relocated 298221 GSs.
Step 12100: Added 0 GSs. Now having 5000000 GSs.
Step 12200: Relocated 295131 GSs.
Step 12200: Added 0 GSs. Now having 5000000 GSs.
Step 12300: Relocated 301617 GSs.
Step 12300: Added 0 GSs. Now having 5000000 GSs.
Step 12400: Relocated 300417 GSs.
Step 12400: Added 0 GSs. Now having 5000000 GSs.
Step 12500: Relocated 279281 GSs.
Step 12500: Added 0 GSs. Now having 5000000 GSs.
Step 12600: Relocated 275225 GSs.
Step 12600: Added 0 GSs. Now having 5000000 GSs.
Step 12700: Relocated 308949 GSs.
Step 12700: Added 0 GSs. Now having 5000000 GSs.
Step 12800: Relocated 281937 GSs.
Step 12800: Added 0 GSs. Now having 5000000 GSs.
Step 12900: Relocated 278665 GSs.
Step 12900: Added 0 GSs. Now having 5000000 GSs.
Step 13000: Relocated 261447 GSs.
Step 13000: Added 0 GSs. Now having 5000000 GSs.
[13000] loss 0.1081 l1 0.0483 ssim 0.6567 N 5000000
Step 13100: Relocated 262204 GSs.
Step 13100: Added 0 GSs. Now having 5000000 GSs.
Step 13200: Relocated 251992 GSs.
Step 13200: Added 0 GSs. Now having 5000000 GSs.
Step 13300: Relocated 254731 GSs.
Step 13300: Added 0 GSs. Now having 5000000 GSs.
Step 13400: Relocated 256903 GSs.
Step 13400: Added 0 GSs. Now having 5000000 GSs.
Step 13500: Relocated 261581 GSs.
Step 13500: Added 0 GSs. Now having 5000000 GSs.
Step 13600: Relocated 258205 GSs.
Step 13600: Added 0 GSs. Now having 5000000 GSs.
Step 13700: Relocated 246775 GSs.
Step 13700: Added 0 GSs. Now having 5000000 GSs.
Step 13800: Relocated 246722 GSs.
Step 13800: Added 0 GSs. Now having 5000000 GSs.
Step 13900: Relocated 253854 GSs.
Step 13900: Added 0 GSs. Now having 5000000 GSs.
Step 14000: Relocated 246106 GSs.
Step 14000: Added 0 GSs. Now having 5000000 GSs.
[14000] loss 0.0933 l1 0.0501 ssim 0.7378 N 5000000
Step 14100: Relocated 245119 GSs.
Step 14100: Added 0 GSs. Now having 5000000 GSs.
Step 14200: Relocated 229304 GSs.
Step 14200: Added 0 GSs. Now having 5000000 GSs.
Step 14300: Relocated 235483 GSs.
Step 14300: Added 0 GSs. Now having 5000000 GSs.
Step 14400: Relocated 234344 GSs.
Step 14400: Added 0 GSs. Now having 5000000 GSs.
Step 14500: Relocated 227759 GSs.
Step 14500: Added 0 GSs. Now having 5000000 GSs.
Step 14600: Relocated 233423 GSs.
Step 14600: Added 0 GSs. Now having 5000000 GSs.
Step 14700: Relocated 241109 GSs.
Step 14700: Added 0 GSs. Now having 5000000 GSs.
Step 14800: Relocated 238707 GSs.
Step 14800: Added 0 GSs. Now having 5000000 GSs.
Step 14900: Relocated 230390 GSs.
Step 14900: Added 0 GSs. Now having 5000000 GSs.
Step 15000: Relocated 226938 GSs.
Step 15000: Added 0 GSs. Now having 5000000 GSs.
[15000] loss 0.0802 l1 0.0438 ssim 0.7786 N 5000000
Step 15100: Relocated 235490 GSs.
Step 15100: Added 0 GSs. Now having 5000000 GSs.
Step 15200: Relocated 234152 GSs.
Step 15200: Added 0 GSs. Now having 5000000 GSs.
Step 15300: Relocated 210127 GSs.
Step 15300: Added 0 GSs. Now having 5000000 GSs.
Step 15400: Relocated 222777 GSs.
Step 15400: Added 0 GSs. Now having 5000000 GSs.
Step 15500: Relocated 218580 GSs.
Step 15500: Added 0 GSs. Now having 5000000 GSs.
Step 15600: Relocated 227297 GSs.
Step 15600: Added 0 GSs. Now having 5000000 GSs.
Step 15700: Relocated 218531 GSs.
Step 15700: Added 0 GSs. Now having 5000000 GSs.
Step 15800: Relocated 222527 GSs.
Step 15800: Added 0 GSs. Now having 5000000 GSs.
Step 15900: Relocated 209145 GSs.
Step 15900: Added 0 GSs. Now having 5000000 GSs.
Step 16000: Relocated 210911 GSs.
Step 16000: Added 0 GSs. Now having 5000000 GSs.
[16000] loss 0.0427 l1 0.0225 ssim 0.8810 N 5000000
Step 16100: Relocated 215663 GSs.
Step 16100: Added 0 GSs. Now having 5000000 GSs.
Step 16200: Relocated 219754 GSs.
Step 16200: Added 0 GSs. Now having 5000000 GSs.
Step 16300: Relocated 211844 GSs.
Step 16300: Added 0 GSs. Now having 5000000 GSs.
Step 16400: Relocated 227756 GSs.
Step 16400: Added 0 GSs. Now having 5000000 GSs.
Step 16500: Relocated 209737 GSs.
Step 16500: Added 0 GSs. Now having 5000000 GSs.
Step 16600: Relocated 192001 GSs.
Step 16600: Added 0 GSs. Now having 5000000 GSs.
Step 16700: Relocated 199574 GSs.
Step 16700: Added 0 GSs. Now having 5000000 GSs.
Step 16800: Relocated 210326 GSs.
Step 16800: Added 0 GSs. Now having 5000000 GSs.
Step 16900: Relocated 196828 GSs.
Step 16900: Added 0 GSs. Now having 5000000 GSs.
Step 17000: Relocated 187193 GSs.
Step 17000: Added 0 GSs. Now having 5000000 GSs.
[17000] loss 0.0563 l1 0.0300 ssim 0.8429 N 5000000
Step 17100: Relocated 183422 GSs.
Step 17100: Added 0 GSs. Now having 5000000 GSs.
Step 17200: Relocated 170472 GSs.
Step 17200: Added 0 GSs. Now having 5000000 GSs.
Step 17300: Relocated 163262 GSs.
Step 17300: Added 0 GSs. Now having 5000000 GSs.
Step 17400: Relocated 155017 GSs.
Step 17400: Added 0 GSs. Now having 5000000 GSs.
Step 17500: Relocated 150935 GSs.
Step 17500: Added 0 GSs. Now having 5000000 GSs.
Step 17600: Relocated 167882 GSs.
Step 17600: Added 0 GSs. Now having 5000000 GSs.
Step 17700: Relocated 169903 GSs.
Step 17700: Added 0 GSs. Now having 5000000 GSs.
Step 17800: Relocated 168827 GSs.
Step 17800: Added 0 GSs. Now having 5000000 GSs.
Step 17900: Relocated 158821 GSs.
Step 17900: Added 0 GSs. Now having 5000000 GSs.
Step 18000: Relocated 164872 GSs.
Step 18000: Added 0 GSs. Now having 5000000 GSs.
[18000] loss 0.0544 l1 0.0274 ssim 0.8426 N 5000000
Step 18100: Relocated 167067 GSs.
Step 18100: Added 0 GSs. Now having 5000000 GSs.
Step 18200: Relocated 151798 GSs.
Step 18200: Added 0 GSs. Now having 5000000 GSs.
Step 18300: Relocated 161646 GSs.
Step 18300: Added 0 GSs. Now having 5000000 GSs.
Step 18400: Relocated 166526 GSs.
Step 18400: Added 0 GSs. Now having 5000000 GSs.
Step 18500: Relocated 146220 GSs.
Step 18500: Added 0 GSs. Now having 5000000 GSs.
Step 18600: Relocated 144684 GSs.
Step 18600: Added 0 GSs. Now having 5000000 GSs.
Step 18700: Relocated 144773 GSs.
Step 18700: Added 0 GSs. Now having 5000000 GSs.
Step 18800: Relocated 143183 GSs.
Step 18800: Added 0 GSs. Now having 5000000 GSs.
Step 18900: Relocated 131081 GSs.
Step 18900: Added 0 GSs. Now having 5000000 GSs.
Step 19000: Relocated 129094 GSs.
Step 19000: Added 0 GSs. Now having 5000000 GSs.
[19000] loss 0.0815 l1 0.0460 ssim 0.7815 N 5000000
Step 19100: Relocated 130435 GSs.
Step 19100: Added 0 GSs. Now having 5000000 GSs.
Step 19200: Relocated 131189 GSs.
Step 19200: Added 0 GSs. Now having 5000000 GSs.
Step 19300: Relocated 129619 GSs.
Step 19300: Added 0 GSs. Now having 5000000 GSs.
Step 19400: Relocated 127162 GSs.
Step 19400: Added 0 GSs. Now having 5000000 GSs.
Step 19500: Relocated 124805 GSs.
Step 19500: Added 0 GSs. Now having 5000000 GSs.
Step 19600: Relocated 122344 GSs.
Step 19600: Added 0 GSs. Now having 5000000 GSs.
Step 19700: Relocated 129043 GSs.
Step 19700: Added 0 GSs. Now having 5000000 GSs.
Step 19800: Relocated 114534 GSs.
Step 19800: Added 0 GSs. Now having 5000000 GSs.
Step 19900: Relocated 117716 GSs.
Step 19900: Added 0 GSs. Now having 5000000 GSs.
Step 20000: Relocated 112577 GSs.
Step 20000: Added 0 GSs. Now having 5000000 GSs.
[20000] loss 0.0698 l1 0.0307 ssim 0.7788 N 5000000
Step 20100: Relocated 120046 GSs.
Step 20100: Added 0 GSs. Now having 5000000 GSs.
Step 20200: Relocated 106430 GSs.
Step 20200: Added 0 GSs. Now having 5000000 GSs.
Step 20300: Relocated 117554 GSs.
Step 20300: Added 0 GSs. Now having 5000000 GSs.
Step 20400: Relocated 110743 GSs.
Step 20400: Added 0 GSs. Now having 5000000 GSs.
Step 20500: Relocated 107414 GSs.
Step 20500: Added 0 GSs. Now having 5000000 GSs.
Step 20600: Relocated 105792 GSs.
Step 20600: Added 0 GSs. Now having 5000000 GSs.
Step 20700: Relocated 104893 GSs.
Step 20700: Added 0 GSs. Now having 5000000 GSs.
Step 20800: Relocated 98257 GSs.
Step 20800: Added 0 GSs. Now having 5000000 GSs.
Step 20900: Relocated 93338 GSs.
Step 20900: Added 0 GSs. Now having 5000000 GSs.
Step 21000: Relocated 91173 GSs.
Step 21000: Added 0 GSs. Now having 5000000 GSs.
[21000] loss 0.0627 l1 0.0285 ssim 0.8055 N 5000000
Step 21100: Relocated 92697 GSs.
Step 21100: Added 0 GSs. Now having 5000000 GSs.
Step 21200: Relocated 101106 GSs.
Step 21200: Added 0 GSs. Now having 5000000 GSs.
Step 21300: Relocated 93315 GSs.
Step 21300: Added 0 GSs. Now having 5000000 GSs.
Step 21400: Relocated 85840 GSs.
Step 21400: Added 0 GSs. Now having 5000000 GSs.
Step 21500: Relocated 101954 GSs.
Step 21500: Added 0 GSs. Now having 5000000 GSs.
Step 21600: Relocated 91510 GSs.
Step 21600: Added 0 GSs. Now having 5000000 GSs.
Step 21700: Relocated 94593 GSs.
Step 21700: Added 0 GSs. Now having 5000000 GSs.
Step 21800: Relocated 87893 GSs.
Step 21800: Added 0 GSs. Now having 5000000 GSs.
Step 21900: Relocated 84015 GSs.
Step 21900: Added 0 GSs. Now having 5000000 GSs.
Step 22000: Relocated 82584 GSs.
Step 22000: Added 0 GSs. Now having 5000000 GSs.
[22000] loss 0.0579 l1 0.0305 ssim 0.8380 N 5000000
Step 22100: Relocated 90358 GSs.
Step 22100: Added 0 GSs. Now having 5000000 GSs.
Step 22200: Relocated 85561 GSs.
Step 22200: Added 0 GSs. Now having 5000000 GSs.
Step 22300: Relocated 80892 GSs.
Step 22300: Added 0 GSs. Now having 5000000 GSs.
Step 22400: Relocated 78471 GSs.
Step 22400: Added 0 GSs. Now having 5000000 GSs.
Step 22500: Relocated 80943 GSs.
Step 22500: Added 0 GSs. Now having 5000000 GSs.
Step 22600: Relocated 86660 GSs.
Step 22600: Added 0 GSs. Now having 5000000 GSs.
Step 22700: Relocated 72412 GSs.
Step 22700: Added 0 GSs. Now having 5000000 GSs.
Step 22800: Relocated 71699 GSs.
Step 22800: Added 0 GSs. Now having 5000000 GSs.
Step 22900: Relocated 70613 GSs.
Step 22900: Added 0 GSs. Now having 5000000 GSs.
Step 23000: Relocated 72330 GSs.
Step 23000: Added 0 GSs. Now having 5000000 GSs.
[23000] loss 0.0577 l1 0.0354 ssim 0.8587 N 5000000
Step 23100: Relocated 67897 GSs.
Step 23100: Added 0 GSs. Now having 5000000 GSs.
Step 23200: Relocated 67648 GSs.
Step 23200: Added 0 GSs. Now having 5000000 GSs.
Step 23300: Relocated 65411 GSs.
Step 23300: Added 0 GSs. Now having 5000000 GSs.
Step 23400: Relocated 63892 GSs.
Step 23400: Added 0 GSs. Now having 5000000 GSs.
Step 23500: Relocated 62255 GSs.
Step 23500: Added 0 GSs. Now having 5000000 GSs.
Step 23600: Relocated 66708 GSs.
Step 23600: Added 0 GSs. Now having 5000000 GSs.
Step 23700: Relocated 63309 GSs.
Step 23700: Added 0 GSs. Now having 5000000 GSs.
Step 23800: Relocated 63883 GSs.
Step 23800: Added 0 GSs. Now having 5000000 GSs.
Step 23900: Relocated 59031 GSs.
Step 23900: Added 0 GSs. Now having 5000000 GSs.
Step 24000: Relocated 57667 GSs.
Step 24000: Added 0 GSs. Now having 5000000 GSs.
[24000] loss 0.0424 l1 0.0229 ssim 0.8853 N 5000000
Step 24100: Relocated 55338 GSs.
Step 24100: Added 0 GSs. Now having 5000000 GSs.
Step 24200: Relocated 57152 GSs.
Step 24200: Added 0 GSs. Now having 5000000 GSs.
Step 24300: Relocated 55082 GSs.
Step 24300: Added 0 GSs. Now having 5000000 GSs.
Step 24400: Relocated 55142 GSs.
Step 24400: Added 0 GSs. Now having 5000000 GSs.
Step 24500: Relocated 54528 GSs.
Step 24500: Added 0 GSs. Now having 5000000 GSs.
Step 24600: Relocated 51879 GSs.
Step 24600: Added 0 GSs. Now having 5000000 GSs.
Step 24700: Relocated 54102 GSs.
Step 24700: Added 0 GSs. Now having 5000000 GSs.
Step 24800: Relocated 52521 GSs.
Step 24800: Added 0 GSs. Now having 5000000 GSs.
Step 24900: Relocated 50445 GSs.
Step 24900: Added 0 GSs. Now having 5000000 GSs.
[25000] loss 0.0481 l1 0.0306 ssim 0.8878 N 5000000
Setting up [LPIPS] perceptual loss: trunk [vgg], v[0.1], spatial [off]
/home/bkai/miniconda3/envs/gsplat/lib/python3.10/site-packages/torchvision/models/_utils.py:208: UserWarning: The parameter 'pretrained' is deprecated since 0.13 and may be removed in the future, please use 'weights' instead.
  warnings.warn(
/home/bkai/miniconda3/envs/gsplat/lib/python3.10/site-packages/torchvision/models/_utils.py:223: UserWarning: Arguments other than a weight enum or `None` for 'weights' are deprecated since 0.13 and may be removed in the future. The current behavior is equivalent to passing `weights=VGG16_Weights.IMAGENET1K_V1`. You can also use `weights=VGG16_Weights.DEFAULT` to get the most up-to-date weights.
  warnings.warn(msg)
Loading model from: /home/bkai/miniconda3/envs/gsplat/lib/python3.10/site-packages/lpips/weights/v0.1/vgg.pth
[26000] loss 0.0666 l1 0.0229 ssim 0.8733 N 5000000
[27000] loss 0.0612 l1 0.0305 ssim 0.8920 N 5000000
[28000] loss 0.0639 l1 0.0263 ssim 0.8723 N 5000000
[29000] loss 0.0852 l1 0.0365 ssim 0.8195 N 5000000
[29999] loss 0.1379 l1 0.0464 ssim 0.6545 N 5000000
Saved 5000000 gaussians to /mnt/d/avv/r2r8/models/chair_ut7/ckpt.pt
  fit on 103 pairs -> field 90x160  mean |d| 0.262 px  max 1.16 px
saved -> /mnt/d/avv/r2r8/fields/chair.npy (+ .meta.json)
k1=+0.00000  720x1280  unsupervised 0.00% -> /mnt/d/avv/r2r8/masks/chair.npy
=== [chair] DONE (gpu1) ===
