ERROR conda.cli.main_run:execute(142): `conda run python -c 
import sys; sys.path.insert(0,'.')
from scene.colmap_loader import read_intrinsics_binary
c=list(read_intrinsics_binary('/mnt/d/avv/data/phase1/private_set2/HCM0421/train/sparse/0/cameras.bin').values())[0]
p=list(c.params); print(p[3] if c.model in ('SIMPLE_RADIAL','RADIAL') else 0.0)` failed. (See above for error)
[HCM0421] k1=ERROR: This cross-compiler package contains no program /home/bkai/miniconda3/bin/x86_64-conda-linux-gnu-g++ -> native
240/350 images.bin entries have files in /mnt/d/avv/data/phase1/private_set2/HCM0421/train/images
240 views, 171304 init points, K=[[926.4,0,660.0],[0,926.4,494.5]], size 1320x989
3DGUT mode: classic + with_ut + with_eval3d, k1=+0.008945
scene_scale 10.196
/mnt/c/Users/BKAI/an_plaza2/FastGS/gsplat_track/train_gsplat.py:325: UserWarning: The given NumPy array is not writable, and PyTorch does not support non-writable tensors. This means writing to this tensor will result in undefined behavior. You may want to copy the array to protect its data or make it writable before converting it to a tensor. This type of warning will be suppressed for the rest of this program. (Triggered internally at /pytorch/torch/csrc/utils/tensor_numpy.cpp:203.)
  gt_cache[vi] = torch.from_numpy(
[0] loss 0.3041 l1 0.2038 ssim 0.3248 N 171304
Step 600: Relocated 24377 GSs.
Step 600: Added 8565 GSs. Now having 179869 GSs.
Step 700: Relocated 4995 GSs.
Step 700: Added 8993 GSs. Now having 188862 GSs.
Step 800: Relocated 4670 GSs.
Step 800: Added 9443 GSs. Now having 198305 GSs.
Step 900: Relocated 5310 GSs.
Step 900: Added 9915 GSs. Now having 208220 GSs.
Step 1000: Relocated 5398 GSs.
Step 1000: Added 10411 GSs. Now having 218631 GSs.
[1000] loss 0.1712 l1 0.0796 ssim 0.4819 N 218631
Step 1100: Relocated 5162 GSs.
Step 1100: Added 10931 GSs. Now having 229562 GSs.
Step 1200: Relocated 5847 GSs.
Step 1200: Added 11478 GSs. Now having 241040 GSs.
Step 1300: Relocated 6103 GSs.
Step 1300: Added 12052 GSs. Now having 253092 GSs.
Step 1400: Relocated 6574 GSs.
Step 1400: Added 12654 GSs. Now having 265746 GSs.
Step 1500: Relocated 7952 GSs.
Step 1500: Added 13287 GSs. Now having 279033 GSs.
Step 1600: Relocated 8063 GSs.
Step 1600: Added 13951 GSs. Now having 292984 GSs.
Step 1700: Relocated 9373 GSs.
Step 1700: Added 14649 GSs. Now having 307633 GSs.
Step 1800: Relocated 9485 GSs.
Step 1800: Added 15381 GSs. Now having 323014 GSs.
Step 1900: Relocated 10183 GSs.
Step 1900: Added 16150 GSs. Now having 339164 GSs.
Step 2000: Relocated 12676 GSs.
Step 2000: Added 16958 GSs. Now having 356122 GSs.
[2000] loss 0.1024 l1 0.0449 ssim 0.6832 N 356122
Step 2100: Relocated 13889 GSs.
Step 2100: Added 17806 GSs. Now having 373928 GSs.
Step 2200: Relocated 13958 GSs.
Step 2200: Added 18696 GSs. Now having 392624 GSs.
Step 2300: Relocated 15903 GSs.
Step 2300: Added 19631 GSs. Now having 412255 GSs.
Step 2400: Relocated 18315 GSs.
Step 2400: Added 20612 GSs. Now having 432867 GSs.
Step 2500: Relocated 19635 GSs.
Step 2500: Added 21643 GSs. Now having 454510 GSs.
Step 2600: Relocated 21711 GSs.
Step 2600: Added 22725 GSs. Now having 477235 GSs.
Step 2700: Relocated 22000 GSs.
Step 2700: Added 23861 GSs. Now having 501096 GSs.
Step 2800: Relocated 21923 GSs.
Step 2800: Added 25054 GSs. Now having 526150 GSs.
Step 2900: Relocated 22461 GSs.
Step 2900: Added 26307 GSs. Now having 552457 GSs.
Step 3000: Relocated 26687 GSs.
Step 3000: Added 27622 GSs. Now having 580079 GSs.
[3000] loss 0.1250 l1 0.0586 ssim 0.6222 N 580079
Step 3100: Relocated 26426 GSs.
Step 3100: Added 29003 GSs. Now having 609082 GSs.
Step 3200: Relocated 28737 GSs.
Step 3200: Added 30454 GSs. Now having 639536 GSs.
Step 3300: Relocated 31684 GSs.
Step 3300: Added 31976 GSs. Now having 671512 GSs.
Step 3400: Relocated 34565 GSs.
Step 3400: Added 33575 GSs. Now having 705087 GSs.
Step 3500: Relocated 35150 GSs.
Step 3500: Added 35254 GSs. Now having 740341 GSs.
Step 3600: Relocated 36550 GSs.
Step 3600: Added 37017 GSs. Now having 777358 GSs.
Step 3700: Relocated 42956 GSs.
Step 3700: Added 38867 GSs. Now having 816225 GSs.
Step 3800: Relocated 43586 GSs.
Step 3800: Added 40811 GSs. Now having 857036 GSs.
Step 3900: Relocated 46922 GSs.
Step 3900: Added 42851 GSs. Now having 899887 GSs.
Step 4000: Relocated 50037 GSs.
Step 4000: Added 44994 GSs. Now having 944881 GSs.
[4000] loss 0.1167 l1 0.0544 ssim 0.6446 N 944881
Step 4100: Relocated 53982 GSs.
Step 4100: Added 47244 GSs. Now having 992125 GSs.
Step 4200: Relocated 58806 GSs.
Step 4200: Added 49606 GSs. Now having 1041731 GSs.
Step 4300: Relocated 56511 GSs.
Step 4300: Added 52086 GSs. Now having 1093817 GSs.
Step 4400: Relocated 61094 GSs.
Step 4400: Added 54690 GSs. Now having 1148507 GSs.
Step 4500: Relocated 64015 GSs.
Step 4500: Added 57425 GSs. Now having 1205932 GSs.
Step 4600: Relocated 66639 GSs.
Step 4600: Added 60296 GSs. Now having 1266228 GSs.
Step 4700: Relocated 83753 GSs.
Step 4700: Added 63311 GSs. Now having 1329539 GSs.
Step 4800: Relocated 74833 GSs.
Step 4800: Added 66476 GSs. Now having 1396015 GSs.
Step 4900: Relocated 93909 GSs.
Step 4900: Added 69800 GSs. Now having 1465815 GSs.
Step 5000: Relocated 95700 GSs.
Step 5000: Added 73290 GSs. Now having 1539105 GSs.
[5000] loss 0.0982 l1 0.0476 ssim 0.7087 N 1539105
Step 5100: Relocated 101279 GSs.
Step 5100: Added 76955 GSs. Now having 1616060 GSs.
Step 5200: Relocated 101563 GSs.
Step 5200: Added 80803 GSs. Now having 1696863 GSs.
Step 5300: Relocated 116865 GSs.
Step 5300: Added 84843 GSs. Now having 1781706 GSs.
Step 5400: Relocated 122344 GSs.
Step 5400: Added 89085 GSs. Now having 1870791 GSs.
Step 5500: Relocated 115164 GSs.
Step 5500: Added 93539 GSs. Now having 1964330 GSs.
Step 5600: Relocated 129192 GSs.
Step 5600: Added 98216 GSs. Now having 2062546 GSs.
Step 5700: Relocated 145810 GSs.
Step 5700: Added 103127 GSs. Now having 2165673 GSs.
Step 5800: Relocated 155111 GSs.
Step 5800: Added 108283 GSs. Now having 2273956 GSs.
Step 5900: Relocated 160565 GSs.
Step 5900: Added 113697 GSs. Now having 2387653 GSs.
Step 6000: Relocated 169893 GSs.
Step 6000: Added 119382 GSs. Now having 2507035 GSs.
[6000] loss 0.0777 l1 0.0405 ssim 0.7809 N 2507035
Step 6100: Relocated 176972 GSs.
Step 6100: Added 125351 GSs. Now having 2632386 GSs.
Step 6200: Relocated 193407 GSs.
Step 6200: Added 131619 GSs. Now having 2764005 GSs.
Step 6300: Relocated 203043 GSs.
Step 6300: Added 138200 GSs. Now having 2902205 GSs.
Step 6400: Relocated 205514 GSs.
Step 6400: Added 145110 GSs. Now having 3047315 GSs.
Step 6500: Relocated 202376 GSs.
Step 6500: Added 152365 GSs. Now having 3199680 GSs.
Step 6600: Relocated 235531 GSs.
Step 6600: Added 159984 GSs. Now having 3359664 GSs.
Step 6700: Relocated 247550 GSs.
Step 6700: Added 167983 GSs. Now having 3527647 GSs.
Step 6800: Relocated 247504 GSs.
Step 6800: Added 176382 GSs. Now having 3704029 GSs.
Step 6900: Relocated 279265 GSs.
Step 6900: Added 185201 GSs. Now having 3889230 GSs.
Step 7000: Relocated 301799 GSs.
Step 7000: Added 194461 GSs. Now having 4083691 GSs.
[7000] loss 0.1124 l1 0.0590 ssim 0.6810 N 4083691
Step 7100: Relocated 324425 GSs.
Step 7100: Added 204184 GSs. Now having 4287875 GSs.
Step 7200: Relocated 323524 GSs.
Step 7200: Added 214393 GSs. Now having 4502268 GSs.
Step 7300: Relocated 379004 GSs.
Step 7300: Added 225113 GSs. Now having 4727381 GSs.
Step 7400: Relocated 411102 GSs.
Step 7400: Added 236369 GSs. Now having 4963750 GSs.
Step 7500: Relocated 402781 GSs.
Step 7500: Added 36250 GSs. Now having 5000000 GSs.
Step 7600: Relocated 368219 GSs.
Step 7600: Added 0 GSs. Now having 5000000 GSs.
Step 7700: Relocated 299336 GSs.
Step 7700: Added 0 GSs. Now having 5000000 GSs.
Step 7800: Relocated 290602 GSs.
Step 7800: Added 0 GSs. Now having 5000000 GSs.
Step 7900: Relocated 280229 GSs.
Step 7900: Added 0 GSs. Now having 5000000 GSs.
Step 8000: Relocated 267164 GSs.
Step 8000: Added 0 GSs. Now having 5000000 GSs.
[8000] loss 0.0679 l1 0.0358 ssim 0.8102 N 5000000
Step 8100: Relocated 262789 GSs.
Step 8100: Added 0 GSs. Now having 5000000 GSs.
Step 8200: Relocated 251322 GSs.
Step 8200: Added 0 GSs. Now having 5000000 GSs.
Step 8300: Relocated 259762 GSs.
Step 8300: Added 0 GSs. Now having 5000000 GSs.
Step 8400: Relocated 247922 GSs.
Step 8400: Added 0 GSs. Now having 5000000 GSs.
Step 8500: Relocated 235386 GSs.
Step 8500: Added 0 GSs. Now having 5000000 GSs.
Step 8600: Relocated 238965 GSs.
Step 8600: Added 0 GSs. Now having 5000000 GSs.
Step 8700: Relocated 231847 GSs.
Step 8700: Added 0 GSs. Now having 5000000 GSs.
Step 8800: Relocated 238953 GSs.
Step 8800: Added 0 GSs. Now having 5000000 GSs.
Step 8900: Relocated 225579 GSs.
Step 8900: Added 0 GSs. Now having 5000000 GSs.
Step 9000: Relocated 220171 GSs.
Step 9000: Added 0 GSs. Now having 5000000 GSs.
[9000] loss 0.0671 l1 0.0347 ssim 0.8103 N 5000000
Step 9100: Relocated 223290 GSs.
Step 9100: Added 0 GSs. Now having 5000000 GSs.
Step 9200: Relocated 224217 GSs.
Step 9200: Added 0 GSs. Now having 5000000 GSs.
Step 9300: Relocated 232624 GSs.
Step 9300: Added 0 GSs. Now having 5000000 GSs.
Step 9400: Relocated 230109 GSs.
Step 9400: Added 0 GSs. Now having 5000000 GSs.
Step 9500: Relocated 234716 GSs.
Step 9500: Added 0 GSs. Now having 5000000 GSs.
Step 9600: Relocated 218103 GSs.
Step 9600: Added 0 GSs. Now having 5000000 GSs.
Step 9700: Relocated 221836 GSs.
Step 9700: Added 0 GSs. Now having 5000000 GSs.
Step 9800: Relocated 231103 GSs.
Step 9800: Added 0 GSs. Now having 5000000 GSs.
Step 9900: Relocated 226123 GSs.
Step 9900: Added 0 GSs. Now having 5000000 GSs.
Step 10000: Relocated 226254 GSs.
Step 10000: Added 0 GSs. Now having 5000000 GSs.
[10000] loss 0.0679 l1 0.0377 ssim 0.8188 N 5000000
Step 10100: Relocated 223457 GSs.
Step 10100: Added 0 GSs. Now having 5000000 GSs.
Step 10200: Relocated 227846 GSs.
Step 10200: Added 0 GSs. Now having 5000000 GSs.
Step 10300: Relocated 234219 GSs.
Step 10300: Added 0 GSs. Now having 5000000 GSs.
Step 10400: Relocated 225412 GSs.
Step 10400: Added 0 GSs. Now having 5000000 GSs.
Step 10500: Relocated 227474 GSs.
Step 10500: Added 0 GSs. Now having 5000000 GSs.
Step 10600: Relocated 227371 GSs.
Step 10600: Added 0 GSs. Now having 5000000 GSs.
Step 10700: Relocated 232553 GSs.
Step 10700: Added 0 GSs. Now having 5000000 GSs.
Step 10800: Relocated 221900 GSs.
Step 10800: Added 0 GSs. Now having 5000000 GSs.
Step 10900: Relocated 224638 GSs.
Step 10900: Added 0 GSs. Now having 5000000 GSs.
Step 11000: Relocated 222212 GSs.
Step 11000: Added 0 GSs. Now having 5000000 GSs.
[11000] loss 0.0812 l1 0.0439 ssim 0.7770 N 5000000
Step 11100: Relocated 218454 GSs.
Step 11100: Added 0 GSs. Now having 5000000 GSs.
Step 11200: Relocated 217657 GSs.
Step 11200: Added 0 GSs. Now having 5000000 GSs.
Step 11300: Relocated 224845 GSs.
Step 11300: Added 0 GSs. Now having 5000000 GSs.
Step 11400: Relocated 220045 GSs.
Step 11400: Added 0 GSs. Now having 5000000 GSs.
Step 11500: Relocated 223491 GSs.
Step 11500: Added 0 GSs. Now having 5000000 GSs.
Step 11600: Relocated 218249 GSs.
Step 11600: Added 0 GSs. Now having 5000000 GSs.
Step 11700: Relocated 210196 GSs.
Step 11700: Added 0 GSs. Now having 5000000 GSs.
Step 11800: Relocated 206136 GSs.
Step 11800: Added 0 GSs. Now having 5000000 GSs.
Step 11900: Relocated 206612 GSs.
Step 11900: Added 0 GSs. Now having 5000000 GSs.
Step 12000: Relocated 207753 GSs.
Step 12000: Added 0 GSs. Now having 5000000 GSs.
[12000] loss 0.0870 l1 0.0430 ssim 0.7449 N 5000000
Step 12100: Relocated 204195 GSs.
Step 12100: Added 0 GSs. Now having 5000000 GSs.
Step 12200: Relocated 210563 GSs.
Step 12200: Added 0 GSs. Now having 5000000 GSs.
Step 12300: Relocated 200093 GSs.
Step 12300: Added 0 GSs. Now having 5000000 GSs.
Step 12400: Relocated 216352 GSs.
Step 12400: Added 0 GSs. Now having 5000000 GSs.
Step 12500: Relocated 208953 GSs.
Step 12500: Added 0 GSs. Now having 5000000 GSs.
Step 12600: Relocated 210556 GSs.
Step 12600: Added 0 GSs. Now having 5000000 GSs.
Step 12700: Relocated 207777 GSs.
Step 12700: Added 0 GSs. Now having 5000000 GSs.
Step 12800: Relocated 215779 GSs.
Step 12800: Added 0 GSs. Now having 5000000 GSs.
Step 12900: Relocated 209642 GSs.
Step 12900: Added 0 GSs. Now having 5000000 GSs.
Step 13000: Relocated 217228 GSs.
Step 13000: Added 0 GSs. Now having 5000000 GSs.
[13000] loss 0.0818 l1 0.0455 ssim 0.7812 N 5000000
Step 13100: Relocated 211193 GSs.
Step 13100: Added 0 GSs. Now having 5000000 GSs.
Step 13200: Relocated 213031 GSs.
Step 13200: Added 0 GSs. Now having 5000000 GSs.
Step 13300: Relocated 201062 GSs.
Step 13300: Added 0 GSs. Now having 5000000 GSs.
Step 13400: Relocated 204245 GSs.
Step 13400: Added 0 GSs. Now having 5000000 GSs.
Step 13500: Relocated 201544 GSs.
Step 13500: Added 0 GSs. Now having 5000000 GSs.
Step 13600: Relocated 194165 GSs.
Step 13600: Added 0 GSs. Now having 5000000 GSs.
Step 13700: Relocated 202784 GSs.
Step 13700: Added 0 GSs. Now having 5000000 GSs.
Step 13800: Relocated 192468 GSs.
Step 13800: Added 0 GSs. Now having 5000000 GSs.
Step 13900: Relocated 195491 GSs.
Step 13900: Added 0 GSs. Now having 5000000 GSs.
Step 14000: Relocated 199181 GSs.
Step 14000: Added 0 GSs. Now having 5000000 GSs.
[14000] loss 0.0448 l1 0.0282 ssim 0.8971 N 5000000
Step 14100: Relocated 187657 GSs.
Step 14100: Added 0 GSs. Now having 5000000 GSs.
Step 14200: Relocated 191494 GSs.
Step 14200: Added 0 GSs. Now having 5000000 GSs.
Step 14300: Relocated 187753 GSs.
Step 14300: Added 0 GSs. Now having 5000000 GSs.
Step 14400: Relocated 187605 GSs.
Step 14400: Added 0 GSs. Now having 5000000 GSs.
Step 14500: Relocated 187473 GSs.
Step 14500: Added 0 GSs. Now having 5000000 GSs.
Step 14600: Relocated 186169 GSs.
Step 14600: Added 0 GSs. Now having 5000000 GSs.
Step 14700: Relocated 182758 GSs.
Step 14700: Added 0 GSs. Now having 5000000 GSs.
Step 14800: Relocated 181852 GSs.
Step 14800: Added 0 GSs. Now having 5000000 GSs.
Step 14900: Relocated 180096 GSs.
Step 14900: Added 0 GSs. Now having 5000000 GSs.
Step 15000: Relocated 187500 GSs.
Step 15000: Added 0 GSs. Now having 5000000 GSs.
[15000] loss 0.0675 l1 0.0392 ssim 0.8280 N 5000000
Step 15100: Relocated 189969 GSs.
Step 15100: Added 0 GSs. Now having 5000000 GSs.
Step 15200: Relocated 189144 GSs.
Step 15200: Added 0 GSs. Now having 5000000 GSs.
Step 15300: Relocated 178889 GSs.
Step 15300: Added 0 GSs. Now having 5000000 GSs.
Step 15400: Relocated 179938 GSs.
Step 15400: Added 0 GSs. Now having 5000000 GSs.
Step 15500: Relocated 182780 GSs.
Step 15500: Added 0 GSs. Now having 5000000 GSs.
Step 15600: Relocated 175327 GSs.
Step 15600: Added 0 GSs. Now having 5000000 GSs.
Step 15700: Relocated 171899 GSs.
Step 15700: Added 0 GSs. Now having 5000000 GSs.
Step 15800: Relocated 168950 GSs.
Step 15800: Added 0 GSs. Now having 5000000 GSs.
Step 15900: Relocated 195203 GSs.
Step 15900: Added 0 GSs. Now having 5000000 GSs.
Step 16000: Relocated 173567 GSs.
Step 16000: Added 0 GSs. Now having 5000000 GSs.
[16000] loss 0.0674 l1 0.0377 ssim 0.8224 N 5000000
Step 16100: Relocated 167830 GSs.
Step 16100: Added 0 GSs. Now having 5000000 GSs.
Step 16200: Relocated 176717 GSs.
Step 16200: Added 0 GSs. Now having 5000000 GSs.
Step 16300: Relocated 179111 GSs.
Step 16300: Added 0 GSs. Now having 5000000 GSs.
Step 16400: Relocated 172089 GSs.
Step 16400: Added 0 GSs. Now having 5000000 GSs.
Step 16500: Relocated 170826 GSs.
Step 16500: Added 0 GSs. Now having 5000000 GSs.
Step 16600: Relocated 167641 GSs.
Step 16600: Added 0 GSs. Now having 5000000 GSs.
Step 16700: Relocated 167987 GSs.
Step 16700: Added 0 GSs. Now having 5000000 GSs.
Step 16800: Relocated 154180 GSs.
Step 16800: Added 0 GSs. Now having 5000000 GSs.
Step 16900: Relocated 153557 GSs.
Step 16900: Added 0 GSs. Now having 5000000 GSs.
Step 17000: Relocated 149811 GSs.
Step 17000: Added 0 GSs. Now having 5000000 GSs.
[17000] loss 0.0826 l1 0.0443 ssim 0.7728 N 5000000
Step 17100: Relocated 157716 GSs.
Step 17100: Added 0 GSs. Now having 5000000 GSs.
Step 17200: Relocated 151903 GSs.
Step 17200: Added 0 GSs. Now having 5000000 GSs.
Step 17300: Relocated 149957 GSs.
Step 17300: Added 0 GSs. Now having 5000000 GSs.
Step 17400: Relocated 153687 GSs.
Step 17400: Added 0 GSs. Now having 5000000 GSs.
Step 17500: Relocated 151367 GSs.
Step 17500: Added 0 GSs. Now having 5000000 GSs.
Step 17600: Relocated 147446 GSs.
Step 17600: Added 0 GSs. Now having 5000000 GSs.
Step 17700: Relocated 149688 GSs.
Step 17700: Added 0 GSs. Now having 5000000 GSs.
Step 17800: Relocated 145705 GSs.
Step 17800: Added 0 GSs. Now having 5000000 GSs.
Step 17900: Relocated 141167 GSs.
Step 17900: Added 0 GSs. Now having 5000000 GSs.
Step 18000: Relocated 141115 GSs.
Step 18000: Added 0 GSs. Now having 5000000 GSs.
[18000] loss 0.0387 l1 0.0237 ssim 0.9100 N 5000000
Step 18100: Relocated 136574 GSs.
Step 18100: Added 0 GSs. Now having 5000000 GSs.
Step 18200: Relocated 133754 GSs.
Step 18200: Added 0 GSs. Now having 5000000 GSs.
Step 18300: Relocated 137290 GSs.
Step 18300: Added 0 GSs. Now having 5000000 GSs.
Step 18400: Relocated 130558 GSs.
Step 18400: Added 0 GSs. Now having 5000000 GSs.
Step 18500: Relocated 139371 GSs.
Step 18500: Added 0 GSs. Now having 5000000 GSs.
Step 18600: Relocated 129635 GSs.
Step 18600: Added 0 GSs. Now having 5000000 GSs.
Step 18700: Relocated 126575 GSs.
Step 18700: Added 0 GSs. Now having 5000000 GSs.
Step 18800: Relocated 131832 GSs.
Step 18800: Added 0 GSs. Now having 5000000 GSs.
Step 18900: Relocated 131738 GSs.
Step 18900: Added 0 GSs. Now having 5000000 GSs.
Step 19000: Relocated 128329 GSs.
Step 19000: Added 0 GSs. Now having 5000000 GSs.
[19000] loss 0.0562 l1 0.0319 ssim 0.8560 N 5000000
Step 19100: Relocated 136976 GSs.
Step 19100: Added 0 GSs. Now having 5000000 GSs.
Step 19200: Relocated 128234 GSs.
Step 19200: Added 0 GSs. Now having 5000000 GSs.
Step 19300: Relocated 126861 GSs.
Step 19300: Added 0 GSs. Now having 5000000 GSs.
Step 19400: Relocated 126163 GSs.
Step 19400: Added 0 GSs. Now having 5000000 GSs.
Step 19500: Relocated 127674 GSs.
Step 19500: Added 0 GSs. Now having 5000000 GSs.
Step 19600: Relocated 120766 GSs.
Step 19600: Added 0 GSs. Now having 5000000 GSs.
Step 19700: Relocated 113450 GSs.
Step 19700: Added 0 GSs. Now having 5000000 GSs.
Step 19800: Relocated 114254 GSs.
Step 19800: Added 0 GSs. Now having 5000000 GSs.
Step 19900: Relocated 116079 GSs.
Step 19900: Added 0 GSs. Now having 5000000 GSs.
Step 20000: Relocated 109851 GSs.
Step 20000: Added 0 GSs. Now having 5000000 GSs.
[20000] loss 0.0432 l1 0.0254 ssim 0.8947 N 5000000
Step 20100: Relocated 106876 GSs.
Step 20100: Added 0 GSs. Now having 5000000 GSs.
Step 20200: Relocated 103076 GSs.
Step 20200: Added 0 GSs. Now having 5000000 GSs.
Step 20300: Relocated 106357 GSs.
Step 20300: Added 0 GSs. Now having 5000000 GSs.
Step 20400: Relocated 103253 GSs.
Step 20400: Added 0 GSs. Now having 5000000 GSs.
Step 20500: Relocated 105643 GSs.
Step 20500: Added 0 GSs. Now having 5000000 GSs.
Step 20600: Relocated 104810 GSs.
Step 20600: Added 0 GSs. Now having 5000000 GSs.
Step 20700: Relocated 102209 GSs.
Step 20700: Added 0 GSs. Now having 5000000 GSs.
Step 20800: Relocated 111906 GSs.
Step 20800: Added 0 GSs. Now having 5000000 GSs.
Step 20900: Relocated 107195 GSs.
Step 20900: Added 0 GSs. Now having 5000000 GSs.
Step 21000: Relocated 106323 GSs.
Step 21000: Added 0 GSs. Now having 5000000 GSs.
[21000] loss 0.0542 l1 0.0300 ssim 0.8581 N 5000000
Step 21100: Relocated 110932 GSs.
Step 21100: Added 0 GSs. Now having 5000000 GSs.
Step 21200: Relocated 103076 GSs.
Step 21200: Added 0 GSs. Now having 5000000 GSs.
Step 21300: Relocated 99634 GSs.
Step 21300: Added 0 GSs. Now having 5000000 GSs.
Step 21400: Relocated 91480 GSs.
Step 21400: Added 0 GSs. Now having 5000000 GSs.
Step 21500: Relocated 95990 GSs.
Step 21500: Added 0 GSs. Now having 5000000 GSs.
Step 21600: Relocated 98495 GSs.
Step 21600: Added 0 GSs. Now having 5000000 GSs.
Step 21700: Relocated 94614 GSs.
Step 21700: Added 0 GSs. Now having 5000000 GSs.
Step 21800: Relocated 98569 GSs.
Step 21800: Added 0 GSs. Now having 5000000 GSs.
Step 21900: Relocated 98873 GSs.
Step 21900: Added 0 GSs. Now having 5000000 GSs.
Step 22000: Relocated 95945 GSs.
Step 22000: Added 0 GSs. Now having 5000000 GSs.
[22000] loss 0.0608 l1 0.0329 ssim 0.8369 N 5000000
Step 22100: Relocated 92216 GSs.
Step 22100: Added 0 GSs. Now having 5000000 GSs.
Step 22200: Relocated 85417 GSs.
Step 22200: Added 0 GSs. Now having 5000000 GSs.
Step 22300: Relocated 84395 GSs.
Step 22300: Added 0 GSs. Now having 5000000 GSs.
Step 22400: Relocated 88876 GSs.
Step 22400: Added 0 GSs. Now having 5000000 GSs.
Step 22500: Relocated 86968 GSs.
Step 22500: Added 0 GSs. Now having 5000000 GSs.
Step 22600: Relocated 79681 GSs.
Step 22600: Added 0 GSs. Now having 5000000 GSs.
Step 22700: Relocated 78892 GSs.
Step 22700: Added 0 GSs. Now having 5000000 GSs.
Step 22800: Relocated 81936 GSs.
Step 22800: Added 0 GSs. Now having 5000000 GSs.
Step 22900: Relocated 78667 GSs.
Step 22900: Added 0 GSs. Now having 5000000 GSs.
Step 23000: Relocated 81714 GSs.
Step 23000: Added 0 GSs. Now having 5000000 GSs.
[23000] loss 0.0614 l1 0.0355 ssim 0.8446 N 5000000
Step 23100: Relocated 78031 GSs.
Step 23100: Added 0 GSs. Now having 5000000 GSs.
Step 23200: Relocated 79084 GSs.
Step 23200: Added 0 GSs. Now having 5000000 GSs.
Step 23300: Relocated 75715 GSs.
Step 23300: Added 0 GSs. Now having 5000000 GSs.
Step 23400: Relocated 75012 GSs.
Step 23400: Added 0 GSs. Now having 5000000 GSs.
Step 23500: Relocated 78191 GSs.
Step 23500: Added 0 GSs. Now having 5000000 GSs.
Step 23600: Relocated 73059 GSs.
Step 23600: Added 0 GSs. Now having 5000000 GSs.
Step 23700: Relocated 68338 GSs.
Step 23700: Added 0 GSs. Now having 5000000 GSs.
Step 23800: Relocated 69868 GSs.
Step 23800: Added 0 GSs. Now having 5000000 GSs.
Step 23900: Relocated 69532 GSs.
Step 23900: Added 0 GSs. Now having 5000000 GSs.
Step 24000: Relocated 73801 GSs.
Step 24000: Added 0 GSs. Now having 5000000 GSs.
[24000] loss 0.0443 l1 0.0271 ssim 0.8964 N 5000000
Step 24100: Relocated 67801 GSs.
Step 24100: Added 0 GSs. Now having 5000000 GSs.
Step 24200: Relocated 67954 GSs.
Step 24200: Added 0 GSs. Now having 5000000 GSs.
Step 24300: Relocated 65575 GSs.
Step 24300: Added 0 GSs. Now having 5000000 GSs.
Step 24400: Relocated 67902 GSs.
Step 24400: Added 0 GSs. Now having 5000000 GSs.
Step 24500: Relocated 66655 GSs.
Step 24500: Added 0 GSs. Now having 5000000 GSs.
Step 24600: Relocated 62070 GSs.
Step 24600: Added 0 GSs. Now having 5000000 GSs.
Step 24700: Relocated 60145 GSs.
Step 24700: Added 0 GSs. Now having 5000000 GSs.
Step 24800: Relocated 63618 GSs.
Step 24800: Added 0 GSs. Now having 5000000 GSs.
Step 24900: Relocated 62672 GSs.
Step 24900: Added 0 GSs. Now having 5000000 GSs.
[25000] loss 0.0502 l1 0.0279 ssim 0.8702 N 5000000
Setting up [LPIPS] perceptual loss: trunk [vgg], v[0.1], spatial [off]
/home/bkai/miniconda3/envs/gsplat/lib/python3.10/site-packages/torchvision/models/_utils.py:208: UserWarning: The parameter 'pretrained' is deprecated since 0.13 and may be removed in the future, please use 'weights' instead.
  warnings.warn(
/home/bkai/miniconda3/envs/gsplat/lib/python3.10/site-packages/torchvision/models/_utils.py:223: UserWarning: Arguments other than a weight enum or `None` for 'weights' are deprecated since 0.13 and may be removed in the future. The current behavior is equivalent to passing `weights=VGG16_Weights.IMAGENET1K_V1`. You can also use `weights=VGG16_Weights.DEFAULT` to get the most up-to-date weights.
  warnings.warn(msg)
Loading model from: /home/bkai/miniconda3/envs/gsplat/lib/python3.10/site-packages/lpips/weights/v0.1/vgg.pth
[26000] loss 0.0670 l1 0.0311 ssim 0.8521 N 5000000
[27000] loss 0.0633 l1 0.0277 ssim 0.8521 N 5000000
[28000] loss 0.0579 l1 0.0303 ssim 0.8799 N 5000000
[29000] loss 0.0473 l1 0.0267 ssim 0.9125 N 5000000
[29999] loss 0.0669 l1 0.0336 ssim 0.8635 N 5000000
Saved 5000000 gaussians to /mnt/d/avv/r2r8/models/HCM0421_ut42/ckpt.pt
240/350 images.bin entries have files in /mnt/d/avv/data/phase1/private_set2/HCM0421/train/images
240 views, 171304 init points, K=[[926.4,0,660.0],[0,926.4,494.5]], size 1320x989
3DGUT mode: classic + with_ut + with_eval3d, k1=+0.008945
scene_scale 10.196
/mnt/c/Users/BKAI/an_plaza2/FastGS/gsplat_track/train_gsplat.py:325: UserWarning: The given NumPy array is not writable, and PyTorch does not support non-writable tensors. This means writing to this tensor will result in undefined behavior. You may want to copy the array to protect its data or make it writable before converting it to a tensor. This type of warning will be suppressed for the rest of this program. (Triggered internally at /pytorch/torch/csrc/utils/tensor_numpy.cpp:203.)
  gt_cache[vi] = torch.from_numpy(
[0] loss 0.3078 l1 0.1983 ssim 0.2842 N 171304
Step 600: Relocated 23908 GSs.
Step 600: Added 8565 GSs. Now having 179869 GSs.
Step 700: Relocated 5127 GSs.
Step 700: Added 8993 GSs. Now having 188862 GSs.
Step 800: Relocated 4628 GSs.
Step 800: Added 9443 GSs. Now having 198305 GSs.
Step 900: Relocated 4604 GSs.
Step 900: Added 9915 GSs. Now having 208220 GSs.
Step 1000: Relocated 5084 GSs.
Step 1000: Added 10411 GSs. Now having 218631 GSs.
[1000] loss 0.1266 l1 0.0563 ssim 0.6117 N 218631
Step 1100: Relocated 5293 GSs.
Step 1100: Added 10931 GSs. Now having 229562 GSs.
Step 1200: Relocated 5670 GSs.
Step 1200: Added 11478 GSs. Now having 241040 GSs.
Step 1300: Relocated 6149 GSs.
Step 1300: Added 12052 GSs. Now having 253092 GSs.
Step 1400: Relocated 6517 GSs.
Step 1400: Added 12654 GSs. Now having 265746 GSs.
Step 1500: Relocated 7650 GSs.
Step 1500: Added 13287 GSs. Now having 279033 GSs.
Step 1600: Relocated 8150 GSs.
Step 1600: Added 13951 GSs. Now having 292984 GSs.
Step 1700: Relocated 9008 GSs.
Step 1700: Added 14649 GSs. Now having 307633 GSs.
Step 1800: Relocated 9154 GSs.
Step 1800: Added 15381 GSs. Now having 323014 GSs.
Step 1900: Relocated 11652 GSs.
Step 1900: Added 16150 GSs. Now having 339164 GSs.
Step 2000: Relocated 12195 GSs.
Step 2000: Added 16958 GSs. Now having 356122 GSs.
[2000] loss 0.1165 l1 0.0510 ssim 0.6373 N 356122
Step 2100: Relocated 11616 GSs.
Step 2100: Added 17806 GSs. Now having 373928 GSs.
Step 2200: Relocated 14103 GSs.
Step 2200: Added 18696 GSs. Now having 392624 GSs.
Step 2300: Relocated 15341 GSs.
Step 2300: Added 19631 GSs. Now having 412255 GSs.
Step 2400: Relocated 17807 GSs.
Step 2400: Added 20612 GSs. Now having 432867 GSs.
Step 2500: Relocated 18633 GSs.
Step 2500: Added 21643 GSs. Now having 454510 GSs.
Step 2600: Relocated 20621 GSs.
Step 2600: Added 22725 GSs. Now having 477235 GSs.
Step 2700: Relocated 19983 GSs.
Step 2700: Added 23861 GSs. Now having 501096 GSs.
Step 2800: Relocated 23275 GSs.
Step 2800: Added 25054 GSs. Now having 526150 GSs.
Step 2900: Relocated 22542 GSs.
Step 2900: Added 26307 GSs. Now having 552457 GSs.
Step 3000: Relocated 23792 GSs.
Step 3000: Added 27622 GSs. Now having 580079 GSs.
[3000] loss 0.0910 l1 0.0401 ssim 0.7182 N 580079
Step 3100: Relocated 27497 GSs.
Step 3100: Added 29003 GSs. Now having 609082 GSs.
Step 3200: Relocated 28135 GSs.
Step 3200: Added 30454 GSs. Now having 639536 GSs.
Step 3300: Relocated 29269 GSs.
Step 3300: Added 31976 GSs. Now having 671512 GSs.
Step 3400: Relocated 30444 GSs.
Step 3400: Added 33575 GSs. Now having 705087 GSs.
Step 3500: Relocated 31623 GSs.
Step 3500: Added 35254 GSs. Now having 740341 GSs.
Step 3600: Relocated 34596 GSs.
Step 3600: Added 37017 GSs. Now having 777358 GSs.
Step 3700: Relocated 41713 GSs.
Step 3700: Added 38867 GSs. Now having 816225 GSs.
Step 3800: Relocated 44386 GSs.
Step 3800: Added 40811 GSs. Now having 857036 GSs.
Step 3900: Relocated 47257 GSs.
Step 3900: Added 42851 GSs. Now having 899887 GSs.
Step 4000: Relocated 47895 GSs.
Step 4000: Added 44994 GSs. Now having 944881 GSs.
[4000] loss 0.1313 l1 0.0644 ssim 0.6116 N 944881
Step 4100: Relocated 49237 GSs.
Step 4100: Added 47244 GSs. Now having 992125 GSs.
Step 4200: Relocated 56873 GSs.
Step 4200: Added 49606 GSs. Now having 1041731 GSs.
Step 4300: Relocated 55840 GSs.
Step 4300: Added 52086 GSs. Now having 1093817 GSs.
Step 4400: Relocated 58827 GSs.
Step 4400: Added 54690 GSs. Now having 1148507 GSs.
Step 4500: Relocated 61612 GSs.
Step 4500: Added 57425 GSs. Now having 1205932 GSs.
Step 4600: Relocated 72138 GSs.
Step 4600: Added 60296 GSs. Now having 1266228 GSs.
Step 4700: Relocated 75560 GSs.
Step 4700: Added 63311 GSs. Now having 1329539 GSs.
Step 4800: Relocated 76594 GSs.
Step 4800: Added 66476 GSs. Now having 1396015 GSs.
Step 4900: Relocated 84312 GSs.
Step 4900: Added 69800 GSs. Now having 1465815 GSs.
Step 5000: Relocated 91788 GSs.
Step 5000: Added 73290 GSs. Now having 1539105 GSs.
[5000] loss 0.1166 l1 0.0590 ssim 0.6621 N 1539105
Step 5100: Relocated 109517 GSs.
Step 5100: Added 76955 GSs. Now having 1616060 GSs.
Step 5200: Relocated 103569 GSs.
Step 5200: Added 80803 GSs. Now having 1696863 GSs.
Step 5300: Relocated 117413 GSs.
Step 5300: Added 84843 GSs. Now having 1781706 GSs.
Step 5400: Relocated 134397 GSs.
Step 5400: Added 89085 GSs. Now having 1870791 GSs.
Step 5500: Relocated 141460 GSs.
Step 5500: Added 93539 GSs. Now having 1964330 GSs.
Step 5600: Relocated 145661 GSs.
Step 5600: Added 98216 GSs. Now having 2062546 GSs.
Step 5700: Relocated 153454 GSs.
Step 5700: Added 103127 GSs. Now having 2165673 GSs.
Step 5800: Relocated 148831 GSs.
Step 5800: Added 108283 GSs. Now having 2273956 GSs.
Step 5900: Relocated 166011 GSs.
Step 5900: Added 113697 GSs. Now having 2387653 GSs.
Step 6000: Relocated 181830 GSs.
Step 6000: Added 119382 GSs. Now having 2507035 GSs.
[6000] loss 0.1214 l1 0.0669 ssim 0.6681 N 2507035
Step 6100: Relocated 180818 GSs.
Step 6100: Added 125351 GSs. Now having 2632386 GSs.
Step 6200: Relocated 201174 GSs.
Step 6200: Added 131619 GSs. Now having 2764005 GSs.
Step 6300: Relocated 196387 GSs.
Step 6300: Added 138200 GSs. Now having 2902205 GSs.
Step 6400: Relocated 222508 GSs.
Step 6400: Added 145110 GSs. Now having 3047315 GSs.
Step 6500: Relocated 222150 GSs.
Step 6500: Added 152365 GSs. Now having 3199680 GSs.
Step 6600: Relocated 233254 GSs.
Step 6600: Added 159984 GSs. Now having 3359664 GSs.
Step 6700: Relocated 255323 GSs.
Step 6700: Added 167983 GSs. Now having 3527647 GSs.
Step 6800: Relocated 254012 GSs.
Step 6800: Added 176382 GSs. Now having 3704029 GSs.
Step 6900: Relocated 278742 GSs.
Step 6900: Added 185201 GSs. Now having 3889230 GSs.
Step 7000: Relocated 333659 GSs.
Step 7000: Added 194461 GSs. Now having 4083691 GSs.
[7000] loss 0.0738 l1 0.0368 ssim 0.7852 N 4083691
Step 7100: Relocated 344036 GSs.
Step 7100: Added 204184 GSs. Now having 4287875 GSs.
Step 7200: Relocated 367908 GSs.
Step 7200: Added 214393 GSs. Now having 4502268 GSs.
Step 7300: Relocated 394441 GSs.
Step 7300: Added 225113 GSs. Now having 4727381 GSs.
Step 7400: Relocated 392228 GSs.
Step 7400: Added 236369 GSs. Now having 4963750 GSs.
Step 7500: Relocated 404645 GSs.
Step 7500: Added 36250 GSs. Now having 5000000 GSs.
Step 7600: Relocated 358597 GSs.
Step 7600: Added 0 GSs. Now having 5000000 GSs.
Step 7700: Relocated 319181 GSs.
Step 7700: Added 0 GSs. Now having 5000000 GSs.
Step 7800: Relocated 288843 GSs.
Step 7800: Added 0 GSs. Now having 5000000 GSs.
Step 7900: Relocated 285946 GSs.
Step 7900: Added 0 GSs. Now having 5000000 GSs.
Step 8000: Relocated 273482 GSs.
Step 8000: Added 0 GSs. Now having 5000000 GSs.
[8000] loss 0.0930 l1 0.0495 ssim 0.7395 N 5000000
Step 8100: Relocated 266268 GSs.
Step 8100: Added 0 GSs. Now having 5000000 GSs.
Step 8200: Relocated 268247 GSs.
Step 8200: Added 0 GSs. Now having 5000000 GSs.
Step 8300: Relocated 263239 GSs.
Step 8300: Added 0 GSs. Now having 5000000 GSs.
Step 8400: Relocated 260232 GSs.
Step 8400: Added 0 GSs. Now having 5000000 GSs.
Step 8500: Relocated 244192 GSs.
Step 8500: Added 0 GSs. Now having 5000000 GSs.
Step 8600: Relocated 238755 GSs.
Step 8600: Added 0 GSs. Now having 5000000 GSs.
Step 8700: Relocated 228399 GSs.
Step 8700: Added 0 GSs. Now having 5000000 GSs.
Step 8800: Relocated 238618 GSs.
Step 8800: Added 0 GSs. Now having 5000000 GSs.
Step 8900: Relocated 241493 GSs.
Step 8900: Added 0 GSs. Now having 5000000 GSs.
Step 9000: Relocated 254765 GSs.
Step 9000: Added 0 GSs. Now having 5000000 GSs.
[9000] loss 0.0689 l1 0.0380 ssim 0.8146 N 5000000
Step 9100: Relocated 242625 GSs.
Step 9100: Added 0 GSs. Now having 5000000 GSs.
Step 9200: Relocated 245533 GSs.
Step 9200: Added 0 GSs. Now having 5000000 GSs.
Step 9300: Relocated 245818 GSs.
Step 9300: Added 0 GSs. Now having 5000000 GSs.
Step 9400: Relocated 242924 GSs.
Step 9400: Added 0 GSs. Now having 5000000 GSs.
Step 9500: Relocated 225683 GSs.
Step 9500: Added 0 GSs. Now having 5000000 GSs.
Step 9600: Relocated 231854 GSs.
Step 9600: Added 0 GSs. Now having 5000000 GSs.
Step 9700: Relocated 224342 GSs.
Step 9700: Added 0 GSs. Now having 5000000 GSs.
Step 9800: Relocated 225699 GSs.
Step 9800: Added 0 GSs. Now having 5000000 GSs.
Step 9900: Relocated 228263 GSs.
Step 9900: Added 0 GSs. Now having 5000000 GSs.
Step 10000: Relocated 221262 GSs.
Step 10000: Added 0 GSs. Now having 5000000 GSs.
[10000] loss 0.0568 l1 0.0310 ssim 0.8472 N 5000000
Step 10100: Relocated 221969 GSs.
Step 10100: Added 0 GSs. Now having 5000000 GSs.
Step 10200: Relocated 215714 GSs.
Step 10200: Added 0 GSs. Now having 5000000 GSs.
Step 10300: Relocated 221006 GSs.
Step 10300: Added 0 GSs. Now having 5000000 GSs.
Step 10400: Relocated 226194 GSs.
Step 10400: Added 0 GSs. Now having 5000000 GSs.
Step 10500: Relocated 236433 GSs.
Step 10500: Added 0 GSs. Now having 5000000 GSs.
Step 10600: Relocated 218171 GSs.
Step 10600: Added 0 GSs. Now having 5000000 GSs.
Step 10700: Relocated 225250 GSs.
Step 10700: Added 0 GSs. Now having 5000000 GSs.
Step 10800: Relocated 209044 GSs.
Step 10800: Added 0 GSs. Now having 5000000 GSs.
Step 10900: Relocated 215533 GSs.
Step 10900: Added 0 GSs. Now having 5000000 GSs.
Step 11000: Relocated 227149 GSs.
Step 11000: Added 0 GSs. Now having 5000000 GSs.
[11000] loss 0.0524 l1 0.0293 ssim 0.8631 N 5000000
Step 11100: Relocated 223975 GSs.
Step 11100: Added 0 GSs. Now having 5000000 GSs.
Step 11200: Relocated 219850 GSs.
Step 11200: Added 0 GSs. Now having 5000000 GSs.
Step 11300: Relocated 213760 GSs.
Step 11300: Added 0 GSs. Now having 5000000 GSs.
Step 11400: Relocated 215378 GSs.
Step 11400: Added 0 GSs. Now having 5000000 GSs.
Step 11500: Relocated 218740 GSs.
Step 11500: Added 0 GSs. Now having 5000000 GSs.
Step 11600: Relocated 210314 GSs.
Step 11600: Added 0 GSs. Now having 5000000 GSs.
Step 11700: Relocated 210711 GSs.
Step 11700: Added 0 GSs. Now having 5000000 GSs.
Step 11800: Relocated 211629 GSs.
Step 11800: Added 0 GSs. Now having 5000000 GSs.
Step 11900: Relocated 212253 GSs.
Step 11900: Added 0 GSs. Now having 5000000 GSs.
Step 12000: Relocated 222806 GSs.
Step 12000: Added 0 GSs. Now having 5000000 GSs.
[12000] loss 0.0441 l1 0.0257 ssim 0.8904 N 5000000
Step 12100: Relocated 228364 GSs.
Step 12100: Added 0 GSs. Now having 5000000 GSs.
Step 12200: Relocated 220181 GSs.
Step 12200: Added 0 GSs. Now having 5000000 GSs.
Step 12300: Relocated 207068 GSs.
Step 12300: Added 0 GSs. Now having 5000000 GSs.
Step 12400: Relocated 207355 GSs.
Step 12400: Added 0 GSs. Now having 5000000 GSs.
Step 12500: Relocated 203231 GSs.
Step 12500: Added 0 GSs. Now having 5000000 GSs.
Step 12600: Relocated 207213 GSs.
Step 12600: Added 0 GSs. Now having 5000000 GSs.
Step 12700: Relocated 201954 GSs.
Step 12700: Added 0 GSs. Now having 5000000 GSs.
Step 12800: Relocated 200347 GSs.
Step 12800: Added 0 GSs. Now having 5000000 GSs.
Step 12900: Relocated 203055 GSs.
Step 12900: Added 0 GSs. Now having 5000000 GSs.
Step 13000: Relocated 197701 GSs.
Step 13000: Added 0 GSs. Now having 5000000 GSs.
[13000] loss 0.0774 l1 0.0416 ssim 0.7871 N 5000000
Step 13100: Relocated 198052 GSs.
Step 13100: Added 0 GSs. Now having 5000000 GSs.
Step 13200: Relocated 198054 GSs.
Step 13200: Added 0 GSs. Now having 5000000 GSs.
Step 13300: Relocated 199366 GSs.
Step 13300: Added 0 GSs. Now having 5000000 GSs.
Step 13400: Relocated 202334 GSs.
Step 13400: Added 0 GSs. Now having 5000000 GSs.
Step 13500: Relocated 204106 GSs.
Step 13500: Added 0 GSs. Now having 5000000 GSs.
Step 13600: Relocated 198862 GSs.
Step 13600: Added 0 GSs. Now having 5000000 GSs.
Step 13700: Relocated 207724 GSs.
Step 13700: Added 0 GSs. Now having 5000000 GSs.
Step 13800: Relocated 204711 GSs.
Step 13800: Added 0 GSs. Now having 5000000 GSs.
Step 13900: Relocated 195936 GSs.
Step 13900: Added 0 GSs. Now having 5000000 GSs.
Step 14000: Relocated 190424 GSs.
Step 14000: Added 0 GSs. Now having 5000000 GSs.
[14000] loss 0.0509 l1 0.0296 ssim 0.8721 N 5000000
Step 14100: Relocated 193315 GSs.
Step 14100: Added 0 GSs. Now having 5000000 GSs.
Step 14200: Relocated 189096 GSs.
Step 14200: Added 0 GSs. Now having 5000000 GSs.
Step 14300: Relocated 182252 GSs.
Step 14300: Added 0 GSs. Now having 5000000 GSs.
Step 14400: Relocated 182822 GSs.
Step 14400: Added 0 GSs. Now having 5000000 GSs.
Step 14500: Relocated 176391 GSs.
Step 14500: Added 0 GSs. Now having 5000000 GSs.
Step 14600: Relocated 180882 GSs.
Step 14600: Added 0 GSs. Now having 5000000 GSs.
Step 14700: Relocated 179448 GSs.
Step 14700: Added 0 GSs. Now having 5000000 GSs.
Step 14800: Relocated 180519 GSs.
Step 14800: Added 0 GSs. Now having 5000000 GSs.
Step 14900: Relocated 179832 GSs.
Step 14900: Added 0 GSs. Now having 5000000 GSs.
Step 15000: Relocated 173308 GSs.
Step 15000: Added 0 GSs. Now having 5000000 GSs.
[15000] loss 0.0599 l1 0.0306 ssim 0.8311 N 5000000
Step 15100: Relocated 182464 GSs.
Step 15100: Added 0 GSs. Now having 5000000 GSs.
Step 15200: Relocated 176447 GSs.
Step 15200: Added 0 GSs. Now having 5000000 GSs.
Step 15300: Relocated 176014 GSs.
Step 15300: Added 0 GSs. Now having 5000000 GSs.
Step 15400: Relocated 178906 GSs.
Step 15400: Added 0 GSs. Now having 5000000 GSs.
Step 15500: Relocated 174541 GSs.
Step 15500: Added 0 GSs. Now having 5000000 GSs.
Step 15600: Relocated 172622 GSs.
Step 15600: Added 0 GSs. Now having 5000000 GSs.
Step 15700: Relocated 184646 GSs.
Step 15700: Added 0 GSs. Now having 5000000 GSs.
Step 15800: Relocated 182804 GSs.
Step 15800: Added 0 GSs. Now having 5000000 GSs.
Step 15900: Relocated 174124 GSs.
Step 15900: Added 0 GSs. Now having 5000000 GSs.
Step 16000: Relocated 167778 GSs.
Step 16000: Added 0 GSs. Now having 5000000 GSs.
[16000] loss 0.0522 l1 0.0304 ssim 0.8692 N 5000000
Step 16100: Relocated 166551 GSs.
Step 16100: Added 0 GSs. Now having 5000000 GSs.
Step 16200: Relocated 162602 GSs.
Step 16200: Added 0 GSs. Now having 5000000 GSs.
Step 16300: Relocated 172602 GSs.
Step 16300: Added 0 GSs. Now having 5000000 GSs.
Step 16400: Relocated 164087 GSs.
Step 16400: Added 0 GSs. Now having 5000000 GSs.
Step 16500: Relocated 171375 GSs.
Step 16500: Added 0 GSs. Now having 5000000 GSs.
Step 16600: Relocated 169304 GSs.
Step 16600: Added 0 GSs. Now having 5000000 GSs.
Step 16700: Relocated 164117 GSs.
Step 16700: Added 0 GSs. Now having 5000000 GSs.
Step 16800: Relocated 159554 GSs.
Step 16800: Added 0 GSs. Now having 5000000 GSs.
Step 16900: Relocated 163143 GSs.
Step 16900: Added 0 GSs. Now having 5000000 GSs.
Step 17000: Relocated 163166 GSs.
Step 17000: Added 0 GSs. Now having 5000000 GSs.
[17000] loss 0.0457 l1 0.0279 ssim 0.8919 N 5000000
Step 17100: Relocated 162027 GSs.
Step 17100: Added 0 GSs. Now having 5000000 GSs.
Step 17200: Relocated 150450 GSs.
Step 17200: Added 0 GSs. Now having 5000000 GSs.
Step 17300: Relocated 150261 GSs.
Step 17300: Added 0 GSs. Now having 5000000 GSs.
Step 17400: Relocated 146714 GSs.
Step 17400: Added 0 GSs. Now having 5000000 GSs.
Step 17500: Relocated 145071 GSs.
Step 17500: Added 0 GSs. Now having 5000000 GSs.
Step 17600: Relocated 141313 GSs.
Step 17600: Added 0 GSs. Now having 5000000 GSs.
Step 17700: Relocated 140646 GSs.
Step 17700: Added 0 GSs. Now having 5000000 GSs.
Step 17800: Relocated 145689 GSs.
Step 17800: Added 0 GSs. Now having 5000000 GSs.
Step 17900: Relocated 150918 GSs.
Step 17900: Added 0 GSs. Now having 5000000 GSs.
Step 18000: Relocated 146574 GSs.
Step 18000: Added 0 GSs. Now having 5000000 GSs.
[18000] loss 0.0684 l1 0.0388 ssim 0.8221 N 5000000
Step 18100: Relocated 135574 GSs.
Step 18100: Added 0 GSs. Now having 5000000 GSs.
Step 18200: Relocated 135250 GSs.
Step 18200: Added 0 GSs. Now having 5000000 GSs.
Step 18300: Relocated 140278 GSs.
Step 18300: Added 0 GSs. Now having 5000000 GSs.
Step 18400: Relocated 136459 GSs.
Step 18400: Added 0 GSs. Now having 5000000 GSs.
Step 18500: Relocated 129976 GSs.
Step 18500: Added 0 GSs. Now having 5000000 GSs.
Step 18600: Relocated 131817 GSs.
Step 18600: Added 0 GSs. Now having 5000000 GSs.
Step 18700: Relocated 122642 GSs.
Step 18700: Added 0 GSs. Now having 5000000 GSs.
Step 18800: Relocated 128664 GSs.
Step 18800: Added 0 GSs. Now having 5000000 GSs.
Step 18900: Relocated 129177 GSs.
Step 18900: Added 0 GSs. Now having 5000000 GSs.
Step 19000: Relocated 126205 GSs.
Step 19000: Added 0 GSs. Now having 5000000 GSs.
[19000] loss 0.0547 l1 0.0340 ssim 0.8714 N 5000000
Step 19100: Relocated 126051 GSs.
Step 19100: Added 0 GSs. Now having 5000000 GSs.
Step 19200: Relocated 129364 GSs.
Step 19200: Added 0 GSs. Now having 5000000 GSs.
Step 19300: Relocated 125285 GSs.
Step 19300: Added 0 GSs. Now having 5000000 GSs.
Step 19400: Relocated 127316 GSs.
Step 19400: Added 0 GSs. Now having 5000000 GSs.
Step 19500: Relocated 128729 GSs.
Step 19500: Added 0 GSs. Now having 5000000 GSs.
Step 19600: Relocated 122967 GSs.
Step 19600: Added 0 GSs. Now having 5000000 GSs.
Step 19700: Relocated 118727 GSs.
Step 19700: Added 0 GSs. Now having 5000000 GSs.
Step 19800: Relocated 118005 GSs.
Step 19800: Added 0 GSs. Now having 5000000 GSs.
Step 19900: Relocated 116083 GSs.
Step 19900: Added 0 GSs. Now having 5000000 GSs.
Step 20000: Relocated 115760 GSs.
Step 20000: Added 0 GSs. Now having 5000000 GSs.
[20000] loss 0.0571 l1 0.0303 ssim 0.8448 N 5000000
Step 20100: Relocated 113892 GSs.
Step 20100: Added 0 GSs. Now having 5000000 GSs.
Step 20200: Relocated 114262 GSs.
Step 20200: Added 0 GSs. Now having 5000000 GSs.
Step 20300: Relocated 107084 GSs.
Step 20300: Added 0 GSs. Now having 5000000 GSs.
Step 20400: Relocated 114886 GSs.
Step 20400: Added 0 GSs. Now having 5000000 GSs.
Step 20500: Relocated 111755 GSs.
Step 20500: Added 0 GSs. Now having 5000000 GSs.
Step 20600: Relocated 107077 GSs.
Step 20600: Added 0 GSs. Now having 5000000 GSs.
Step 20700: Relocated 102949 GSs.
Step 20700: Added 0 GSs. Now having 5000000 GSs.
Step 20800: Relocated 107356 GSs.
Step 20800: Added 0 GSs. Now having 5000000 GSs.
Step 20900: Relocated 105301 GSs.
Step 20900: Added 0 GSs. Now having 5000000 GSs.
Step 21000: Relocated 102139 GSs.
Step 21000: Added 0 GSs. Now having 5000000 GSs.
[21000] loss 0.0510 l1 0.0286 ssim 0.8691 N 5000000
Step 21100: Relocated 98028 GSs.
Step 21100: Added 0 GSs. Now having 5000000 GSs.
Step 21200: Relocated 101564 GSs.
Step 21200: Added 0 GSs. Now having 5000000 GSs.
Step 21300: Relocated 102698 GSs.
Step 21300: Added 0 GSs. Now having 5000000 GSs.
Step 21400: Relocated 97363 GSs.
Step 21400: Added 0 GSs. Now having 5000000 GSs.
Step 21500: Relocated 97146 GSs.
Step 21500: Added 0 GSs. Now having 5000000 GSs.
Step 21600: Relocated 95943 GSs.
Step 21600: Added 0 GSs. Now having 5000000 GSs.
Step 21700: Relocated 92677 GSs.
Step 21700: Added 0 GSs. Now having 5000000 GSs.
Step 21800: Relocated 96188 GSs.
Step 21800: Added 0 GSs. Now having 5000000 GSs.
Step 21900: Relocated 96252 GSs.
Step 21900: Added 0 GSs. Now having 5000000 GSs.
Step 22000: Relocated 92097 GSs.
Step 22000: Added 0 GSs. Now having 5000000 GSs.
[22000] loss 0.0520 l1 0.0310 ssim 0.8738 N 5000000
Step 22100: Relocated 91354 GSs.
Step 22100: Added 0 GSs. Now having 5000000 GSs.
Step 22200: Relocated 86548 GSs.
Step 22200: Added 0 GSs. Now having 5000000 GSs.
Step 22300: Relocated 88265 GSs.
Step 22300: Added 0 GSs. Now having 5000000 GSs.
Step 22400: Relocated 86375 GSs.
Step 22400: Added 0 GSs. Now having 5000000 GSs.
Step 22500: Relocated 87256 GSs.
Step 22500: Added 0 GSs. Now having 5000000 GSs.
Step 22600: Relocated 84915 GSs.
Step 22600: Added 0 GSs. Now having 5000000 GSs.
Step 22700: Relocated 87535 GSs.
Step 22700: Added 0 GSs. Now having 5000000 GSs.
Step 22800: Relocated 85423 GSs.
Step 22800: Added 0 GSs. Now having 5000000 GSs.
Step 22900: Relocated 80871 GSs.
Step 22900: Added 0 GSs. Now having 5000000 GSs.
Step 23000: Relocated 82182 GSs.
Step 23000: Added 0 GSs. Now having 5000000 GSs.
[23000] loss 0.0512 l1 0.0291 ssim 0.8697 N 5000000
Step 23100: Relocated 75682 GSs.
Step 23100: Added 0 GSs. Now having 5000000 GSs.
Step 23200: Relocated 82490 GSs.
Step 23200: Added 0 GSs. Now having 5000000 GSs.
Step 23300: Relocated 79534 GSs.
Step 23300: Added 0 GSs. Now having 5000000 GSs.
Step 23400: Relocated 76398 GSs.
Step 23400: Added 0 GSs. Now having 5000000 GSs.
Step 23500: Relocated 74561 GSs.
Step 23500: Added 0 GSs. Now having 5000000 GSs.
Step 23600: Relocated 75440 GSs.
Step 23600: Added 0 GSs. Now having 5000000 GSs.
Step 23700: Relocated 71759 GSs.
Step 23700: Added 0 GSs. Now having 5000000 GSs.
Step 23800: Relocated 74601 GSs.
Step 23800: Added 0 GSs. Now having 5000000 GSs.
Step 23900: Relocated 67786 GSs.
Step 23900: Added 0 GSs. Now having 5000000 GSs.
Step 24000: Relocated 71008 GSs.
Step 24000: Added 0 GSs. Now having 5000000 GSs.
[24000] loss 0.0368 l1 0.0229 ssim 0.9173 N 5000000
Step 24100: Relocated 66975 GSs.
Step 24100: Added 0 GSs. Now having 5000000 GSs.
Step 24200: Relocated 71360 GSs.
Step 24200: Added 0 GSs. Now having 5000000 GSs.
Step 24300: Relocated 64949 GSs.
Step 24300: Added 0 GSs. Now having 5000000 GSs.
Step 24400: Relocated 63290 GSs.
Step 24400: Added 0 GSs. Now having 5000000 GSs.
Step 24500: Relocated 68846 GSs.
Step 24500: Added 0 GSs. Now having 5000000 GSs.
Step 24600: Relocated 67409 GSs.
Step 24600: Added 0 GSs. Now having 5000000 GSs.
Step 24700: Relocated 63636 GSs.
Step 24700: Added 0 GSs. Now having 5000000 GSs.
Step 24800: Relocated 61350 GSs.
Step 24800: Added 0 GSs. Now having 5000000 GSs.
Step 24900: Relocated 61182 GSs.
Step 24900: Added 0 GSs. Now having 5000000 GSs.
[25000] loss 0.0401 l1 0.0244 ssim 0.9070 N 5000000
Setting up [LPIPS] perceptual loss: trunk [vgg], v[0.1], spatial [off]
/home/bkai/miniconda3/envs/gsplat/lib/python3.10/site-packages/torchvision/models/_utils.py:208: UserWarning: The parameter 'pretrained' is deprecated since 0.13 and may be removed in the future, please use 'weights' instead.
  warnings.warn(
/home/bkai/miniconda3/envs/gsplat/lib/python3.10/site-packages/torchvision/models/_utils.py:223: UserWarning: Arguments other than a weight enum or `None` for 'weights' are deprecated since 0.13 and may be removed in the future. The current behavior is equivalent to passing `weights=VGG16_Weights.IMAGENET1K_V1`. You can also use `weights=VGG16_Weights.DEFAULT` to get the most up-to-date weights.
  warnings.warn(msg)
Loading model from: /home/bkai/miniconda3/envs/gsplat/lib/python3.10/site-packages/lpips/weights/v0.1/vgg.pth
[26000] loss 0.0634 l1 0.0306 ssim 0.8634 N 5000000
[27000] loss 0.0450 l1 0.0238 ssim 0.9162 N 5000000
[28000] loss 0.0421 l1 0.0234 ssim 0.9239 N 5000000
[29000] loss 0.0457 l1 0.0233 ssim 0.9086 N 5000000
[29999] loss 0.0482 l1 0.0262 ssim 0.9056 N 5000000
Saved 5000000 gaussians to /mnt/d/avv/r2r8/models/HCM0421_ut7/ckpt.pt
  fit on 120 pairs -> field 165x123  mean |d| 0.196 px  max 1.36 px
saved -> /mnt/d/avv/r2r8/fields/HCM0421.npy (+ .meta.json)
k1=+0.00894  1320x989  unsupervised 0.00% -> /mnt/d/avv/r2r8/masks/HCM0421.npy
=== [HCM0421] DONE (gpu0) ===
