ERROR conda.cli.main_run:execute(142): `conda run python -c 
import sys; sys.path.insert(0,'.')
from scene.colmap_loader import read_intrinsics_binary
c=list(read_intrinsics_binary('/mnt/d/avv/data/phase1/private_set2/HCM0644/train/sparse/0/cameras.bin').values())[0]
p=list(c.params); print(p[3] if c.model in ('SIMPLE_RADIAL','RADIAL') else 0.0)` failed. (See above for error)
[HCM0644] k1=ERROR: This cross-compiler package contains no program /home/bkai/miniconda3/bin/x86_64-conda-linux-gnu-g++ -> native
240/381 images.bin entries have files in /mnt/d/avv/data/phase1/private_set2/HCM0644/train/images
240 views, 209560 init points, K=[[925.5,0,660.0],[0,925.5,494.5]], size 1320x989
3DGUT mode: classic + with_ut + with_eval3d, k1=+0.009034
scene_scale 9.075
/mnt/c/Users/BKAI/an_plaza2/FastGS/gsplat_track/train_gsplat.py:325: UserWarning: The given NumPy array is not writable, and PyTorch does not support non-writable tensors. This means writing to this tensor will result in undefined behavior. You may want to copy the array to protect its data or make it writable before converting it to a tensor. This type of warning will be suppressed for the rest of this program. (Triggered internally at /pytorch/torch/csrc/utils/tensor_numpy.cpp:203.)
  gt_cache[vi] = torch.from_numpy(
[0] loss 0.3297 l1 0.2396 ssim 0.3395 N 209560
Step 600: Relocated 28649 GSs.
Step 600: Added 10478 GSs. Now having 220038 GSs.
Step 700: Relocated 7301 GSs.
Step 700: Added 11001 GSs. Now having 231039 GSs.
Step 800: Relocated 6191 GSs.
Step 800: Added 11551 GSs. Now having 242590 GSs.
Step 900: Relocated 6992 GSs.
Step 900: Added 12129 GSs. Now having 254719 GSs.
Step 1000: Relocated 6793 GSs.
Step 1000: Added 12735 GSs. Now having 267454 GSs.
[1000] loss 0.1073 l1 0.0563 ssim 0.7055 N 267454
Step 1100: Relocated 7534 GSs.
Step 1100: Added 13372 GSs. Now having 280826 GSs.
Step 1200: Relocated 8181 GSs.
Step 1200: Added 14041 GSs. Now having 294867 GSs.
Step 1300: Relocated 9725 GSs.
Step 1300: Added 14743 GSs. Now having 309610 GSs.
Step 1400: Relocated 10232 GSs.
Step 1400: Added 15480 GSs. Now having 325090 GSs.
Step 1500: Relocated 10295 GSs.
Step 1500: Added 16254 GSs. Now having 341344 GSs.
Step 1600: Relocated 12090 GSs.
Step 1600: Added 17067 GSs. Now having 358411 GSs.
Step 1700: Relocated 12487 GSs.
Step 1700: Added 17920 GSs. Now having 376331 GSs.
Step 1800: Relocated 13073 GSs.
Step 1800: Added 18816 GSs. Now having 395147 GSs.
Step 1900: Relocated 15151 GSs.
Step 1900: Added 19757 GSs. Now having 414904 GSs.
Step 2000: Relocated 17038 GSs.
Step 2000: Added 20745 GSs. Now having 435649 GSs.
[2000] loss 0.1318 l1 0.0652 ssim 0.6146 N 435649
Step 2100: Relocated 19525 GSs.
Step 2100: Added 21782 GSs. Now having 457431 GSs.
Step 2200: Relocated 18320 GSs.
Step 2200: Added 22871 GSs. Now having 480302 GSs.
Step 2300: Relocated 21795 GSs.
Step 2300: Added 24015 GSs. Now having 504317 GSs.
Step 2400: Relocated 25606 GSs.
Step 2400: Added 25215 GSs. Now having 529532 GSs.
Step 2500: Relocated 24671 GSs.
Step 2500: Added 26476 GSs. Now having 556008 GSs.
Step 2600: Relocated 28215 GSs.
Step 2600: Added 27800 GSs. Now having 583808 GSs.
Step 2700: Relocated 29486 GSs.
Step 2700: Added 29190 GSs. Now having 612998 GSs.
Step 2800: Relocated 30203 GSs.
Step 2800: Added 30649 GSs. Now having 643647 GSs.
Step 2900: Relocated 33874 GSs.
Step 2900: Added 32182 GSs. Now having 675829 GSs.
Step 3000: Relocated 36258 GSs.
Step 3000: Added 33791 GSs. Now having 709620 GSs.
[3000] loss 0.0909 l1 0.0529 ssim 0.7673 N 709620
Step 3100: Relocated 40252 GSs.
Step 3100: Added 35481 GSs. Now having 745101 GSs.
Step 3200: Relocated 41936 GSs.
Step 3200: Added 37255 GSs. Now having 782356 GSs.
Step 3300: Relocated 46262 GSs.
Step 3300: Added 39117 GSs. Now having 821473 GSs.
Step 3400: Relocated 47864 GSs.
Step 3400: Added 41073 GSs. Now having 862546 GSs.
Step 3500: Relocated 48607 GSs.
Step 3500: Added 43127 GSs. Now having 905673 GSs.
Step 3600: Relocated 57113 GSs.
Step 3600: Added 45283 GSs. Now having 950956 GSs.
Step 3700: Relocated 60493 GSs.
Step 3700: Added 47547 GSs. Now having 998503 GSs.
Step 3800: Relocated 59798 GSs.
Step 3800: Added 49925 GSs. Now having 1048428 GSs.
Step 3900: Relocated 67887 GSs.
Step 3900: Added 52421 GSs. Now having 1100849 GSs.
Step 4000: Relocated 73002 GSs.
Step 4000: Added 55042 GSs. Now having 1155891 GSs.
[4000] loss 0.1270 l1 0.0641 ssim 0.6302 N 1155891
Step 4100: Relocated 74982 GSs.
Step 4100: Added 57794 GSs. Now having 1213685 GSs.
Step 4200: Relocated 83914 GSs.
Step 4200: Added 60684 GSs. Now having 1274369 GSs.
Step 4300: Relocated 84557 GSs.
Step 4300: Added 63718 GSs. Now having 1338087 GSs.
Step 4400: Relocated 95661 GSs.
Step 4400: Added 66904 GSs. Now having 1404991 GSs.
Step 4500: Relocated 96078 GSs.
Step 4500: Added 70249 GSs. Now having 1475240 GSs.
Step 4600: Relocated 100484 GSs.
Step 4600: Added 73762 GSs. Now having 1549002 GSs.
Step 4700: Relocated 119231 GSs.
Step 4700: Added 77450 GSs. Now having 1626452 GSs.
Step 4800: Relocated 116436 GSs.
Step 4800: Added 81322 GSs. Now having 1707774 GSs.
Step 4900: Relocated 119806 GSs.
Step 4900: Added 85388 GSs. Now having 1793162 GSs.
Step 5000: Relocated 128324 GSs.
Step 5000: Added 89658 GSs. Now having 1882820 GSs.
[5000] loss 0.0884 l1 0.0477 ssim 0.7563 N 1882820
Step 5100: Relocated 139407 GSs.
Step 5100: Added 94141 GSs. Now having 1976961 GSs.
Step 5200: Relocated 150641 GSs.
Step 5200: Added 98848 GSs. Now having 2075809 GSs.
Step 5300: Relocated 163886 GSs.
Step 5300: Added 103790 GSs. Now having 2179599 GSs.
Step 5400: Relocated 170939 GSs.
Step 5400: Added 108979 GSs. Now having 2288578 GSs.
Step 5500: Relocated 182238 GSs.
Step 5500: Added 114428 GSs. Now having 2403006 GSs.
Step 5600: Relocated 189026 GSs.
Step 5600: Added 120150 GSs. Now having 2523156 GSs.
Step 5700: Relocated 206498 GSs.
Step 5700: Added 126157 GSs. Now having 2649313 GSs.
Step 5800: Relocated 208149 GSs.
Step 5800: Added 132465 GSs. Now having 2781778 GSs.
Step 5900: Relocated 209550 GSs.
Step 5900: Added 139088 GSs. Now having 2920866 GSs.
Step 6000: Relocated 229557 GSs.
Step 6000: Added 146043 GSs. Now having 3066909 GSs.
[6000] loss 0.0845 l1 0.0471 ssim 0.7727 N 3066909
Step 6100: Relocated 259758 GSs.
Step 6100: Added 153345 GSs. Now having 3220254 GSs.
Step 6200: Relocated 274659 GSs.
Step 6200: Added 161012 GSs. Now having 3381266 GSs.
Step 6300: Relocated 292971 GSs.
Step 6300: Added 169063 GSs. Now having 3550329 GSs.
Step 6400: Relocated 312426 GSs.
Step 6400: Added 177516 GSs. Now having 3727845 GSs.
Step 6500: Relocated 334897 GSs.
Step 6500: Added 186392 GSs. Now having 3914237 GSs.
Step 6600: Relocated 357419 GSs.
Step 6600: Added 195711 GSs. Now having 4109948 GSs.
Step 6700: Relocated 358325 GSs.
Step 6700: Added 205497 GSs. Now having 4315445 GSs.
Step 6800: Relocated 361135 GSs.
Step 6800: Added 215772 GSs. Now having 4531217 GSs.
Step 6900: Relocated 373919 GSs.
Step 6900: Added 226560 GSs. Now having 4757777 GSs.
Step 7000: Relocated 410545 GSs.
Step 7000: Added 237888 GSs. Now having 4995665 GSs.
[7000] loss 0.1255 l1 0.0610 ssim 0.6227 N 4995665
Step 7100: Relocated 418428 GSs.
Step 7100: Added 4335 GSs. Now having 5000000 GSs.
Step 7200: Relocated 350865 GSs.
Step 7200: Added 0 GSs. Now having 5000000 GSs.
Step 7300: Relocated 324345 GSs.
Step 7300: Added 0 GSs. Now having 5000000 GSs.
Step 7400: Relocated 316967 GSs.
Step 7400: Added 0 GSs. Now having 5000000 GSs.
Step 7500: Relocated 300360 GSs.
Step 7500: Added 0 GSs. Now having 5000000 GSs.
Step 7600: Relocated 289364 GSs.
Step 7600: Added 0 GSs. Now having 5000000 GSs.
Step 7700: Relocated 279252 GSs.
Step 7700: Added 0 GSs. Now having 5000000 GSs.
Step 7800: Relocated 267260 GSs.
Step 7800: Added 0 GSs. Now having 5000000 GSs.
Step 7900: Relocated 269034 GSs.
Step 7900: Added 0 GSs. Now having 5000000 GSs.
Step 8000: Relocated 258797 GSs.
Step 8000: Added 0 GSs. Now having 5000000 GSs.
[8000] loss 0.0727 l1 0.0435 ssim 0.8171 N 5000000
Step 8100: Relocated 262385 GSs.
Step 8100: Added 0 GSs. Now having 5000000 GSs.
Step 8200: Relocated 248721 GSs.
Step 8200: Added 0 GSs. Now having 5000000 GSs.
Step 8300: Relocated 269348 GSs.
Step 8300: Added 0 GSs. Now having 5000000 GSs.
Step 8400: Relocated 267795 GSs.
Step 8400: Added 0 GSs. Now having 5000000 GSs.
Step 8500: Relocated 262002 GSs.
Step 8500: Added 0 GSs. Now having 5000000 GSs.
Step 8600: Relocated 249762 GSs.
Step 8600: Added 0 GSs. Now having 5000000 GSs.
Step 8700: Relocated 248083 GSs.
Step 8700: Added 0 GSs. Now having 5000000 GSs.
Step 8800: Relocated 251111 GSs.
Step 8800: Added 0 GSs. Now having 5000000 GSs.
Step 8900: Relocated 244130 GSs.
Step 8900: Added 0 GSs. Now having 5000000 GSs.
Step 9000: Relocated 235824 GSs.
Step 9000: Added 0 GSs. Now having 5000000 GSs.
[9000] loss 0.0941 l1 0.0592 ssim 0.7729 N 5000000
Step 9100: Relocated 229390 GSs.
Step 9100: Added 0 GSs. Now having 5000000 GSs.
Step 9200: Relocated 243619 GSs.
Step 9200: Added 0 GSs. Now having 5000000 GSs.
Step 9300: Relocated 243038 GSs.
Step 9300: Added 0 GSs. Now having 5000000 GSs.
Step 9400: Relocated 238018 GSs.
Step 9400: Added 0 GSs. Now having 5000000 GSs.
Step 9500: Relocated 242783 GSs.
Step 9500: Added 0 GSs. Now having 5000000 GSs.
Step 9600: Relocated 254218 GSs.
Step 9600: Added 0 GSs. Now having 5000000 GSs.
Step 9700: Relocated 237059 GSs.
Step 9700: Added 0 GSs. Now having 5000000 GSs.
Step 9800: Relocated 240916 GSs.
Step 9800: Added 0 GSs. Now having 5000000 GSs.
Step 9900: Relocated 223739 GSs.
Step 9900: Added 0 GSs. Now having 5000000 GSs.
Step 10000: Relocated 236825 GSs.
Step 10000: Added 0 GSs. Now having 5000000 GSs.
[10000] loss 0.0910 l1 0.0511 ssim 0.7563 N 5000000
Step 10100: Relocated 248859 GSs.
Step 10100: Added 0 GSs. Now having 5000000 GSs.
Step 10200: Relocated 235344 GSs.
Step 10200: Added 0 GSs. Now having 5000000 GSs.
Step 10300: Relocated 242276 GSs.
Step 10300: Added 0 GSs. Now having 5000000 GSs.
Step 10400: Relocated 239404 GSs.
Step 10400: Added 0 GSs. Now having 5000000 GSs.
Step 10500: Relocated 231442 GSs.
Step 10500: Added 0 GSs. Now having 5000000 GSs.
Step 10600: Relocated 234331 GSs.
Step 10600: Added 0 GSs. Now having 5000000 GSs.
Step 10700: Relocated 227552 GSs.
Step 10700: Added 0 GSs. Now having 5000000 GSs.
Step 10800: Relocated 225572 GSs.
Step 10800: Added 0 GSs. Now having 5000000 GSs.
Step 10900: Relocated 227423 GSs.
Step 10900: Added 0 GSs. Now having 5000000 GSs.
Step 11000: Relocated 233870 GSs.
Step 11000: Added 0 GSs. Now having 5000000 GSs.
[11000] loss 0.0714 l1 0.0415 ssim 0.8163 N 5000000
Step 11100: Relocated 237533 GSs.
Step 11100: Added 0 GSs. Now having 5000000 GSs.
Step 11200: Relocated 222234 GSs.
Step 11200: Added 0 GSs. Now having 5000000 GSs.
Step 11300: Relocated 222934 GSs.
Step 11300: Added 0 GSs. Now having 5000000 GSs.
Step 11400: Relocated 229364 GSs.
Step 11400: Added 0 GSs. Now having 5000000 GSs.
Step 11500: Relocated 223162 GSs.
Step 11500: Added 0 GSs. Now having 5000000 GSs.
Step 11600: Relocated 219016 GSs.
Step 11600: Added 0 GSs. Now having 5000000 GSs.
Step 11700: Relocated 219209 GSs.
Step 11700: Added 0 GSs. Now having 5000000 GSs.
Step 11800: Relocated 214594 GSs.
Step 11800: Added 0 GSs. Now having 5000000 GSs.
Step 11900: Relocated 209336 GSs.
Step 11900: Added 0 GSs. Now having 5000000 GSs.
Step 12000: Relocated 231713 GSs.
Step 12000: Added 0 GSs. Now having 5000000 GSs.
[12000] loss 0.0667 l1 0.0443 ssim 0.8515 N 5000000
Step 12100: Relocated 226792 GSs.
Step 12100: Added 0 GSs. Now having 5000000 GSs.
Step 12200: Relocated 238073 GSs.
Step 12200: Added 0 GSs. Now having 5000000 GSs.
Step 12300: Relocated 225868 GSs.
Step 12300: Added 0 GSs. Now having 5000000 GSs.
Step 12400: Relocated 211245 GSs.
Step 12400: Added 0 GSs. Now having 5000000 GSs.
Step 12500: Relocated 213642 GSs.
Step 12500: Added 0 GSs. Now having 5000000 GSs.
Step 12600: Relocated 209529 GSs.
Step 12600: Added 0 GSs. Now having 5000000 GSs.
Step 12700: Relocated 207721 GSs.
Step 12700: Added 0 GSs. Now having 5000000 GSs.
Step 12800: Relocated 213265 GSs.
Step 12800: Added 0 GSs. Now having 5000000 GSs.
Step 12900: Relocated 207340 GSs.
Step 12900: Added 0 GSs. Now having 5000000 GSs.
Step 13000: Relocated 209228 GSs.
Step 13000: Added 0 GSs. Now having 5000000 GSs.
[13000] loss 0.0936 l1 0.0480 ssim 0.7319 N 5000000
Step 13100: Relocated 198872 GSs.
Step 13100: Added 0 GSs. Now having 5000000 GSs.
Step 13200: Relocated 204570 GSs.
Step 13200: Added 0 GSs. Now having 5000000 GSs.
Step 13300: Relocated 213254 GSs.
Step 13300: Added 0 GSs. Now having 5000000 GSs.
Step 13400: Relocated 205358 GSs.
Step 13400: Added 0 GSs. Now having 5000000 GSs.
Step 13500: Relocated 204760 GSs.
Step 13500: Added 0 GSs. Now having 5000000 GSs.
Step 13600: Relocated 200423 GSs.
Step 13600: Added 0 GSs. Now having 5000000 GSs.
Step 13700: Relocated 209877 GSs.
Step 13700: Added 0 GSs. Now having 5000000 GSs.
Step 13800: Relocated 197944 GSs.
Step 13800: Added 0 GSs. Now having 5000000 GSs.
Step 13900: Relocated 200072 GSs.
Step 13900: Added 0 GSs. Now having 5000000 GSs.
Step 14000: Relocated 202089 GSs.
Step 14000: Added 0 GSs. Now having 5000000 GSs.
[14000] loss 0.0681 l1 0.0390 ssim 0.8234 N 5000000
Step 14100: Relocated 197636 GSs.
Step 14100: Added 0 GSs. Now having 5000000 GSs.
Step 14200: Relocated 198633 GSs.
Step 14200: Added 0 GSs. Now having 5000000 GSs.
Step 14300: Relocated 193236 GSs.
Step 14300: Added 0 GSs. Now having 5000000 GSs.
Step 14400: Relocated 190440 GSs.
Step 14400: Added 0 GSs. Now having 5000000 GSs.
Step 14500: Relocated 185251 GSs.
Step 14500: Added 0 GSs. Now having 5000000 GSs.
Step 14600: Relocated 191367 GSs.
Step 14600: Added 0 GSs. Now having 5000000 GSs.
Step 14700: Relocated 201876 GSs.
Step 14700: Added 0 GSs. Now having 5000000 GSs.
Step 14800: Relocated 198359 GSs.
Step 14800: Added 0 GSs. Now having 5000000 GSs.
Step 14900: Relocated 190724 GSs.
Step 14900: Added 0 GSs. Now having 5000000 GSs.
Step 15000: Relocated 201626 GSs.
Step 15000: Added 0 GSs. Now having 5000000 GSs.
[15000] loss 0.0728 l1 0.0417 ssim 0.8109 N 5000000
Step 15100: Relocated 183761 GSs.
Step 15100: Added 0 GSs. Now having 5000000 GSs.
Step 15200: Relocated 192525 GSs.
Step 15200: Added 0 GSs. Now having 5000000 GSs.
Step 15300: Relocated 182513 GSs.
Step 15300: Added 0 GSs. Now having 5000000 GSs.
Step 15400: Relocated 175546 GSs.
Step 15400: Added 0 GSs. Now having 5000000 GSs.
Step 15500: Relocated 189151 GSs.
Step 15500: Added 0 GSs. Now having 5000000 GSs.
Step 15600: Relocated 180486 GSs.
Step 15600: Added 0 GSs. Now having 5000000 GSs.
Step 15700: Relocated 190450 GSs.
Step 15700: Added 0 GSs. Now having 5000000 GSs.
Step 15800: Relocated 180608 GSs.
Step 15800: Added 0 GSs. Now having 5000000 GSs.
Step 15900: Relocated 193559 GSs.
Step 15900: Added 0 GSs. Now having 5000000 GSs.
Step 16000: Relocated 180254 GSs.
Step 16000: Added 0 GSs. Now having 5000000 GSs.
[16000] loss 0.0521 l1 0.0329 ssim 0.8797 N 5000000
Step 16100: Relocated 171026 GSs.
Step 16100: Added 0 GSs. Now having 5000000 GSs.
Step 16200: Relocated 175697 GSs.
Step 16200: Added 0 GSs. Now having 5000000 GSs.
Step 16300: Relocated 171759 GSs.
Step 16300: Added 0 GSs. Now having 5000000 GSs.
Step 16400: Relocated 161754 GSs.
Step 16400: Added 0 GSs. Now having 5000000 GSs.
Step 16500: Relocated 166647 GSs.
Step 16500: Added 0 GSs. Now having 5000000 GSs.
Step 16600: Relocated 160188 GSs.
Step 16600: Added 0 GSs. Now having 5000000 GSs.
Step 16700: Relocated 162163 GSs.
Step 16700: Added 0 GSs. Now having 5000000 GSs.
Step 16800: Relocated 160739 GSs.
Step 16800: Added 0 GSs. Now having 5000000 GSs.
Step 16900: Relocated 157587 GSs.
Step 16900: Added 0 GSs. Now having 5000000 GSs.
Step 17000: Relocated 165609 GSs.
Step 17000: Added 0 GSs. Now having 5000000 GSs.
[17000] loss 0.0608 l1 0.0363 ssim 0.8497 N 5000000
Step 17100: Relocated 159360 GSs.
Step 17100: Added 0 GSs. Now having 5000000 GSs.
Step 17200: Relocated 155811 GSs.
Step 17200: Added 0 GSs. Now having 5000000 GSs.
Step 17300: Relocated 153402 GSs.
Step 17300: Added 0 GSs. Now having 5000000 GSs.
Step 17400: Relocated 151514 GSs.
Step 17400: Added 0 GSs. Now having 5000000 GSs.
Step 17500: Relocated 152567 GSs.
Step 17500: Added 0 GSs. Now having 5000000 GSs.
Step 17600: Relocated 144522 GSs.
Step 17600: Added 0 GSs. Now having 5000000 GSs.
Step 17700: Relocated 151228 GSs.
Step 17700: Added 0 GSs. Now having 5000000 GSs.
Step 17800: Relocated 147448 GSs.
Step 17800: Added 0 GSs. Now having 5000000 GSs.
Step 17900: Relocated 146636 GSs.
Step 17900: Added 0 GSs. Now having 5000000 GSs.
Step 18000: Relocated 147611 GSs.
Step 18000: Added 0 GSs. Now having 5000000 GSs.
[18000] loss 0.0490 l1 0.0312 ssim 0.8885 N 5000000
Step 18100: Relocated 148041 GSs.
Step 18100: Added 0 GSs. Now having 5000000 GSs.
Step 18200: Relocated 137446 GSs.
Step 18200: Added 0 GSs. Now having 5000000 GSs.
Step 18300: Relocated 142075 GSs.
Step 18300: Added 0 GSs. Now having 5000000 GSs.
Step 18400: Relocated 137432 GSs.
Step 18400: Added 0 GSs. Now having 5000000 GSs.
Step 18500: Relocated 140039 GSs.
Step 18500: Added 0 GSs. Now having 5000000 GSs.
Step 18600: Relocated 138996 GSs.
Step 18600: Added 0 GSs. Now having 5000000 GSs.
Step 18700: Relocated 136827 GSs.
Step 18700: Added 0 GSs. Now having 5000000 GSs.
Step 18800: Relocated 134495 GSs.
Step 18800: Added 0 GSs. Now having 5000000 GSs.
Step 18900: Relocated 145297 GSs.
Step 18900: Added 0 GSs. Now having 5000000 GSs.
Step 19000: Relocated 137603 GSs.
Step 19000: Added 0 GSs. Now having 5000000 GSs.
[19000] loss 0.0606 l1 0.0355 ssim 0.8476 N 5000000
Step 19100: Relocated 139661 GSs.
Step 19100: Added 0 GSs. Now having 5000000 GSs.
Step 19200: Relocated 128401 GSs.
Step 19200: Added 0 GSs. Now having 5000000 GSs.
Step 19300: Relocated 119276 GSs.
Step 19300: Added 0 GSs. Now having 5000000 GSs.
Step 19400: Relocated 122471 GSs.
Step 19400: Added 0 GSs. Now having 5000000 GSs.
Step 19500: Relocated 128604 GSs.
Step 19500: Added 0 GSs. Now having 5000000 GSs.
Step 19600: Relocated 122659 GSs.
Step 19600: Added 0 GSs. Now having 5000000 GSs.
Step 19700: Relocated 124582 GSs.
Step 19700: Added 0 GSs. Now having 5000000 GSs.
Step 19800: Relocated 119684 GSs.
Step 19800: Added 0 GSs. Now having 5000000 GSs.
Step 19900: Relocated 117519 GSs.
Step 19900: Added 0 GSs. Now having 5000000 GSs.
Step 20000: Relocated 115022 GSs.
Step 20000: Added 0 GSs. Now having 5000000 GSs.
[20000] loss 0.0479 l1 0.0302 ssim 0.8901 N 5000000
Step 20100: Relocated 117201 GSs.
Step 20100: Added 0 GSs. Now having 5000000 GSs.
Step 20200: Relocated 119410 GSs.
Step 20200: Added 0 GSs. Now having 5000000 GSs.
Step 20300: Relocated 116893 GSs.
Step 20300: Added 0 GSs. Now having 5000000 GSs.
Step 20400: Relocated 109035 GSs.
Step 20400: Added 0 GSs. Now having 5000000 GSs.
Step 20500: Relocated 106183 GSs.
Step 20500: Added 0 GSs. Now having 5000000 GSs.
Step 20600: Relocated 115599 GSs.
Step 20600: Added 0 GSs. Now having 5000000 GSs.
Step 20700: Relocated 108016 GSs.
Step 20700: Added 0 GSs. Now having 5000000 GSs.
Step 20800: Relocated 107633 GSs.
Step 20800: Added 0 GSs. Now having 5000000 GSs.
Step 20900: Relocated 108748 GSs.
Step 20900: Added 0 GSs. Now having 5000000 GSs.
Step 21000: Relocated 108609 GSs.
Step 21000: Added 0 GSs. Now having 5000000 GSs.
[21000] loss 0.0537 l1 0.0335 ssim 0.8748 N 5000000
Step 21100: Relocated 106561 GSs.
Step 21100: Added 0 GSs. Now having 5000000 GSs.
Step 21200: Relocated 101453 GSs.
Step 21200: Added 0 GSs. Now having 5000000 GSs.
Step 21300: Relocated 103782 GSs.
Step 21300: Added 0 GSs. Now having 5000000 GSs.
Step 21400: Relocated 100526 GSs.
Step 21400: Added 0 GSs. Now having 5000000 GSs.
Step 21500: Relocated 96326 GSs.
Step 21500: Added 0 GSs. Now having 5000000 GSs.
Step 21600: Relocated 96560 GSs.
Step 21600: Added 0 GSs. Now having 5000000 GSs.
Step 21700: Relocated 97874 GSs.
Step 21700: Added 0 GSs. Now having 5000000 GSs.
Step 21800: Relocated 102441 GSs.
Step 21800: Added 0 GSs. Now having 5000000 GSs.
Step 21900: Relocated 99501 GSs.
Step 21900: Added 0 GSs. Now having 5000000 GSs.
Step 22000: Relocated 94370 GSs.
Step 22000: Added 0 GSs. Now having 5000000 GSs.
[22000] loss 0.0529 l1 0.0354 ssim 0.8866 N 5000000
Step 22100: Relocated 96585 GSs.
Step 22100: Added 0 GSs. Now having 5000000 GSs.
Step 22200: Relocated 97100 GSs.
Step 22200: Added 0 GSs. Now having 5000000 GSs.
Step 22300: Relocated 94503 GSs.
Step 22300: Added 0 GSs. Now having 5000000 GSs.
Step 22400: Relocated 91925 GSs.
Step 22400: Added 0 GSs. Now having 5000000 GSs.
Step 22500: Relocated 87408 GSs.
Step 22500: Added 0 GSs. Now having 5000000 GSs.
Step 22600: Relocated 88523 GSs.
Step 22600: Added 0 GSs. Now having 5000000 GSs.
Step 22700: Relocated 83567 GSs.
Step 22700: Added 0 GSs. Now having 5000000 GSs.
Step 22800: Relocated 84678 GSs.
Step 22800: Added 0 GSs. Now having 5000000 GSs.
Step 22900: Relocated 81977 GSs.
Step 22900: Added 0 GSs. Now having 5000000 GSs.
Step 23000: Relocated 86712 GSs.
Step 23000: Added 0 GSs. Now having 5000000 GSs.
[23000] loss 0.0700 l1 0.0414 ssim 0.8249 N 5000000
Step 23100: Relocated 81621 GSs.
Step 23100: Added 0 GSs. Now having 5000000 GSs.
Step 23200: Relocated 81924 GSs.
Step 23200: Added 0 GSs. Now having 5000000 GSs.
Step 23300: Relocated 80733 GSs.
Step 23300: Added 0 GSs. Now having 5000000 GSs.
Step 23400: Relocated 78966 GSs.
Step 23400: Added 0 GSs. Now having 5000000 GSs.
Step 23500: Relocated 79065 GSs.
Step 23500: Added 0 GSs. Now having 5000000 GSs.
Step 23600: Relocated 78553 GSs.
Step 23600: Added 0 GSs. Now having 5000000 GSs.
Step 23700: Relocated 77854 GSs.
Step 23700: Added 0 GSs. Now having 5000000 GSs.
Step 23800: Relocated 72259 GSs.
Step 23800: Added 0 GSs. Now having 5000000 GSs.
Step 23900: Relocated 73289 GSs.
Step 23900: Added 0 GSs. Now having 5000000 GSs.
Step 24000: Relocated 72246 GSs.
Step 24000: Added 0 GSs. Now having 5000000 GSs.
[24000] loss 0.0562 l1 0.0325 ssim 0.8583 N 5000000
Step 24100: Relocated 72098 GSs.
Step 24100: Added 0 GSs. Now having 5000000 GSs.
Step 24200: Relocated 72817 GSs.
Step 24200: Added 0 GSs. Now having 5000000 GSs.
Step 24300: Relocated 70304 GSs.
Step 24300: Added 0 GSs. Now having 5000000 GSs.
Step 24400: Relocated 71907 GSs.
Step 24400: Added 0 GSs. Now having 5000000 GSs.
Step 24500: Relocated 73697 GSs.
Step 24500: Added 0 GSs. Now having 5000000 GSs.
Step 24600: Relocated 69422 GSs.
Step 24600: Added 0 GSs. Now having 5000000 GSs.
Step 24700: Relocated 71260 GSs.
Step 24700: Added 0 GSs. Now having 5000000 GSs.
Step 24800: Relocated 69117 GSs.
Step 24800: Added 0 GSs. Now having 5000000 GSs.
Step 24900: Relocated 68283 GSs.
Step 24900: Added 0 GSs. Now having 5000000 GSs.
[25000] loss 0.0570 l1 0.0354 ssim 0.8661 N 5000000
Setting up [LPIPS] perceptual loss: trunk [vgg], v[0.1], spatial [off]
/home/bkai/miniconda3/envs/gsplat/lib/python3.10/site-packages/torchvision/models/_utils.py:208: UserWarning: The parameter 'pretrained' is deprecated since 0.13 and may be removed in the future, please use 'weights' instead.
  warnings.warn(
/home/bkai/miniconda3/envs/gsplat/lib/python3.10/site-packages/torchvision/models/_utils.py:223: UserWarning: Arguments other than a weight enum or `None` for 'weights' are deprecated since 0.13 and may be removed in the future. The current behavior is equivalent to passing `weights=VGG16_Weights.IMAGENET1K_V1`. You can also use `weights=VGG16_Weights.DEFAULT` to get the most up-to-date weights.
  warnings.warn(msg)
Loading model from: /home/bkai/miniconda3/envs/gsplat/lib/python3.10/site-packages/lpips/weights/v0.1/vgg.pth
[26000] loss 0.0527 l1 0.0276 ssim 0.9004 N 5000000
[27000] loss 0.0565 l1 0.0277 ssim 0.8884 N 5000000
[28000] loss 0.0582 l1 0.0288 ssim 0.8900 N 5000000
[29000] loss 0.0679 l1 0.0345 ssim 0.8664 N 5000000
[29999] loss 0.0499 l1 0.0260 ssim 0.9082 N 5000000
Saved 5000000 gaussians to /mnt/d/avv/r2r8/models/HCM0644_ut42/ckpt.pt
240/381 images.bin entries have files in /mnt/d/avv/data/phase1/private_set2/HCM0644/train/images
240 views, 209560 init points, K=[[925.5,0,660.0],[0,925.5,494.5]], size 1320x989
3DGUT mode: classic + with_ut + with_eval3d, k1=+0.009034
scene_scale 9.075
/mnt/c/Users/BKAI/an_plaza2/FastGS/gsplat_track/train_gsplat.py:325: UserWarning: The given NumPy array is not writable, and PyTorch does not support non-writable tensors. This means writing to this tensor will result in undefined behavior. You may want to copy the array to protect its data or make it writable before converting it to a tensor. This type of warning will be suppressed for the rest of this program. (Triggered internally at /pytorch/torch/csrc/utils/tensor_numpy.cpp:203.)
  gt_cache[vi] = torch.from_numpy(
[0] loss 0.3450 l1 0.2403 ssim 0.2656 N 209560
Step 600: Relocated 28487 GSs.
Step 600: Added 10478 GSs. Now having 220038 GSs.
Step 700: Relocated 7037 GSs.
Step 700: Added 11001 GSs. Now having 231039 GSs.
Step 800: Relocated 5896 GSs.
Step 800: Added 11551 GSs. Now having 242590 GSs.
Step 900: Relocated 6216 GSs.
Step 900: Added 12129 GSs. Now having 254719 GSs.
Step 1000: Relocated 7290 GSs.
Step 1000: Added 12735 GSs. Now having 267454 GSs.
[1000] loss 0.1233 l1 0.0623 ssim 0.6490 N 267454
Step 1100: Relocated 7046 GSs.
Step 1100: Added 13372 GSs. Now having 280826 GSs.
Step 1200: Relocated 7569 GSs.
Step 1200: Added 14041 GSs. Now having 294867 GSs.
Step 1300: Relocated 8359 GSs.
Step 1300: Added 14743 GSs. Now having 309610 GSs.
Step 1400: Relocated 9471 GSs.
Step 1400: Added 15480 GSs. Now having 325090 GSs.
Step 1500: Relocated 9977 GSs.
Step 1500: Added 16254 GSs. Now having 341344 GSs.
Step 1600: Relocated 10678 GSs.
Step 1600: Added 17067 GSs. Now having 358411 GSs.
Step 1700: Relocated 11748 GSs.
Step 1700: Added 17920 GSs. Now having 376331 GSs.
Step 1800: Relocated 13848 GSs.
Step 1800: Added 18816 GSs. Now having 395147 GSs.
Step 1900: Relocated 15406 GSs.
Step 1900: Added 19757 GSs. Now having 414904 GSs.
Step 2000: Relocated 15737 GSs.
Step 2000: Added 20745 GSs. Now having 435649 GSs.
[2000] loss 0.1318 l1 0.0709 ssim 0.6380 N 435649
Step 2100: Relocated 16721 GSs.
Step 2100: Added 21782 GSs. Now having 457431 GSs.
Step 2200: Relocated 18061 GSs.
Step 2200: Added 22871 GSs. Now having 480302 GSs.
Step 2300: Relocated 21855 GSs.
Step 2300: Added 24015 GSs. Now having 504317 GSs.
Step 2400: Relocated 22300 GSs.
Step 2400: Added 25215 GSs. Now having 529532 GSs.
Step 2500: Relocated 26841 GSs.
Step 2500: Added 26476 GSs. Now having 556008 GSs.
Step 2600: Relocated 27556 GSs.
Step 2600: Added 27800 GSs. Now having 583808 GSs.
Step 2700: Relocated 31466 GSs.
Step 2700: Added 29190 GSs. Now having 612998 GSs.
Step 2800: Relocated 29467 GSs.
Step 2800: Added 30649 GSs. Now having 643647 GSs.
Step 2900: Relocated 30240 GSs.
Step 2900: Added 32182 GSs. Now having 675829 GSs.
Step 3000: Relocated 34114 GSs.
Step 3000: Added 33791 GSs. Now having 709620 GSs.
[3000] loss 0.1302 l1 0.0697 ssim 0.6384 N 709620
Step 3100: Relocated 38421 GSs.
Step 3100: Added 35481 GSs. Now having 745101 GSs.
Step 3200: Relocated 44307 GSs.
Step 3200: Added 37255 GSs. Now having 782356 GSs.
Step 3300: Relocated 47253 GSs.
Step 3300: Added 39117 GSs. Now having 821473 GSs.
Step 3400: Relocated 48279 GSs.
Step 3400: Added 41073 GSs. Now having 862546 GSs.
Step 3500: Relocated 47904 GSs.
Step 3500: Added 43127 GSs. Now having 905673 GSs.
Step 3600: Relocated 52883 GSs.
Step 3600: Added 45283 GSs. Now having 950956 GSs.
Step 3700: Relocated 57334 GSs.
Step 3700: Added 47547 GSs. Now having 998503 GSs.
Step 3800: Relocated 58370 GSs.
Step 3800: Added 49925 GSs. Now having 1048428 GSs.
Step 3900: Relocated 66846 GSs.
Step 3900: Added 52421 GSs. Now having 1100849 GSs.
Step 4000: Relocated 81941 GSs.
Step 4000: Added 55042 GSs. Now having 1155891 GSs.
[4000] loss 0.1340 l1 0.0720 ssim 0.6271 N 1155891
Step 4100: Relocated 72568 GSs.
Step 4100: Added 57794 GSs. Now having 1213685 GSs.
Step 4200: Relocated 80502 GSs.
Step 4200: Added 60684 GSs. Now having 1274369 GSs.
Step 4300: Relocated 79160 GSs.
Step 4300: Added 63718 GSs. Now having 1338087 GSs.
Step 4400: Relocated 90497 GSs.
Step 4400: Added 66904 GSs. Now having 1404991 GSs.
Step 4500: Relocated 101325 GSs.
Step 4500: Added 70249 GSs. Now having 1475240 GSs.
Step 4600: Relocated 109484 GSs.
Step 4600: Added 73762 GSs. Now having 1549002 GSs.
Step 4700: Relocated 109310 GSs.
Step 4700: Added 77450 GSs. Now having 1626452 GSs.
Step 4800: Relocated 119071 GSs.
Step 4800: Added 81322 GSs. Now having 1707774 GSs.
Step 4900: Relocated 127626 GSs.
Step 4900: Added 85388 GSs. Now having 1793162 GSs.
Step 5000: Relocated 125351 GSs.
Step 5000: Added 89658 GSs. Now having 1882820 GSs.
[5000] loss 0.1062 l1 0.0610 ssim 0.7210 N 1882820
Step 5100: Relocated 150997 GSs.
Step 5100: Added 94141 GSs. Now having 1976961 GSs.
Step 5200: Relocated 152691 GSs.
Step 5200: Added 98848 GSs. Now having 2075809 GSs.
Step 5300: Relocated 175244 GSs.
Step 5300: Added 103790 GSs. Now having 2179599 GSs.
Step 5400: Relocated 187545 GSs.
Step 5400: Added 108979 GSs. Now having 2288578 GSs.
Step 5500: Relocated 191898 GSs.
Step 5500: Added 114428 GSs. Now having 2403006 GSs.
Step 5600: Relocated 198855 GSs.
Step 5600: Added 120150 GSs. Now having 2523156 GSs.
Step 5700: Relocated 196455 GSs.
Step 5700: Added 126157 GSs. Now having 2649313 GSs.
Step 5800: Relocated 216972 GSs.
Step 5800: Added 132465 GSs. Now having 2781778 GSs.
Step 5900: Relocated 228585 GSs.
Step 5900: Added 139088 GSs. Now having 2920866 GSs.
Step 6000: Relocated 254597 GSs.
Step 6000: Added 146043 GSs. Now having 3066909 GSs.
[6000] loss 0.1419 l1 0.0722 ssim 0.5859 N 3066909
Step 6100: Relocated 253979 GSs.
Step 6100: Added 153345 GSs. Now having 3220254 GSs.
Step 6200: Relocated 269912 GSs.
Step 6200: Added 161012 GSs. Now having 3381266 GSs.
Step 6300: Relocated 285045 GSs.
Step 6300: Added 169063 GSs. Now having 3550329 GSs.
Step 6400: Relocated 299420 GSs.
Step 6400: Added 177516 GSs. Now having 3727845 GSs.
Step 6500: Relocated 315872 GSs.
Step 6500: Added 186392 GSs. Now having 3914237 GSs.
Step 6600: Relocated 338521 GSs.
Step 6600: Added 195711 GSs. Now having 4109948 GSs.
Step 6700: Relocated 361014 GSs.
Step 6700: Added 205497 GSs. Now having 4315445 GSs.
Step 6800: Relocated 408641 GSs.
Step 6800: Added 215772 GSs. Now having 4531217 GSs.
Step 6900: Relocated 419387 GSs.
Step 6900: Added 226560 GSs. Now having 4757777 GSs.
Step 7000: Relocated 478250 GSs.
Step 7000: Added 237888 GSs. Now having 4995665 GSs.
[7000] loss 0.0803 l1 0.0450 ssim 0.7844 N 4995665
Step 7100: Relocated 454818 GSs.
Step 7100: Added 4335 GSs. Now having 5000000 GSs.
Step 7200: Relocated 366569 GSs.
Step 7200: Added 0 GSs. Now having 5000000 GSs.
Step 7300: Relocated 340553 GSs.
Step 7300: Added 0 GSs. Now having 5000000 GSs.
Step 7400: Relocated 320687 GSs.
Step 7400: Added 0 GSs. Now having 5000000 GSs.
Step 7500: Relocated 294366 GSs.
Step 7500: Added 0 GSs. Now having 5000000 GSs.
Step 7600: Relocated 293908 GSs.
Step 7600: Added 0 GSs. Now having 5000000 GSs.
Step 7700: Relocated 291391 GSs.
Step 7700: Added 0 GSs. Now having 5000000 GSs.
Step 7800: Relocated 275535 GSs.
Step 7800: Added 0 GSs. Now having 5000000 GSs.
Step 7900: Relocated 268242 GSs.
Step 7900: Added 0 GSs. Now having 5000000 GSs.
Step 8000: Relocated 255752 GSs.
Step 8000: Added 0 GSs. Now having 5000000 GSs.
[8000] loss 0.0777 l1 0.0443 ssim 0.7951 N 5000000
Step 8100: Relocated 267157 GSs.
Step 8100: Added 0 GSs. Now having 5000000 GSs.
Step 8200: Relocated 272446 GSs.
Step 8200: Added 0 GSs. Now having 5000000 GSs.
Step 8300: Relocated 271562 GSs.
Step 8300: Added 0 GSs. Now having 5000000 GSs.
Step 8400: Relocated 257501 GSs.
Step 8400: Added 0 GSs. Now having 5000000 GSs.
Step 8500: Relocated 244263 GSs.
Step 8500: Added 0 GSs. Now having 5000000 GSs.
Step 8600: Relocated 246415 GSs.
Step 8600: Added 0 GSs. Now having 5000000 GSs.
Step 8700: Relocated 242882 GSs.
Step 8700: Added 0 GSs. Now having 5000000 GSs.
Step 8800: Relocated 248988 GSs.
Step 8800: Added 0 GSs. Now having 5000000 GSs.
Step 8900: Relocated 246117 GSs.
Step 8900: Added 0 GSs. Now having 5000000 GSs.
Step 9000: Relocated 266724 GSs.
Step 9000: Added 0 GSs. Now having 5000000 GSs.
[9000] loss 0.0732 l1 0.0419 ssim 0.8086 N 5000000
Step 9100: Relocated 251678 GSs.
Step 9100: Added 0 GSs. Now having 5000000 GSs.
Step 9200: Relocated 248792 GSs.
Step 9200: Added 0 GSs. Now having 5000000 GSs.
Step 9300: Relocated 250466 GSs.
Step 9300: Added 0 GSs. Now having 5000000 GSs.
Step 9400: Relocated 239710 GSs.
Step 9400: Added 0 GSs. Now having 5000000 GSs.
Step 9500: Relocated 246326 GSs.
Step 9500: Added 0 GSs. Now having 5000000 GSs.
Step 9600: Relocated 237115 GSs.
Step 9600: Added 0 GSs. Now having 5000000 GSs.
Step 9700: Relocated 239987 GSs.
Step 9700: Added 0 GSs. Now having 5000000 GSs.
Step 9800: Relocated 234855 GSs.
Step 9800: Added 0 GSs. Now having 5000000 GSs.
Step 9900: Relocated 246101 GSs.
Step 9900: Added 0 GSs. Now having 5000000 GSs.
Step 10000: Relocated 243950 GSs.
Step 10000: Added 0 GSs. Now having 5000000 GSs.
[10000] loss 0.0930 l1 0.0548 ssim 0.7612 N 5000000
Step 10100: Relocated 233221 GSs.
Step 10100: Added 0 GSs. Now having 5000000 GSs.
Step 10200: Relocated 232122 GSs.
Step 10200: Added 0 GSs. Now having 5000000 GSs.
Step 10300: Relocated 253218 GSs.
Step 10300: Added 0 GSs. Now having 5000000 GSs.
Step 10400: Relocated 250206 GSs.
Step 10400: Added 0 GSs. Now having 5000000 GSs.
Step 10500: Relocated 246349 GSs.
Step 10500: Added 0 GSs. Now having 5000000 GSs.
Step 10600: Relocated 237556 GSs.
Step 10600: Added 0 GSs. Now having 5000000 GSs.
Step 10700: Relocated 238497 GSs.
Step 10700: Added 0 GSs. Now having 5000000 GSs.
Step 10800: Relocated 236092 GSs.
Step 10800: Added 0 GSs. Now having 5000000 GSs.
Step 10900: Relocated 224170 GSs.
Step 10900: Added 0 GSs. Now having 5000000 GSs.
Step 11000: Relocated 240732 GSs.
Step 11000: Added 0 GSs. Now having 5000000 GSs.
[11000] loss 0.0720 l1 0.0451 ssim 0.8278 N 5000000
Step 11100: Relocated 232621 GSs.
Step 11100: Added 0 GSs. Now having 5000000 GSs.
Step 11200: Relocated 233899 GSs.
Step 11200: Added 0 GSs. Now having 5000000 GSs.
Step 11300: Relocated 234884 GSs.
Step 11300: Added 0 GSs. Now having 5000000 GSs.
Step 11400: Relocated 224584 GSs.
Step 11400: Added 0 GSs. Now having 5000000 GSs.
Step 11500: Relocated 221161 GSs.
Step 11500: Added 0 GSs. Now having 5000000 GSs.
Step 11600: Relocated 224772 GSs.
Step 11600: Added 0 GSs. Now having 5000000 GSs.
Step 11700: Relocated 228799 GSs.
Step 11700: Added 0 GSs. Now having 5000000 GSs.
Step 11800: Relocated 225811 GSs.
Step 11800: Added 0 GSs. Now having 5000000 GSs.
Step 11900: Relocated 209551 GSs.
Step 11900: Added 0 GSs. Now having 5000000 GSs.
Step 12000: Relocated 223092 GSs.
Step 12000: Added 0 GSs. Now having 5000000 GSs.
[12000] loss 0.0532 l1 0.0319 ssim 0.8689 N 5000000
Step 12100: Relocated 234050 GSs.
Step 12100: Added 0 GSs. Now having 5000000 GSs.
Step 12200: Relocated 220149 GSs.
Step 12200: Added 0 GSs. Now having 5000000 GSs.
Step 12300: Relocated 221099 GSs.
Step 12300: Added 0 GSs. Now having 5000000 GSs.
Step 12400: Relocated 219849 GSs.
Step 12400: Added 0 GSs. Now having 5000000 GSs.
Step 12500: Relocated 223801 GSs.
Step 12500: Added 0 GSs. Now having 5000000 GSs.
Step 12600: Relocated 213545 GSs.
Step 12600: Added 0 GSs. Now having 5000000 GSs.
Step 12700: Relocated 216772 GSs.
Step 12700: Added 0 GSs. Now having 5000000 GSs.
Step 12800: Relocated 209924 GSs.
Step 12800: Added 0 GSs. Now having 5000000 GSs.
Step 12900: Relocated 212438 GSs.
Step 12900: Added 0 GSs. Now having 5000000 GSs.
Step 13000: Relocated 214137 GSs.
Step 13000: Added 0 GSs. Now having 5000000 GSs.
[13000] loss 0.0913 l1 0.0474 ssim 0.7409 N 5000000
Step 13100: Relocated 205907 GSs.
Step 13100: Added 0 GSs. Now having 5000000 GSs.
Step 13200: Relocated 207746 GSs.
Step 13200: Added 0 GSs. Now having 5000000 GSs.
Step 13300: Relocated 200712 GSs.
Step 13300: Added 0 GSs. Now having 5000000 GSs.
Step 13400: Relocated 197145 GSs.
Step 13400: Added 0 GSs. Now having 5000000 GSs.
Step 13500: Relocated 204505 GSs.
Step 13500: Added 0 GSs. Now having 5000000 GSs.
Step 13600: Relocated 213262 GSs.
Step 13600: Added 0 GSs. Now having 5000000 GSs.
Step 13700: Relocated 199354 GSs.
Step 13700: Added 0 GSs. Now having 5000000 GSs.
Step 13800: Relocated 210380 GSs.
Step 13800: Added 0 GSs. Now having 5000000 GSs.
Step 13900: Relocated 208234 GSs.
Step 13900: Added 0 GSs. Now having 5000000 GSs.
Step 14000: Relocated 198450 GSs.
Step 14000: Added 0 GSs. Now having 5000000 GSs.
[14000] loss 0.0591 l1 0.0372 ssim 0.8609 N 5000000
Step 14100: Relocated 205585 GSs.
Step 14100: Added 0 GSs. Now having 5000000 GSs.
Step 14200: Relocated 194216 GSs.
Step 14200: Added 0 GSs. Now having 5000000 GSs.
Step 14300: Relocated 198147 GSs.
Step 14300: Added 0 GSs. Now having 5000000 GSs.
Step 14400: Relocated 187754 GSs.
Step 14400: Added 0 GSs. Now having 5000000 GSs.
Step 14500: Relocated 189917 GSs.
Step 14500: Added 0 GSs. Now having 5000000 GSs.
Step 14600: Relocated 181116 GSs.
Step 14600: Added 0 GSs. Now having 5000000 GSs.
Step 14700: Relocated 189301 GSs.
Step 14700: Added 0 GSs. Now having 5000000 GSs.
Step 14800: Relocated 185029 GSs.
Step 14800: Added 0 GSs. Now having 5000000 GSs.
Step 14900: Relocated 177936 GSs.
Step 14900: Added 0 GSs. Now having 5000000 GSs.
Step 15000: Relocated 179221 GSs.
Step 15000: Added 0 GSs. Now having 5000000 GSs.
[15000] loss 0.0545 l1 0.0315 ssim 0.8616 N 5000000
Step 15100: Relocated 178921 GSs.
Step 15100: Added 0 GSs. Now having 5000000 GSs.
Step 15200: Relocated 178056 GSs.
Step 15200: Added 0 GSs. Now having 5000000 GSs.
Step 15300: Relocated 183835 GSs.
Step 15300: Added 0 GSs. Now having 5000000 GSs.
Step 15400: Relocated 181397 GSs.
Step 15400: Added 0 GSs. Now having 5000000 GSs.
Step 15500: Relocated 187363 GSs.
Step 15500: Added 0 GSs. Now having 5000000 GSs.
Step 15600: Relocated 177569 GSs.
Step 15600: Added 0 GSs. Now having 5000000 GSs.
Step 15700: Relocated 187072 GSs.
Step 15700: Added 0 GSs. Now having 5000000 GSs.
Step 15800: Relocated 180652 GSs.
Step 15800: Added 0 GSs. Now having 5000000 GSs.
Step 15900: Relocated 169705 GSs.
Step 15900: Added 0 GSs. Now having 5000000 GSs.
Step 16000: Relocated 170144 GSs.
Step 16000: Added 0 GSs. Now having 5000000 GSs.
[16000] loss 0.0612 l1 0.0371 ssim 0.8503 N 5000000
Step 16100: Relocated 179778 GSs.
Step 16100: Added 0 GSs. Now having 5000000 GSs.
Step 16200: Relocated 170923 GSs.
Step 16200: Added 0 GSs. Now having 5000000 GSs.
Step 16300: Relocated 171839 GSs.
Step 16300: Added 0 GSs. Now having 5000000 GSs.
Step 16400: Relocated 171797 GSs.
Step 16400: Added 0 GSs. Now having 5000000 GSs.
Step 16500: Relocated 170424 GSs.
Step 16500: Added 0 GSs. Now having 5000000 GSs.
Step 16600: Relocated 158227 GSs.
Step 16600: Added 0 GSs. Now having 5000000 GSs.
Step 16700: Relocated 168905 GSs.
Step 16700: Added 0 GSs. Now having 5000000 GSs.
Step 16800: Relocated 163694 GSs.
Step 16800: Added 0 GSs. Now having 5000000 GSs.
Step 16900: Relocated 163964 GSs.
Step 16900: Added 0 GSs. Now having 5000000 GSs.
Step 17000: Relocated 160870 GSs.
Step 17000: Added 0 GSs. Now having 5000000 GSs.
[17000] loss 0.0585 l1 0.0360 ssim 0.8596 N 5000000
Step 17100: Relocated 171914 GSs.
Step 17100: Added 0 GSs. Now having 5000000 GSs.
Step 17200: Relocated 160238 GSs.
Step 17200: Added 0 GSs. Now having 5000000 GSs.
Step 17300: Relocated 165733 GSs.
Step 17300: Added 0 GSs. Now having 5000000 GSs.
Step 17400: Relocated 175345 GSs.
Step 17400: Added 0 GSs. Now having 5000000 GSs.
Step 17500: Relocated 170410 GSs.
Step 17500: Added 0 GSs. Now having 5000000 GSs.
Step 17600: Relocated 161090 GSs.
Step 17600: Added 0 GSs. Now having 5000000 GSs.
Step 17700: Relocated 164694 GSs.
Step 17700: Added 0 GSs. Now having 5000000 GSs.
Step 17800: Relocated 163614 GSs.
Step 17800: Added 0 GSs. Now having 5000000 GSs.
Step 17900: Relocated 148364 GSs.
Step 17900: Added 0 GSs. Now having 5000000 GSs.
Step 18000: Relocated 142374 GSs.
Step 18000: Added 0 GSs. Now having 5000000 GSs.
[18000] loss 0.0733 l1 0.0450 ssim 0.8218 N 5000000
Step 18100: Relocated 148823 GSs.
Step 18100: Added 0 GSs. Now having 5000000 GSs.
Step 18200: Relocated 146898 GSs.
Step 18200: Added 0 GSs. Now having 5000000 GSs.
Step 18300: Relocated 152596 GSs.
Step 18300: Added 0 GSs. Now having 5000000 GSs.
Step 18400: Relocated 141817 GSs.
Step 18400: Added 0 GSs. Now having 5000000 GSs.
Step 18500: Relocated 146459 GSs.
Step 18500: Added 0 GSs. Now having 5000000 GSs.
Step 18600: Relocated 138470 GSs.
Step 18600: Added 0 GSs. Now having 5000000 GSs.
Step 18700: Relocated 139351 GSs.
Step 18700: Added 0 GSs. Now having 5000000 GSs.
Step 18800: Relocated 150058 GSs.
Step 18800: Added 0 GSs. Now having 5000000 GSs.
Step 18900: Relocated 140231 GSs.
Step 18900: Added 0 GSs. Now having 5000000 GSs.
Step 19000: Relocated 136031 GSs.
Step 19000: Added 0 GSs. Now having 5000000 GSs.
[19000] loss 0.0468 l1 0.0288 ssim 0.8897 N 5000000
Step 19100: Relocated 133047 GSs.
Step 19100: Added 0 GSs. Now having 5000000 GSs.
Step 19200: Relocated 129812 GSs.
Step 19200: Added 0 GSs. Now having 5000000 GSs.
Step 19300: Relocated 125081 GSs.
Step 19300: Added 0 GSs. Now having 5000000 GSs.
Step 19400: Relocated 123011 GSs.
Step 19400: Added 0 GSs. Now having 5000000 GSs.
Step 19500: Relocated 127771 GSs.
Step 19500: Added 0 GSs. Now having 5000000 GSs.
Step 19600: Relocated 121078 GSs.
Step 19600: Added 0 GSs. Now having 5000000 GSs.
Step 19700: Relocated 125381 GSs.
Step 19700: Added 0 GSs. Now having 5000000 GSs.
Step 19800: Relocated 125124 GSs.
Step 19800: Added 0 GSs. Now having 5000000 GSs.
Step 19900: Relocated 118969 GSs.
Step 19900: Added 0 GSs. Now having 5000000 GSs.
Step 20000: Relocated 121568 GSs.
Step 20000: Added 0 GSs. Now having 5000000 GSs.
[20000] loss 0.0481 l1 0.0320 ssim 0.8967 N 5000000
Step 20100: Relocated 111990 GSs.
Step 20100: Added 0 GSs. Now having 5000000 GSs.
Step 20200: Relocated 120927 GSs.
Step 20200: Added 0 GSs. Now having 5000000 GSs.
Step 20300: Relocated 112901 GSs.
Step 20300: Added 0 GSs. Now having 5000000 GSs.
Step 20400: Relocated 118673 GSs.
Step 20400: Added 0 GSs. Now having 5000000 GSs.
Step 20500: Relocated 115745 GSs.
Step 20500: Added 0 GSs. Now having 5000000 GSs.
Step 20600: Relocated 115822 GSs.
Step 20600: Added 0 GSs. Now having 5000000 GSs.
Step 20700: Relocated 108174 GSs.
Step 20700: Added 0 GSs. Now having 5000000 GSs.
Step 20800: Relocated 109356 GSs.
Step 20800: Added 0 GSs. Now having 5000000 GSs.
Step 20900: Relocated 106431 GSs.
Step 20900: Added 0 GSs. Now having 5000000 GSs.
Step 21000: Relocated 102085 GSs.
Step 21000: Added 0 GSs. Now having 5000000 GSs.
[21000] loss 0.0520 l1 0.0315 ssim 0.8752 N 5000000
Step 21100: Relocated 105533 GSs.
Step 21100: Added 0 GSs. Now having 5000000 GSs.
Step 21200: Relocated 103574 GSs.
Step 21200: Added 0 GSs. Now having 5000000 GSs.
Step 21300: Relocated 103249 GSs.
Step 21300: Added 0 GSs. Now having 5000000 GSs.
Step 21400: Relocated 100489 GSs.
Step 21400: Added 0 GSs. Now having 5000000 GSs.
Step 21500: Relocated 99511 GSs.
Step 21500: Added 0 GSs. Now having 5000000 GSs.
Step 21600: Relocated 102254 GSs.
Step 21600: Added 0 GSs. Now having 5000000 GSs.
Step 21700: Relocated 97764 GSs.
Step 21700: Added 0 GSs. Now having 5000000 GSs.
Step 21800: Relocated 102469 GSs.
Step 21800: Added 0 GSs. Now having 5000000 GSs.
Step 21900: Relocated 104072 GSs.
Step 21900: Added 0 GSs. Now having 5000000 GSs.
Step 22000: Relocated 95061 GSs.
Step 22000: Added 0 GSs. Now having 5000000 GSs.
[22000] loss 0.0556 l1 0.0343 ssim 0.8688 N 5000000
Step 22100: Relocated 92483 GSs.
Step 22100: Added 0 GSs. Now having 5000000 GSs.
Step 22200: Relocated 91837 GSs.
Step 22200: Added 0 GSs. Now having 5000000 GSs.
Step 22300: Relocated 91593 GSs.
Step 22300: Added 0 GSs. Now having 5000000 GSs.
Step 22400: Relocated 92908 GSs.
Step 22400: Added 0 GSs. Now having 5000000 GSs.
Step 22500: Relocated 93587 GSs.
Step 22500: Added 0 GSs. Now having 5000000 GSs.
Step 22600: Relocated 89492 GSs.
Step 22600: Added 0 GSs. Now having 5000000 GSs.
Step 22700: Relocated 85419 GSs.
Step 22700: Added 0 GSs. Now having 5000000 GSs.
Step 22800: Relocated 86260 GSs.
Step 22800: Added 0 GSs. Now having 5000000 GSs.
Step 22900: Relocated 83284 GSs.
Step 22900: Added 0 GSs. Now having 5000000 GSs.
Step 23000: Relocated 85229 GSs.
Step 23000: Added 0 GSs. Now having 5000000 GSs.
[23000] loss 0.0444 l1 0.0310 ssim 0.9113 N 5000000
Step 23100: Relocated 90947 GSs.
Step 23100: Added 0 GSs. Now having 5000000 GSs.
Step 23200: Relocated 84961 GSs.
Step 23200: Added 0 GSs. Now having 5000000 GSs.
Step 23300: Relocated 82595 GSs.
Step 23300: Added 0 GSs. Now having 5000000 GSs.
Step 23400: Relocated 80671 GSs.
Step 23400: Added 0 GSs. Now having 5000000 GSs.
Step 23500: Relocated 78231 GSs.
Step 23500: Added 0 GSs. Now having 5000000 GSs.
Step 23600: Relocated 74242 GSs.
Step 23600: Added 0 GSs. Now having 5000000 GSs.
Step 23700: Relocated 72645 GSs.
Step 23700: Added 0 GSs. Now having 5000000 GSs.
Step 23800: Relocated 78342 GSs.
Step 23800: Added 0 GSs. Now having 5000000 GSs.
Step 23900: Relocated 73509 GSs.
Step 23900: Added 0 GSs. Now having 5000000 GSs.
Step 24000: Relocated 75010 GSs.
Step 24000: Added 0 GSs. Now having 5000000 GSs.
[24000] loss 0.0410 l1 0.0257 ssim 0.9073 N 5000000
Step 24100: Relocated 70263 GSs.
Step 24100: Added 0 GSs. Now having 5000000 GSs.
Step 24200: Relocated 70541 GSs.
Step 24200: Added 0 GSs. Now having 5000000 GSs.
Step 24300: Relocated 71095 GSs.
Step 24300: Added 0 GSs. Now having 5000000 GSs.
Step 24400: Relocated 67955 GSs.
Step 24400: Added 0 GSs. Now having 5000000 GSs.
Step 24500: Relocated 66267 GSs.
Step 24500: Added 0 GSs. Now having 5000000 GSs.
Step 24600: Relocated 66550 GSs.
Step 24600: Added 0 GSs. Now having 5000000 GSs.
Step 24700: Relocated 66546 GSs.
Step 24700: Added 0 GSs. Now having 5000000 GSs.
Step 24800: Relocated 66032 GSs.
Step 24800: Added 0 GSs. Now having 5000000 GSs.
Step 24900: Relocated 64477 GSs.
Step 24900: Added 0 GSs. Now having 5000000 GSs.
[25000] loss 0.0634 l1 0.0407 ssim 0.8554 N 5000000
Setting up [LPIPS] perceptual loss: trunk [vgg], v[0.1], spatial [off]
/home/bkai/miniconda3/envs/gsplat/lib/python3.10/site-packages/torchvision/models/_utils.py:208: UserWarning: The parameter 'pretrained' is deprecated since 0.13 and may be removed in the future, please use 'weights' instead.
  warnings.warn(
/home/bkai/miniconda3/envs/gsplat/lib/python3.10/site-packages/torchvision/models/_utils.py:223: UserWarning: Arguments other than a weight enum or `None` for 'weights' are deprecated since 0.13 and may be removed in the future. The current behavior is equivalent to passing `weights=VGG16_Weights.IMAGENET1K_V1`. You can also use `weights=VGG16_Weights.DEFAULT` to get the most up-to-date weights.
  warnings.warn(msg)
Loading model from: /home/bkai/miniconda3/envs/gsplat/lib/python3.10/site-packages/lpips/weights/v0.1/vgg.pth
[26000] loss 0.0855 l1 0.0543 ssim 0.8603 N 5000000
[27000] loss 0.0540 l1 0.0291 ssim 0.8954 N 5000000
[28000] loss 0.0560 l1 0.0289 ssim 0.9064 N 5000000
[29000] loss 0.0500 l1 0.0258 ssim 0.9058 N 5000000
[29999] loss 0.0591 l1 0.0318 ssim 0.8813 N 5000000
Saved 5000000 gaussians to /mnt/d/avv/r2r8/models/HCM0644_ut7/ckpt.pt
  fit on 120 pairs -> field 165x123  mean |d| 0.234 px  max 1.43 px
saved -> /mnt/d/avv/r2r8/fields/HCM0644.npy (+ .meta.json)
k1=+0.00903  1320x989  unsupervised 0.00% -> /mnt/d/avv/r2r8/masks/HCM0644.npy
=== [HCM0644] DONE (gpu0) ===
