=== HCM0421 gate ===
candidate /mnt/d/avv/r28_members/HCM0421/test_png: 60 renders (expect 60)
                                              member     detail    mean     std  dead
                                           CANDIDATE    0.03033  0.4669  0.2391     0
                                    HCM0421/test_png    0.03034  0.4670  0.2391     0
                               HCM0421_ut42/test_png    0.03395  0.4676  0.2398     0
                                    HCM0421/test_png    0.03356  0.4666  0.2395     0

peer detail range 0.03034..0.03395;  candidate 0.03033
  WARN: softer than every peer, but within the regulariser-tolerance band (floor 0.02095). mip3d IS a band-limiter, so some softening is expected.

VERDICT: PASS -- safe to include
=== HCM0421: 6-member(0.667) + mip555(0.167) + mip777(0.167) -> restore(lam=1.0,k=8) -> field ===
Ensembled 60 images from 3 members -> /mnt/d/avv/r29/tower_ens/HCM0421/jpg_tmp
restored 60 images (lam=1.0, k=8, 7 member(s)) -> /mnt/d/avv/r29/tower_ens/HCM0421/png_er
field HCM0421.npy: mean|d| 0.1317px  max|d| 1.0891px
corrected 60 images -> /mnt/d/avv/r29/tower_ens/HCM0421/png
=== HCM0539 gate ===
candidate /mnt/d/avv/r28_members/HCM0539/test_png: 60 renders (expect 60)
                                              member     detail    mean     std  dead
                                           CANDIDATE    0.02997  0.4793  0.2444     0
                                    HCM0539/test_png    0.02995  0.4795  0.2445     0
                               HCM0539_ut42/test_png    0.03206  0.4796  0.2444     0
                                    HCM0539/test_png    0.03179  0.4786  0.2448     0

peer detail range 0.02995..0.03206;  candidate 0.02997

VERDICT: PASS -- safe to include
=== HCM0539: 6-member(0.667) + mip555(0.167) + mip777(0.167) -> restore(lam=1.0,k=8) -> field ===
Ensembled 60 images from 3 members -> /mnt/d/avv/r29/tower_ens/HCM0539/jpg_tmp
restored 60 images (lam=1.0, k=8, 7 member(s)) -> /mnt/d/avv/r29/tower_ens/HCM0539/png_er
field HCM0539.npy: mean|d| 0.1351px  max|d| 1.4695px
corrected 60 images -> /mnt/d/avv/r29/tower_ens/HCM0539/png
=== HCM0540 gate ===
candidate /mnt/d/avv/r28_members/HCM0540/test_png: 60 renders (expect 60)
                                              member     detail    mean     std  dead
                                           CANDIDATE    0.02881  0.4690  0.2353     0
                                    HCM0540/test_png    0.02878  0.4691  0.2353     0
                               HCM0540_ut42/test_png    0.03207  0.4690  0.2356     0
                                    HCM0540/test_png    0.03207  0.4702  0.2361     0

peer detail range 0.02878..0.03207;  candidate 0.02881

VERDICT: PASS -- safe to include
=== HCM0540: 6-member(0.667) + mip555(0.167) + mip777(0.167) -> restore(lam=1.0,k=8) -> field ===
Ensembled 60 images from 3 members -> /mnt/d/avv/r29/tower_ens/HCM0540/jpg_tmp
restored 60 images (lam=1.0, k=8, 7 member(s)) -> /mnt/d/avv/r29/tower_ens/HCM0540/png_er
field HCM0540.npy: mean|d| 0.1332px  max|d| 1.0857px
corrected 60 images -> /mnt/d/avv/r29/tower_ens/HCM0540/png
=== HCM0644 gate ===
candidate /mnt/d/avv/r28_members/HCM0644/test_png: 60 renders (expect 60)
                                              member     detail    mean     std  dead
                                           CANDIDATE    0.02505  0.4700  0.2506     0
                                    HCM0644/test_png    0.02500  0.4697  0.2508     0
                               HCM0644_ut42/test_png    0.03027  0.4686  0.2511     0
                                    HCM0644/test_png    0.03021  0.4685  0.2510     0

peer detail range 0.02500..0.03027;  candidate 0.02505

VERDICT: PASS -- safe to include
=== HCM0644: 6-member(0.667) + mip555(0.167) + mip777(0.167) -> restore(lam=1.0,k=8) -> field ===
Ensembled 60 images from 3 members -> /mnt/d/avv/r29/tower_ens/HCM0644/jpg_tmp
restored 60 images (lam=1.0, k=8, 7 member(s)) -> /mnt/d/avv/r29/tower_ens/HCM0644/png_er
field HCM0644.npy: mean|d| 0.1331px  max|d| 1.3619px
corrected 60 images -> /mnt/d/avv/r29/tower_ens/HCM0644/png
=== HCM0674 gate ===
candidate /mnt/d/avv/r28_members/HCM0674/test_png: 60 renders (expect 60)
                                              member     detail    mean     std  dead
                                           CANDIDATE    0.02725  0.4910  0.2319     0
                                    HCM0674/test_png    0.02728  0.4913  0.2319     0
                               HCM0674_ut42/test_png    0.03078  0.4914  0.2326     0
                                    HCM0674/test_png    0.03091  0.4923  0.2325     0

peer detail range 0.02728..0.03091;  candidate 0.02725
  WARN: softer than every peer, but within the regulariser-tolerance band (floor 0.01864). mip3d IS a band-limiter, so some softening is expected.

VERDICT: PASS -- safe to include
=== HCM0674: 6-member(0.667) + mip555(0.167) + mip777(0.167) -> restore(lam=1.0,k=8) -> field ===
Ensembled 60 images from 3 members -> /mnt/d/avv/r29/tower_ens/HCM0674/jpg_tmp
restored 60 images (lam=1.0, k=8, 7 member(s)) -> /mnt/d/avv/r29/tower_ens/HCM0674/png_er
field HCM0674.npy: mean|d| 0.1316px  max|d| 1.4666px
corrected 60 images -> /mnt/d/avv/r29/tower_ens/HCM0674/png
=== chair gate ===
candidate /mnt/d/avv/r28_members/chair/test_png: 58 renders (expect 58)
                                              member     detail    mean     std  dead
                                           CANDIDATE    0.01206  0.5576  0.2415     0
                                 chair_aa42/test_png    0.01352  0.5608  0.2447     0
                                  chair_aa7/test_png    0.01403  0.5572  0.2433     0
                                 chair_aa13/test_png    0.01376  0.5585  0.2423     0
                        chair_ema099_seed42/test_png    0.01381  0.5564  0.2427     0
                         chair_ema099_seed7/test_png    0.01369  0.5581  0.2425     0
                        chair_ema099_seed13/test_png    0.01364  0.5567  0.2429     0
                         chair_depth_seed42/test_png    0.01384  0.5579  0.2434     0

peer detail range 0.01352..0.01403;  candidate 0.01206
  WARN: softer than every peer, but within the regulariser-tolerance band (floor 0.00988). mip3d IS a band-limiter, so some softening is expected.

VERDICT: PASS -- safe to include
=== chair: 8 uniform -> restore(lam=0,k=8), no field ===
Ensembled 58 images from 8 members -> /mnt/d/avv/r29/video_ens/chair/jpg_tmp
    chair lam=0: shipping the plain 8-member mean, NO energy restoration
=== bonsai gate ===
candidate /mnt/d/avv/r28_members/bonsai/test_png: 28 renders (expect 28)
                                              member     detail    mean     std  dead
                                           CANDIDATE    0.00058  0.5529  0.2306     0
                                bonsai_aa42/test_png    0.00073  0.5517  0.2299     0
                                 bonsai_aa7/test_png    0.00078  0.5532  0.2299     0
                                bonsai_aa13/test_png    0.00061  0.5526  0.2285     0
                                      aa101/test_png    0.00070  0.5551  0.2296     0
                                      aa202/test_png    0.00075  0.5570  0.2295     0
                                      aa303/test_png    0.00065  0.5553  0.2297     0

peer detail range 0.00061..0.00078;  candidate 0.00058
  WARN: softer than every peer, but within the regulariser-tolerance band (floor 0.00038). mip3d IS a band-limiter, so some softening is expected.

VERDICT: PASS -- safe to include
=== bonsai: 7 uniform -> restore(lam=0,k=7), no field ===
Ensembled 28 images from 7 members -> /mnt/d/avv/r29/video_ens/bonsai/jpg_tmp
    bonsai lam=0: shipping the plain 7-member mean, NO energy restoration

=== scenes rebuilt: HCM0421 HCM0539 HCM0540 HCM0644 HCM0674 chair bonsai ===
=== assemble on top of sub_round28_energy.zip ===
re-encoded 386 files in ['HCM0421', 'HCM0539', 'HCM0540', 'HCM0644', 'HCM0674', 'bonsai', 'chair'], copied 0 verbatim
=== verify ===
CRC: OK
  HCM0421:  60/60 exact, all 1320x989, JPEG
  HCM0539:  60/60 exact, all 1320x989, JPEG
  HCM0540:  60/60 exact, all 1320x989, JPEG
  HCM0644:  60/60 exact, all 1320x989, JPEG
  HCM0674:  60/60 exact, all 1320x989, JPEG
  bonsai:  28/28 exact, all 1920x1080, JPEG
  chair:  58/58 exact, all 720x1280, JPEG

files 386/386   size 333.57 MiB / 349.77 MB (limit 350.0 MiB = 367.0 MB)
VERIFY PASSED
=== change + size check ===
scenes changed vs base: ['HCM0421', 'HCM0539', 'HCM0540', 'HCM0644', 'HCM0674', 'bonsai', 'chair']
TOTAL 349,771,217 bytes = 333.57 MiB = 349.77 MB
  vs DECIMAL 350,000,000 -> FITS
  vs MiB     367,001,600 -> FITS
=== R29 BUILD DONE (base=sub_round28_energy.zip tower=1.0 chair=0 bonsai=0) Tue Jul 28 04:33:32 +07 2026 ===
