=== HCM0421: energy restore (lam=1.0, k=7, 6-member map) -> median field (lanczos) ===
restored 60 images (lam=1.0, k=7, 6 member(s)) -> /mnt/d/avv/r28e_v2/tower_ens/HCM0421/png_er
field HCM0421.npy: mean|d| 0.1013px  max|d| 0.8377px
corrected 60 images -> /mnt/d/avv/r28e_v2/tower_ens/HCM0421/png
=== HCM0539: energy restore (lam=1.0, k=7, 6-member map) -> median field (lanczos) ===
restored 60 images (lam=1.0, k=7, 6 member(s)) -> /mnt/d/avv/r28e_v2/tower_ens/HCM0539/png_er
field HCM0539.npy: mean|d| 0.1039px  max|d| 1.1304px
corrected 60 images -> /mnt/d/avv/r28e_v2/tower_ens/HCM0539/png
=== HCM0540: energy restore (lam=1.0, k=7, 6-member map) -> median field (lanczos) ===
restored 60 images (lam=1.0, k=7, 6 member(s)) -> /mnt/d/avv/r28e_v2/tower_ens/HCM0540/png_er
field HCM0540.npy: mean|d| 0.1025px  max|d| 0.8351px
corrected 60 images -> /mnt/d/avv/r28e_v2/tower_ens/HCM0540/png
=== HCM0644: energy restore (lam=1.0, k=7, 6-member map) -> median field (lanczos) ===
restored 60 images (lam=1.0, k=7, 6 member(s)) -> /mnt/d/avv/r28e_v2/tower_ens/HCM0644/png_er
field HCM0644.npy: mean|d| 0.1024px  max|d| 1.0476px
corrected 60 images -> /mnt/d/avv/r28e_v2/tower_ens/HCM0644/png
=== HCM0674: energy restore (lam=1.0, k=7, 6-member map) -> median field (lanczos) ===
restored 60 images (lam=1.0, k=7, 6 member(s)) -> /mnt/d/avv/r28e_v2/tower_ens/HCM0674/png_er
field HCM0674.npy: mean|d| 0.1013px  max|d| 1.1281px
corrected 60 images -> /mnt/d/avv/r28e_v2/tower_ens/HCM0674/png
=== chair: energy restore (lam=1.25, k=7), NO field ===
restored 58 images (lam=1.25, k=7, 7 member(s)) -> /mnt/d/avv/r28e_v2/video_ens/chair/png
=== bonsai: energy restore (lam=1.0, k=6), NO field ===
restored 28 images (lam=1.0, k=6, 6 member(s)) -> /mnt/d/avv/r28e_v2/video_ens/bonsai/png
=== assemble on top of r27 (ALL 7 scenes change) ===
re-encoded 386 files, copied 0 verbatim (skipped: [])
=== verify ===
CRC: OK
  HCM0421:  60/60 exact, all 1320x989, JPEG
  HCM0539:  60/60 exact, all 1320x989, JPEG
  HCM0540:  60/60 exact, all 1320x989, JPEG
  HCM0644:  60/60 exact, all 1320x989, JPEG
  HCM0674:  60/60 exact, all 1320x989, JPEG
  bonsai:  28/28 exact, all 1920x1080, JPEG
  chair:  58/58 exact, all 720x1280, JPEG

files 386/386   size 340.54 MiB / 357.08 MB (limit 350.0 MiB = 367.0 MB)
VERIFY PASSED
=== size + change check ===
scenes changed vs r27: ['HCM0421', 'HCM0539', 'HCM0540', 'HCM0644', 'HCM0674', 'bonsai', 'chair']
     HCM0421   56.92 MB   (r27   55.68)
     HCM0539   62.92 MB   (r27   61.73)
     HCM0540   63.71 MB   (r27   62.40)
     HCM0644   60.44 MB   (r27   58.62)
     HCM0674   61.43 MB   (r27   60.21)
      bonsai   19.85 MB   (r27   17.69)
       chair   31.76 MB   (r27   28.71)
TOTAL 357,078,727 bytes = 340.54 MiB / 357.08 MB   (cap 367,001,600 B = 350.00 MiB; r27 was 329.11 MiB)
HEADROOM LEFT 9.46 MiB
=== R28 ENERGY BUILD DONE (tower=1.0 chair=1.25 bonsai=1.0) Mon Jul 27 15:05:42 +07 2026 ===
