=== HCM0421: r29 png_er (k=8, lam=1.0) -> gauss1 x1.30 field ===
field HCM0421.npy: mean|d| 0.1306px  max|d| 1.0713px
corrected 60 images -> /mnt/d/avv/r31/tower_ens/HCM0421/png
=== HCM0539: r29 png_er (k=8, lam=1.0) -> gauss1 x1.30 field ===
field HCM0539.npy: mean|d| 0.1340px  max|d| 1.4369px
corrected 60 images -> /mnt/d/avv/r31/tower_ens/HCM0539/png
=== HCM0540: r29 png_er (k=8, lam=1.0) -> gauss1 x1.30 field ===
field HCM0540.npy: mean|d| 0.1321px  max|d| 1.0361px
corrected 60 images -> /mnt/d/avv/r31/tower_ens/HCM0540/png
=== HCM0644: r29 png_er (k=8, lam=1.0) -> gauss1 x1.30 field ===
field HCM0644.npy: mean|d| 0.1321px  max|d| 1.2715px
corrected 60 images -> /mnt/d/avv/r31/tower_ens/HCM0644/png
=== HCM0674: r29 png_er (k=8, lam=1.0) -> gauss1 x1.30 field ===
field HCM0674.npy: mean|d| 0.1305px  max|d| 1.4069px
corrected 60 images -> /mnt/d/avv/r31/tower_ens/HCM0674/png
re-encoded 358, carried 28 verbatim (bonsai)
=== verify ===
CRC: OK
  HCM0421:  60/60 exact, all 1320x989, JPEG
  HCM0539:  60/60 exact, all 1320x989, JPEG
  HCM0540:  60/60 exact, all 1320x989, JPEG
  HCM0644:  60/60 exact, all 1320x989, JPEG
  HCM0674:  60/60 exact, all 1320x989, JPEG
  bonsai:  28/28 exact, all 1920x1080, JPEG
  chair:  58/58 exact, all 720x1280, JPEG

files 386/386   size 333.71 MiB / 349.92 MB (limit 350.0 MiB = 367.0 MB)
VERIFY PASSED
scenes changed vs r29: ['HCM0421', 'HCM0539', 'HCM0540', 'HCM0644', 'HCM0674', 'chair']
TOTAL 349,917,932 bytes = 333.71 MiB   cap 367,001,600 -> FITS
=== r31 BUILT -- NOT SUBMITTED ===
