=== HCM0421 already complete -- reusing ===
=== HCM0539: 10 members uniform (6+1+1+1+1) -> restore(lam=1.0,k=10) -> field gauss1 x1.30 ===
Ensembled 60 images from 5 members -> /mnt/d/avv/r30/tower_ens/HCM0539/jpg_tmp
restored 60 images (lam=1.0, k=10, 9 member(s)) -> /mnt/d/avv/r30/tower_ens/HCM0539/png_er
field HCM0539.npy: mean|d| 0.1340px  max|d| 1.4369px
corrected 60 images -> /mnt/d/avv/r30/tower_ens/HCM0539/png
=== HCM0540: 10 members uniform (6+1+1+1+1) -> restore(lam=1.0,k=10) -> field gauss1 x1.30 ===
Ensembled 60 images from 5 members -> /mnt/d/avv/r30/tower_ens/HCM0540/jpg_tmp
restored 60 images (lam=1.0, k=10, 9 member(s)) -> /mnt/d/avv/r30/tower_ens/HCM0540/png_er
field HCM0540.npy: mean|d| 0.1321px  max|d| 1.0361px
corrected 60 images -> /mnt/d/avv/r30/tower_ens/HCM0540/png
=== HCM0644: 10 members uniform (6+1+1+1+1) -> restore(lam=1.0,k=10) -> field gauss1 x1.30 ===
Ensembled 60 images from 5 members -> /mnt/d/avv/r30/tower_ens/HCM0644/jpg_tmp
restored 60 images (lam=1.0, k=10, 9 member(s)) -> /mnt/d/avv/r30/tower_ens/HCM0644/png_er
field HCM0644.npy: mean|d| 0.1321px  max|d| 1.2715px
corrected 60 images -> /mnt/d/avv/r30/tower_ens/HCM0644/png
=== HCM0674: 10 members uniform (6+1+1+1+1) -> restore(lam=1.0,k=10) -> field gauss1 x1.30 ===
Ensembled 60 images from 5 members -> /mnt/d/avv/r30/tower_ens/HCM0674/jpg_tmp
restored 60 images (lam=1.0, k=10, 9 member(s)) -> /mnt/d/avv/r30/tower_ens/HCM0674/png_er
field HCM0674.npy: mean|d| 0.1305px  max|d| 1.4069px
corrected 60 images -> /mnt/d/avv/r30/tower_ens/HCM0674/png
=== chair: r29 8-member mean (lam=0) -> lens field gauss1 x1.30 ===
field chair_g1_g130.npy: mean|d| 0.0790px  max|d| 0.6127px
corrected 58 images -> /mnt/d/avv/r30/video_ens/chair/png

=== scenes rebuilt: HCM0421 HCM0539 HCM0540 HCM0644 HCM0674 chair ===
=== assemble on top of sub_round29_members.zip ===
re-encoded 358 files in ['HCM0421', 'HCM0539', 'HCM0540', 'HCM0644', 'HCM0674', 'chair'], copied 28 verbatim
=== verify ===
CRC: OK
  HCM0421:  60/60 exact, all 1320x989, JPEG
  HCM0539:  60/60 exact, all 1320x989, JPEG
  HCM0540:  60/60 exact, all 1320x989, JPEG
  HCM0644:  60/60 exact, all 1320x989, JPEG
  HCM0674:  60/60 exact, all 1320x989, JPEG
  bonsai:  28/28 exact, all 1920x1080, JPEG
  chair:  58/58 exact, all 720x1280, JPEG

files 386/386   size 333.39 MiB / 349.59 MB (limit 350.0 MiB = 367.0 MB)
VERIFY PASSED
=== change + size check ===
scenes changed vs r29: ['HCM0421', 'HCM0539', 'HCM0540', 'HCM0644', 'HCM0674', 'chair']
TOTAL 349,585,510 bytes = 333.39 MiB = 349.59 MB
  vs MiB cap 367,001,600 -> FITS
=== r30 BUILT -- NOT SUBMITTED ===
