=== SCREEN POOL starting (GPU0 only -- GPU1 dedicated to EMA production) Thu Jul 23 02:35:00 +07 2026 ===
>>> gpu0 claim job#1: [screen] chair baseline  []  02:35
[14999] loss 0.0895 l1 0.0282 ssim 0.7756 N 2000000
Saved 2000000 gaussians to /mnt/d/avv/tw_test/chair_baseline_screen/ckpt.pt
Wrote 58 images to /mnt/d/avv/tw_test/chair_baseline_screen/eval_render
Setting up [LPIPS] perceptual loss: trunk [vgg], v[0.1], spatial [off]
/home/bkai/miniconda3/envs/fastgs2/lib/python3.10/site-packages/torchvision/models/_utils.py:208: UserWarning: The parameter 'pretrained' is deprecated since 0.13 and may be removed in the future, please use 'weights' instead.
  warnings.warn(
/home/bkai/miniconda3/envs/fastgs2/lib/python3.10/site-packages/torchvision/models/_utils.py:223: UserWarning: Arguments other than a weight enum or `None` for 'weights' are deprecated since 0.13 and may be removed in the future. The current behavior is equivalent to passing `weights=VGG16_Weights.IMAGENET1K_V1`. You can also use `weights=VGG16_Weights.DEFAULT` to get the most up-to-date weights.
  warnings.warn(msg)
Loading model from: /home/bkai/miniconda3/envs/fastgs2/lib/python3.10/site-packages/lpips/weights/v0.1/vgg.pth
EVAL chair_baseline_screen n= 58  PSNR 24.6531  SSIM 0.7765  LPIPSvgg 0.2542  SCORE 67.9171
>>> gpu0 claim job#2: [screen] chair ema099  [--ema_decay 0.99]  02:53
Saving EMA-averaged params (decay 0.99, from refine_stop 12500)
Saved 2000000 gaussians to /mnt/d/avv/tw_test/chair_ema099_screen/ckpt.pt
Wrote 58 images to /mnt/d/avv/tw_test/chair_ema099_screen/eval_render
Setting up [LPIPS] perceptual loss: trunk [vgg], v[0.1], spatial [off]
/home/bkai/miniconda3/envs/fastgs2/lib/python3.10/site-packages/torchvision/models/_utils.py:208: UserWarning: The parameter 'pretrained' is deprecated since 0.13 and may be removed in the future, please use 'weights' instead.
  warnings.warn(
/home/bkai/miniconda3/envs/fastgs2/lib/python3.10/site-packages/torchvision/models/_utils.py:223: UserWarning: Arguments other than a weight enum or `None` for 'weights' are deprecated since 0.13 and may be removed in the future. The current behavior is equivalent to passing `weights=VGG16_Weights.IMAGENET1K_V1`. You can also use `weights=VGG16_Weights.DEFAULT` to get the most up-to-date weights.
  warnings.warn(msg)
Loading model from: /home/bkai/miniconda3/envs/fastgs2/lib/python3.10/site-packages/lpips/weights/v0.1/vgg.pth
EVAL chair_ema099_screen n= 58  PSNR 24.7987  SSIM 0.7780  LPIPSvgg 0.2502  SCORE 68.2094
>>> gpu0 claim job#3: [screen] bonsai baseline  []  03:29
[7499] loss 0.1464 l1 0.0463 ssim 0.6892 N 259292
Saved 259292 gaussians to /mnt/d/avv/tw_test/bonsai_baseline_screen/ckpt.pt
Wrote 28 images to /mnt/d/avv/tw_test/bonsai_baseline_screen/eval_render
Setting up [LPIPS] perceptual loss: trunk [vgg], v[0.1], spatial [off]
/home/bkai/miniconda3/envs/fastgs2/lib/python3.10/site-packages/torchvision/models/_utils.py:208: UserWarning: The parameter 'pretrained' is deprecated since 0.13 and may be removed in the future, please use 'weights' instead.
  warnings.warn(
/home/bkai/miniconda3/envs/fastgs2/lib/python3.10/site-packages/torchvision/models/_utils.py:223: UserWarning: Arguments other than a weight enum or `None` for 'weights' are deprecated since 0.13 and may be removed in the future. The current behavior is equivalent to passing `weights=VGG16_Weights.IMAGENET1K_V1`. You can also use `weights=VGG16_Weights.DEFAULT` to get the most up-to-date weights.
  warnings.warn(msg)
Loading model from: /home/bkai/miniconda3/envs/fastgs2/lib/python3.10/site-packages/lpips/weights/v0.1/vgg.pth
EVAL bonsai_baseline_screen n= 28  PSNR 24.6088  SSIM 0.7958  LPIPSvgg 0.3515  SCORE 64.5794
>>> gpu0 claim job#4: [screen] bonsai ema099  [--ema_decay 0.99]  03:47
Saving EMA-averaged params (decay 0.99, from refine_stop 3750)
Saved 259292 gaussians to /mnt/d/avv/tw_test/bonsai_ema099_screen/ckpt.pt
Wrote 28 images to /mnt/d/avv/tw_test/bonsai_ema099_screen/eval_render
Setting up [LPIPS] perceptual loss: trunk [vgg], v[0.1], spatial [off]
/home/bkai/miniconda3/envs/fastgs2/lib/python3.10/site-packages/torchvision/models/_utils.py:208: UserWarning: The parameter 'pretrained' is deprecated since 0.13 and may be removed in the future, please use 'weights' instead.
  warnings.warn(
/home/bkai/miniconda3/envs/fastgs2/lib/python3.10/site-packages/torchvision/models/_utils.py:223: UserWarning: Arguments other than a weight enum or `None` for 'weights' are deprecated since 0.13 and may be removed in the future. The current behavior is equivalent to passing `weights=VGG16_Weights.IMAGENET1K_V1`. You can also use `weights=VGG16_Weights.DEFAULT` to get the most up-to-date weights.
  warnings.warn(msg)
Loading model from: /home/bkai/miniconda3/envs/fastgs2/lib/python3.10/site-packages/lpips/weights/v0.1/vgg.pth
EVAL bonsai_ema099_screen n= 28  PSNR 24.7391  SSIM 0.7977  LPIPSvgg 0.3489  SCORE 64.8173
>>> gpu0 claim job#5: [screen] HCM0181 baseline  []  04:06
[14999] loss 0.0708 l1 0.0330 ssim 0.8558 N 2000000
Saved 2000000 gaussians to /mnt/d/avv/tw_test/HCM0181_baseline_screen/ckpt.pt
Wrote 60 images to /mnt/d/avv/tw_test/HCM0181_baseline_screen/eval_render
Setting up [LPIPS] perceptual loss: trunk [vgg], v[0.1], spatial [off]
/home/bkai/miniconda3/envs/fastgs2/lib/python3.10/site-packages/torchvision/models/_utils.py:208: UserWarning: The parameter 'pretrained' is deprecated since 0.13 and may be removed in the future, please use 'weights' instead.
  warnings.warn(
/home/bkai/miniconda3/envs/fastgs2/lib/python3.10/site-packages/torchvision/models/_utils.py:223: UserWarning: Arguments other than a weight enum or `None` for 'weights' are deprecated since 0.13 and may be removed in the future. The current behavior is equivalent to passing `weights=VGG16_Weights.IMAGENET1K_V1`. You can also use `weights=VGG16_Weights.DEFAULT` to get the most up-to-date weights.
  warnings.warn(msg)
Loading model from: /home/bkai/miniconda3/envs/fastgs2/lib/python3.10/site-packages/lpips/weights/v0.1/vgg.pth
EVAL HCM0181_baseline_screen n= 60  PSNR 23.5109  SSIM 0.8132  LPIPSvgg 0.1551  SCORE 72.2966
>>> gpu0 claim job#6: [screen] HCM0181 ema099  [--ema_decay 0.99]  04:20
Saving EMA-averaged params (decay 0.99, from refine_stop 12500)
Saved 2000000 gaussians to /mnt/d/avv/tw_test/HCM0181_ema099_screen/ckpt.pt
Wrote 60 images to /mnt/d/avv/tw_test/HCM0181_ema099_screen/eval_render
Setting up [LPIPS] perceptual loss: trunk [vgg], v[0.1], spatial [off]
/home/bkai/miniconda3/envs/fastgs2/lib/python3.10/site-packages/torchvision/models/_utils.py:208: UserWarning: The parameter 'pretrained' is deprecated since 0.13 and may be removed in the future, please use 'weights' instead.
  warnings.warn(
/home/bkai/miniconda3/envs/fastgs2/lib/python3.10/site-packages/torchvision/models/_utils.py:223: UserWarning: Arguments other than a weight enum or `None` for 'weights' are deprecated since 0.13 and may be removed in the future. The current behavior is equivalent to passing `weights=VGG16_Weights.IMAGENET1K_V1`. You can also use `weights=VGG16_Weights.DEFAULT` to get the most up-to-date weights.
  warnings.warn(msg)
Loading model from: /home/bkai/miniconda3/envs/fastgs2/lib/python3.10/site-packages/lpips/weights/v0.1/vgg.pth
EVAL HCM0181_ema099_screen n= 60  PSNR 23.5989  SSIM 0.8166  LPIPSvgg 0.1520  SCORE 72.5782
>>> gpu0 claim job#7: [screen] HCM0181 ema999  [--ema_decay 0.999]  04:34
Saving EMA-averaged params (decay 0.999, from refine_stop 12500)
Saved 2000000 gaussians to /mnt/d/avv/tw_test/HCM0181_ema999_screen/ckpt.pt
Wrote 60 images to /mnt/d/avv/tw_test/HCM0181_ema999_screen/eval_render
Setting up [LPIPS] perceptual loss: trunk [vgg], v[0.1], spatial [off]
/home/bkai/miniconda3/envs/fastgs2/lib/python3.10/site-packages/torchvision/models/_utils.py:208: UserWarning: The parameter 'pretrained' is deprecated since 0.13 and may be removed in the future, please use 'weights' instead.
  warnings.warn(
/home/bkai/miniconda3/envs/fastgs2/lib/python3.10/site-packages/torchvision/models/_utils.py:223: UserWarning: Arguments other than a weight enum or `None` for 'weights' are deprecated since 0.13 and may be removed in the future. The current behavior is equivalent to passing `weights=VGG16_Weights.IMAGENET1K_V1`. You can also use `weights=VGG16_Weights.DEFAULT` to get the most up-to-date weights.
  warnings.warn(msg)
Loading model from: /home/bkai/miniconda3/envs/fastgs2/lib/python3.10/site-packages/lpips/weights/v0.1/vgg.pth
EVAL HCM0181_ema999_screen n= 60  PSNR 23.6097  SSIM 0.8172  LPIPSvgg 0.1571  SCORE 72.3985
