=== config_batch2 done, POOL RUNNER starting Wed Jul 22 14:15:03 +07 2026 ===
>>> gpu1 claim job#1: chair minop02  [--min_opacity 0.02]  14:15
>>> gpu0 claim job#2: HCM0181 minop02  [--min_opacity 0.02]  14:15
[59999] loss 0.0621 l1 0.0306 ssim 0.8699 N 8000000
Saved 8000000 gaussians to /mnt/d/avv/tw_test/HCM0181_minop02/ckpt.pt
Wrote 60 images to /mnt/d/avv/tw_test/HCM0181_minop02/eval_render
Setting up [LPIPS] perceptual loss: trunk [vgg], v[0.1], spatial [off]
/home/bkai/miniconda3/envs/fastgs2/lib/python3.10/site-packages/torchvision/models/_utils.py:208: UserWarning: The parameter 'pretrained' is deprecated since 0.13 and may be removed in the future, please use 'weights' instead.
  warnings.warn(
/home/bkai/miniconda3/envs/fastgs2/lib/python3.10/site-packages/torchvision/models/_utils.py:223: UserWarning: Arguments other than a weight enum or `None` for 'weights' are deprecated since 0.13 and may be removed in the future. The current behavior is equivalent to passing `weights=VGG16_Weights.IMAGENET1K_V1`. You can also use `weights=VGG16_Weights.DEFAULT` to get the most up-to-date weights.
  warnings.warn(msg)
Loading model from: /home/bkai/miniconda3/envs/fastgs2/lib/python3.10/site-packages/lpips/weights/v0.1/vgg.pth
EVAL HCM0181_minop02  n= 60  PSNR 24.1285  SSIM 0.8440  LPIPSvgg 0.1203  SCORE 74.9821
>>> gpu0 claim job#3: chair aniso01  [--aniso_reg 0.1]  16:24
[59999] loss 0.2933 l1 0.1357 ssim 0.4241 N 8000000
Saved 8000000 gaussians to /mnt/d/avv/tw_test/chair_minop02/ckpt.pt
Wrote 58 images to /mnt/d/avv/tw_test/chair_minop02/eval_render
Setting up [LPIPS] perceptual loss: trunk [vgg], v[0.1], spatial [off]
/home/bkai/miniconda3/envs/fastgs2/lib/python3.10/site-packages/torchvision/models/_utils.py:208: UserWarning: The parameter 'pretrained' is deprecated since 0.13 and may be removed in the future, please use 'weights' instead.
  warnings.warn(
/home/bkai/miniconda3/envs/fastgs2/lib/python3.10/site-packages/torchvision/models/_utils.py:223: UserWarning: Arguments other than a weight enum or `None` for 'weights' are deprecated since 0.13 and may be removed in the future. The current behavior is equivalent to passing `weights=VGG16_Weights.IMAGENET1K_V1`. You can also use `weights=VGG16_Weights.DEFAULT` to get the most up-to-date weights.
  warnings.warn(msg)
Loading model from: /home/bkai/miniconda3/envs/fastgs2/lib/python3.10/site-packages/lpips/weights/v0.1/vgg.pth
EVAL chair_minop02    n= 58  PSNR 10.1002  SSIM 0.4018  LPIPSvgg 0.7782  SCORE 26.9870
>>> gpu1 claim job#4: HCM0181 aniso01  [--aniso_reg 0.1]  17:18
[59999] loss 0.0746 l1 0.0344 ssim 0.8445 N 8000000
Saved 8000000 gaussians to /mnt/d/avv/tw_test/chair_aniso01/ckpt.pt
Wrote 58 images to /mnt/d/avv/tw_test/chair_aniso01/eval_render
Setting up [LPIPS] perceptual loss: trunk [vgg], v[0.1], spatial [off]
/home/bkai/miniconda3/envs/fastgs2/lib/python3.10/site-packages/torchvision/models/_utils.py:208: UserWarning: The parameter 'pretrained' is deprecated since 0.13 and may be removed in the future, please use 'weights' instead.
  warnings.warn(
/home/bkai/miniconda3/envs/fastgs2/lib/python3.10/site-packages/torchvision/models/_utils.py:223: UserWarning: Arguments other than a weight enum or `None` for 'weights' are deprecated since 0.13 and may be removed in the future. The current behavior is equivalent to passing `weights=VGG16_Weights.IMAGENET1K_V1`. You can also use `weights=VGG16_Weights.DEFAULT` to get the most up-to-date weights.
  warnings.warn(msg)
Loading model from: /home/bkai/miniconda3/envs/fastgs2/lib/python3.10/site-packages/lpips/weights/v0.1/vgg.pth
EVAL chair_aniso01    n= 58  PSNR 24.9112  SSIM 0.7891  LPIPSvgg 0.2350  SCORE 69.2170
>>> gpu0 claim job#5: HCM0181 skydome50k  [--sky_dome 50000]  18:43
    gold = math.pi * (3.0 - math.sqrt(5.0))
UnboundLocalError: local variable 'math' referenced before assignment
[HCM0181 skydome50k] TRAIN FAIL (gpu0)
>>> gpu0 claim job#6: chair ema099  [--ema_decay 0.99]  18:43
[59999] loss 0.0564 l1 0.0286 ssim 0.8862 N 8000000
Saved 8000000 gaussians to /mnt/d/avv/tw_test/HCM0181_aniso01/ckpt.pt
Wrote 60 images to /mnt/d/avv/tw_test/HCM0181_aniso01/eval_render
Setting up [LPIPS] perceptual loss: trunk [vgg], v[0.1], spatial [off]
/home/bkai/miniconda3/envs/fastgs2/lib/python3.10/site-packages/torchvision/models/_utils.py:208: UserWarning: The parameter 'pretrained' is deprecated since 0.13 and may be removed in the future, please use 'weights' instead.
  warnings.warn(
/home/bkai/miniconda3/envs/fastgs2/lib/python3.10/site-packages/torchvision/models/_utils.py:223: UserWarning: Arguments other than a weight enum or `None` for 'weights' are deprecated since 0.13 and may be removed in the future. The current behavior is equivalent to passing `weights=VGG16_Weights.IMAGENET1K_V1`. You can also use `weights=VGG16_Weights.DEFAULT` to get the most up-to-date weights.
  warnings.warn(msg)
Loading model from: /home/bkai/miniconda3/envs/fastgs2/lib/python3.10/site-packages/lpips/weights/v0.1/vgg.pth
EVAL HCM0181_aniso01  n= 60  PSNR 24.0748  SSIM 0.8438  LPIPSvgg 0.1215  SCORE 74.8983
>>> gpu1 claim job#7: bonsai ema099  [--ema_decay 0.99]  19:21
Saving EMA-averaged params (decay 0.99, from refine_stop 15000)
Saved 5000000 gaussians to /mnt/d/avv/tw_test/bonsai_ema099/ckpt.pt
Wrote 28 images to /mnt/d/avv/tw_test/bonsai_ema099/eval_render
Setting up [LPIPS] perceptual loss: trunk [vgg], v[0.1], spatial [off]
/home/bkai/miniconda3/envs/fastgs2/lib/python3.10/site-packages/torchvision/models/_utils.py:208: UserWarning: The parameter 'pretrained' is deprecated since 0.13 and may be removed in the future, please use 'weights' instead.
  warnings.warn(
/home/bkai/miniconda3/envs/fastgs2/lib/python3.10/site-packages/torchvision/models/_utils.py:223: UserWarning: Arguments other than a weight enum or `None` for 'weights' are deprecated since 0.13 and may be removed in the future. The current behavior is equivalent to passing `weights=VGG16_Weights.IMAGENET1K_V1`. You can also use `weights=VGG16_Weights.DEFAULT` to get the most up-to-date weights.
  warnings.warn(msg)
Loading model from: /home/bkai/miniconda3/envs/fastgs2/lib/python3.10/site-packages/lpips/weights/v0.1/vgg.pth
EVAL bonsai_ema099    n= 28  PSNR 26.9955  SSIM 0.8492  LPIPSvgg 0.2448  SCORE 71.8829
>>> gpu1 claim job#8: HCM0181 ema099  [--ema_decay 0.99]  21:00
Saving EMA-averaged params (decay 0.99, from refine_stop 50000)
Saved 8000000 gaussians to /mnt/d/avv/tw_test/chair_ema099/ckpt.pt
Wrote 58 images to /mnt/d/avv/tw_test/chair_ema099/eval_render
Setting up [LPIPS] perceptual loss: trunk [vgg], v[0.1], spatial [off]
/home/bkai/miniconda3/envs/fastgs2/lib/python3.10/site-packages/torchvision/models/_utils.py:208: UserWarning: The parameter 'pretrained' is deprecated since 0.13 and may be removed in the future, please use 'weights' instead.
  warnings.warn(
/home/bkai/miniconda3/envs/fastgs2/lib/python3.10/site-packages/torchvision/models/_utils.py:223: UserWarning: Arguments other than a weight enum or `None` for 'weights' are deprecated since 0.13 and may be removed in the future. The current behavior is equivalent to passing `weights=VGG16_Weights.IMAGENET1K_V1`. You can also use `weights=VGG16_Weights.DEFAULT` to get the most up-to-date weights.
  warnings.warn(msg)
Loading model from: /home/bkai/miniconda3/envs/fastgs2/lib/python3.10/site-packages/lpips/weights/v0.1/vgg.pth
EVAL chair_ema099     n= 58  PSNR 25.1490  SSIM 0.7942  LPIPSvgg 0.2277  SCORE 69.8051
>>> gpu0 claim job#9: chair capmax2M  [--cap_max 2000000]  21:03
[59999] loss 0.0881 l1 0.0374 ssim 0.8081 N 2000000
Saved 2000000 gaussians to /mnt/d/avv/tw_test/chair_capmax2M/ckpt.pt
Wrote 58 images to /mnt/d/avv/tw_test/chair_capmax2M/eval_render
Setting up [LPIPS] perceptual loss: trunk [vgg], v[0.1], spatial [off]
/home/bkai/miniconda3/envs/fastgs2/lib/python3.10/site-packages/torchvision/models/_utils.py:208: UserWarning: The parameter 'pretrained' is deprecated since 0.13 and may be removed in the future, please use 'weights' instead.
  warnings.warn(
/home/bkai/miniconda3/envs/fastgs2/lib/python3.10/site-packages/torchvision/models/_utils.py:223: UserWarning: Arguments other than a weight enum or `None` for 'weights' are deprecated since 0.13 and may be removed in the future. The current behavior is equivalent to passing `weights=VGG16_Weights.IMAGENET1K_V1`. You can also use `weights=VGG16_Weights.DEFAULT` to get the most up-to-date weights.
  warnings.warn(msg)
Loading model from: /home/bkai/miniconda3/envs/fastgs2/lib/python3.10/site-packages/lpips/weights/v0.1/vgg.pth
EVAL chair_capmax2M   n= 58  PSNR 25.1164  SSIM 0.7943  LPIPSvgg 0.2379  SCORE 69.3827
>>> gpu0 claim job#10: HCM0181 skydome50k  [--sky_dome 50000]  22:19
Saving EMA-averaged params (decay 0.99, from refine_stop 50000)
Saved 8000000 gaussians to /mnt/d/avv/tw_test/HCM0181_ema099/ckpt.pt
Wrote 60 images to /mnt/d/avv/tw_test/HCM0181_ema099/eval_render
Setting up [LPIPS] perceptual loss: trunk [vgg], v[0.1], spatial [off]
/home/bkai/miniconda3/envs/fastgs2/lib/python3.10/site-packages/torchvision/models/_utils.py:208: UserWarning: The parameter 'pretrained' is deprecated since 0.13 and may be removed in the future, please use 'weights' instead.
  warnings.warn(
/home/bkai/miniconda3/envs/fastgs2/lib/python3.10/site-packages/torchvision/models/_utils.py:223: UserWarning: Arguments other than a weight enum or `None` for 'weights' are deprecated since 0.13 and may be removed in the future. The current behavior is equivalent to passing `weights=VGG16_Weights.IMAGENET1K_V1`. You can also use `weights=VGG16_Weights.DEFAULT` to get the most up-to-date weights.
  warnings.warn(msg)
Loading model from: /home/bkai/miniconda3/envs/fastgs2/lib/python3.10/site-packages/lpips/weights/v0.1/vgg.pth
EVAL HCM0181_ema099   n= 60  PSNR 24.1955  SSIM 0.8469  LPIPSvgg 0.1153  SCORE 75.3116
>>> gpu1 claim job#11: chair ema999  [--ema_decay 0.999]  23:46
[59999] loss 0.0578 l1 0.0290 ssim 0.8804 N 8000000
Saved 8000000 gaussians to /mnt/d/avv/tw_test/HCM0181_skydome50k/ckpt.pt
Wrote 60 images to /mnt/d/avv/tw_test/HCM0181_skydome50k/eval_render
Setting up [LPIPS] perceptual loss: trunk [vgg], v[0.1], spatial [off]
/home/bkai/miniconda3/envs/fastgs2/lib/python3.10/site-packages/torchvision/models/_utils.py:208: UserWarning: The parameter 'pretrained' is deprecated since 0.13 and may be removed in the future, please use 'weights' instead.
  warnings.warn(
/home/bkai/miniconda3/envs/fastgs2/lib/python3.10/site-packages/torchvision/models/_utils.py:223: UserWarning: Arguments other than a weight enum or `None` for 'weights' are deprecated since 0.13 and may be removed in the future. The current behavior is equivalent to passing `weights=VGG16_Weights.IMAGENET1K_V1`. You can also use `weights=VGG16_Weights.DEFAULT` to get the most up-to-date weights.
  warnings.warn(msg)
Loading model from: /home/bkai/miniconda3/envs/fastgs2/lib/python3.10/site-packages/lpips/weights/v0.1/vgg.pth
EVAL HCM0181_skydome50k n= 60  PSNR 24.0889  SSIM 0.8430  LPIPSvgg 0.1206  SCORE 74.9212
>>> gpu0 claim job#12: HCM0181 ema999  [--ema_decay 0.999]  00:21
Saving EMA-averaged params (decay 0.999, from refine_stop 50000)
Saved 8000000 gaussians to /mnt/d/avv/tw_test/chair_ema999/ckpt.pt
Wrote 58 images to /mnt/d/avv/tw_test/chair_ema999/eval_render
Setting up [LPIPS] perceptual loss: trunk [vgg], v[0.1], spatial [off]
/home/bkai/miniconda3/envs/fastgs2/lib/python3.10/site-packages/torchvision/models/_utils.py:208: UserWarning: The parameter 'pretrained' is deprecated since 0.13 and may be removed in the future, please use 'weights' instead.
  warnings.warn(
/home/bkai/miniconda3/envs/fastgs2/lib/python3.10/site-packages/torchvision/models/_utils.py:223: UserWarning: Arguments other than a weight enum or `None` for 'weights' are deprecated since 0.13 and may be removed in the future. The current behavior is equivalent to passing `weights=VGG16_Weights.IMAGENET1K_V1`. You can also use `weights=VGG16_Weights.DEFAULT` to get the most up-to-date weights.
  warnings.warn(msg)
Loading model from: /home/bkai/miniconda3/envs/fastgs2/lib/python3.10/site-packages/lpips/weights/v0.1/vgg.pth
EVAL chair_ema999     n= 58  PSNR 25.1263  SSIM 0.7933  LPIPSvgg 0.2283  SCORE 69.7416
=== gpu1: pool sealed + empty, exiting ===
Saving EMA-averaged params (decay 0.999, from refine_stop 50000)
Saved 8000000 gaussians to /mnt/d/avv/tw_test/HCM0181_ema999/ckpt.pt
Wrote 60 images to /mnt/d/avv/tw_test/HCM0181_ema999/eval_render
Setting up [LPIPS] perceptual loss: trunk [vgg], v[0.1], spatial [off]
/home/bkai/miniconda3/envs/fastgs2/lib/python3.10/site-packages/torchvision/models/_utils.py:208: UserWarning: The parameter 'pretrained' is deprecated since 0.13 and may be removed in the future, please use 'weights' instead.
  warnings.warn(
/home/bkai/miniconda3/envs/fastgs2/lib/python3.10/site-packages/torchvision/models/_utils.py:223: UserWarning: Arguments other than a weight enum or `None` for 'weights' are deprecated since 0.13 and may be removed in the future. The current behavior is equivalent to passing `weights=VGG16_Weights.IMAGENET1K_V1`. You can also use `weights=VGG16_Weights.DEFAULT` to get the most up-to-date weights.
  warnings.warn(msg)
Loading model from: /home/bkai/miniconda3/envs/fastgs2/lib/python3.10/site-packages/lpips/weights/v0.1/vgg.pth
EVAL HCM0181_ema999   n= 60  PSNR 24.2410  SSIM 0.8480  LPIPSvgg 0.1139  SCORE 75.4293
=== gpu0: pool sealed + empty, exiting ===
=== POOL RUNNER DONE Thu Jul 23 02:34:35 +07 2026 ===
