=== LEG 1: R8-style 30k/5M  Thu Jul 16 19:06:28 +07 2026 ===
PREFLIGHT /mnt/d/avv/data/phase1/private_set2  (7 scenes)

scene        model          WxH                k1 path     train  test  status
HCM0421      SIMPLE_RADIAL  (1320, 989)  +0.00894 native     240    60  OK
HCM0539      SIMPLE_RADIAL  (1320, 989)  +0.00810 native     240    60  OK
HCM0540      SIMPLE_RADIAL  (1320, 989)  +0.00887 native     240    60  OK
HCM0644      SIMPLE_RADIAL  (1320, 989)  +0.00903 native     240    60  OK
HCM0674      SIMPLE_RADIAL  (1320, 989)  +0.00881 native     240    60  OK
bonsai       SIMPLE_PINHOLE (1920, 1080)  +0.00000 native     248    28  OK
chair        SIMPLE_PINHOLE (720, 1280)  +0.00000 native     205    58  OK

PREFLIGHT PASSED
Ensembled 60 images from 2 members -> /mnt/d/avv/r2r8/ens/HCM0421/jpg
corrected 60 images -> /mnt/d/avv/r2r8/ens/HCM0421/png
Ensembled 60 images from 2 members -> /mnt/d/avv/r2r8/ens/HCM0539/jpg
corrected 60 images -> /mnt/d/avv/r2r8/ens/HCM0539/png
Ensembled 60 images from 2 members -> /mnt/d/avv/r2r8/ens/HCM0540/jpg
corrected 60 images -> /mnt/d/avv/r2r8/ens/HCM0540/png
Ensembled 60 images from 2 members -> /mnt/d/avv/r2r8/ens/HCM0644/jpg
corrected 60 images -> /mnt/d/avv/r2r8/ens/HCM0644/png
Ensembled 60 images from 2 members -> /mnt/d/avv/r2r8/ens/HCM0674/jpg
corrected 60 images -> /mnt/d/avv/r2r8/ens/HCM0674/png
Ensembled 28 images from 2 members -> /mnt/d/avv/r2r8/ens/bonsai/jpg
corrected 28 images -> /mnt/d/avv/r2r8/ens/bonsai/png
Ensembled 58 images from 2 members -> /mnt/d/avv/r2r8/ens/chair/jpg
corrected 58 images -> /mnt/d/avv/r2r8/ens/chair/png
OK: /mnt/d/avv/submissions/sub_round10_set2_ens30k5M.zip  341.5MB  386 files
  HCM0421: q100
  HCM0539: q100
  HCM0540: q100
  HCM0644: q100
  HCM0674: q100
  bonsai: q100
  chair: q100
CRC: OK
  HCM0421:  60/60 exact, all 1320x989, JPEG
  HCM0539:  60/60 exact, all 1320x989, JPEG
  HCM0540:  60/60 exact, all 1320x989, JPEG
  HCM0644:  60/60 exact, all 1320x989, JPEG
  HCM0674:  60/60 exact, all 1320x989, JPEG
  bonsai:  28/28 exact, all 1920x1080, JPEG
  chair:  58/58 exact, all 720x1280, JPEG

files 386/386   size 341.5 MB (limit 350.0)
VERIFY PASSED
=== PIPELINE DONE -> /mnt/d/avv/submissions/sub_round10_set2_ens30k5M.zip ===
=== LEG 1 DONE Fri Jul 17 01:08:00 +07 2026 ===
=== LEG 2: R9-style 60k/8M  Fri Jul 17 01:08:00 +07 2026 ===
PREFLIGHT /mnt/d/avv/data/phase1/private_set2  (7 scenes)

scene        model          WxH                k1 path     train  test  status
HCM0421      SIMPLE_RADIAL  (1320, 989)  +0.00894 native     240    60  OK
HCM0539      SIMPLE_RADIAL  (1320, 989)  +0.00810 native     240    60  OK
HCM0540      SIMPLE_RADIAL  (1320, 989)  +0.00887 native     240    60  OK
HCM0644      SIMPLE_RADIAL  (1320, 989)  +0.00903 native     240    60  OK
HCM0674      SIMPLE_RADIAL  (1320, 989)  +0.00881 native     240    60  OK
bonsai       SIMPLE_PINHOLE (1920, 1080)  +0.00000 native     248    28  OK
chair        SIMPLE_PINHOLE (720, 1280)  +0.00000 native     205    58  OK

PREFLIGHT PASSED
!!! [HCM0540] FAILED on gpu0, claim released (see /mnt/d/avv/r2r9/logs/HCM0540.log)
!!! [HCM0644] FAILED on gpu1, claim released (see /mnt/d/avv/r2r9/logs/HCM0644.log)
