[59999] loss 0.0607 l1 0.0275 ssim 0.8750 N 8000000
Saved 8000000 gaussians to /mnt/d/avv/r14/chair_aa42/ckpt.pt
Wrote 58 images to /mnt/d/avv/r14/chair_aa42/test_render
[59999] loss 0.0626 l1 0.0228 ssim 0.8523 N 8000000
Saved 8000000 gaussians to /mnt/d/avv/r14/chair_aa7/ckpt.pt
Wrote 58 images to /mnt/d/avv/r14/chair_aa7/test_render
[29999] loss 0.0520 l1 0.0222 ssim 0.9317 N 5000000
Saved 5000000 gaussians to /mnt/d/avv/r14/bonsai_aa42/ckpt.pt
Wrote 28 images to /mnt/d/avv/r14/bonsai_aa42/test_render
[29999] loss 0.0532 l1 0.0211 ssim 0.9278 N 5000000
Saved 5000000 gaussians to /mnt/d/avv/r14/bonsai_aa7/ckpt.pt
Wrote 28 images to /mnt/d/avv/r14/bonsai_aa7/test_render
Ensembled 58 images from 2 members -> /mnt/d/avv/r14/chair_ens/jpg
Ensembled 28 images from 2 members -> /mnt/d/avv/r14/bonsai_ens/jpg
Traceback (most recent call last):
  File "/mnt/c/Users/BKAI/an_plaza2/FastGS/build_submission_zip.py", line 140, in <module>
    main()
  File "/mnt/c/Users/BKAI/an_plaza2/FastGS/build_submission_zip.py", line 133, in main
    assert size_mb <= args.max_mb, f"final zip {size_mb:.1f}MB exceeds {args.max_mb}MB"
AssertionError: final zip 350.0MB exceeds 350.0MB
CRC: OK
  HCM0421:  60/60 exact, all 1320x989, JPEG
  HCM0539:  60/60 exact, all 1320x989, JPEG
  HCM0540:  60/60 exact, all 1320x989, JPEG
  HCM0644:  60/60 exact, all 1320x989, JPEG
  HCM0674:  60/60 exact, all 1320x989, JPEG
  bonsai:  28/28 exact, all 1920x1080, JPEG
  chair:  58/58 exact, all 720x1280, JPEG

files 386/386   size 350.0 MB (limit 350.0)

VERIFY FAILED:
  - size 350.0MB over the 350.0MB limit
=== ROUND14 BUILT: sub_round14_videoaa.zip ===
