[59999] loss 0.0622 l1 0.0283 ssim 0.8727 N 8000000
Saved 8000000 gaussians to /mnt/d/avv/chair_lpearly/ut42/ckpt.pt
[59999] loss 0.0623 l1 0.0233 ssim 0.8541 N 8000000
Saved 8000000 gaussians to /mnt/d/avv/chair_lpearly/ut7/ckpt.pt
Wrote 58 images to /mnt/d/avv/chair_lpearly/ut42/test_render
Wrote 58 images to /mnt/d/avv/chair_lpearly/ut7/test_render
Ensembled 58 images from 2 members -> /mnt/d/avv/chair_lpearly/ens/jpg
=== CHAIR lpearly FINAL READY (58 imgs) ===
363.1MB > 350.0MB, re-encoding HCM0421 at q99
356.1MB > 350.0MB, re-encoding HCM0540 at q99
OK: /mnt/d/avv/submissions/sub_round12_videofix.zip  349.1MB  386 files
  HCM0421: q99
  HCM0539: q100
  HCM0540: q99
  HCM0644: q100
  HCM0674: q100
  bonsai: q100
  chair: q100
CRC: OK
  HCM0421:  60/60 exact, all 1320x989, JPEG
  HCM0539:  60/60 exact, all 1320x989, JPEG
  HCM0540:  60/60 exact, all 1320x989, JPEG
  HCM0644:  60/60 exact, all 1320x989, JPEG
  HCM0674:  60/60 exact, all 1320x989, JPEG
  bonsai:  28/28 exact, all 1920x1080, JPEG
  chair:  58/58 exact, all 720x1280, JPEG

files 386/386   size 349.1 MB (limit 350.0)
VERIFY PASSED
=== ROUND12 BUILT: sub_round12_videofix.zip ===
