/home/bkai/miniconda3/envs/fastgs2/lib/python3.10/site-packages/torchvision/models/_utils.py:208: UserWarning: The parameter 'pretrained' is deprecated since 0.13 and may be removed in the future, please use 'weights' instead.
  warnings.warn(
/home/bkai/miniconda3/envs/fastgs2/lib/python3.10/site-packages/torchvision/models/_utils.py:223: UserWarning: Arguments other than a weight enum or `None` for 'weights' are deprecated since 0.13 and may be removed in the future. The current behavior is equivalent to passing `weights=VGG16_Weights.IMAGENET1K_V1`. You can also use `weights=VGG16_Weights.DEFAULT` to get the most up-to-date weights.
  warnings.warn(msg)
  1/30 6s eta 181s
  6/30 21s eta 84s
  11/30 35s eta 60s
  16/30 52s eta 46s
  21/30 68s eta 29s
  26/30 85s eta 13s

FULL SHIPPED CHAIN, HCM0181 real test GT, n=30, k=4 UT pool
                     arm     SCORE   vs base   vs ship     PSNR    SSIM    LPIPS   MB/60
                    base   78.1467   +0.0000   -0.2160  25.8141  0.8895   0.1007   31.28
         ship_rgb_lam1.0   78.3627   +0.2160   +0.0000  25.7616  0.8907   0.0954   32.02
        ship_rgb_lam1.25   78.3572   +0.2104   -0.0056  25.7355  0.8906   0.0951   32.19
            achro_lam1.0   78.3584   +0.2117   -0.0043  25.7622  0.8909   0.0956   31.86
           achro_lam1.25   78.3535   +0.2068   -0.0092  25.7364  0.8908   0.0953   32.00
            achro_lam1.5   78.3321   +0.1853   -0.0307  25.7055  0.8906   0.0952   32.13
           achro_lam1.75   78.2954   +0.1486   -0.0673  25.6702  0.8903   0.0954   32.27
         luma601_lam1.25   78.3473   +0.2006   -0.0154  25.7431  0.8905   0.0954   32.38
  CTRL_chromaonly_lam1.0   78.1655   +0.0188   -0.1972  25.8137  0.8894   0.1001   31.45
