/home/bkai/miniconda3/envs/fastgs2/lib/python3.10/site-packages/torchvision/models/_utils.py:208: UserWarning: The parameter 'pretrained' is deprecated since 0.13 and may be removed in the future, please use 'weights' instead.
  warnings.warn(
/home/bkai/miniconda3/envs/fastgs2/lib/python3.10/site-packages/torchvision/models/_utils.py:223: UserWarning: Arguments other than a weight enum or `None` for 'weights' are deprecated since 0.13 and may be removed in the future. The current behavior is equivalent to passing `weights=VGG16_Weights.IMAGENET1K_V1`. You can also use `weights=VGG16_Weights.DEFAULT` to get the most up-to-date weights.
  warnings.warn(msg)
  1/30 7s eta 208s
  6/30 38s eta 150s
  11/30 62s eta 107s
  16/30 82s eta 72s
  21/30 110s eta 47s
  26/30 128s eta 20s

FULL SHIPPED CHAIN, HCM0181 real test GT, n=30, k=4 UT pool
               arm     SCORE    dScore   vs ship     PSNR    SSIM    LPIPS
              base   78.1467   +0.0000   -0.2160  25.8141  0.8895   0.1007
       ship_lam1.0   78.3627   +0.2160   +0.0000  25.7616  0.8907   0.0954
          gd+0.002   77.4634   -0.6834   -0.8994  25.8037  0.8864   0.1153
          gd-0.002   77.0692   -1.0775   -1.2935  25.8086  0.8871   0.1257
    CTRL_rand0.002   78.1347   -0.0120   -0.2280  25.8105  0.8888   0.1004
 warpfirst_lam0.75   78.3443   +0.1975   -0.0185  25.7830  0.8906   0.0961
  warpfirst_lam1.0   78.3596   +0.2129   -0.0031  25.7622  0.8907   0.0954
 warpfirst_lam1.25   78.3534   +0.2067   -0.0093  25.7366  0.8906   0.0951

per-VGG-layer LPIPS on the SHIPPED chain (sum = total LPIPS)
               arm   relu1_2   relu2_2   relu3_3   relu4_3   relu5_3
              base   0.01377   0.02478   0.01662   0.02112   0.02437
       ship_lam1.0   0.01354   0.02309   0.01616   0.01993   0.02268
          gd+0.002   0.01419   0.02488   0.01857   0.02491   0.03274
          gd-0.002   0.01413   0.02544   0.01866   0.02710   0.04039
    CTRL_rand0.002   0.01385   0.02423   0.01698   0.02107   0.02429
 warpfirst_lam0.75   0.01356   0.02337   0.01620   0.02007   0.02290
  warpfirst_lam1.0   0.01354   0.02310   0.01617   0.01994   0.02270
 warpfirst_lam1.25   0.01354   0.02291   0.01618   0.01988   0.02264
   % of base total     13.68     24.62     16.51     20.98     24.21
        ship delta  -0.00024  -0.00169  -0.00046  -0.00119  -0.00169
