200/350 images.bin entries have files in /mnt/d/avv/evalsplit/HCM0421/train_sub/images
200 views, 171304 init points, K=[[926.4,0,660.0],[0,926.4,494.5]], size 1320x989
3DGUT mode: classic + with_ut + with_eval3d, k1=+0.008945
scene_scale 10.216
/mnt/c/Users/BKAI/an_plaza2/FastGS/gsplat_track/train_gsplat.py:613: UserWarning: The given NumPy array is not writable, and PyTorch does not support non-writable tensors. This means writing to this tensor will result in undefined behavior. You may want to copy the array to protect its data or make it writable before converting it to a tensor. This type of warning will be suppressed for the rest of this program. (Triggered internally at /pytorch/torch/csrc/utils/tensor_numpy.cpp:203.)
  gt_cache[vi] = torch.from_numpy(
[0] loss 0.2948 l1 0.1948 ssim 0.3552 N 171304
Step 600: Relocated 26612 GSs.
Step 600: Added 8565 GSs. Now having 179869 GSs.
Step 700: Relocated 5504 GSs.
Step 700: Added 8993 GSs. Now having 188862 GSs.
Step 800: Relocated 4742 GSs.
Step 800: Added 9443 GSs. Now having 198305 GSs.
Step 900: Relocated 4946 GSs.
Step 900: Added 9915 GSs. Now having 208220 GSs.
Step 1000: Relocated 5063 GSs.
Step 1000: Added 10411 GSs. Now having 218631 GSs.
[1000] loss 0.1620 l1 0.0789 ssim 0.5370 N 218631
Step 1100: Relocated 5398 GSs.
Step 1100: Added 10931 GSs. Now having 229562 GSs.
Step 1200: Relocated 5967 GSs.
Step 1200: Added 11478 GSs. Now having 241040 GSs.
Step 1300: Relocated 6294 GSs.
Step 1300: Added 12052 GSs. Now having 253092 GSs.
Step 1400: Relocated 6942 GSs.
Step 1400: Added 12654 GSs. Now having 265746 GSs.
Step 1500: Relocated 7738 GSs.
Step 1500: Added 13287 GSs. Now having 279033 GSs.
Step 1600: Relocated 11195 GSs.
Step 1600: Added 13951 GSs. Now having 292984 GSs.
Step 1700: Relocated 9552 GSs.
Step 1700: Added 14649 GSs. Now having 307633 GSs.
Step 1800: Relocated 9302 GSs.
Step 1800: Added 15381 GSs. Now having 323014 GSs.
Step 1900: Relocated 11507 GSs.
Step 1900: Added 16150 GSs. Now having 339164 GSs.
Step 2000: Relocated 10887 GSs.
Step 2000: Added 16958 GSs. Now having 356122 GSs.
[2000] loss 0.1458 l1 0.0707 ssim 0.5798 N 356122
Step 2100: Relocated 12331 GSs.
Step 2100: Added 17806 GSs. Now having 373928 GSs.
Step 2200: Relocated 13873 GSs.
Step 2200: Added 18696 GSs. Now having 392624 GSs.
Step 2300: Relocated 14387 GSs.
Step 2300: Added 19631 GSs. Now having 412255 GSs.
Step 2400: Relocated 15762 GSs.
Step 2400: Added 20612 GSs. Now having 432867 GSs.
Step 2500: Relocated 17736 GSs.
Step 2500: Added 21643 GSs. Now having 454510 GSs.
Step 2600: Relocated 20259 GSs.
Step 2600: Added 22725 GSs. Now having 477235 GSs.
Step 2700: Relocated 20020 GSs.
Step 2700: Added 23861 GSs. Now having 501096 GSs.
Step 2800: Relocated 20182 GSs.
Step 2800: Added 25054 GSs. Now having 526150 GSs.
Step 2900: Relocated 22665 GSs.
Step 2900: Added 26307 GSs. Now having 552457 GSs.
Step 3000: Relocated 26422 GSs.
Step 3000: Added 27622 GSs. Now having 580079 GSs.
[3000] loss 0.1016 l1 0.0453 ssim 0.6945 N 580079
Step 3100: Relocated 26412 GSs.
Step 3100: Added 29003 GSs. Now having 609082 GSs.
Step 3200: Relocated 27561 GSs.
Step 3200: Added 30454 GSs. Now having 639536 GSs.
Step 3300: Relocated 29603 GSs.
Step 3300: Added 31976 GSs. Now having 671512 GSs.
Step 3400: Relocated 34487 GSs.
Step 3400: Added 33575 GSs. Now having 705087 GSs.
Step 3500: Relocated 37658 GSs.
Step 3500: Added 35254 GSs. Now having 740341 GSs.
Step 3600: Relocated 39657 GSs.
Step 3600: Added 37017 GSs. Now having 777358 GSs.
Step 3700: Relocated 39081 GSs.
Step 3700: Added 38867 GSs. Now having 816225 GSs.
Step 3800: Relocated 42574 GSs.
Step 3800: Added 40811 GSs. Now having 857036 GSs.
Step 3900: Relocated 46888 GSs.
Step 3900: Added 42851 GSs. Now having 899887 GSs.
Step 4000: Relocated 50305 GSs.
Step 4000: Added 44994 GSs. Now having 944881 GSs.
[4000] loss 0.0898 l1 0.0405 ssim 0.7315 N 944881
Step 4100: Relocated 48061 GSs.
Step 4100: Added 47244 GSs. Now having 992125 GSs.
Step 4200: Relocated 53476 GSs.
Step 4200: Added 49606 GSs. Now having 1041731 GSs.
Step 4300: Relocated 59931 GSs.
Step 4300: Added 52086 GSs. Now having 1093817 GSs.
Step 4400: Relocated 62137 GSs.
Step 4400: Added 54690 GSs. Now having 1148507 GSs.
Step 4500: Relocated 69585 GSs.
Step 4500: Added 57425 GSs. Now having 1205932 GSs.
Step 4600: Relocated 67231 GSs.
Step 4600: Added 60296 GSs. Now having 1266228 GSs.
Step 4700: Relocated 71431 GSs.
Step 4700: Added 63311 GSs. Now having 1329539 GSs.
Step 4800: Relocated 77452 GSs.
Step 4800: Added 66476 GSs. Now having 1396015 GSs.
Step 4900: Relocated 84998 GSs.
Step 4900: Added 69800 GSs. Now having 1465815 GSs.
Step 5000: Relocated 86077 GSs.
Step 5000: Added 73290 GSs. Now having 1539105 GSs.
[5000] loss 0.0926 l1 0.0423 ssim 0.7221 N 1539105
Step 5100: Relocated 103242 GSs.
Step 5100: Added 76955 GSs. Now having 1616060 GSs.
Step 5200: Relocated 99942 GSs.
Step 5200: Added 80803 GSs. Now having 1696863 GSs.
Step 5300: Relocated 114987 GSs.
Step 5300: Added 84843 GSs. Now having 1781706 GSs.
Step 5400: Relocated 119817 GSs.
Step 5400: Added 89085 GSs. Now having 1870791 GSs.
Step 5500: Relocated 116567 GSs.
Step 5500: Added 93539 GSs. Now having 1964330 GSs.
Step 5600: Relocated 123618 GSs.
Step 5600: Added 98216 GSs. Now having 2062546 GSs.
Step 5700: Relocated 137465 GSs.
Step 5700: Added 103127 GSs. Now having 2165673 GSs.
Step 5800: Relocated 135327 GSs.
Step 5800: Added 108283 GSs. Now having 2273956 GSs.
Step 5900: Relocated 154171 GSs.
Step 5900: Added 113697 GSs. Now having 2387653 GSs.
Step 6000: Relocated 155739 GSs.
Step 6000: Added 119382 GSs. Now having 2507035 GSs.
[6000] loss 0.1145 l1 0.0554 ssim 0.6634 N 2507035
Step 6100: Relocated 174706 GSs.
Step 6100: Added 125351 GSs. Now having 2632386 GSs.
Step 6200: Relocated 174162 GSs.
Step 6200: Added 131619 GSs. Now having 2764005 GSs.
Step 6300: Relocated 183467 GSs.
Step 6300: Added 138200 GSs. Now having 2902205 GSs.
Step 6400: Relocated 204409 GSs.
Step 6400: Added 145110 GSs. Now having 3047315 GSs.
Step 6500: Relocated 220757 GSs.
Step 6500: Added 152365 GSs. Now having 3199680 GSs.
Step 6600: Relocated 214651 GSs.
Step 6600: Added 159984 GSs. Now having 3359664 GSs.
Step 6700: Relocated 240800 GSs.
Step 6700: Added 167983 GSs. Now having 3527647 GSs.
Step 6800: Relocated 256576 GSs.
Step 6800: Added 176382 GSs. Now having 3704029 GSs.
Step 6900: Relocated 244975 GSs.
Step 6900: Added 185201 GSs. Now having 3889230 GSs.
Step 7000: Relocated 288210 GSs.
Step 7000: Added 194461 GSs. Now having 4083691 GSs.
[7000] loss 0.0830 l1 0.0412 ssim 0.7620 N 4083691
Step 7100: Relocated 290687 GSs.
Step 7100: Added 204184 GSs. Now having 4287875 GSs.
Step 7200: Relocated 319320 GSs.
Step 7200: Added 214393 GSs. Now having 4502268 GSs.
Step 7300: Relocated 340288 GSs.
Step 7300: Added 225113 GSs. Now having 4727381 GSs.
Step 7400: Relocated 364590 GSs.
Step 7400: Added 236369 GSs. Now having 4963750 GSs.
Step 7500: Relocated 384420 GSs.
Step 7500: Added 248187 GSs. Now having 5211937 GSs.
Step 7600: Relocated 406223 GSs.
Step 7600: Added 260596 GSs. Now having 5472533 GSs.
Step 7700: Relocated 472544 GSs.
Step 7700: Added 273626 GSs. Now having 5746159 GSs.
Step 7800: Relocated 446209 GSs.
Step 7800: Added 287307 GSs. Now having 6033466 GSs.
Step 7900: Relocated 462379 GSs.
Step 7900: Added 301673 GSs. Now having 6335139 GSs.
Step 8000: Relocated 528433 GSs.
Step 8000: Added 316756 GSs. Now having 6651895 GSs.
[8000] loss 0.0940 l1 0.0434 ssim 0.7145 N 6651895
Step 8100: Relocated 561520 GSs.
Step 8100: Added 332594 GSs. Now having 6984489 GSs.
Step 8200: Relocated 592188 GSs.
Step 8200: Added 349224 GSs. Now having 7333713 GSs.
Step 8300: Relocated 598771 GSs.
Step 8300: Added 366685 GSs. Now having 7700398 GSs.
Step 8400: Relocated 582127 GSs.
Step 8400: Added 299602 GSs. Now having 8000000 GSs.
Step 8500: Relocated 621423 GSs.
Step 8500: Added 0 GSs. Now having 8000000 GSs.
Step 8600: Relocated 515582 GSs.
Step 8600: Added 0 GSs. Now having 8000000 GSs.
Step 8700: Relocated 470793 GSs.
Step 8700: Added 0 GSs. Now having 8000000 GSs.
Step 8800: Relocated 425716 GSs.
Step 8800: Added 0 GSs. Now having 8000000 GSs.
Step 8900: Relocated 433233 GSs.
Step 8900: Added 0 GSs. Now having 8000000 GSs.
Step 9000: Relocated 421227 GSs.
Step 9000: Added 0 GSs. Now having 8000000 GSs.
[9000] loss 0.0843 l1 0.0402 ssim 0.7498 N 8000000
Step 9100: Relocated 402405 GSs.
Step 9100: Added 0 GSs. Now having 8000000 GSs.
Step 9200: Relocated 378480 GSs.
Step 9200: Added 0 GSs. Now having 8000000 GSs.
Step 9300: Relocated 381460 GSs.
Step 9300: Added 0 GSs. Now having 8000000 GSs.
Step 9400: Relocated 368304 GSs.
Step 9400: Added 0 GSs. Now having 8000000 GSs.
Step 9500: Relocated 375191 GSs.
Step 9500: Added 0 GSs. Now having 8000000 GSs.
Step 9600: Relocated 411600 GSs.
Step 9600: Added 0 GSs. Now having 8000000 GSs.
Step 9700: Relocated 382264 GSs.
Step 9700: Added 0 GSs. Now having 8000000 GSs.
Step 9800: Relocated 370662 GSs.
Step 9800: Added 0 GSs. Now having 8000000 GSs.
Step 9900: Relocated 365427 GSs.
Step 9900: Added 0 GSs. Now having 8000000 GSs.
Step 10000: Relocated 360532 GSs.
Step 10000: Added 0 GSs. Now having 8000000 GSs.
[10000] loss 0.1091 l1 0.0515 ssim 0.6709 N 8000000
Step 10100: Relocated 351365 GSs.
Step 10100: Added 0 GSs. Now having 8000000 GSs.
Step 10200: Relocated 364042 GSs.
Step 10200: Added 0 GSs. Now having 8000000 GSs.
Step 10300: Relocated 371100 GSs.
Step 10300: Added 0 GSs. Now having 8000000 GSs.
Step 10400: Relocated 365138 GSs.
Step 10400: Added 0 GSs. Now having 8000000 GSs.
Step 10500: Relocated 363129 GSs.
Step 10500: Added 0 GSs. Now having 8000000 GSs.
Step 10600: Relocated 354274 GSs.
Step 10600: Added 0 GSs. Now having 8000000 GSs.
Step 10700: Relocated 351333 GSs.
Step 10700: Added 0 GSs. Now having 8000000 GSs.
Step 10800: Relocated 360131 GSs.
Step 10800: Added 0 GSs. Now having 8000000 GSs.
Step 10900: Relocated 371054 GSs.
Step 10900: Added 0 GSs. Now having 8000000 GSs.
Step 11000: Relocated 384473 GSs.
Step 11000: Added 0 GSs. Now having 8000000 GSs.
[11000] loss 0.0960 l1 0.0507 ssim 0.7326 N 8000000
Step 11100: Relocated 353556 GSs.
Step 11100: Added 0 GSs. Now having 8000000 GSs.
Step 11200: Relocated 374597 GSs.
Step 11200: Added 0 GSs. Now having 8000000 GSs.
Step 11300: Relocated 360503 GSs.
Step 11300: Added 0 GSs. Now having 8000000 GSs.
Step 11400: Relocated 353556 GSs.
Step 11400: Added 0 GSs. Now having 8000000 GSs.
Step 11500: Relocated 366612 GSs.
Step 11500: Added 0 GSs. Now having 8000000 GSs.
Step 11600: Relocated 370975 GSs.
Step 11600: Added 0 GSs. Now having 8000000 GSs.
Step 11700: Relocated 359436 GSs.
Step 11700: Added 0 GSs. Now having 8000000 GSs.
Step 11800: Relocated 385171 GSs.
Step 11800: Added 0 GSs. Now having 8000000 GSs.
Step 11900: Relocated 368719 GSs.
Step 11900: Added 0 GSs. Now having 8000000 GSs.
Step 12000: Relocated 368778 GSs.
Step 12000: Added 0 GSs. Now having 8000000 GSs.
[12000] loss 0.0785 l1 0.0400 ssim 0.7772 N 8000000
Step 12100: Relocated 374107 GSs.
Step 12100: Added 0 GSs. Now having 8000000 GSs.
Step 12200: Relocated 365173 GSs.
Step 12200: Added 0 GSs. Now having 8000000 GSs.
Step 12300: Relocated 375797 GSs.
Step 12300: Added 0 GSs. Now having 8000000 GSs.
Step 12400: Relocated 379185 GSs.
Step 12400: Added 0 GSs. Now having 8000000 GSs.
Step 12500: Relocated 384219 GSs.
Step 12500: Added 0 GSs. Now having 8000000 GSs.
Step 12600: Relocated 375027 GSs.
Step 12600: Added 0 GSs. Now having 8000000 GSs.
Step 12700: Relocated 389374 GSs.
Step 12700: Added 0 GSs. Now having 8000000 GSs.
Step 12800: Relocated 379484 GSs.
Step 12800: Added 0 GSs. Now having 8000000 GSs.
Step 12900: Relocated 372944 GSs.
Step 12900: Added 0 GSs. Now having 8000000 GSs.
Step 13000: Relocated 365191 GSs.
Step 13000: Added 0 GSs. Now having 8000000 GSs.
[13000] loss 0.0618 l1 0.0320 ssim 0.8292 N 8000000
Step 13100: Relocated 385444 GSs.
Step 13100: Added 0 GSs. Now having 8000000 GSs.
Step 13200: Relocated 386609 GSs.
Step 13200: Added 0 GSs. Now having 8000000 GSs.
Step 13300: Relocated 390184 GSs.
Step 13300: Added 0 GSs. Now having 8000000 GSs.
Step 13400: Relocated 381862 GSs.
Step 13400: Added 0 GSs. Now having 8000000 GSs.
Step 13500: Relocated 372076 GSs.
Step 13500: Added 0 GSs. Now having 8000000 GSs.
Step 13600: Relocated 380933 GSs.
Step 13600: Added 0 GSs. Now having 8000000 GSs.
Step 13700: Relocated 371460 GSs.
Step 13700: Added 0 GSs. Now having 8000000 GSs.
Step 13800: Relocated 361338 GSs.
Step 13800: Added 0 GSs. Now having 8000000 GSs.
Step 13900: Relocated 362284 GSs.
Step 13900: Added 0 GSs. Now having 8000000 GSs.
Step 14000: Relocated 355132 GSs.
Step 14000: Added 0 GSs. Now having 8000000 GSs.
[14000] loss 0.0732 l1 0.0363 ssim 0.7895 N 8000000
Step 14100: Relocated 369350 GSs.
Step 14100: Added 0 GSs. Now having 8000000 GSs.
Step 14200: Relocated 378779 GSs.
Step 14200: Added 0 GSs. Now having 8000000 GSs.
Step 14300: Relocated 380836 GSs.
Step 14300: Added 0 GSs. Now having 8000000 GSs.
Step 14400: Relocated 375597 GSs.
Step 14400: Added 0 GSs. Now having 8000000 GSs.
Step 14500: Relocated 365182 GSs.
Step 14500: Added 0 GSs. Now having 8000000 GSs.
Step 14600: Relocated 365770 GSs.
Step 14600: Added 0 GSs. Now having 8000000 GSs.
Step 14700: Relocated 359841 GSs.
Step 14700: Added 0 GSs. Now having 8000000 GSs.
Step 14800: Relocated 366464 GSs.
Step 14800: Added 0 GSs. Now having 8000000 GSs.
Step 14900: Relocated 352577 GSs.
Step 14900: Added 0 GSs. Now having 8000000 GSs.
Step 15000: Relocated 361642 GSs.
Step 15000: Added 0 GSs. Now having 8000000 GSs.
[15000] loss 0.0889 l1 0.0426 ssim 0.7358 N 8000000
Step 15100: Relocated 366058 GSs.
Step 15100: Added 0 GSs. Now having 8000000 GSs.
Step 15200: Relocated 359534 GSs.
Step 15200: Added 0 GSs. Now having 8000000 GSs.
Step 15300: Relocated 351043 GSs.
Step 15300: Added 0 GSs. Now having 8000000 GSs.
Step 15400: Relocated 386002 GSs.
Step 15400: Added 0 GSs. Now having 8000000 GSs.
Step 15500: Relocated 383805 GSs.
Step 15500: Added 0 GSs. Now having 8000000 GSs.
Step 15600: Relocated 384544 GSs.
Step 15600: Added 0 GSs. Now having 8000000 GSs.
Step 15700: Relocated 396851 GSs.
Step 15700: Added 0 GSs. Now having 8000000 GSs.
Step 15800: Relocated 374276 GSs.
Step 15800: Added 0 GSs. Now having 8000000 GSs.
Step 15900: Relocated 347025 GSs.
Step 15900: Added 0 GSs. Now having 8000000 GSs.
Step 16000: Relocated 354252 GSs.
Step 16000: Added 0 GSs. Now having 8000000 GSs.
[16000] loss 0.0839 l1 0.0442 ssim 0.7676 N 8000000
Step 16100: Relocated 371564 GSs.
Step 16100: Added 0 GSs. Now having 8000000 GSs.
Step 16200: Relocated 360148 GSs.
Step 16200: Added 0 GSs. Now having 8000000 GSs.
Step 16300: Relocated 365412 GSs.
Step 16300: Added 0 GSs. Now having 8000000 GSs.
Step 16400: Relocated 360459 GSs.
Step 16400: Added 0 GSs. Now having 8000000 GSs.
Step 16500: Relocated 345417 GSs.
Step 16500: Added 0 GSs. Now having 8000000 GSs.
Step 16600: Relocated 365268 GSs.
Step 16600: Added 0 GSs. Now having 8000000 GSs.
Step 16700: Relocated 346886 GSs.
Step 16700: Added 0 GSs. Now having 8000000 GSs.
Step 16800: Relocated 348023 GSs.
Step 16800: Added 0 GSs. Now having 8000000 GSs.
Step 16900: Relocated 376551 GSs.
Step 16900: Added 0 GSs. Now having 8000000 GSs.
Step 17000: Relocated 366880 GSs.
Step 17000: Added 0 GSs. Now having 8000000 GSs.
[17000] loss 0.0663 l1 0.0377 ssim 0.8296 N 8000000
Step 17100: Relocated 361449 GSs.
Step 17100: Added 0 GSs. Now having 8000000 GSs.
Step 17200: Relocated 371979 GSs.
Step 17200: Added 0 GSs. Now having 8000000 GSs.
Step 17300: Relocated 352339 GSs.
Step 17300: Added 0 GSs. Now having 8000000 GSs.
Step 17400: Relocated 344150 GSs.
Step 17400: Added 0 GSs. Now having 8000000 GSs.
Step 17500: Relocated 351291 GSs.
Step 17500: Added 0 GSs. Now having 8000000 GSs.
Step 17600: Relocated 360220 GSs.
Step 17600: Added 0 GSs. Now having 8000000 GSs.
Step 17700: Relocated 377887 GSs.
Step 17700: Added 0 GSs. Now having 8000000 GSs.
Step 17800: Relocated 355887 GSs.
Step 17800: Added 0 GSs. Now having 8000000 GSs.
Step 17900: Relocated 349435 GSs.
Step 17900: Added 0 GSs. Now having 8000000 GSs.
Step 18000: Relocated 355401 GSs.
Step 18000: Added 0 GSs. Now having 8000000 GSs.
[18000] loss 0.0741 l1 0.0377 ssim 0.7902 N 8000000
Step 18100: Relocated 371689 GSs.
Step 18100: Added 0 GSs. Now having 8000000 GSs.
Step 18200: Relocated 372601 GSs.
Step 18200: Added 0 GSs. Now having 8000000 GSs.
Step 18300: Relocated 345309 GSs.
Step 18300: Added 0 GSs. Now having 8000000 GSs.
Step 18400: Relocated 374995 GSs.
Step 18400: Added 0 GSs. Now having 8000000 GSs.
Step 18500: Relocated 348663 GSs.
Step 18500: Added 0 GSs. Now having 8000000 GSs.
Step 18600: Relocated 362683 GSs.
Step 18600: Added 0 GSs. Now having 8000000 GSs.
Step 18700: Relocated 366091 GSs.
Step 18700: Added 0 GSs. Now having 8000000 GSs.
Step 18800: Relocated 344209 GSs.
Step 18800: Added 0 GSs. Now having 8000000 GSs.
Step 18900: Relocated 342796 GSs.
Step 18900: Added 0 GSs. Now having 8000000 GSs.
Step 19000: Relocated 374843 GSs.
Step 19000: Added 0 GSs. Now having 8000000 GSs.
[19000] loss 0.0434 l1 0.0260 ssim 0.8969 N 8000000
Step 19100: Relocated 367712 GSs.
Step 19100: Added 0 GSs. Now having 8000000 GSs.
Step 19200: Relocated 355104 GSs.
Step 19200: Added 0 GSs. Now having 8000000 GSs.
Step 19300: Relocated 362459 GSs.
Step 19300: Added 0 GSs. Now having 8000000 GSs.
Step 19400: Relocated 354517 GSs.
Step 19400: Added 0 GSs. Now having 8000000 GSs.
Step 19500: Relocated 343359 GSs.
Step 19500: Added 0 GSs. Now having 8000000 GSs.
Step 19600: Relocated 356141 GSs.
Step 19600: Added 0 GSs. Now having 8000000 GSs.
Step 19700: Relocated 345303 GSs.
Step 19700: Added 0 GSs. Now having 8000000 GSs.
Step 19800: Relocated 355703 GSs.
Step 19800: Added 0 GSs. Now having 8000000 GSs.
Step 19900: Relocated 342112 GSs.
Step 19900: Added 0 GSs. Now having 8000000 GSs.
Step 20000: Relocated 347243 GSs.
Step 20000: Added 0 GSs. Now having 8000000 GSs.
[20000] loss 0.0837 l1 0.0453 ssim 0.7730 N 8000000
Step 20100: Relocated 326833 GSs.
Step 20100: Added 0 GSs. Now having 8000000 GSs.
Step 20200: Relocated 333353 GSs.
Step 20200: Added 0 GSs. Now having 8000000 GSs.
Step 20300: Relocated 336384 GSs.
Step 20300: Added 0 GSs. Now having 8000000 GSs.
Step 20400: Relocated 335632 GSs.
Step 20400: Added 0 GSs. Now having 8000000 GSs.
Step 20500: Relocated 331071 GSs.
Step 20500: Added 0 GSs. Now having 8000000 GSs.
Step 20600: Relocated 331969 GSs.
Step 20600: Added 0 GSs. Now having 8000000 GSs.
Step 20700: Relocated 345550 GSs.
Step 20700: Added 0 GSs. Now having 8000000 GSs.
Step 20800: Relocated 363862 GSs.
Step 20800: Added 0 GSs. Now having 8000000 GSs.
Step 20900: Relocated 353790 GSs.
Step 20900: Added 0 GSs. Now having 8000000 GSs.
Step 21000: Relocated 393507 GSs.
Step 21000: Added 0 GSs. Now having 8000000 GSs.
[21000] loss 0.0857 l1 0.0525 ssim 0.7921 N 8000000
Step 21100: Relocated 359482 GSs.
Step 21100: Added 0 GSs. Now having 8000000 GSs.
Step 21200: Relocated 365232 GSs.
Step 21200: Added 0 GSs. Now having 8000000 GSs.
Step 21300: Relocated 350482 GSs.
Step 21300: Added 0 GSs. Now having 8000000 GSs.
Step 21400: Relocated 358350 GSs.
Step 21400: Added 0 GSs. Now having 8000000 GSs.
Step 21500: Relocated 373215 GSs.
Step 21500: Added 0 GSs. Now having 8000000 GSs.
Step 21600: Relocated 348153 GSs.
Step 21600: Added 0 GSs. Now having 8000000 GSs.
Step 21700: Relocated 350851 GSs.
Step 21700: Added 0 GSs. Now having 8000000 GSs.
Step 21800: Relocated 352308 GSs.
Step 21800: Added 0 GSs. Now having 8000000 GSs.
Step 21900: Relocated 338715 GSs.
Step 21900: Added 0 GSs. Now having 8000000 GSs.
Step 22000: Relocated 333339 GSs.
Step 22000: Added 0 GSs. Now having 8000000 GSs.
[22000] loss 0.0698 l1 0.0372 ssim 0.8103 N 8000000
Step 22100: Relocated 347000 GSs.
Step 22100: Added 0 GSs. Now having 8000000 GSs.
Step 22200: Relocated 337833 GSs.
Step 22200: Added 0 GSs. Now having 8000000 GSs.
Step 22300: Relocated 341443 GSs.
Step 22300: Added 0 GSs. Now having 8000000 GSs.
Step 22400: Relocated 330278 GSs.
Step 22400: Added 0 GSs. Now having 8000000 GSs.
Step 22500: Relocated 333243 GSs.
Step 22500: Added 0 GSs. Now having 8000000 GSs.
Step 22600: Relocated 332077 GSs.
Step 22600: Added 0 GSs. Now having 8000000 GSs.
Step 22700: Relocated 344628 GSs.
Step 22700: Added 0 GSs. Now having 8000000 GSs.
Step 22800: Relocated 327395 GSs.
Step 22800: Added 0 GSs. Now having 8000000 GSs.
Step 22900: Relocated 325255 GSs.
Step 22900: Added 0 GSs. Now having 8000000 GSs.
Step 23000: Relocated 330204 GSs.
Step 23000: Added 0 GSs. Now having 8000000 GSs.
[23000] loss 0.0407 l1 0.0245 ssim 0.9049 N 8000000
Step 23100: Relocated 328102 GSs.
Step 23100: Added 0 GSs. Now having 8000000 GSs.
Step 23200: Relocated 328436 GSs.
Step 23200: Added 0 GSs. Now having 8000000 GSs.
Step 23300: Relocated 332543 GSs.
Step 23300: Added 0 GSs. Now having 8000000 GSs.
Step 23400: Relocated 320272 GSs.
Step 23400: Added 0 GSs. Now having 8000000 GSs.
Step 23500: Relocated 304790 GSs.
Step 23500: Added 0 GSs. Now having 8000000 GSs.
Step 23600: Relocated 309166 GSs.
Step 23600: Added 0 GSs. Now having 8000000 GSs.
Step 23700: Relocated 332617 GSs.
Step 23700: Added 0 GSs. Now having 8000000 GSs.
Step 23800: Relocated 331278 GSs.
Step 23800: Added 0 GSs. Now having 8000000 GSs.
Step 23900: Relocated 318692 GSs.
Step 23900: Added 0 GSs. Now having 8000000 GSs.
Step 24000: Relocated 337092 GSs.
Step 24000: Added 0 GSs. Now having 8000000 GSs.
[24000] loss 0.0783 l1 0.0414 ssim 0.7847 N 8000000
Step 24100: Relocated 332123 GSs.
Step 24100: Added 0 GSs. Now having 8000000 GSs.
Step 24200: Relocated 315869 GSs.
Step 24200: Added 0 GSs. Now having 8000000 GSs.
Step 24300: Relocated 315978 GSs.
Step 24300: Added 0 GSs. Now having 8000000 GSs.
Step 24400: Relocated 310778 GSs.
Step 24400: Added 0 GSs. Now having 8000000 GSs.
Step 24500: Relocated 321389 GSs.
Step 24500: Added 0 GSs. Now having 8000000 GSs.
Step 24600: Relocated 317771 GSs.
Step 24600: Added 0 GSs. Now having 8000000 GSs.
Step 24700: Relocated 330918 GSs.
Step 24700: Added 0 GSs. Now having 8000000 GSs.
Step 24800: Relocated 316304 GSs.
Step 24800: Added 0 GSs. Now having 8000000 GSs.
Step 24900: Relocated 311636 GSs.
Step 24900: Added 0 GSs. Now having 8000000 GSs.
Step 25000: Relocated 311399 GSs.
Step 25000: Added 0 GSs. Now having 8000000 GSs.
[25000] loss 0.0762 l1 0.0480 ssim 0.8218 N 8000000
Step 25100: Relocated 293919 GSs.
Step 25100: Added 0 GSs. Now having 8000000 GSs.
Step 25200: Relocated 318738 GSs.
Step 25200: Added 0 GSs. Now having 8000000 GSs.
Step 25300: Relocated 308362 GSs.
Step 25300: Added 0 GSs. Now having 8000000 GSs.
Step 25400: Relocated 314052 GSs.
Step 25400: Added 0 GSs. Now having 8000000 GSs.
Step 25500: Relocated 318808 GSs.
Step 25500: Added 0 GSs. Now having 8000000 GSs.
Step 25600: Relocated 328182 GSs.
Step 25600: Added 0 GSs. Now having 8000000 GSs.
Step 25700: Relocated 323821 GSs.
Step 25700: Added 0 GSs. Now having 8000000 GSs.
Step 25800: Relocated 324344 GSs.
Step 25800: Added 0 GSs. Now having 8000000 GSs.
Step 25900: Relocated 332619 GSs.
Step 25900: Added 0 GSs. Now having 8000000 GSs.
Step 26000: Relocated 320096 GSs.
Step 26000: Added 0 GSs. Now having 8000000 GSs.
[26000] loss 0.0445 l1 0.0261 ssim 0.8924 N 8000000
Step 26100: Relocated 305009 GSs.
Step 26100: Added 0 GSs. Now having 8000000 GSs.
Step 26200: Relocated 320069 GSs.
Step 26200: Added 0 GSs. Now having 8000000 GSs.
Step 26300: Relocated 314989 GSs.
Step 26300: Added 0 GSs. Now having 8000000 GSs.
Step 26400: Relocated 308458 GSs.
Step 26400: Added 0 GSs. Now having 8000000 GSs.
Step 26500: Relocated 305959 GSs.
Step 26500: Added 0 GSs. Now having 8000000 GSs.
Step 26600: Relocated 303347 GSs.
Step 26600: Added 0 GSs. Now having 8000000 GSs.
Step 26700: Relocated 307622 GSs.
Step 26700: Added 0 GSs. Now having 8000000 GSs.
Step 26800: Relocated 290531 GSs.
Step 26800: Added 0 GSs. Now having 8000000 GSs.
Step 26900: Relocated 286402 GSs.
Step 26900: Added 0 GSs. Now having 8000000 GSs.
Step 27000: Relocated 288261 GSs.
Step 27000: Added 0 GSs. Now having 8000000 GSs.
[27000] loss 0.0587 l1 0.0331 ssim 0.8495 N 8000000
Step 27100: Relocated 292605 GSs.
Step 27100: Added 0 GSs. Now having 8000000 GSs.
Step 27200: Relocated 309767 GSs.
Step 27200: Added 0 GSs. Now having 8000000 GSs.
Step 27300: Relocated 289581 GSs.
Step 27300: Added 0 GSs. Now having 8000000 GSs.
Step 27400: Relocated 289402 GSs.
Step 27400: Added 0 GSs. Now having 8000000 GSs.
Step 27500: Relocated 297333 GSs.
Step 27500: Added 0 GSs. Now having 8000000 GSs.
Step 27600: Relocated 296762 GSs.
Step 27600: Added 0 GSs. Now having 8000000 GSs.
Step 27700: Relocated 292805 GSs.
Step 27700: Added 0 GSs. Now having 8000000 GSs.
Step 27800: Relocated 298865 GSs.
Step 27800: Added 0 GSs. Now having 8000000 GSs.
Step 27900: Relocated 287624 GSs.
Step 27900: Added 0 GSs. Now having 8000000 GSs.
Step 28000: Relocated 305020 GSs.
Step 28000: Added 0 GSs. Now having 8000000 GSs.
[28000] loss 0.0445 l1 0.0276 ssim 0.8986 N 8000000
Step 28100: Relocated 282171 GSs.
Step 28100: Added 0 GSs. Now having 8000000 GSs.
Step 28200: Relocated 288025 GSs.
Step 28200: Added 0 GSs. Now having 8000000 GSs.
Step 28300: Relocated 295461 GSs.
Step 28300: Added 0 GSs. Now having 8000000 GSs.
Step 28400: Relocated 310400 GSs.
Step 28400: Added 0 GSs. Now having 8000000 GSs.
Step 28500: Relocated 298119 GSs.
Step 28500: Added 0 GSs. Now having 8000000 GSs.
Step 28600: Relocated 281043 GSs.
Step 28600: Added 0 GSs. Now having 8000000 GSs.
Step 28700: Relocated 308099 GSs.
Step 28700: Added 0 GSs. Now having 8000000 GSs.
Step 28800: Relocated 279830 GSs.
Step 28800: Added 0 GSs. Now having 8000000 GSs.
Step 28900: Relocated 285089 GSs.
Step 28900: Added 0 GSs. Now having 8000000 GSs.
Step 29000: Relocated 281702 GSs.
Step 29000: Added 0 GSs. Now having 8000000 GSs.
[29000] loss 0.0504 l1 0.0293 ssim 0.8759 N 8000000
Step 29100: Relocated 285221 GSs.
Step 29100: Added 0 GSs. Now having 8000000 GSs.
Step 29200: Relocated 286064 GSs.
Step 29200: Added 0 GSs. Now having 8000000 GSs.
Step 29300: Relocated 281578 GSs.
Step 29300: Added 0 GSs. Now having 8000000 GSs.
Step 29400: Relocated 271784 GSs.
Step 29400: Added 0 GSs. Now having 8000000 GSs.
Step 29500: Relocated 270638 GSs.
Step 29500: Added 0 GSs. Now having 8000000 GSs.
Step 29600: Relocated 279548 GSs.
Step 29600: Added 0 GSs. Now having 8000000 GSs.
Step 29700: Relocated 279455 GSs.
Step 29700: Added 0 GSs. Now having 8000000 GSs.
Step 29800: Relocated 282197 GSs.
Step 29800: Added 0 GSs. Now having 8000000 GSs.
Step 29900: Relocated 268239 GSs.
Step 29900: Added 0 GSs. Now having 8000000 GSs.
Step 30000: Relocated 258271 GSs.
Step 30000: Added 0 GSs. Now having 8000000 GSs.
[30000] loss 0.0445 l1 0.0272 ssim 0.8970 N 8000000
Step 30100: Relocated 276879 GSs.
Step 30100: Added 0 GSs. Now having 8000000 GSs.
Step 30200: Relocated 255122 GSs.
Step 30200: Added 0 GSs. Now having 8000000 GSs.
Step 30300: Relocated 252851 GSs.
Step 30300: Added 0 GSs. Now having 8000000 GSs.
Step 30400: Relocated 259540 GSs.
Step 30400: Added 0 GSs. Now having 8000000 GSs.
Step 30500: Relocated 256232 GSs.
Step 30500: Added 0 GSs. Now having 8000000 GSs.
Step 30600: Relocated 249982 GSs.
Step 30600: Added 0 GSs. Now having 8000000 GSs.
Step 30700: Relocated 255743 GSs.
Step 30700: Added 0 GSs. Now having 8000000 GSs.
Step 30800: Relocated 257671 GSs.
Step 30800: Added 0 GSs. Now having 8000000 GSs.
Step 30900: Relocated 248716 GSs.
Step 30900: Added 0 GSs. Now having 8000000 GSs.
Step 31000: Relocated 257192 GSs.
Step 31000: Added 0 GSs. Now having 8000000 GSs.
[31000] loss 0.0409 l1 0.0251 ssim 0.9068 N 8000000
Step 31100: Relocated 247205 GSs.
Step 31100: Added 0 GSs. Now having 8000000 GSs.
Step 31200: Relocated 272913 GSs.
Step 31200: Added 0 GSs. Now having 8000000 GSs.
Step 31300: Relocated 259115 GSs.
Step 31300: Added 0 GSs. Now having 8000000 GSs.
Step 31400: Relocated 250249 GSs.
Step 31400: Added 0 GSs. Now having 8000000 GSs.
Step 31500: Relocated 245633 GSs.
Step 31500: Added 0 GSs. Now having 8000000 GSs.
Step 31600: Relocated 248705 GSs.
Step 31600: Added 0 GSs. Now having 8000000 GSs.
Step 31700: Relocated 243216 GSs.
Step 31700: Added 0 GSs. Now having 8000000 GSs.
Step 31800: Relocated 258544 GSs.
Step 31800: Added 0 GSs. Now having 8000000 GSs.
Step 31900: Relocated 257742 GSs.
Step 31900: Added 0 GSs. Now having 8000000 GSs.
Step 32000: Relocated 266683 GSs.
Step 32000: Added 0 GSs. Now having 8000000 GSs.
[32000] loss 0.0718 l1 0.0442 ssim 0.8291 N 8000000
Step 32100: Relocated 246365 GSs.
Step 32100: Added 0 GSs. Now having 8000000 GSs.
Step 32200: Relocated 241774 GSs.
Step 32200: Added 0 GSs. Now having 8000000 GSs.
Step 32300: Relocated 232377 GSs.
Step 32300: Added 0 GSs. Now having 8000000 GSs.
Step 32400: Relocated 243285 GSs.
Step 32400: Added 0 GSs. Now having 8000000 GSs.
Step 32500: Relocated 247030 GSs.
Step 32500: Added 0 GSs. Now having 8000000 GSs.
Step 32600: Relocated 233928 GSs.
Step 32600: Added 0 GSs. Now having 8000000 GSs.
Step 32700: Relocated 251769 GSs.
Step 32700: Added 0 GSs. Now having 8000000 GSs.
Step 32800: Relocated 233227 GSs.
Step 32800: Added 0 GSs. Now having 8000000 GSs.
Step 32900: Relocated 238689 GSs.
Step 32900: Added 0 GSs. Now having 8000000 GSs.
Step 33000: Relocated 241782 GSs.
Step 33000: Added 0 GSs. Now having 8000000 GSs.
[33000] loss 0.0464 l1 0.0282 ssim 0.8918 N 8000000
Step 33100: Relocated 232831 GSs.
Step 33100: Added 0 GSs. Now having 8000000 GSs.
Step 33200: Relocated 223814 GSs.
Step 33200: Added 0 GSs. Now having 8000000 GSs.
Step 33300: Relocated 233213 GSs.
Step 33300: Added 0 GSs. Now having 8000000 GSs.
Step 33400: Relocated 233031 GSs.
Step 33400: Added 0 GSs. Now having 8000000 GSs.
Step 33500: Relocated 236382 GSs.
Step 33500: Added 0 GSs. Now having 8000000 GSs.
Step 33600: Relocated 237828 GSs.
Step 33600: Added 0 GSs. Now having 8000000 GSs.
Step 33700: Relocated 227461 GSs.
Step 33700: Added 0 GSs. Now having 8000000 GSs.
Step 33800: Relocated 222988 GSs.
Step 33800: Added 0 GSs. Now having 8000000 GSs.
Step 33900: Relocated 230351 GSs.
Step 33900: Added 0 GSs. Now having 8000000 GSs.
Step 34000: Relocated 238721 GSs.
Step 34000: Added 0 GSs. Now having 8000000 GSs.
[34000] loss 0.0478 l1 0.0280 ssim 0.8842 N 8000000
Step 34100: Relocated 222712 GSs.
Step 34100: Added 0 GSs. Now having 8000000 GSs.
Step 34200: Relocated 222790 GSs.
Step 34200: Added 0 GSs. Now having 8000000 GSs.
Step 34300: Relocated 232059 GSs.
Step 34300: Added 0 GSs. Now having 8000000 GSs.
Step 34400: Relocated 220873 GSs.
Step 34400: Added 0 GSs. Now having 8000000 GSs.
Step 34500: Relocated 218411 GSs.
Step 34500: Added 0 GSs. Now having 8000000 GSs.
Step 34600: Relocated 209758 GSs.
Step 34600: Added 0 GSs. Now having 8000000 GSs.
Step 34700: Relocated 211606 GSs.
Step 34700: Added 0 GSs. Now having 8000000 GSs.
Step 34800: Relocated 213107 GSs.
Step 34800: Added 0 GSs. Now having 8000000 GSs.
Step 34900: Relocated 203136 GSs.
Step 34900: Added 0 GSs. Now having 8000000 GSs.
Step 35000: Relocated 209063 GSs.
Step 35000: Added 0 GSs. Now having 8000000 GSs.
[35000] loss 0.0407 l1 0.0239 ssim 0.9033 N 8000000
Step 35100: Relocated 216406 GSs.
Step 35100: Added 0 GSs. Now having 8000000 GSs.
Step 35200: Relocated 208969 GSs.
Step 35200: Added 0 GSs. Now having 8000000 GSs.
Step 35300: Relocated 205695 GSs.
Step 35300: Added 0 GSs. Now having 8000000 GSs.
Step 35400: Relocated 202133 GSs.
Step 35400: Added 0 GSs. Now having 8000000 GSs.
Step 35500: Relocated 212418 GSs.
Step 35500: Added 0 GSs. Now having 8000000 GSs.
Step 35600: Relocated 201687 GSs.
Step 35600: Added 0 GSs. Now having 8000000 GSs.
Step 35700: Relocated 201212 GSs.
Step 35700: Added 0 GSs. Now having 8000000 GSs.
Step 35800: Relocated 195877 GSs.
Step 35800: Added 0 GSs. Now having 8000000 GSs.
Step 35900: Relocated 198577 GSs.
Step 35900: Added 0 GSs. Now having 8000000 GSs.
Step 36000: Relocated 211631 GSs.
Step 36000: Added 0 GSs. Now having 8000000 GSs.
[36000] loss 0.0522 l1 0.0283 ssim 0.8634 N 8000000
Step 36100: Relocated 194610 GSs.
Step 36100: Added 0 GSs. Now having 8000000 GSs.
Step 36200: Relocated 191207 GSs.
Step 36200: Added 0 GSs. Now having 8000000 GSs.
Step 36300: Relocated 191425 GSs.
Step 36300: Added 0 GSs. Now having 8000000 GSs.
Step 36400: Relocated 187538 GSs.
Step 36400: Added 0 GSs. Now having 8000000 GSs.
Step 36500: Relocated 185039 GSs.
Step 36500: Added 0 GSs. Now having 8000000 GSs.
Step 36600: Relocated 198728 GSs.
Step 36600: Added 0 GSs. Now having 8000000 GSs.
Step 36700: Relocated 195499 GSs.
Step 36700: Added 0 GSs. Now having 8000000 GSs.
Step 36800: Relocated 196067 GSs.
Step 36800: Added 0 GSs. Now having 8000000 GSs.
Step 36900: Relocated 189556 GSs.
Step 36900: Added 0 GSs. Now having 8000000 GSs.
Step 37000: Relocated 186415 GSs.
Step 37000: Added 0 GSs. Now having 8000000 GSs.
[37000] loss 0.0675 l1 0.0386 ssim 0.8286 N 8000000
Step 37100: Relocated 189767 GSs.
Step 37100: Added 0 GSs. Now having 8000000 GSs.
Step 37200: Relocated 184778 GSs.
Step 37200: Added 0 GSs. Now having 8000000 GSs.
Step 37300: Relocated 182684 GSs.
Step 37300: Added 0 GSs. Now having 8000000 GSs.
Step 37400: Relocated 182873 GSs.
Step 37400: Added 0 GSs. Now having 8000000 GSs.
Step 37500: Relocated 187703 GSs.
Step 37500: Added 0 GSs. Now having 8000000 GSs.
Step 37600: Relocated 177525 GSs.
Step 37600: Added 0 GSs. Now having 8000000 GSs.
Step 37700: Relocated 176300 GSs.
Step 37700: Added 0 GSs. Now having 8000000 GSs.
Step 37800: Relocated 177524 GSs.
Step 37800: Added 0 GSs. Now having 8000000 GSs.
Step 37900: Relocated 178938 GSs.
Step 37900: Added 0 GSs. Now having 8000000 GSs.
Step 38000: Relocated 176700 GSs.
Step 38000: Added 0 GSs. Now having 8000000 GSs.
[38000] loss 0.0560 l1 0.0339 ssim 0.8671 N 8000000
Step 38100: Relocated 168011 GSs.
Step 38100: Added 0 GSs. Now having 8000000 GSs.
Step 38200: Relocated 170385 GSs.
Step 38200: Added 0 GSs. Now having 8000000 GSs.
Step 38300: Relocated 170973 GSs.
Step 38300: Added 0 GSs. Now having 8000000 GSs.
Step 38400: Relocated 169883 GSs.
Step 38400: Added 0 GSs. Now having 8000000 GSs.
Step 38500: Relocated 174271 GSs.
Step 38500: Added 0 GSs. Now having 8000000 GSs.
Step 38600: Relocated 168210 GSs.
Step 38600: Added 0 GSs. Now having 8000000 GSs.
Step 38700: Relocated 164905 GSs.
Step 38700: Added 0 GSs. Now having 8000000 GSs.
Step 38800: Relocated 172011 GSs.
Step 38800: Added 0 GSs. Now having 8000000 GSs.
Step 38900: Relocated 168916 GSs.
Step 38900: Added 0 GSs. Now having 8000000 GSs.
Step 39000: Relocated 165819 GSs.
Step 39000: Added 0 GSs. Now having 8000000 GSs.
[39000] loss 0.0401 l1 0.0248 ssim 0.9105 N 8000000
Step 39100: Relocated 162410 GSs.
Step 39100: Added 0 GSs. Now having 8000000 GSs.
Step 39200: Relocated 157633 GSs.
Step 39200: Added 0 GSs. Now having 8000000 GSs.
Step 39300: Relocated 162018 GSs.
Step 39300: Added 0 GSs. Now having 8000000 GSs.
Step 39400: Relocated 161553 GSs.
Step 39400: Added 0 GSs. Now having 8000000 GSs.
Step 39500: Relocated 160424 GSs.
Step 39500: Added 0 GSs. Now having 8000000 GSs.
Step 39600: Relocated 158510 GSs.
Step 39600: Added 0 GSs. Now having 8000000 GSs.
Step 39700: Relocated 154350 GSs.
Step 39700: Added 0 GSs. Now having 8000000 GSs.
Step 39800: Relocated 155341 GSs.
Step 39800: Added 0 GSs. Now having 8000000 GSs.
Step 39900: Relocated 156976 GSs.
Step 39900: Added 0 GSs. Now having 8000000 GSs.
Step 40000: Relocated 146900 GSs.
Step 40000: Added 0 GSs. Now having 8000000 GSs.
[40000] loss 0.0504 l1 0.0291 ssim 0.8756 N 8000000
Step 40100: Relocated 145937 GSs.
Step 40100: Added 0 GSs. Now having 8000000 GSs.
Step 40200: Relocated 153226 GSs.
Step 40200: Added 0 GSs. Now having 8000000 GSs.
Step 40300: Relocated 154063 GSs.
Step 40300: Added 0 GSs. Now having 8000000 GSs.
Step 40400: Relocated 154152 GSs.
Step 40400: Added 0 GSs. Now having 8000000 GSs.
Step 40500: Relocated 143556 GSs.
Step 40500: Added 0 GSs. Now having 8000000 GSs.
Step 40600: Relocated 146292 GSs.
Step 40600: Added 0 GSs. Now having 8000000 GSs.
Step 40700: Relocated 140101 GSs.
Step 40700: Added 0 GSs. Now having 8000000 GSs.
Step 40800: Relocated 144125 GSs.
Step 40800: Added 0 GSs. Now having 8000000 GSs.
Step 40900: Relocated 139972 GSs.
Step 40900: Added 0 GSs. Now having 8000000 GSs.
Step 41000: Relocated 137723 GSs.
Step 41000: Added 0 GSs. Now having 8000000 GSs.
[41000] loss 0.0314 l1 0.0206 ssim 0.9374 N 8000000
Step 41100: Relocated 138733 GSs.
Step 41100: Added 0 GSs. Now having 8000000 GSs.
Step 41200: Relocated 140087 GSs.
Step 41200: Added 0 GSs. Now having 8000000 GSs.
Step 41300: Relocated 139753 GSs.
Step 41300: Added 0 GSs. Now having 8000000 GSs.
Step 41400: Relocated 133300 GSs.
Step 41400: Added 0 GSs. Now having 8000000 GSs.
Step 41500: Relocated 134835 GSs.
Step 41500: Added 0 GSs. Now having 8000000 GSs.
Step 41600: Relocated 134947 GSs.
Step 41600: Added 0 GSs. Now having 8000000 GSs.
Step 41700: Relocated 125923 GSs.
Step 41700: Added 0 GSs. Now having 8000000 GSs.
Step 41800: Relocated 133681 GSs.
Step 41800: Added 0 GSs. Now having 8000000 GSs.
Step 41900: Relocated 130160 GSs.
Step 41900: Added 0 GSs. Now having 8000000 GSs.
Step 42000: Relocated 128797 GSs.
Step 42000: Added 0 GSs. Now having 8000000 GSs.
[42000] loss 0.0427 l1 0.0254 ssim 0.9000 N 8000000
Step 42100: Relocated 126857 GSs.
Step 42100: Added 0 GSs. Now having 8000000 GSs.
Step 42200: Relocated 131363 GSs.
Step 42200: Added 0 GSs. Now having 8000000 GSs.
Step 42300: Relocated 126556 GSs.
Step 42300: Added 0 GSs. Now having 8000000 GSs.
Step 42400: Relocated 127749 GSs.
Step 42400: Added 0 GSs. Now having 8000000 GSs.
Step 42500: Relocated 124545 GSs.
Step 42500: Added 0 GSs. Now having 8000000 GSs.
Step 42600: Relocated 124552 GSs.
Step 42600: Added 0 GSs. Now having 8000000 GSs.
Step 42700: Relocated 123655 GSs.
Step 42700: Added 0 GSs. Now having 8000000 GSs.
Step 42800: Relocated 126104 GSs.
Step 42800: Added 0 GSs. Now having 8000000 GSs.
Step 42900: Relocated 121322 GSs.
Step 42900: Added 0 GSs. Now having 8000000 GSs.
Step 43000: Relocated 123847 GSs.
Step 43000: Added 0 GSs. Now having 8000000 GSs.
[43000] loss 0.0407 l1 0.0253 ssim 0.9098 N 8000000
Step 43100: Relocated 127758 GSs.
Step 43100: Added 0 GSs. Now having 8000000 GSs.
Step 43200: Relocated 123157 GSs.
Step 43200: Added 0 GSs. Now having 8000000 GSs.
Step 43300: Relocated 120266 GSs.
Step 43300: Added 0 GSs. Now having 8000000 GSs.
Step 43400: Relocated 114930 GSs.
Step 43400: Added 0 GSs. Now having 8000000 GSs.
Step 43500: Relocated 113211 GSs.
Step 43500: Added 0 GSs. Now having 8000000 GSs.
Step 43600: Relocated 118340 GSs.
Step 43600: Added 0 GSs. Now having 8000000 GSs.
Step 43700: Relocated 114361 GSs.
Step 43700: Added 0 GSs. Now having 8000000 GSs.
Step 43800: Relocated 112315 GSs.
Step 43800: Added 0 GSs. Now having 8000000 GSs.
Step 43900: Relocated 110065 GSs.
Step 43900: Added 0 GSs. Now having 8000000 GSs.
Step 44000: Relocated 109676 GSs.
Step 44000: Added 0 GSs. Now having 8000000 GSs.
[44000] loss 0.0607 l1 0.0353 ssim 0.8498 N 8000000
Step 44100: Relocated 107858 GSs.
Step 44100: Added 0 GSs. Now having 8000000 GSs.
Step 44200: Relocated 109989 GSs.
Step 44200: Added 0 GSs. Now having 8000000 GSs.
Step 44300: Relocated 108888 GSs.
Step 44300: Added 0 GSs. Now having 8000000 GSs.
Step 44400: Relocated 115495 GSs.
Step 44400: Added 0 GSs. Now having 8000000 GSs.
Step 44500: Relocated 109693 GSs.
Step 44500: Added 0 GSs. Now having 8000000 GSs.
Step 44600: Relocated 110584 GSs.
Step 44600: Added 0 GSs. Now having 8000000 GSs.
Step 44700: Relocated 102910 GSs.
Step 44700: Added 0 GSs. Now having 8000000 GSs.
Step 44800: Relocated 108815 GSs.
Step 44800: Added 0 GSs. Now having 8000000 GSs.
Step 44900: Relocated 101861 GSs.
Step 44900: Added 0 GSs. Now having 8000000 GSs.
Step 45000: Relocated 105051 GSs.
Step 45000: Added 0 GSs. Now having 8000000 GSs.
[45000] loss 0.0654 l1 0.0380 ssim 0.8372 N 8000000
Step 45100: Relocated 106211 GSs.
Step 45100: Added 0 GSs. Now having 8000000 GSs.
Step 45200: Relocated 107437 GSs.
Step 45200: Added 0 GSs. Now having 8000000 GSs.
Step 45300: Relocated 104240 GSs.
Step 45300: Added 0 GSs. Now having 8000000 GSs.
Step 45400: Relocated 101584 GSs.
Step 45400: Added 0 GSs. Now having 8000000 GSs.
Step 45500: Relocated 101594 GSs.
Step 45500: Added 0 GSs. Now having 8000000 GSs.
Step 45600: Relocated 102439 GSs.
Step 45600: Added 0 GSs. Now having 8000000 GSs.
Step 45700: Relocated 104233 GSs.
Step 45700: Added 0 GSs. Now having 8000000 GSs.
Step 45800: Relocated 99672 GSs.
Step 45800: Added 0 GSs. Now having 8000000 GSs.
Step 45900: Relocated 98788 GSs.
Step 45900: Added 0 GSs. Now having 8000000 GSs.
Step 46000: Relocated 99139 GSs.
Step 46000: Added 0 GSs. Now having 8000000 GSs.
[46000] loss 0.0304 l1 0.0189 ssim 0.9362 N 8000000
Step 46100: Relocated 94240 GSs.
Step 46100: Added 0 GSs. Now having 8000000 GSs.
Step 46200: Relocated 96595 GSs.
Step 46200: Added 0 GSs. Now having 8000000 GSs.
Step 46300: Relocated 105110 GSs.
Step 46300: Added 0 GSs. Now having 8000000 GSs.
Step 46400: Relocated 97558 GSs.
Step 46400: Added 0 GSs. Now having 8000000 GSs.
Step 46500: Relocated 93249 GSs.
Step 46500: Added 0 GSs. Now having 8000000 GSs.
Step 46600: Relocated 93305 GSs.
Step 46600: Added 0 GSs. Now having 8000000 GSs.
Step 46700: Relocated 92959 GSs.
Step 46700: Added 0 GSs. Now having 8000000 GSs.
Step 46800: Relocated 93893 GSs.
Step 46800: Added 0 GSs. Now having 8000000 GSs.
Step 46900: Relocated 89834 GSs.
Step 46900: Added 0 GSs. Now having 8000000 GSs.
Step 47000: Relocated 87238 GSs.
Step 47000: Added 0 GSs. Now having 8000000 GSs.
[47000] loss 0.0289 l1 0.0182 ssim 0.9407 N 8000000
Step 47100: Relocated 88498 GSs.
Step 47100: Added 0 GSs. Now having 8000000 GSs.
Step 47200: Relocated 87326 GSs.
Step 47200: Added 0 GSs. Now having 8000000 GSs.
Step 47300: Relocated 91258 GSs.
Step 47300: Added 0 GSs. Now having 8000000 GSs.
Step 47400: Relocated 85781 GSs.
Step 47400: Added 0 GSs. Now having 8000000 GSs.
Step 47500: Relocated 89200 GSs.
Step 47500: Added 0 GSs. Now having 8000000 GSs.
Step 47600: Relocated 85515 GSs.
Step 47600: Added 0 GSs. Now having 8000000 GSs.
Step 47700: Relocated 86500 GSs.
Step 47700: Added 0 GSs. Now having 8000000 GSs.
Step 47800: Relocated 84612 GSs.
Step 47800: Added 0 GSs. Now having 8000000 GSs.
Step 47900: Relocated 83382 GSs.
Step 47900: Added 0 GSs. Now having 8000000 GSs.
Step 48000: Relocated 86830 GSs.
Step 48000: Added 0 GSs. Now having 8000000 GSs.
[48000] loss 0.0468 l1 0.0276 ssim 0.8891 N 8000000
Step 48100: Relocated 84243 GSs.
Step 48100: Added 0 GSs. Now having 8000000 GSs.
Step 48200: Relocated 90024 GSs.
Step 48200: Added 0 GSs. Now having 8000000 GSs.
Step 48300: Relocated 84436 GSs.
Step 48300: Added 0 GSs. Now having 8000000 GSs.
Step 48400: Relocated 83575 GSs.
Step 48400: Added 0 GSs. Now having 8000000 GSs.
Step 48500: Relocated 80025 GSs.
Step 48500: Added 0 GSs. Now having 8000000 GSs.
Step 48600: Relocated 77862 GSs.
Step 48600: Added 0 GSs. Now having 8000000 GSs.
Step 48700: Relocated 79343 GSs.
Step 48700: Added 0 GSs. Now having 8000000 GSs.
Step 48800: Relocated 80086 GSs.
Step 48800: Added 0 GSs. Now having 8000000 GSs.
Step 48900: Relocated 80079 GSs.
Step 48900: Added 0 GSs. Now having 8000000 GSs.
Step 49000: Relocated 80430 GSs.
Step 49000: Added 0 GSs. Now having 8000000 GSs.
[49000] loss 0.0537 l1 0.0329 ssim 0.8759 N 8000000
Step 49100: Relocated 77633 GSs.
Step 49100: Added 0 GSs. Now having 8000000 GSs.
Step 49200: Relocated 76353 GSs.
Step 49200: Added 0 GSs. Now having 8000000 GSs.
Step 49300: Relocated 80444 GSs.
Step 49300: Added 0 GSs. Now having 8000000 GSs.
Step 49400: Relocated 75084 GSs.
Step 49400: Added 0 GSs. Now having 8000000 GSs.
Step 49500: Relocated 73684 GSs.
Step 49500: Added 0 GSs. Now having 8000000 GSs.
Step 49600: Relocated 72792 GSs.
Step 49600: Added 0 GSs. Now having 8000000 GSs.
Step 49700: Relocated 74996 GSs.
Step 49700: Added 0 GSs. Now having 8000000 GSs.
Step 49800: Relocated 74938 GSs.
Step 49800: Added 0 GSs. Now having 8000000 GSs.
Step 49900: Relocated 73524 GSs.
Step 49900: Added 0 GSs. Now having 8000000 GSs.
[50000] loss 0.0401 l1 0.0275 ssim 0.9227 N 8000000
Setting up [LPIPS] perceptual loss: trunk [vgg], v[0.1], spatial [off]
/home/bkai/miniconda3/envs/gsplat/lib/python3.10/site-packages/torchvision/models/_utils.py:208: UserWarning: The parameter 'pretrained' is deprecated since 0.13 and may be removed in the future, please use 'weights' instead.
  warnings.warn(
/home/bkai/miniconda3/envs/gsplat/lib/python3.10/site-packages/torchvision/models/_utils.py:223: UserWarning: Arguments other than a weight enum or `None` for 'weights' are deprecated since 0.13 and may be removed in the future. The current behavior is equivalent to passing `weights=VGG16_Weights.IMAGENET1K_V1`. You can also use `weights=VGG16_Weights.DEFAULT` to get the most up-to-date weights.
  warnings.warn(msg)
Loading model from: /home/bkai/miniconda3/envs/gsplat/lib/python3.10/site-packages/lpips/weights/v0.1/vgg.pth
[51000] loss 0.0544 l1 0.0284 ssim 0.8996 N 8000000
[52000] loss 0.0650 l1 0.0341 ssim 0.8762 N 8000000
[53000] loss 0.0561 l1 0.0299 ssim 0.8947 N 8000000
[54000] loss 0.0567 l1 0.0297 ssim 0.8932 N 8000000
[55000] loss 0.0329 l1 0.0177 ssim 0.9446 N 8000000
[56000] loss 0.0377 l1 0.0213 ssim 0.9359 N 8000000
[57000] loss 0.0373 l1 0.0199 ssim 0.9337 N 8000000
[58000] loss 0.0473 l1 0.0284 ssim 0.9196 N 8000000
[59000] loss 0.0476 l1 0.0248 ssim 0.9161 N 8000000
[59999] loss 0.0639 l1 0.0320 ssim 0.8765 N 8000000
Saving EMA-averaged params (decay 0.999, from refine_stop 50000)
Saved 8000000 gaussians to /mnt/d/avv/r41_towersr/sr005/ckpt.pt
