/home/bkai/miniconda3/envs/fastgs2/lib/python3.10/site-packages/torchvision/models/_utils.py:208: UserWarning: The parameter 'pretrained' is deprecated since 0.13 and may be removed in the future, please use 'weights' instead.
  warnings.warn(
/home/bkai/miniconda3/envs/fastgs2/lib/python3.10/site-packages/torchvision/models/_utils.py:223: UserWarning: Arguments other than a weight enum or `None` for 'weights' are deprecated since 0.13 and may be removed in the future. The current behavior is equivalent to passing `weights=VGG16_Weights.IMAGENET1K_V1`. You can also use `weights=VGG16_Weights.DEFAULT` to get the most up-to-date weights.
  warnings.warn(msg)
Setting up [LPIPS] perceptual loss: trunk [vgg], v[0.1], spatial [off]
Loading model from: /home/bkai/miniconda3/envs/fastgs2/lib/python3.10/site-packages/lpips/weights/v0.1/vgg.pth
frame_000010 PSNR 22.9163 SSIM 0.7278 LPIPS 0.2536 SCORE 65.4391
frame_000120 PSNR 22.8648 SSIM 0.6312 LPIPS 0.3689 SCORE 57.8996
frame_000190 PSNR 21.9152 SSIM 0.6543 LPIPS 0.2999 SCORE 60.7802
frame_000260 PSNR 22.4469 SSIM 0.6481 LPIPS 0.3333 SCORE 59.5801
frame_000440 PSNR 21.8739 SSIM 0.6553 LPIPS 0.3554 SCORE 58.5660
frame_000510 PSNR 22.7177 SSIM 0.7738 LPIPS 0.3627 SCORE 62.3366
frame_000630 PSNR 23.2967 SSIM 0.7632 LPIPS 0.2861 SCORE 65.4290
frame_000710 PSNR 22.7868 SSIM 0.7782 LPIPS 0.2754 SCORE 66.0018
frame_000810 PSNR 29.1374 SSIM 0.8939 LPIPS 0.2500 SCORE 74.2989
frame_000910 PSNR 28.3443 SSIM 0.8782 LPIPS 0.2386 SCORE 73.8078
frame_001100 PSNR 25.4622 SSIM 0.8789 LPIPS 0.2570 SCORE 71.3667
frame_001180 PSNR 24.0884 SSIM 0.8752 LPIPS 0.2972 SCORE 68.8214
frame_001250 PSNR 24.1481 SSIM 0.8750 LPIPS 0.2859 SCORE 69.3045
frame_001320 PSNR 25.5081 SSIM 0.8781 LPIPS 0.3027 SCORE 69.5424
frame_001400 PSNR 30.4859 SSIM 0.8781 LPIPS 0.1840 SCORE 77.2765
frame_001470 PSNR 26.0119 SSIM 0.7651 LPIPS 0.2072 SCORE 70.2741
frame_001540 PSNR 27.9396 SSIM 0.8368 LPIPS 0.1833 SCORE 74.5336
frame_001640 PSNR 28.6774 SSIM 0.9261 LPIPS 0.2184 SCORE 76.2527
frame_001720 PSNR 30.9528 SSIM 0.9697 LPIPS 0.1577 SCORE 81.3540
frame_001820 PSNR 29.4162 SSIM 0.9533 LPIPS 0.1656 SCORE 79.6243
frame_001930 PSNR 28.8528 SSIM 0.9036 LPIPS 0.2206 SCORE 75.5948
frame_002120 PSNR 29.4148 SSIM 0.9249 LPIPS 0.1775 SCORE 78.2957
frame_002190 PSNR 32.8422 SSIM 0.9476 LPIPS 0.1539 SCORE 81.9776
frame_002260 PSNR 30.2504 SSIM 0.9344 LPIPS 0.2014 SCORE 78.1245
frame_002330 PSNR 31.9412 SSIM 0.9532 LPIPS 0.1603 SCORE 81.3472
frame_002440 PSNR 29.0958 SSIM 0.9397 LPIPS 0.1672 SCORE 78.9613
frame_002510 PSNR 31.2152 SSIM 0.9588 LPIPS 0.1646 SCORE 80.9105
frame_002650 PSNR 29.8954 SSIM 0.9359 LPIPS 0.1990 SCORE 78.0535
MEAN n=28 PSNR 26.9464 SSIM 0.8478 LPIPS 0.2403 SCORE_of_means 71.9912
