220/276 images.bin entries have files in /mnt/d/avv/evalsplit/bonsai/train_sub/images
220 views, 54422 init points, K=[[1650.0,0,960.0],[0,1650.0,540.0]], size 1920x1080
scene_scale 8.368
/mnt/c/Users/BKAI/an_plaza2/FastGS/gsplat_track/train_gsplat.py:613: UserWarning: The given NumPy array is not writable, and PyTorch does not support non-writable tensors. This means writing to this tensor will result in undefined behavior. You may want to copy the array to protect its data or make it writable before converting it to a tensor. This type of warning will be suppressed for the rest of this program. (Triggered internally at /pytorch/torch/csrc/utils/tensor_numpy.cpp:203.)
  gt_cache[vi] = torch.from_numpy(
[0] loss 0.2384 l1 0.2184 ssim 0.7705 N 54422
Step 600: Relocated 45806 GSs.
Step 600: Added 2721 GSs. Now having 57143 GSs.
Step 700: Relocated 7778 GSs.
Step 700: Added 2857 GSs. Now having 60000 GSs.
Step 800: Relocated 8023 GSs.
Step 800: Added 3000 GSs. Now having 63000 GSs.
Step 900: Relocated 6768 GSs.
Step 900: Added 3150 GSs. Now having 66150 GSs.
Step 1000: Relocated 6459 GSs.
Step 1000: Added 3307 GSs. Now having 69457 GSs.
[1000] loss 0.1467 l1 0.0734 ssim 0.6116 N 69457
Step 1100: Relocated 6583 GSs.
Step 1100: Added 3472 GSs. Now having 72929 GSs.
Step 1200: Relocated 6736 GSs.
Step 1200: Added 3646 GSs. Now having 76575 GSs.
Step 1300: Relocated 6938 GSs.
Step 1300: Added 3828 GSs. Now having 80403 GSs.
Step 1400: Relocated 7126 GSs.
Step 1400: Added 4020 GSs. Now having 84423 GSs.
Step 1500: Relocated 7042 GSs.
Step 1500: Added 4221 GSs. Now having 88644 GSs.
Step 1600: Relocated 7630 GSs.
Step 1600: Added 4432 GSs. Now having 93076 GSs.
Step 1700: Relocated 8236 GSs.
Step 1700: Added 4653 GSs. Now having 97729 GSs.
Step 1800: Relocated 7913 GSs.
Step 1800: Added 4886 GSs. Now having 102615 GSs.
Step 1900: Relocated 9113 GSs.
Step 1900: Added 5130 GSs. Now having 107745 GSs.
Step 2000: Relocated 10121 GSs.
Step 2000: Added 5387 GSs. Now having 113132 GSs.
[2000] loss 0.0662 l1 0.0336 ssim 0.8531 N 113132
Step 2100: Relocated 9982 GSs.
Step 2100: Added 5656 GSs. Now having 118788 GSs.
Step 2200: Relocated 12685 GSs.
Step 2200: Added 5939 GSs. Now having 124727 GSs.
Step 2300: Relocated 11496 GSs.
Step 2300: Added 6236 GSs. Now having 130963 GSs.
Step 2400: Relocated 13908 GSs.
Step 2400: Added 6548 GSs. Now having 137511 GSs.
Step 2500: Relocated 12896 GSs.
Step 2500: Added 6875 GSs. Now having 144386 GSs.
Step 2600: Relocated 13802 GSs.
Step 2600: Added 7219 GSs. Now having 151605 GSs.
Step 2700: Relocated 14829 GSs.
Step 2700: Added 7580 GSs. Now having 159185 GSs.
Step 2800: Relocated 14530 GSs.
Step 2800: Added 7959 GSs. Now having 167144 GSs.
Step 2900: Relocated 16129 GSs.
Step 2900: Added 8357 GSs. Now having 175501 GSs.
Step 3000: Relocated 16391 GSs.
Step 3000: Added 8775 GSs. Now having 184276 GSs.
[3000] loss 0.0645 l1 0.0344 ssim 0.8648 N 184276
Step 3100: Relocated 18172 GSs.
Step 3100: Added 9213 GSs. Now having 193489 GSs.
Step 3200: Relocated 18953 GSs.
Step 3200: Added 9674 GSs. Now having 203163 GSs.
Step 3300: Relocated 20658 GSs.
Step 3300: Added 10158 GSs. Now having 213321 GSs.
Step 3400: Relocated 22642 GSs.
Step 3400: Added 10666 GSs. Now having 223987 GSs.
Step 3500: Relocated 23552 GSs.
Step 3500: Added 11199 GSs. Now having 235186 GSs.
Step 3600: Relocated 25677 GSs.
Step 3600: Added 11759 GSs. Now having 246945 GSs.
Step 3700: Relocated 26122 GSs.
Step 3700: Added 12347 GSs. Now having 259292 GSs.
Step 3800: Relocated 29791 GSs.
Step 3800: Added 12964 GSs. Now having 272256 GSs.
Step 3900: Relocated 31913 GSs.
Step 3900: Added 13612 GSs. Now having 285868 GSs.
Step 4000: Relocated 33708 GSs.
Step 4000: Added 14293 GSs. Now having 300161 GSs.
[4000] loss 0.0739 l1 0.0459 ssim 0.8532 N 300161
Step 4100: Relocated 33410 GSs.
Step 4100: Added 15008 GSs. Now having 315169 GSs.
Step 4200: Relocated 36147 GSs.
Step 4200: Added 15758 GSs. Now having 330927 GSs.
Step 4300: Relocated 36959 GSs.
Step 4300: Added 16546 GSs. Now having 347473 GSs.
Step 4400: Relocated 43366 GSs.
Step 4400: Added 17373 GSs. Now having 364846 GSs.
Step 4500: Relocated 43364 GSs.
Step 4500: Added 18242 GSs. Now having 383088 GSs.
Step 4600: Relocated 44996 GSs.
Step 4600: Added 19154 GSs. Now having 402242 GSs.
Step 4700: Relocated 50540 GSs.
Step 4700: Added 20112 GSs. Now having 422354 GSs.
Step 4800: Relocated 55066 GSs.
Step 4800: Added 21117 GSs. Now having 443471 GSs.
Step 4900: Relocated 56582 GSs.
Step 4900: Added 22173 GSs. Now having 465644 GSs.
Step 5000: Relocated 56945 GSs.
Step 5000: Added 23282 GSs. Now having 488926 GSs.
[5000] loss 0.0667 l1 0.0396 ssim 0.8576 N 488926
Step 5100: Relocated 63937 GSs.
Step 5100: Added 24446 GSs. Now having 513372 GSs.
Step 5200: Relocated 68149 GSs.
Step 5200: Added 25668 GSs. Now having 539040 GSs.
Step 5300: Relocated 68281 GSs.
Step 5300: Added 26952 GSs. Now having 565992 GSs.
Step 5400: Relocated 71345 GSs.
Step 5400: Added 28299 GSs. Now having 594291 GSs.
Step 5500: Relocated 80431 GSs.
Step 5500: Added 29714 GSs. Now having 624005 GSs.
Step 5600: Relocated 87274 GSs.
Step 5600: Added 31200 GSs. Now having 655205 GSs.
Step 5700: Relocated 97764 GSs.
Step 5700: Added 32760 GSs. Now having 687965 GSs.
Step 5800: Relocated 103211 GSs.
Step 5800: Added 34398 GSs. Now having 722363 GSs.
Step 5900: Relocated 102899 GSs.
Step 5900: Added 36118 GSs. Now having 758481 GSs.
Step 6000: Relocated 106281 GSs.
Step 6000: Added 37924 GSs. Now having 796405 GSs.
[6000] loss 0.0689 l1 0.0384 ssim 0.8392 N 796405
Step 6100: Relocated 119283 GSs.
Step 6100: Added 39820 GSs. Now having 836225 GSs.
Step 6200: Relocated 134599 GSs.
Step 6200: Added 41811 GSs. Now having 878036 GSs.
Step 6300: Relocated 138100 GSs.
Step 6300: Added 43901 GSs. Now having 921937 GSs.
Step 6400: Relocated 148996 GSs.
Step 6400: Added 46096 GSs. Now having 968033 GSs.
Step 6500: Relocated 147370 GSs.
Step 6500: Added 48401 GSs. Now having 1016434 GSs.
Step 6600: Relocated 160940 GSs.
Step 6600: Added 50821 GSs. Now having 1067255 GSs.
Step 6700: Relocated 174283 GSs.
Step 6700: Added 53362 GSs. Now having 1120617 GSs.
Step 6800: Relocated 177331 GSs.
Step 6800: Added 56030 GSs. Now having 1176647 GSs.
Step 6900: Relocated 190953 GSs.
Step 6900: Added 58832 GSs. Now having 1235479 GSs.
Step 7000: Relocated 201107 GSs.
Step 7000: Added 61773 GSs. Now having 1297252 GSs.
[7000] loss 0.0802 l1 0.0509 ssim 0.8345 N 1297252
Step 7100: Relocated 208592 GSs.
Step 7100: Added 64862 GSs. Now having 1362114 GSs.
Step 7200: Relocated 225613 GSs.
Step 7200: Added 68105 GSs. Now having 1430219 GSs.
Step 7300: Relocated 245206 GSs.
Step 7300: Added 71510 GSs. Now having 1501729 GSs.
Step 7400: Relocated 256585 GSs.
Step 7400: Added 75086 GSs. Now having 1576815 GSs.
Step 7500: Relocated 269339 GSs.
Step 7500: Added 78840 GSs. Now having 1655655 GSs.
Step 7600: Relocated 286838 GSs.
Step 7600: Added 82782 GSs. Now having 1738437 GSs.
Step 7700: Relocated 308378 GSs.
Step 7700: Added 86921 GSs. Now having 1825358 GSs.
Step 7800: Relocated 331046 GSs.
Step 7800: Added 91267 GSs. Now having 1916625 GSs.
Step 7900: Relocated 347792 GSs.
Step 7900: Added 95831 GSs. Now having 2012456 GSs.
Step 8000: Relocated 376802 GSs.
Step 8000: Added 100622 GSs. Now having 2113078 GSs.
[8000] loss 0.1184 l1 0.0591 ssim 0.6697 N 2113078
Step 8100: Relocated 394448 GSs.
Step 8100: Added 105653 GSs. Now having 2218731 GSs.
Step 8200: Relocated 417395 GSs.
Step 8200: Added 110936 GSs. Now having 2329667 GSs.
Step 8300: Relocated 436006 GSs.
Step 8300: Added 116483 GSs. Now having 2446150 GSs.
Step 8400: Relocated 484408 GSs.
Step 8400: Added 122307 GSs. Now having 2568457 GSs.
Step 8500: Relocated 529233 GSs.
Step 8500: Added 128422 GSs. Now having 2696879 GSs.
Step 8600: Relocated 544667 GSs.
Step 8600: Added 134843 GSs. Now having 2831722 GSs.
Step 8700: Relocated 569470 GSs.
Step 8700: Added 141586 GSs. Now having 2973308 GSs.
Step 8800: Relocated 630242 GSs.
Step 8800: Added 148665 GSs. Now having 3121973 GSs.
Step 8900: Relocated 646477 GSs.
Step 8900: Added 156098 GSs. Now having 3278071 GSs.
Step 9000: Relocated 669086 GSs.
Step 9000: Added 163903 GSs. Now having 3441974 GSs.
[9000] loss 0.0534 l1 0.0375 ssim 0.9047 N 3441974
Step 9100: Relocated 694302 GSs.
Step 9100: Added 172098 GSs. Now having 3614072 GSs.
Step 9200: Relocated 704440 GSs.
Step 9200: Added 180703 GSs. Now having 3794775 GSs.
Step 9300: Relocated 752261 GSs.
Step 9300: Added 189738 GSs. Now having 3984513 GSs.
Step 9400: Relocated 815381 GSs.
Step 9400: Added 199225 GSs. Now having 4183738 GSs.
Step 9500: Relocated 872641 GSs.
Step 9500: Added 209186 GSs. Now having 4392924 GSs.
Step 9600: Relocated 917769 GSs.
Step 9600: Added 219646 GSs. Now having 4612570 GSs.
Step 9700: Relocated 954840 GSs.
Step 9700: Added 230628 GSs. Now having 4843198 GSs.
Step 9800: Relocated 1011571 GSs.
Step 9800: Added 156802 GSs. Now having 5000000 GSs.
Step 9900: Relocated 1019717 GSs.
Step 9900: Added 0 GSs. Now having 5000000 GSs.
Step 10000: Relocated 960829 GSs.
Step 10000: Added 0 GSs. Now having 5000000 GSs.
[10000] loss 0.1404 l1 0.0734 ssim 0.6152 N 5000000
Step 10100: Relocated 880260 GSs.
Step 10100: Added 0 GSs. Now having 5000000 GSs.
Step 10200: Relocated 836986 GSs.
Step 10200: Added 0 GSs. Now having 5000000 GSs.
Step 10300: Relocated 828168 GSs.
Step 10300: Added 0 GSs. Now having 5000000 GSs.
Step 10400: Relocated 760633 GSs.
Step 10400: Added 0 GSs. Now having 5000000 GSs.
Step 10500: Relocated 779878 GSs.
Step 10500: Added 0 GSs. Now having 5000000 GSs.
Step 10600: Relocated 796449 GSs.
Step 10600: Added 0 GSs. Now having 5000000 GSs.
Step 10700: Relocated 751551 GSs.
Step 10700: Added 0 GSs. Now having 5000000 GSs.
Step 10800: Relocated 730499 GSs.
Step 10800: Added 0 GSs. Now having 5000000 GSs.
Step 10900: Relocated 721097 GSs.
Step 10900: Added 0 GSs. Now having 5000000 GSs.
Step 11000: Relocated 707896 GSs.
Step 11000: Added 0 GSs. Now having 5000000 GSs.
[11000] loss 0.1206 l1 0.0654 ssim 0.6794 N 5000000
Step 11100: Relocated 740195 GSs.
Step 11100: Added 0 GSs. Now having 5000000 GSs.
Step 11200: Relocated 732787 GSs.
Step 11200: Added 0 GSs. Now having 5000000 GSs.
Step 11300: Relocated 660147 GSs.
Step 11300: Added 0 GSs. Now having 5000000 GSs.
Step 11400: Relocated 637312 GSs.
Step 11400: Added 0 GSs. Now having 5000000 GSs.
Step 11500: Relocated 635297 GSs.
Step 11500: Added 0 GSs. Now having 5000000 GSs.
Step 11600: Relocated 636620 GSs.
Step 11600: Added 0 GSs. Now having 5000000 GSs.
Step 11700: Relocated 621440 GSs.
Step 11700: Added 0 GSs. Now having 5000000 GSs.
Step 11800: Relocated 598867 GSs.
Step 11800: Added 0 GSs. Now having 5000000 GSs.
Step 11900: Relocated 597771 GSs.
Step 11900: Added 0 GSs. Now having 5000000 GSs.
Step 12000: Relocated 627749 GSs.
Step 12000: Added 0 GSs. Now having 5000000 GSs.
[12000] loss 0.1063 l1 0.0535 ssim 0.7081 N 5000000
Step 12100: Relocated 602937 GSs.
Step 12100: Added 0 GSs. Now having 5000000 GSs.
Step 12200: Relocated 561728 GSs.
Step 12200: Added 0 GSs. Now having 5000000 GSs.
Step 12300: Relocated 544829 GSs.
Step 12300: Added 0 GSs. Now having 5000000 GSs.
Step 12400: Relocated 548139 GSs.
Step 12400: Added 0 GSs. Now having 5000000 GSs.
Step 12500: Relocated 571788 GSs.
Step 12500: Added 0 GSs. Now having 5000000 GSs.
Step 12600: Relocated 556960 GSs.
Step 12600: Added 0 GSs. Now having 5000000 GSs.
Step 12700: Relocated 529096 GSs.
Step 12700: Added 0 GSs. Now having 5000000 GSs.
Step 12800: Relocated 523108 GSs.
Step 12800: Added 0 GSs. Now having 5000000 GSs.
Step 12900: Relocated 517163 GSs.
Step 12900: Added 0 GSs. Now having 5000000 GSs.
Step 13000: Relocated 530353 GSs.
Step 13000: Added 0 GSs. Now having 5000000 GSs.
[13000] loss 0.0603 l1 0.0377 ssim 0.8714 N 5000000
Step 13100: Relocated 504636 GSs.
Step 13100: Added 0 GSs. Now having 5000000 GSs.
Step 13200: Relocated 500006 GSs.
Step 13200: Added 0 GSs. Now having 5000000 GSs.
Step 13300: Relocated 489158 GSs.
Step 13300: Added 0 GSs. Now having 5000000 GSs.
Step 13400: Relocated 475290 GSs.
Step 13400: Added 0 GSs. Now having 5000000 GSs.
Step 13500: Relocated 491160 GSs.
Step 13500: Added 0 GSs. Now having 5000000 GSs.
Step 13600: Relocated 481314 GSs.
Step 13600: Added 0 GSs. Now having 5000000 GSs.
Step 13700: Relocated 487523 GSs.
Step 13700: Added 0 GSs. Now having 5000000 GSs.
Step 13800: Relocated 550306 GSs.
Step 13800: Added 0 GSs. Now having 5000000 GSs.
Step 13900: Relocated 527671 GSs.
Step 13900: Added 0 GSs. Now having 5000000 GSs.
Step 14000: Relocated 481896 GSs.
Step 14000: Added 0 GSs. Now having 5000000 GSs.
[14000] loss 0.0681 l1 0.0419 ssim 0.8426 N 5000000
Step 14100: Relocated 480772 GSs.
Step 14100: Added 0 GSs. Now having 5000000 GSs.
Step 14200: Relocated 482611 GSs.
Step 14200: Added 0 GSs. Now having 5000000 GSs.
Step 14300: Relocated 463118 GSs.
Step 14300: Added 0 GSs. Now having 5000000 GSs.
Step 14400: Relocated 479168 GSs.
Step 14400: Added 0 GSs. Now having 5000000 GSs.
Step 14500: Relocated 508319 GSs.
Step 14500: Added 0 GSs. Now having 5000000 GSs.
Step 14600: Relocated 494708 GSs.
Step 14600: Added 0 GSs. Now having 5000000 GSs.
Step 14700: Relocated 482093 GSs.
Step 14700: Added 0 GSs. Now having 5000000 GSs.
Step 14800: Relocated 464702 GSs.
Step 14800: Added 0 GSs. Now having 5000000 GSs.
Step 14900: Relocated 479683 GSs.
Step 14900: Added 0 GSs. Now having 5000000 GSs.
Step 15000: Relocated 506658 GSs.
Step 15000: Added 0 GSs. Now having 5000000 GSs.
[15000] loss 0.0524 l1 0.0334 ssim 0.8897 N 5000000
Step 15100: Relocated 495141 GSs.
Step 15100: Added 0 GSs. Now having 5000000 GSs.
Step 15200: Relocated 475240 GSs.
Step 15200: Added 0 GSs. Now having 5000000 GSs.
Step 15300: Relocated 460796 GSs.
Step 15300: Added 0 GSs. Now having 5000000 GSs.
Step 15400: Relocated 507986 GSs.
Step 15400: Added 0 GSs. Now having 5000000 GSs.
Step 15500: Relocated 480365 GSs.
Step 15500: Added 0 GSs. Now having 5000000 GSs.
Step 15600: Relocated 507553 GSs.
Step 15600: Added 0 GSs. Now having 5000000 GSs.
Step 15700: Relocated 512552 GSs.
Step 15700: Added 0 GSs. Now having 5000000 GSs.
Step 15800: Relocated 495374 GSs.
Step 15800: Added 0 GSs. Now having 5000000 GSs.
Step 15900: Relocated 479222 GSs.
Step 15900: Added 0 GSs. Now having 5000000 GSs.
Step 16000: Relocated 471395 GSs.
Step 16000: Added 0 GSs. Now having 5000000 GSs.
[16000] loss 0.0635 l1 0.0431 ssim 0.8705 N 5000000
Step 16100: Relocated 451434 GSs.
Step 16100: Added 0 GSs. Now having 5000000 GSs.
Step 16200: Relocated 470505 GSs.
Step 16200: Added 0 GSs. Now having 5000000 GSs.
Step 16300: Relocated 462988 GSs.
Step 16300: Added 0 GSs. Now having 5000000 GSs.
Step 16400: Relocated 451385 GSs.
Step 16400: Added 0 GSs. Now having 5000000 GSs.
Step 16500: Relocated 431582 GSs.
Step 16500: Added 0 GSs. Now having 5000000 GSs.
Step 16600: Relocated 440232 GSs.
Step 16600: Added 0 GSs. Now having 5000000 GSs.
Step 16700: Relocated 403888 GSs.
Step 16700: Added 0 GSs. Now having 5000000 GSs.
Step 16800: Relocated 434812 GSs.
Step 16800: Added 0 GSs. Now having 5000000 GSs.
Step 16900: Relocated 421511 GSs.
Step 16900: Added 0 GSs. Now having 5000000 GSs.
Step 17000: Relocated 409566 GSs.
Step 17000: Added 0 GSs. Now having 5000000 GSs.
[17000] loss 0.0998 l1 0.0514 ssim 0.7224 N 5000000
Step 17100: Relocated 397539 GSs.
Step 17100: Added 0 GSs. Now having 5000000 GSs.
Step 17200: Relocated 387222 GSs.
Step 17200: Added 0 GSs. Now having 5000000 GSs.
Step 17300: Relocated 410828 GSs.
Step 17300: Added 0 GSs. Now having 5000000 GSs.
Step 17400: Relocated 439454 GSs.
Step 17400: Added 0 GSs. Now having 5000000 GSs.
Step 17500: Relocated 431499 GSs.
Step 17500: Added 0 GSs. Now having 5000000 GSs.
Step 17600: Relocated 425389 GSs.
Step 17600: Added 0 GSs. Now having 5000000 GSs.
Step 17700: Relocated 451489 GSs.
Step 17700: Added 0 GSs. Now having 5000000 GSs.
Step 17800: Relocated 445057 GSs.
Step 17800: Added 0 GSs. Now having 5000000 GSs.
Step 17900: Relocated 461008 GSs.
Step 17900: Added 0 GSs. Now having 5000000 GSs.
Step 18000: Relocated 485177 GSs.
Step 18000: Added 0 GSs. Now having 5000000 GSs.
[18000] loss 0.0457 l1 0.0274 ssim 0.9013 N 5000000
Step 18100: Relocated 443242 GSs.
Step 18100: Added 0 GSs. Now having 5000000 GSs.
Step 18200: Relocated 406615 GSs.
Step 18200: Added 0 GSs. Now having 5000000 GSs.
Step 18300: Relocated 420709 GSs.
Step 18300: Added 0 GSs. Now having 5000000 GSs.
Step 18400: Relocated 412954 GSs.
Step 18400: Added 0 GSs. Now having 5000000 GSs.
Step 18500: Relocated 393256 GSs.
Step 18500: Added 0 GSs. Now having 5000000 GSs.
Step 18600: Relocated 387532 GSs.
Step 18600: Added 0 GSs. Now having 5000000 GSs.
Step 18700: Relocated 408181 GSs.
Step 18700: Added 0 GSs. Now having 5000000 GSs.
Step 18800: Relocated 406263 GSs.
Step 18800: Added 0 GSs. Now having 5000000 GSs.
Step 18900: Relocated 381874 GSs.
Step 18900: Added 0 GSs. Now having 5000000 GSs.
Step 19000: Relocated 380816 GSs.
Step 19000: Added 0 GSs. Now having 5000000 GSs.
[19000] loss 0.0457 l1 0.0293 ssim 0.9037 N 5000000
Step 19100: Relocated 394322 GSs.
Step 19100: Added 0 GSs. Now having 5000000 GSs.
Step 19200: Relocated 388055 GSs.
Step 19200: Added 0 GSs. Now having 5000000 GSs.
Step 19300: Relocated 398352 GSs.
Step 19300: Added 0 GSs. Now having 5000000 GSs.
Step 19400: Relocated 406701 GSs.
Step 19400: Added 0 GSs. Now having 5000000 GSs.
Step 19500: Relocated 395159 GSs.
Step 19500: Added 0 GSs. Now having 5000000 GSs.
Step 19600: Relocated 376181 GSs.
Step 19600: Added 0 GSs. Now having 5000000 GSs.
Step 19700: Relocated 376580 GSs.
Step 19700: Added 0 GSs. Now having 5000000 GSs.
Step 19800: Relocated 367057 GSs.
Step 19800: Added 0 GSs. Now having 5000000 GSs.
Step 19900: Relocated 349821 GSs.
Step 19900: Added 0 GSs. Now having 5000000 GSs.
Step 20000: Relocated 341597 GSs.
Step 20000: Added 0 GSs. Now having 5000000 GSs.
[20000] loss 0.0342 l1 0.0214 ssim 0.9287 N 5000000
Step 20100: Relocated 351591 GSs.
Step 20100: Added 0 GSs. Now having 5000000 GSs.
Step 20200: Relocated 383441 GSs.
Step 20200: Added 0 GSs. Now having 5000000 GSs.
Step 20300: Relocated 389449 GSs.
Step 20300: Added 0 GSs. Now having 5000000 GSs.
Step 20400: Relocated 374714 GSs.
Step 20400: Added 0 GSs. Now having 5000000 GSs.
Step 20500: Relocated 375021 GSs.
Step 20500: Added 0 GSs. Now having 5000000 GSs.
Step 20600: Relocated 366924 GSs.
Step 20600: Added 0 GSs. Now having 5000000 GSs.
Step 20700: Relocated 373041 GSs.
Step 20700: Added 0 GSs. Now having 5000000 GSs.
Step 20800: Relocated 361852 GSs.
Step 20800: Added 0 GSs. Now having 5000000 GSs.
Step 20900: Relocated 370367 GSs.
Step 20900: Added 0 GSs. Now having 5000000 GSs.
Step 21000: Relocated 345951 GSs.
Step 21000: Added 0 GSs. Now having 5000000 GSs.
[21000] loss 0.0895 l1 0.0529 ssim 0.7799 N 5000000
Step 21100: Relocated 344231 GSs.
Step 21100: Added 0 GSs. Now having 5000000 GSs.
Step 21200: Relocated 352086 GSs.
Step 21200: Added 0 GSs. Now having 5000000 GSs.
Step 21300: Relocated 375544 GSs.
Step 21300: Added 0 GSs. Now having 5000000 GSs.
Step 21400: Relocated 359848 GSs.
Step 21400: Added 0 GSs. Now having 5000000 GSs.
Step 21500: Relocated 359323 GSs.
Step 21500: Added 0 GSs. Now having 5000000 GSs.
Step 21600: Relocated 341009 GSs.
Step 21600: Added 0 GSs. Now having 5000000 GSs.
Step 21700: Relocated 345914 GSs.
Step 21700: Added 0 GSs. Now having 5000000 GSs.
Step 21800: Relocated 338618 GSs.
Step 21800: Added 0 GSs. Now having 5000000 GSs.
Step 21900: Relocated 355133 GSs.
Step 21900: Added 0 GSs. Now having 5000000 GSs.
Step 22000: Relocated 383564 GSs.
Step 22000: Added 0 GSs. Now having 5000000 GSs.
[22000] loss 0.0455 l1 0.0286 ssim 0.9032 N 5000000
Step 22100: Relocated 350157 GSs.
Step 22100: Added 0 GSs. Now having 5000000 GSs.
Step 22200: Relocated 351475 GSs.
Step 22200: Added 0 GSs. Now having 5000000 GSs.
Step 22300: Relocated 326056 GSs.
Step 22300: Added 0 GSs. Now having 5000000 GSs.
Step 22400: Relocated 367726 GSs.
Step 22400: Added 0 GSs. Now having 5000000 GSs.
Step 22500: Relocated 400785 GSs.
Step 22500: Added 0 GSs. Now having 5000000 GSs.
Step 22600: Relocated 410489 GSs.
Step 22600: Added 0 GSs. Now having 5000000 GSs.
Step 22700: Relocated 392304 GSs.
Step 22700: Added 0 GSs. Now having 5000000 GSs.
Step 22800: Relocated 386927 GSs.
Step 22800: Added 0 GSs. Now having 5000000 GSs.
Step 22900: Relocated 371334 GSs.
Step 22900: Added 0 GSs. Now having 5000000 GSs.
Step 23000: Relocated 388771 GSs.
Step 23000: Added 0 GSs. Now having 5000000 GSs.
[23000] loss 0.0445 l1 0.0281 ssim 0.9077 N 5000000
Step 23100: Relocated 383694 GSs.
Step 23100: Added 0 GSs. Now having 5000000 GSs.
Step 23200: Relocated 365391 GSs.
Step 23200: Added 0 GSs. Now having 5000000 GSs.
Step 23300: Relocated 364739 GSs.
Step 23300: Added 0 GSs. Now having 5000000 GSs.
Step 23400: Relocated 355025 GSs.
Step 23400: Added 0 GSs. Now having 5000000 GSs.
Step 23500: Relocated 347938 GSs.
Step 23500: Added 0 GSs. Now having 5000000 GSs.
Step 23600: Relocated 325664 GSs.
Step 23600: Added 0 GSs. Now having 5000000 GSs.
Step 23700: Relocated 349238 GSs.
Step 23700: Added 0 GSs. Now having 5000000 GSs.
Step 23800: Relocated 359362 GSs.
Step 23800: Added 0 GSs. Now having 5000000 GSs.
Step 23900: Relocated 343343 GSs.
Step 23900: Added 0 GSs. Now having 5000000 GSs.
Step 24000: Relocated 314214 GSs.
Step 24000: Added 0 GSs. Now having 5000000 GSs.
[24000] loss 0.0271 l1 0.0196 ssim 0.9582 N 5000000
Step 24100: Relocated 307615 GSs.
Step 24100: Added 0 GSs. Now having 5000000 GSs.
Step 24200: Relocated 286180 GSs.
Step 24200: Added 0 GSs. Now having 5000000 GSs.
Step 24300: Relocated 287937 GSs.
Step 24300: Added 0 GSs. Now having 5000000 GSs.
Step 24400: Relocated 294303 GSs.
Step 24400: Added 0 GSs. Now having 5000000 GSs.
Step 24500: Relocated 289258 GSs.
Step 24500: Added 0 GSs. Now having 5000000 GSs.
Step 24600: Relocated 294822 GSs.
Step 24600: Added 0 GSs. Now having 5000000 GSs.
Step 24700: Relocated 287776 GSs.
Step 24700: Added 0 GSs. Now having 5000000 GSs.
Step 24800: Relocated 309012 GSs.
Step 24800: Added 0 GSs. Now having 5000000 GSs.
Step 24900: Relocated 301715 GSs.
Step 24900: Added 0 GSs. Now having 5000000 GSs.
Step 25000: Relocated 304373 GSs.
Step 25000: Added 0 GSs. Now having 5000000 GSs.
[25000] loss 0.0259 l1 0.0186 ssim 0.9597 N 5000000
Step 25100: Relocated 270148 GSs.
Step 25100: Added 0 GSs. Now having 5000000 GSs.
Step 25200: Relocated 284130 GSs.
Step 25200: Added 0 GSs. Now having 5000000 GSs.
Step 25300: Relocated 279945 GSs.
Step 25300: Added 0 GSs. Now having 5000000 GSs.
Step 25400: Relocated 281325 GSs.
Step 25400: Added 0 GSs. Now having 5000000 GSs.
Step 25500: Relocated 294701 GSs.
Step 25500: Added 0 GSs. Now having 5000000 GSs.
Step 25600: Relocated 296757 GSs.
Step 25600: Added 0 GSs. Now having 5000000 GSs.
Step 25700: Relocated 288819 GSs.
Step 25700: Added 0 GSs. Now having 5000000 GSs.
Step 25800: Relocated 288854 GSs.
Step 25800: Added 0 GSs. Now having 5000000 GSs.
Step 25900: Relocated 258651 GSs.
Step 25900: Added 0 GSs. Now having 5000000 GSs.
Step 26000: Relocated 275261 GSs.
Step 26000: Added 0 GSs. Now having 5000000 GSs.
[26000] loss 0.0307 l1 0.0200 ssim 0.9398 N 5000000
Step 26100: Relocated 283003 GSs.
Step 26100: Added 0 GSs. Now having 5000000 GSs.
Step 26200: Relocated 272140 GSs.
Step 26200: Added 0 GSs. Now having 5000000 GSs.
Step 26300: Relocated 262125 GSs.
Step 26300: Added 0 GSs. Now having 5000000 GSs.
Step 26400: Relocated 293846 GSs.
Step 26400: Added 0 GSs. Now having 5000000 GSs.
Step 26500: Relocated 271592 GSs.
Step 26500: Added 0 GSs. Now having 5000000 GSs.
Step 26600: Relocated 261602 GSs.
Step 26600: Added 0 GSs. Now having 5000000 GSs.
Step 26700: Relocated 270587 GSs.
Step 26700: Added 0 GSs. Now having 5000000 GSs.
Step 26800: Relocated 272849 GSs.
Step 26800: Added 0 GSs. Now having 5000000 GSs.
Step 26900: Relocated 276225 GSs.
Step 26900: Added 0 GSs. Now having 5000000 GSs.
Step 27000: Relocated 261825 GSs.
Step 27000: Added 0 GSs. Now having 5000000 GSs.
[27000] loss 0.0298 l1 0.0189 ssim 0.9453 N 5000000
Step 27100: Relocated 238027 GSs.
Step 27100: Added 0 GSs. Now having 5000000 GSs.
Step 27200: Relocated 244548 GSs.
Step 27200: Added 0 GSs. Now having 5000000 GSs.
Step 27300: Relocated 258015 GSs.
Step 27300: Added 0 GSs. Now having 5000000 GSs.
Step 27400: Relocated 265690 GSs.
Step 27400: Added 0 GSs. Now having 5000000 GSs.
Step 27500: Relocated 258971 GSs.
Step 27500: Added 0 GSs. Now having 5000000 GSs.
Step 27600: Relocated 235344 GSs.
Step 27600: Added 0 GSs. Now having 5000000 GSs.
Step 27700: Relocated 242298 GSs.
Step 27700: Added 0 GSs. Now having 5000000 GSs.
Step 27800: Relocated 252850 GSs.
Step 27800: Added 0 GSs. Now having 5000000 GSs.
Step 27900: Relocated 240572 GSs.
Step 27900: Added 0 GSs. Now having 5000000 GSs.
Step 28000: Relocated 260772 GSs.
Step 28000: Added 0 GSs. Now having 5000000 GSs.
[28000] loss 0.0459 l1 0.0311 ssim 0.9123 N 5000000
Step 28100: Relocated 256039 GSs.
Step 28100: Added 0 GSs. Now having 5000000 GSs.
Step 28200: Relocated 236670 GSs.
Step 28200: Added 0 GSs. Now having 5000000 GSs.
Step 28300: Relocated 247809 GSs.
Step 28300: Added 0 GSs. Now having 5000000 GSs.
Step 28400: Relocated 252513 GSs.
Step 28400: Added 0 GSs. Now having 5000000 GSs.
Step 28500: Relocated 229894 GSs.
Step 28500: Added 0 GSs. Now having 5000000 GSs.
Step 28600: Relocated 238489 GSs.
Step 28600: Added 0 GSs. Now having 5000000 GSs.
Step 28700: Relocated 240205 GSs.
Step 28700: Added 0 GSs. Now having 5000000 GSs.
Step 28800: Relocated 231879 GSs.
Step 28800: Added 0 GSs. Now having 5000000 GSs.
Step 28900: Relocated 232946 GSs.
Step 28900: Added 0 GSs. Now having 5000000 GSs.
Step 29000: Relocated 240805 GSs.
Step 29000: Added 0 GSs. Now having 5000000 GSs.
[29000] loss 0.0648 l1 0.0357 ssim 0.8333 N 5000000
Step 29100: Relocated 237346 GSs.
Step 29100: Added 0 GSs. Now having 5000000 GSs.
Step 29200: Relocated 222392 GSs.
Step 29200: Added 0 GSs. Now having 5000000 GSs.
Step 29300: Relocated 224020 GSs.
Step 29300: Added 0 GSs. Now having 5000000 GSs.
Step 29400: Relocated 222609 GSs.
Step 29400: Added 0 GSs. Now having 5000000 GSs.
Step 29500: Relocated 214754 GSs.
Step 29500: Added 0 GSs. Now having 5000000 GSs.
Step 29600: Relocated 209795 GSs.
Step 29600: Added 0 GSs. Now having 5000000 GSs.
Step 29700: Relocated 215564 GSs.
Step 29700: Added 0 GSs. Now having 5000000 GSs.
Step 29800: Relocated 221312 GSs.
Step 29800: Added 0 GSs. Now having 5000000 GSs.
Step 29900: Relocated 218488 GSs.
Step 29900: Added 0 GSs. Now having 5000000 GSs.
Step 30000: Relocated 223511 GSs.
Step 30000: Added 0 GSs. Now having 5000000 GSs.
[30000] loss 0.0632 l1 0.0330 ssim 0.8296 N 5000000
Setting up [LPIPS] perceptual loss: trunk [vgg], v[0.1], spatial [off]
/home/bkai/miniconda3/envs/gsplat/lib/python3.10/site-packages/torchvision/models/_utils.py:208: UserWarning: The parameter 'pretrained' is deprecated since 0.13 and may be removed in the future, please use 'weights' instead.
  warnings.warn(
/home/bkai/miniconda3/envs/gsplat/lib/python3.10/site-packages/torchvision/models/_utils.py:223: UserWarning: Arguments other than a weight enum or `None` for 'weights' are deprecated since 0.13 and may be removed in the future. The current behavior is equivalent to passing `weights=VGG16_Weights.IMAGENET1K_V1`. You can also use `weights=VGG16_Weights.DEFAULT` to get the most up-to-date weights.
  warnings.warn(msg)
Loading model from: /home/bkai/miniconda3/envs/gsplat/lib/python3.10/site-packages/lpips/weights/v0.1/vgg.pth
Step 30100: Relocated 277974 GSs.
Step 30100: Added 0 GSs. Now having 5000000 GSs.
Step 30200: Relocated 248532 GSs.
Step 30200: Added 0 GSs. Now having 5000000 GSs.
Step 30300: Relocated 224514 GSs.
Step 30300: Added 0 GSs. Now having 5000000 GSs.
Step 30400: Relocated 221455 GSs.
Step 30400: Added 0 GSs. Now having 5000000 GSs.
Step 30500: Relocated 194378 GSs.
Step 30500: Added 0 GSs. Now having 5000000 GSs.
Step 30600: Relocated 206465 GSs.
Step 30600: Added 0 GSs. Now having 5000000 GSs.
Step 30700: Relocated 205270 GSs.
Step 30700: Added 0 GSs. Now having 5000000 GSs.
Step 30800: Relocated 190048 GSs.
Step 30800: Added 0 GSs. Now having 5000000 GSs.
Step 30900: Relocated 171444 GSs.
Step 30900: Added 0 GSs. Now having 5000000 GSs.
Step 31000: Relocated 162376 GSs.
Step 31000: Added 0 GSs. Now having 5000000 GSs.
[31000] loss 0.1065 l1 0.0367 ssim 0.7819 N 5000000
Step 31100: Relocated 167052 GSs.
Step 31100: Added 0 GSs. Now having 5000000 GSs.
Step 31200: Relocated 154901 GSs.
Step 31200: Added 0 GSs. Now having 5000000 GSs.
Step 31300: Relocated 156739 GSs.
Step 31300: Added 0 GSs. Now having 5000000 GSs.
Step 31400: Relocated 155520 GSs.
Step 31400: Added 0 GSs. Now having 5000000 GSs.
Step 31500: Relocated 151444 GSs.
Step 31500: Added 0 GSs. Now having 5000000 GSs.
Step 31600: Relocated 160759 GSs.
Step 31600: Added 0 GSs. Now having 5000000 GSs.
Step 31700: Relocated 151900 GSs.
Step 31700: Added 0 GSs. Now having 5000000 GSs.
Step 31800: Relocated 151608 GSs.
Step 31800: Added 0 GSs. Now having 5000000 GSs.
Step 31900: Relocated 157469 GSs.
Step 31900: Added 0 GSs. Now having 5000000 GSs.
Step 32000: Relocated 155681 GSs.
Step 32000: Added 0 GSs. Now having 5000000 GSs.
[32000] loss 0.0897 l1 0.0427 ssim 0.8852 N 5000000
Step 32100: Relocated 161349 GSs.
Step 32100: Added 0 GSs. Now having 5000000 GSs.
Step 32200: Relocated 153103 GSs.
Step 32200: Added 0 GSs. Now having 5000000 GSs.
Step 32300: Relocated 143271 GSs.
Step 32300: Added 0 GSs. Now having 5000000 GSs.
Step 32400: Relocated 146960 GSs.
Step 32400: Added 0 GSs. Now having 5000000 GSs.
Step 32500: Relocated 144764 GSs.
Step 32500: Added 0 GSs. Now having 5000000 GSs.
Step 32600: Relocated 144785 GSs.
Step 32600: Added 0 GSs. Now having 5000000 GSs.
Step 32700: Relocated 139664 GSs.
Step 32700: Added 0 GSs. Now having 5000000 GSs.
Step 32800: Relocated 147703 GSs.
Step 32800: Added 0 GSs. Now having 5000000 GSs.
Step 32900: Relocated 155480 GSs.
Step 32900: Added 0 GSs. Now having 5000000 GSs.
Step 33000: Relocated 160754 GSs.
Step 33000: Added 0 GSs. Now having 5000000 GSs.
[33000] loss 0.0869 l1 0.0357 ssim 0.8492 N 5000000
Step 33100: Relocated 151051 GSs.
Step 33100: Added 0 GSs. Now having 5000000 GSs.
Step 33200: Relocated 141142 GSs.
Step 33200: Added 0 GSs. Now having 5000000 GSs.
Step 33300: Relocated 135174 GSs.
Step 33300: Added 0 GSs. Now having 5000000 GSs.
Step 33400: Relocated 129774 GSs.
Step 33400: Added 0 GSs. Now having 5000000 GSs.
Step 33500: Relocated 126969 GSs.
Step 33500: Added 0 GSs. Now having 5000000 GSs.
Step 33600: Relocated 118555 GSs.
Step 33600: Added 0 GSs. Now having 5000000 GSs.
Step 33700: Relocated 135277 GSs.
Step 33700: Added 0 GSs. Now having 5000000 GSs.
Step 33800: Relocated 127998 GSs.
Step 33800: Added 0 GSs. Now having 5000000 GSs.
Step 33900: Relocated 121409 GSs.
Step 33900: Added 0 GSs. Now having 5000000 GSs.
Step 34000: Relocated 120677 GSs.
Step 34000: Added 0 GSs. Now having 5000000 GSs.
[34000] loss 0.0585 l1 0.0267 ssim 0.9371 N 5000000
Step 34100: Relocated 122584 GSs.
Step 34100: Added 0 GSs. Now having 5000000 GSs.
Step 34200: Relocated 120626 GSs.
Step 34200: Added 0 GSs. Now having 5000000 GSs.
Step 34300: Relocated 128424 GSs.
Step 34300: Added 0 GSs. Now having 5000000 GSs.
Step 34400: Relocated 135831 GSs.
Step 34400: Added 0 GSs. Now having 5000000 GSs.
Step 34500: Relocated 142127 GSs.
Step 34500: Added 0 GSs. Now having 5000000 GSs.
Step 34600: Relocated 126179 GSs.
Step 34600: Added 0 GSs. Now having 5000000 GSs.
Step 34700: Relocated 124680 GSs.
Step 34700: Added 0 GSs. Now having 5000000 GSs.
Step 34800: Relocated 113999 GSs.
Step 34800: Added 0 GSs. Now having 5000000 GSs.
Step 34900: Relocated 114274 GSs.
Step 34900: Added 0 GSs. Now having 5000000 GSs.
Step 35000: Relocated 119116 GSs.
Step 35000: Added 0 GSs. Now having 5000000 GSs.
[35000] loss 0.0449 l1 0.0191 ssim 0.9546 N 5000000
Step 35100: Relocated 125498 GSs.
Step 35100: Added 0 GSs. Now having 5000000 GSs.
Step 35200: Relocated 121244 GSs.
Step 35200: Added 0 GSs. Now having 5000000 GSs.
Step 35300: Relocated 118838 GSs.
Step 35300: Added 0 GSs. Now having 5000000 GSs.
Step 35400: Relocated 117427 GSs.
Step 35400: Added 0 GSs. Now having 5000000 GSs.
Step 35500: Relocated 118072 GSs.
Step 35500: Added 0 GSs. Now having 5000000 GSs.
Step 35600: Relocated 113284 GSs.
Step 35600: Added 0 GSs. Now having 5000000 GSs.
Step 35700: Relocated 114137 GSs.
Step 35700: Added 0 GSs. Now having 5000000 GSs.
Step 35800: Relocated 115927 GSs.
Step 35800: Added 0 GSs. Now having 5000000 GSs.
Step 35900: Relocated 120358 GSs.
Step 35900: Added 0 GSs. Now having 5000000 GSs.
Step 36000: Relocated 113854 GSs.
Step 36000: Added 0 GSs. Now having 5000000 GSs.
[36000] loss 0.0567 l1 0.0217 ssim 0.9136 N 5000000
Step 36100: Relocated 114705 GSs.
Step 36100: Added 0 GSs. Now having 5000000 GSs.
Step 36200: Relocated 110011 GSs.
Step 36200: Added 0 GSs. Now having 5000000 GSs.
Step 36300: Relocated 124269 GSs.
Step 36300: Added 0 GSs. Now having 5000000 GSs.
Step 36400: Relocated 108442 GSs.
Step 36400: Added 0 GSs. Now having 5000000 GSs.
Step 36500: Relocated 110393 GSs.
Step 36500: Added 0 GSs. Now having 5000000 GSs.
Step 36600: Relocated 110749 GSs.
Step 36600: Added 0 GSs. Now having 5000000 GSs.
Step 36700: Relocated 102652 GSs.
Step 36700: Added 0 GSs. Now having 5000000 GSs.
Step 36800: Relocated 108355 GSs.
Step 36800: Added 0 GSs. Now having 5000000 GSs.
Step 36900: Relocated 117333 GSs.
Step 36900: Added 0 GSs. Now having 5000000 GSs.
Step 37000: Relocated 112674 GSs.
Step 37000: Added 0 GSs. Now having 5000000 GSs.
[37000] loss 0.0591 l1 0.0250 ssim 0.9265 N 5000000
Step 37100: Relocated 105281 GSs.
Step 37100: Added 0 GSs. Now having 5000000 GSs.
Step 37200: Relocated 111246 GSs.
Step 37200: Added 0 GSs. Now having 5000000 GSs.
Step 37300: Relocated 100844 GSs.
Step 37300: Added 0 GSs. Now having 5000000 GSs.
Step 37400: Relocated 103105 GSs.
Step 37400: Added 0 GSs. Now having 5000000 GSs.
Step 37500: Relocated 99174 GSs.
Step 37500: Added 0 GSs. Now having 5000000 GSs.
Step 37600: Relocated 99703 GSs.
Step 37600: Added 0 GSs. Now having 5000000 GSs.
Step 37700: Relocated 99639 GSs.
Step 37700: Added 0 GSs. Now having 5000000 GSs.
Step 37800: Relocated 102569 GSs.
Step 37800: Added 0 GSs. Now having 5000000 GSs.
Step 37900: Relocated 104760 GSs.
Step 37900: Added 0 GSs. Now having 5000000 GSs.
[38000] loss 0.0729 l1 0.0345 ssim 0.9159 N 5000000
[39000] loss 0.0936 l1 0.0332 ssim 0.8196 N 5000000
[40000] loss 0.0642 l1 0.0314 ssim 0.9301 N 5000000
[41000] loss 0.0844 l1 0.0363 ssim 0.8427 N 5000000
[42000] loss 0.0800 l1 0.0310 ssim 0.8449 N 5000000
[43000] loss 0.0463 l1 0.0189 ssim 0.9437 N 5000000
[44000] loss 0.0596 l1 0.0237 ssim 0.8966 N 5000000
[44999] loss 0.0456 l1 0.0201 ssim 0.9440 N 5000000
Saved 5000000 gaussians to /mnt/d/avv/r43_bonsai/long45k_dp01/ckpt.pt
