248/276 images.bin entries have files in /mnt/d/avv/data/phase1/private_set2/bonsai/train/images
248 views, 54422 init points, K=[[1650.0,0,960.0],[0,1650.0,540.0]], size 1920x1080
scene_scale 8.409
/mnt/c/Users/BKAI/an_plaza2/FastGS/gsplat_track/train_gsplat.py:613: UserWarning: The given NumPy array is not writable, and PyTorch does not support non-writable tensors. This means writing to this tensor will result in undefined behavior. You may want to copy the array to protect its data or make it writable before converting it to a tensor. This type of warning will be suppressed for the rest of this program. (Triggered internally at /pytorch/torch/csrc/utils/tensor_numpy.cpp:203.)
  gt_cache[vi] = torch.from_numpy(
[0] loss 0.2621 l1 0.2172 ssim 0.6165 N 54422
Step 600: Relocated 46165 GSs.
Step 600: Added 2721 GSs. Now having 57143 GSs.
Step 700: Relocated 8829 GSs.
Step 700: Added 2857 GSs. Now having 60000 GSs.
Step 800: Relocated 8360 GSs.
Step 800: Added 3000 GSs. Now having 63000 GSs.
Step 900: Relocated 7469 GSs.
Step 900: Added 3150 GSs. Now having 66150 GSs.
Step 1000: Relocated 6903 GSs.
Step 1000: Added 3307 GSs. Now having 69457 GSs.
[1000] loss 0.1440 l1 0.1156 ssim 0.7865 N 69457
Step 1100: Relocated 6806 GSs.
Step 1100: Added 3472 GSs. Now having 72929 GSs.
Step 1200: Relocated 6596 GSs.
Step 1200: Added 3646 GSs. Now having 76575 GSs.
Step 1300: Relocated 6863 GSs.
Step 1300: Added 3828 GSs. Now having 80403 GSs.
Step 1400: Relocated 6977 GSs.
Step 1400: Added 4020 GSs. Now having 84423 GSs.
Step 1500: Relocated 7228 GSs.
Step 1500: Added 4221 GSs. Now having 88644 GSs.
Step 1600: Relocated 7036 GSs.
Step 1600: Added 4432 GSs. Now having 93076 GSs.
Step 1700: Relocated 7938 GSs.
Step 1700: Added 4653 GSs. Now having 97729 GSs.
Step 1800: Relocated 8009 GSs.
Step 1800: Added 4886 GSs. Now having 102615 GSs.
Step 1900: Relocated 8686 GSs.
Step 1900: Added 5130 GSs. Now having 107745 GSs.
Step 2000: Relocated 9299 GSs.
Step 2000: Added 5387 GSs. Now having 113132 GSs.
[2000] loss 0.0907 l1 0.0656 ssim 0.8495 N 113132
Step 2100: Relocated 9797 GSs.
Step 2100: Added 5656 GSs. Now having 118788 GSs.
Step 2200: Relocated 10677 GSs.
Step 2200: Added 5939 GSs. Now having 124727 GSs.
Step 2300: Relocated 11330 GSs.
Step 2300: Added 6236 GSs. Now having 130963 GSs.
Step 2400: Relocated 11762 GSs.
Step 2400: Added 6548 GSs. Now having 137511 GSs.
Step 2500: Relocated 12450 GSs.
Step 2500: Added 6875 GSs. Now having 144386 GSs.
Step 2600: Relocated 13098 GSs.
Step 2600: Added 7219 GSs. Now having 151605 GSs.
Step 2700: Relocated 14222 GSs.
Step 2700: Added 7580 GSs. Now having 159185 GSs.
Step 2800: Relocated 16692 GSs.
Step 2800: Added 7959 GSs. Now having 167144 GSs.
Step 2900: Relocated 17181 GSs.
Step 2900: Added 8357 GSs. Now having 175501 GSs.
Step 3000: Relocated 17255 GSs.
Step 3000: Added 8775 GSs. Now having 184276 GSs.
[3000] loss 0.1043 l1 0.0566 ssim 0.7406 N 184276
Step 3100: Relocated 17451 GSs.
Step 3100: Added 9213 GSs. Now having 193489 GSs.
Step 3200: Relocated 17567 GSs.
Step 3200: Added 9674 GSs. Now having 203163 GSs.
Step 3300: Relocated 20069 GSs.
Step 3300: Added 10158 GSs. Now having 213321 GSs.
Step 3400: Relocated 20775 GSs.
Step 3400: Added 10666 GSs. Now having 223987 GSs.
Step 3500: Relocated 20925 GSs.
Step 3500: Added 11199 GSs. Now having 235186 GSs.
Step 3600: Relocated 23268 GSs.
Step 3600: Added 11759 GSs. Now having 246945 GSs.
Step 3700: Relocated 23942 GSs.
Step 3700: Added 12347 GSs. Now having 259292 GSs.
Step 3800: Relocated 26870 GSs.
Step 3800: Added 12964 GSs. Now having 272256 GSs.
Step 3900: Relocated 27412 GSs.
Step 3900: Added 13612 GSs. Now having 285868 GSs.
Step 4000: Relocated 30717 GSs.
Step 4000: Added 14293 GSs. Now having 300161 GSs.
[4000] loss 0.1286 l1 0.0640 ssim 0.6440 N 300161
Step 4100: Relocated 29773 GSs.
Step 4100: Added 15008 GSs. Now having 315169 GSs.
Step 4200: Relocated 31304 GSs.
Step 4200: Added 15758 GSs. Now having 330927 GSs.
Step 4300: Relocated 35450 GSs.
Step 4300: Added 16546 GSs. Now having 347473 GSs.
Step 4400: Relocated 37383 GSs.
Step 4400: Added 17373 GSs. Now having 364846 GSs.
Step 4500: Relocated 41595 GSs.
Step 4500: Added 18242 GSs. Now having 383088 GSs.
Step 4600: Relocated 42630 GSs.
Step 4600: Added 19154 GSs. Now having 402242 GSs.
Step 4700: Relocated 45506 GSs.
Step 4700: Added 20112 GSs. Now having 422354 GSs.
Step 4800: Relocated 48873 GSs.
Step 4800: Added 21117 GSs. Now having 443471 GSs.
Step 4900: Relocated 50631 GSs.
Step 4900: Added 22173 GSs. Now having 465644 GSs.
Step 5000: Relocated 57036 GSs.
Step 5000: Added 23282 GSs. Now having 488926 GSs.
[5000] loss 0.0725 l1 0.0334 ssim 0.7984 N 488926
Step 5100: Relocated 58105 GSs.
Step 5100: Added 24446 GSs. Now having 513372 GSs.
Step 5200: Relocated 62728 GSs.
Step 5200: Added 25668 GSs. Now having 539040 GSs.
Step 5300: Relocated 63798 GSs.
Step 5300: Added 26952 GSs. Now having 565992 GSs.
Step 5400: Relocated 74786 GSs.
Step 5400: Added 28299 GSs. Now having 594291 GSs.
Step 5500: Relocated 73091 GSs.
Step 5500: Added 29714 GSs. Now having 624005 GSs.
Step 5600: Relocated 77237 GSs.
Step 5600: Added 31200 GSs. Now having 655205 GSs.
Step 5700: Relocated 87940 GSs.
Step 5700: Added 32760 GSs. Now having 687965 GSs.
Step 5800: Relocated 94658 GSs.
Step 5800: Added 34398 GSs. Now having 722363 GSs.
Step 5900: Relocated 93143 GSs.
Step 5900: Added 36118 GSs. Now having 758481 GSs.
Step 6000: Relocated 103722 GSs.
Step 6000: Added 37924 GSs. Now having 796405 GSs.
[6000] loss 0.0486 l1 0.0297 ssim 0.8992 N 796405
Step 6100: Relocated 109407 GSs.
Step 6100: Added 39820 GSs. Now having 836225 GSs.
Step 6200: Relocated 114075 GSs.
Step 6200: Added 41811 GSs. Now having 878036 GSs.
Step 6300: Relocated 117994 GSs.
Step 6300: Added 43901 GSs. Now having 921937 GSs.
Step 6400: Relocated 127982 GSs.
Step 6400: Added 46096 GSs. Now having 968033 GSs.
Step 6500: Relocated 140240 GSs.
Step 6500: Added 48401 GSs. Now having 1016434 GSs.
Step 6600: Relocated 141397 GSs.
Step 6600: Added 50821 GSs. Now having 1067255 GSs.
Step 6700: Relocated 153408 GSs.
Step 6700: Added 53362 GSs. Now having 1120617 GSs.
Step 6800: Relocated 159806 GSs.
Step 6800: Added 56030 GSs. Now having 1176647 GSs.
Step 6900: Relocated 170062 GSs.
Step 6900: Added 58832 GSs. Now having 1235479 GSs.
Step 7000: Relocated 176659 GSs.
Step 7000: Added 61773 GSs. Now having 1297252 GSs.
[7000] loss 0.1000 l1 0.0412 ssim 0.6860 N 1297252
Step 7100: Relocated 193111 GSs.
Step 7100: Added 64862 GSs. Now having 1362114 GSs.
Step 7200: Relocated 203220 GSs.
Step 7200: Added 68105 GSs. Now having 1430219 GSs.
Step 7300: Relocated 215802 GSs.
Step 7300: Added 71510 GSs. Now having 1501729 GSs.
Step 7400: Relocated 229010 GSs.
Step 7400: Added 75086 GSs. Now having 1576815 GSs.
Step 7500: Relocated 245280 GSs.
Step 7500: Added 78840 GSs. Now having 1655655 GSs.
Step 7600: Relocated 254035 GSs.
Step 7600: Added 82782 GSs. Now having 1738437 GSs.
Step 7700: Relocated 275692 GSs.
Step 7700: Added 86921 GSs. Now having 1825358 GSs.
Step 7800: Relocated 291865 GSs.
Step 7800: Added 91267 GSs. Now having 1916625 GSs.
Step 7900: Relocated 307261 GSs.
Step 7900: Added 95831 GSs. Now having 2012456 GSs.
Step 8000: Relocated 324754 GSs.
Step 8000: Added 100622 GSs. Now having 2113078 GSs.
[8000] loss 0.0445 l1 0.0291 ssim 0.9127 N 2113078
Step 8100: Relocated 343307 GSs.
Step 8100: Added 105653 GSs. Now having 2218731 GSs.
Step 8200: Relocated 370196 GSs.
Step 8200: Added 110936 GSs. Now having 2329667 GSs.
Step 8300: Relocated 390705 GSs.
Step 8300: Added 116483 GSs. Now having 2446150 GSs.
Step 8400: Relocated 414029 GSs.
Step 8400: Added 122307 GSs. Now having 2568457 GSs.
Step 8500: Relocated 469708 GSs.
Step 8500: Added 128422 GSs. Now having 2696879 GSs.
Step 8600: Relocated 495245 GSs.
Step 8600: Added 134843 GSs. Now having 2831722 GSs.
Step 8700: Relocated 544651 GSs.
Step 8700: Added 141586 GSs. Now having 2973308 GSs.
Step 8800: Relocated 581842 GSs.
Step 8800: Added 148665 GSs. Now having 3121973 GSs.
Step 8900: Relocated 577369 GSs.
Step 8900: Added 156098 GSs. Now having 3278071 GSs.
Step 9000: Relocated 616773 GSs.
Step 9000: Added 163903 GSs. Now having 3441974 GSs.
[9000] loss 0.1266 l1 0.0675 ssim 0.6529 N 3441974
Step 9100: Relocated 705913 GSs.
Step 9100: Added 172098 GSs. Now having 3614072 GSs.
Step 9200: Relocated 729541 GSs.
Step 9200: Added 180703 GSs. Now having 3794775 GSs.
Step 9300: Relocated 758663 GSs.
Step 9300: Added 189738 GSs. Now having 3984513 GSs.
Step 9400: Relocated 806935 GSs.
Step 9400: Added 199225 GSs. Now having 4183738 GSs.
Step 9500: Relocated 854623 GSs.
Step 9500: Added 209186 GSs. Now having 4392924 GSs.
Step 9600: Relocated 945812 GSs.
Step 9600: Added 219646 GSs. Now having 4612570 GSs.
Step 9700: Relocated 965782 GSs.
Step 9700: Added 230628 GSs. Now having 4843198 GSs.
Step 9800: Relocated 1053578 GSs.
Step 9800: Added 156802 GSs. Now having 5000000 GSs.
Step 9900: Relocated 1033853 GSs.
Step 9900: Added 0 GSs. Now having 5000000 GSs.
Step 10000: Relocated 950736 GSs.
Step 10000: Added 0 GSs. Now having 5000000 GSs.
[10000] loss 0.0500 l1 0.0331 ssim 0.8959 N 5000000
Step 10100: Relocated 911957 GSs.
Step 10100: Added 0 GSs. Now having 5000000 GSs.
Step 10200: Relocated 853187 GSs.
Step 10200: Added 0 GSs. Now having 5000000 GSs.
Step 10300: Relocated 830457 GSs.
Step 10300: Added 0 GSs. Now having 5000000 GSs.
Step 10400: Relocated 787887 GSs.
Step 10400: Added 0 GSs. Now having 5000000 GSs.
Step 10500: Relocated 756807 GSs.
Step 10500: Added 0 GSs. Now having 5000000 GSs.
Step 10600: Relocated 711339 GSs.
Step 10600: Added 0 GSs. Now having 5000000 GSs.
Step 10700: Relocated 669582 GSs.
Step 10700: Added 0 GSs. Now having 5000000 GSs.
Step 10800: Relocated 659070 GSs.
Step 10800: Added 0 GSs. Now having 5000000 GSs.
Step 10900: Relocated 665320 GSs.
Step 10900: Added 0 GSs. Now having 5000000 GSs.
Step 11000: Relocated 627688 GSs.
Step 11000: Added 0 GSs. Now having 5000000 GSs.
[11000] loss 0.0778 l1 0.0589 ssim 0.8592 N 5000000
Step 11100: Relocated 614008 GSs.
Step 11100: Added 0 GSs. Now having 5000000 GSs.
Step 11200: Relocated 596252 GSs.
Step 11200: Added 0 GSs. Now having 5000000 GSs.
Step 11300: Relocated 593971 GSs.
Step 11300: Added 0 GSs. Now having 5000000 GSs.
Step 11400: Relocated 593207 GSs.
Step 11400: Added 0 GSs. Now having 5000000 GSs.
Step 11500: Relocated 591661 GSs.
Step 11500: Added 0 GSs. Now having 5000000 GSs.
Step 11600: Relocated 582359 GSs.
Step 11600: Added 0 GSs. Now having 5000000 GSs.
Step 11700: Relocated 576438 GSs.
Step 11700: Added 0 GSs. Now having 5000000 GSs.
Step 11800: Relocated 561760 GSs.
Step 11800: Added 0 GSs. Now having 5000000 GSs.
Step 11900: Relocated 595013 GSs.
Step 11900: Added 0 GSs. Now having 5000000 GSs.
Step 12000: Relocated 557423 GSs.
Step 12000: Added 0 GSs. Now having 5000000 GSs.
[12000] loss 0.0924 l1 0.0413 ssim 0.7153 N 5000000
Step 12100: Relocated 589593 GSs.
Step 12100: Added 0 GSs. Now having 5000000 GSs.
Step 12200: Relocated 569446 GSs.
Step 12200: Added 0 GSs. Now having 5000000 GSs.
Step 12300: Relocated 569330 GSs.
Step 12300: Added 0 GSs. Now having 5000000 GSs.
Step 12400: Relocated 555077 GSs.
Step 12400: Added 0 GSs. Now having 5000000 GSs.
Step 12500: Relocated 548553 GSs.
Step 12500: Added 0 GSs. Now having 5000000 GSs.
Step 12600: Relocated 530407 GSs.
Step 12600: Added 0 GSs. Now having 5000000 GSs.
Step 12700: Relocated 521110 GSs.
Step 12700: Added 0 GSs. Now having 5000000 GSs.
Step 12800: Relocated 506431 GSs.
Step 12800: Added 0 GSs. Now having 5000000 GSs.
Step 12900: Relocated 510861 GSs.
Step 12900: Added 0 GSs. Now having 5000000 GSs.
Step 13000: Relocated 525516 GSs.
Step 13000: Added 0 GSs. Now having 5000000 GSs.
[13000] loss 0.0630 l1 0.0374 ssim 0.8468 N 5000000
Step 13100: Relocated 543363 GSs.
Step 13100: Added 0 GSs. Now having 5000000 GSs.
Step 13200: Relocated 513066 GSs.
Step 13200: Added 0 GSs. Now having 5000000 GSs.
Step 13300: Relocated 495847 GSs.
Step 13300: Added 0 GSs. Now having 5000000 GSs.
Step 13400: Relocated 498495 GSs.
Step 13400: Added 0 GSs. Now having 5000000 GSs.
Step 13500: Relocated 510079 GSs.
Step 13500: Added 0 GSs. Now having 5000000 GSs.
Step 13600: Relocated 477930 GSs.
Step 13600: Added 0 GSs. Now having 5000000 GSs.
Step 13700: Relocated 515801 GSs.
Step 13700: Added 0 GSs. Now having 5000000 GSs.
Step 13800: Relocated 520524 GSs.
Step 13800: Added 0 GSs. Now having 5000000 GSs.
Step 13900: Relocated 481043 GSs.
Step 13900: Added 0 GSs. Now having 5000000 GSs.
Step 14000: Relocated 477857 GSs.
Step 14000: Added 0 GSs. Now having 5000000 GSs.
[14000] loss 0.0482 l1 0.0308 ssim 0.8939 N 5000000
Step 14100: Relocated 460126 GSs.
Step 14100: Added 0 GSs. Now having 5000000 GSs.
Step 14200: Relocated 481507 GSs.
Step 14200: Added 0 GSs. Now having 5000000 GSs.
Step 14300: Relocated 504354 GSs.
Step 14300: Added 0 GSs. Now having 5000000 GSs.
Step 14400: Relocated 486146 GSs.
Step 14400: Added 0 GSs. Now having 5000000 GSs.
Step 14500: Relocated 470129 GSs.
Step 14500: Added 0 GSs. Now having 5000000 GSs.
Step 14600: Relocated 483684 GSs.
Step 14600: Added 0 GSs. Now having 5000000 GSs.
Step 14700: Relocated 527580 GSs.
Step 14700: Added 0 GSs. Now having 5000000 GSs.
Step 14800: Relocated 495334 GSs.
Step 14800: Added 0 GSs. Now having 5000000 GSs.
Step 14900: Relocated 493722 GSs.
Step 14900: Added 0 GSs. Now having 5000000 GSs.
Step 15000: Relocated 496139 GSs.
Step 15000: Added 0 GSs. Now having 5000000 GSs.
[15000] loss 0.0629 l1 0.0413 ssim 0.8621 N 5000000
Step 15100: Relocated 465487 GSs.
Step 15100: Added 0 GSs. Now having 5000000 GSs.
Step 15200: Relocated 466181 GSs.
Step 15200: Added 0 GSs. Now having 5000000 GSs.
Step 15300: Relocated 450755 GSs.
Step 15300: Added 0 GSs. Now having 5000000 GSs.
Step 15400: Relocated 474678 GSs.
Step 15400: Added 0 GSs. Now having 5000000 GSs.
Step 15500: Relocated 466527 GSs.
Step 15500: Added 0 GSs. Now having 5000000 GSs.
Step 15600: Relocated 494549 GSs.
Step 15600: Added 0 GSs. Now having 5000000 GSs.
Step 15700: Relocated 475698 GSs.
Step 15700: Added 0 GSs. Now having 5000000 GSs.
Step 15800: Relocated 466355 GSs.
Step 15800: Added 0 GSs. Now having 5000000 GSs.
Step 15900: Relocated 504645 GSs.
Step 15900: Added 0 GSs. Now having 5000000 GSs.
Step 16000: Relocated 483496 GSs.
Step 16000: Added 0 GSs. Now having 5000000 GSs.
[16000] loss 0.0516 l1 0.0327 ssim 0.8836 N 5000000
Step 16100: Relocated 511528 GSs.
Step 16100: Added 0 GSs. Now having 5000000 GSs.
Step 16200: Relocated 470040 GSs.
Step 16200: Added 0 GSs. Now having 5000000 GSs.
Step 16300: Relocated 486105 GSs.
Step 16300: Added 0 GSs. Now having 5000000 GSs.
Step 16400: Relocated 463476 GSs.
Step 16400: Added 0 GSs. Now having 5000000 GSs.
Step 16500: Relocated 443954 GSs.
Step 16500: Added 0 GSs. Now having 5000000 GSs.
Step 16600: Relocated 435433 GSs.
Step 16600: Added 0 GSs. Now having 5000000 GSs.
Step 16700: Relocated 443340 GSs.
Step 16700: Added 0 GSs. Now having 5000000 GSs.
Step 16800: Relocated 433909 GSs.
Step 16800: Added 0 GSs. Now having 5000000 GSs.
Step 16900: Relocated 421817 GSs.
Step 16900: Added 0 GSs. Now having 5000000 GSs.
Step 17000: Relocated 436319 GSs.
Step 17000: Added 0 GSs. Now having 5000000 GSs.
[17000] loss 0.1186 l1 0.0524 ssim 0.6277 N 5000000
Step 17100: Relocated 429585 GSs.
Step 17100: Added 0 GSs. Now having 5000000 GSs.
Step 17200: Relocated 443642 GSs.
Step 17200: Added 0 GSs. Now having 5000000 GSs.
Step 17300: Relocated 464338 GSs.
Step 17300: Added 0 GSs. Now having 5000000 GSs.
Step 17400: Relocated 432084 GSs.
Step 17400: Added 0 GSs. Now having 5000000 GSs.
Step 17500: Relocated 435597 GSs.
Step 17500: Added 0 GSs. Now having 5000000 GSs.
Step 17600: Relocated 419720 GSs.
Step 17600: Added 0 GSs. Now having 5000000 GSs.
Step 17700: Relocated 415860 GSs.
Step 17700: Added 0 GSs. Now having 5000000 GSs.
Step 17800: Relocated 426960 GSs.
Step 17800: Added 0 GSs. Now having 5000000 GSs.
Step 17900: Relocated 435028 GSs.
Step 17900: Added 0 GSs. Now having 5000000 GSs.
Step 18000: Relocated 428408 GSs.
Step 18000: Added 0 GSs. Now having 5000000 GSs.
[18000] loss 0.0604 l1 0.0363 ssim 0.8542 N 5000000
Step 18100: Relocated 432699 GSs.
Step 18100: Added 0 GSs. Now having 5000000 GSs.
Step 18200: Relocated 416827 GSs.
Step 18200: Added 0 GSs. Now having 5000000 GSs.
Step 18300: Relocated 406582 GSs.
Step 18300: Added 0 GSs. Now having 5000000 GSs.
Step 18400: Relocated 438605 GSs.
Step 18400: Added 0 GSs. Now having 5000000 GSs.
Step 18500: Relocated 412897 GSs.
Step 18500: Added 0 GSs. Now having 5000000 GSs.
Step 18600: Relocated 443966 GSs.
Step 18600: Added 0 GSs. Now having 5000000 GSs.
Step 18700: Relocated 428407 GSs.
Step 18700: Added 0 GSs. Now having 5000000 GSs.
Step 18800: Relocated 427979 GSs.
Step 18800: Added 0 GSs. Now having 5000000 GSs.
Step 18900: Relocated 427769 GSs.
Step 18900: Added 0 GSs. Now having 5000000 GSs.
Step 19000: Relocated 443904 GSs.
Step 19000: Added 0 GSs. Now having 5000000 GSs.
[19000] loss 0.0735 l1 0.0337 ssim 0.7778 N 5000000
Step 19100: Relocated 434564 GSs.
Step 19100: Added 0 GSs. Now having 5000000 GSs.
Step 19200: Relocated 398544 GSs.
Step 19200: Added 0 GSs. Now having 5000000 GSs.
Step 19300: Relocated 429384 GSs.
Step 19300: Added 0 GSs. Now having 5000000 GSs.
Step 19400: Relocated 424029 GSs.
Step 19400: Added 0 GSs. Now having 5000000 GSs.
Step 19500: Relocated 438814 GSs.
Step 19500: Added 0 GSs. Now having 5000000 GSs.
Step 19600: Relocated 421412 GSs.
Step 19600: Added 0 GSs. Now having 5000000 GSs.
Step 19700: Relocated 406616 GSs.
Step 19700: Added 0 GSs. Now having 5000000 GSs.
Step 19800: Relocated 416867 GSs.
Step 19800: Added 0 GSs. Now having 5000000 GSs.
Step 19900: Relocated 410495 GSs.
Step 19900: Added 0 GSs. Now having 5000000 GSs.
Step 20000: Relocated 419363 GSs.
Step 20000: Added 0 GSs. Now having 5000000 GSs.
[20000] loss 0.0518 l1 0.0324 ssim 0.8814 N 5000000
Step 20100: Relocated 406628 GSs.
Step 20100: Added 0 GSs. Now having 5000000 GSs.
Step 20200: Relocated 416582 GSs.
Step 20200: Added 0 GSs. Now having 5000000 GSs.
Step 20300: Relocated 411242 GSs.
Step 20300: Added 0 GSs. Now having 5000000 GSs.
Step 20400: Relocated 379808 GSs.
Step 20400: Added 0 GSs. Now having 5000000 GSs.
Step 20500: Relocated 366553 GSs.
Step 20500: Added 0 GSs. Now having 5000000 GSs.
Step 20600: Relocated 399668 GSs.
Step 20600: Added 0 GSs. Now having 5000000 GSs.
Step 20700: Relocated 397788 GSs.
Step 20700: Added 0 GSs. Now having 5000000 GSs.
Step 20800: Relocated 384081 GSs.
Step 20800: Added 0 GSs. Now having 5000000 GSs.
Step 20900: Relocated 383490 GSs.
Step 20900: Added 0 GSs. Now having 5000000 GSs.
Step 21000: Relocated 376808 GSs.
Step 21000: Added 0 GSs. Now having 5000000 GSs.
[21000] loss 0.0777 l1 0.0406 ssim 0.7843 N 5000000
Step 21100: Relocated 386630 GSs.
Step 21100: Added 0 GSs. Now having 5000000 GSs.
Step 21200: Relocated 412386 GSs.
Step 21200: Added 0 GSs. Now having 5000000 GSs.
Step 21300: Relocated 408993 GSs.
Step 21300: Added 0 GSs. Now having 5000000 GSs.
Step 21400: Relocated 376816 GSs.
Step 21400: Added 0 GSs. Now having 5000000 GSs.
Step 21500: Relocated 366994 GSs.
Step 21500: Added 0 GSs. Now having 5000000 GSs.
Step 21600: Relocated 384333 GSs.
Step 21600: Added 0 GSs. Now having 5000000 GSs.
Step 21700: Relocated 385614 GSs.
Step 21700: Added 0 GSs. Now having 5000000 GSs.
Step 21800: Relocated 376228 GSs.
Step 21800: Added 0 GSs. Now having 5000000 GSs.
Step 21900: Relocated 372792 GSs.
Step 21900: Added 0 GSs. Now having 5000000 GSs.
Step 22000: Relocated 362350 GSs.
Step 22000: Added 0 GSs. Now having 5000000 GSs.
[22000] loss 0.0349 l1 0.0218 ssim 0.9229 N 5000000
Step 22100: Relocated 366038 GSs.
Step 22100: Added 0 GSs. Now having 5000000 GSs.
Step 22200: Relocated 350138 GSs.
Step 22200: Added 0 GSs. Now having 5000000 GSs.
Step 22300: Relocated 343274 GSs.
Step 22300: Added 0 GSs. Now having 5000000 GSs.
Step 22400: Relocated 338549 GSs.
Step 22400: Added 0 GSs. Now having 5000000 GSs.
Step 22500: Relocated 377325 GSs.
Step 22500: Added 0 GSs. Now having 5000000 GSs.
Step 22600: Relocated 360028 GSs.
Step 22600: Added 0 GSs. Now having 5000000 GSs.
Step 22700: Relocated 377901 GSs.
Step 22700: Added 0 GSs. Now having 5000000 GSs.
Step 22800: Relocated 351125 GSs.
Step 22800: Added 0 GSs. Now having 5000000 GSs.
Step 22900: Relocated 367665 GSs.
Step 22900: Added 0 GSs. Now having 5000000 GSs.
Step 23000: Relocated 341412 GSs.
Step 23000: Added 0 GSs. Now having 5000000 GSs.
[23000] loss 0.0603 l1 0.0347 ssim 0.8475 N 5000000
Step 23100: Relocated 356996 GSs.
Step 23100: Added 0 GSs. Now having 5000000 GSs.
Step 23200: Relocated 357745 GSs.
Step 23200: Added 0 GSs. Now having 5000000 GSs.
Step 23300: Relocated 353706 GSs.
Step 23300: Added 0 GSs. Now having 5000000 GSs.
Step 23400: Relocated 339005 GSs.
Step 23400: Added 0 GSs. Now having 5000000 GSs.
Step 23500: Relocated 362389 GSs.
Step 23500: Added 0 GSs. Now having 5000000 GSs.
Step 23600: Relocated 361364 GSs.
Step 23600: Added 0 GSs. Now having 5000000 GSs.
Step 23700: Relocated 325603 GSs.
Step 23700: Added 0 GSs. Now having 5000000 GSs.
Step 23800: Relocated 342986 GSs.
Step 23800: Added 0 GSs. Now having 5000000 GSs.
Step 23900: Relocated 339162 GSs.
Step 23900: Added 0 GSs. Now having 5000000 GSs.
Step 24000: Relocated 344722 GSs.
Step 24000: Added 0 GSs. Now having 5000000 GSs.
[24000] loss 0.0779 l1 0.0426 ssim 0.7910 N 5000000
Step 24100: Relocated 357114 GSs.
Step 24100: Added 0 GSs. Now having 5000000 GSs.
Step 24200: Relocated 339397 GSs.
Step 24200: Added 0 GSs. Now having 5000000 GSs.
Step 24300: Relocated 349334 GSs.
Step 24300: Added 0 GSs. Now having 5000000 GSs.
Step 24400: Relocated 331809 GSs.
Step 24400: Added 0 GSs. Now having 5000000 GSs.
Step 24500: Relocated 326546 GSs.
Step 24500: Added 0 GSs. Now having 5000000 GSs.
Step 24600: Relocated 319217 GSs.
Step 24600: Added 0 GSs. Now having 5000000 GSs.
Step 24700: Relocated 318700 GSs.
Step 24700: Added 0 GSs. Now having 5000000 GSs.
Step 24800: Relocated 318768 GSs.
Step 24800: Added 0 GSs. Now having 5000000 GSs.
Step 24900: Relocated 309772 GSs.
Step 24900: Added 0 GSs. Now having 5000000 GSs.
Step 25000: Relocated 305505 GSs.
Step 25000: Added 0 GSs. Now having 5000000 GSs.
[25000] loss 0.0945 l1 0.0441 ssim 0.7136 N 5000000
Step 25100: Relocated 300947 GSs.
Step 25100: Added 0 GSs. Now having 5000000 GSs.
Step 25200: Relocated 291963 GSs.
Step 25200: Added 0 GSs. Now having 5000000 GSs.
Step 25300: Relocated 314794 GSs.
Step 25300: Added 0 GSs. Now having 5000000 GSs.
Step 25400: Relocated 339442 GSs.
Step 25400: Added 0 GSs. Now having 5000000 GSs.
Step 25500: Relocated 327500 GSs.
Step 25500: Added 0 GSs. Now having 5000000 GSs.
Step 25600: Relocated 316738 GSs.
Step 25600: Added 0 GSs. Now having 5000000 GSs.
Step 25700: Relocated 298812 GSs.
Step 25700: Added 0 GSs. Now having 5000000 GSs.
Step 25800: Relocated 300659 GSs.
Step 25800: Added 0 GSs. Now having 5000000 GSs.
Step 25900: Relocated 303266 GSs.
Step 25900: Added 0 GSs. Now having 5000000 GSs.
Step 26000: Relocated 296887 GSs.
Step 26000: Added 0 GSs. Now having 5000000 GSs.
[26000] loss 0.0677 l1 0.0350 ssim 0.8113 N 5000000
Step 26100: Relocated 287266 GSs.
Step 26100: Added 0 GSs. Now having 5000000 GSs.
Step 26200: Relocated 282760 GSs.
Step 26200: Added 0 GSs. Now having 5000000 GSs.
Step 26300: Relocated 299973 GSs.
Step 26300: Added 0 GSs. Now having 5000000 GSs.
Step 26400: Relocated 294274 GSs.
Step 26400: Added 0 GSs. Now having 5000000 GSs.
Step 26500: Relocated 334789 GSs.
Step 26500: Added 0 GSs. Now having 5000000 GSs.
Step 26600: Relocated 309524 GSs.
Step 26600: Added 0 GSs. Now having 5000000 GSs.
Step 26700: Relocated 326473 GSs.
Step 26700: Added 0 GSs. Now having 5000000 GSs.
Step 26800: Relocated 330512 GSs.
Step 26800: Added 0 GSs. Now having 5000000 GSs.
Step 26900: Relocated 293603 GSs.
Step 26900: Added 0 GSs. Now having 5000000 GSs.
Step 27000: Relocated 294905 GSs.
Step 27000: Added 0 GSs. Now having 5000000 GSs.
[27000] loss 0.0458 l1 0.0210 ssim 0.8644 N 5000000
Step 27100: Relocated 295012 GSs.
Step 27100: Added 0 GSs. Now having 5000000 GSs.
Step 27200: Relocated 267349 GSs.
Step 27200: Added 0 GSs. Now having 5000000 GSs.
Step 27300: Relocated 274736 GSs.
Step 27300: Added 0 GSs. Now having 5000000 GSs.
Step 27400: Relocated 267365 GSs.
Step 27400: Added 0 GSs. Now having 5000000 GSs.
Step 27500: Relocated 260850 GSs.
Step 27500: Added 0 GSs. Now having 5000000 GSs.
Step 27600: Relocated 274946 GSs.
Step 27600: Added 0 GSs. Now having 5000000 GSs.
Step 27700: Relocated 264846 GSs.
Step 27700: Added 0 GSs. Now having 5000000 GSs.
Step 27800: Relocated 263758 GSs.
Step 27800: Added 0 GSs. Now having 5000000 GSs.
Step 27900: Relocated 249591 GSs.
Step 27900: Added 0 GSs. Now having 5000000 GSs.
Step 28000: Relocated 245630 GSs.
Step 28000: Added 0 GSs. Now having 5000000 GSs.
[28000] loss 0.0683 l1 0.0300 ssim 0.7878 N 5000000
Step 28100: Relocated 239787 GSs.
Step 28100: Added 0 GSs. Now having 5000000 GSs.
Step 28200: Relocated 228230 GSs.
Step 28200: Added 0 GSs. Now having 5000000 GSs.
Step 28300: Relocated 262780 GSs.
Step 28300: Added 0 GSs. Now having 5000000 GSs.
Step 28400: Relocated 279095 GSs.
Step 28400: Added 0 GSs. Now having 5000000 GSs.
Step 28500: Relocated 267913 GSs.
Step 28500: Added 0 GSs. Now having 5000000 GSs.
Step 28600: Relocated 255043 GSs.
Step 28600: Added 0 GSs. Now having 5000000 GSs.
Step 28700: Relocated 241071 GSs.
Step 28700: Added 0 GSs. Now having 5000000 GSs.
Step 28800: Relocated 237466 GSs.
Step 28800: Added 0 GSs. Now having 5000000 GSs.
Step 28900: Relocated 243266 GSs.
Step 28900: Added 0 GSs. Now having 5000000 GSs.
Step 29000: Relocated 224249 GSs.
Step 29000: Added 0 GSs. Now having 5000000 GSs.
[29000] loss 0.0866 l1 0.0420 ssim 0.7446 N 5000000
Step 29100: Relocated 225868 GSs.
Step 29100: Added 0 GSs. Now having 5000000 GSs.
Step 29200: Relocated 255278 GSs.
Step 29200: Added 0 GSs. Now having 5000000 GSs.
Step 29300: Relocated 246854 GSs.
Step 29300: Added 0 GSs. Now having 5000000 GSs.
Step 29400: Relocated 258937 GSs.
Step 29400: Added 0 GSs. Now having 5000000 GSs.
Step 29500: Relocated 236486 GSs.
Step 29500: Added 0 GSs. Now having 5000000 GSs.
Step 29600: Relocated 222563 GSs.
Step 29600: Added 0 GSs. Now having 5000000 GSs.
Step 29700: Relocated 213580 GSs.
Step 29700: Added 0 GSs. Now having 5000000 GSs.
Step 29800: Relocated 214974 GSs.
Step 29800: Added 0 GSs. Now having 5000000 GSs.
Step 29900: Relocated 221295 GSs.
Step 29900: Added 0 GSs. Now having 5000000 GSs.
Step 30000: Relocated 236346 GSs.
Step 30000: Added 0 GSs. Now having 5000000 GSs.
[30000] loss 0.0323 l1 0.0207 ssim 0.9304 N 5000000
Setting up [LPIPS] perceptual loss: trunk [vgg], v[0.1], spatial [off]
/home/bkai/miniconda3/envs/gsplat/lib/python3.10/site-packages/torchvision/models/_utils.py:208: UserWarning: The parameter 'pretrained' is deprecated since 0.13 and may be removed in the future, please use 'weights' instead.
  warnings.warn(
/home/bkai/miniconda3/envs/gsplat/lib/python3.10/site-packages/torchvision/models/_utils.py:223: UserWarning: Arguments other than a weight enum or `None` for 'weights' are deprecated since 0.13 and may be removed in the future. The current behavior is equivalent to passing `weights=VGG16_Weights.IMAGENET1K_V1`. You can also use `weights=VGG16_Weights.DEFAULT` to get the most up-to-date weights.
  warnings.warn(msg)
Loading model from: /home/bkai/miniconda3/envs/gsplat/lib/python3.10/site-packages/lpips/weights/v0.1/vgg.pth
Step 30100: Relocated 303600 GSs.
Step 30100: Added 0 GSs. Now having 5000000 GSs.
Step 30200: Relocated 292032 GSs.
Step 30200: Added 0 GSs. Now having 5000000 GSs.
Step 30300: Relocated 262444 GSs.
Step 30300: Added 0 GSs. Now having 5000000 GSs.
Step 30400: Relocated 254312 GSs.
Step 30400: Added 0 GSs. Now having 5000000 GSs.
Step 30500: Relocated 230738 GSs.
Step 30500: Added 0 GSs. Now having 5000000 GSs.
Step 30600: Relocated 206297 GSs.
Step 30600: Added 0 GSs. Now having 5000000 GSs.
Step 30700: Relocated 202642 GSs.
Step 30700: Added 0 GSs. Now having 5000000 GSs.
Step 30800: Relocated 192726 GSs.
Step 30800: Added 0 GSs. Now having 5000000 GSs.
Step 30900: Relocated 194415 GSs.
Step 30900: Added 0 GSs. Now having 5000000 GSs.
Step 31000: Relocated 194457 GSs.
Step 31000: Added 0 GSs. Now having 5000000 GSs.
[31000] loss 0.0480 l1 0.0208 ssim 0.9445 N 5000000
Step 31100: Relocated 189785 GSs.
Step 31100: Added 0 GSs. Now having 5000000 GSs.
Step 31200: Relocated 183792 GSs.
Step 31200: Added 0 GSs. Now having 5000000 GSs.
Step 31300: Relocated 174245 GSs.
Step 31300: Added 0 GSs. Now having 5000000 GSs.
Step 31400: Relocated 175990 GSs.
Step 31400: Added 0 GSs. Now having 5000000 GSs.
Step 31500: Relocated 172058 GSs.
Step 31500: Added 0 GSs. Now having 5000000 GSs.
Step 31600: Relocated 176657 GSs.
Step 31600: Added 0 GSs. Now having 5000000 GSs.
Step 31700: Relocated 174329 GSs.
Step 31700: Added 0 GSs. Now having 5000000 GSs.
Step 31800: Relocated 160911 GSs.
Step 31800: Added 0 GSs. Now having 5000000 GSs.
Step 31900: Relocated 158825 GSs.
Step 31900: Added 0 GSs. Now having 5000000 GSs.
Step 32000: Relocated 172504 GSs.
Step 32000: Added 0 GSs. Now having 5000000 GSs.
[32000] loss 0.0689 l1 0.0256 ssim 0.8674 N 5000000
Step 32100: Relocated 156529 GSs.
Step 32100: Added 0 GSs. Now having 5000000 GSs.
Step 32200: Relocated 160246 GSs.
Step 32200: Added 0 GSs. Now having 5000000 GSs.
Step 32300: Relocated 156919 GSs.
Step 32300: Added 0 GSs. Now having 5000000 GSs.
Step 32400: Relocated 154795 GSs.
Step 32400: Added 0 GSs. Now having 5000000 GSs.
Step 32500: Relocated 147668 GSs.
Step 32500: Added 0 GSs. Now having 5000000 GSs.
Step 32600: Relocated 152318 GSs.
Step 32600: Added 0 GSs. Now having 5000000 GSs.
Step 32700: Relocated 165677 GSs.
Step 32700: Added 0 GSs. Now having 5000000 GSs.
Step 32800: Relocated 162446 GSs.
Step 32800: Added 0 GSs. Now having 5000000 GSs.
Step 32900: Relocated 150632 GSs.
Step 32900: Added 0 GSs. Now having 5000000 GSs.
Step 33000: Relocated 147602 GSs.
Step 33000: Added 0 GSs. Now having 5000000 GSs.
[33000] loss 0.0539 l1 0.0181 ssim 0.9281 N 5000000
Step 33100: Relocated 156279 GSs.
Step 33100: Added 0 GSs. Now having 5000000 GSs.
Step 33200: Relocated 144390 GSs.
Step 33200: Added 0 GSs. Now having 5000000 GSs.
Step 33300: Relocated 144409 GSs.
Step 33300: Added 0 GSs. Now having 5000000 GSs.
Step 33400: Relocated 145937 GSs.
Step 33400: Added 0 GSs. Now having 5000000 GSs.
Step 33500: Relocated 146839 GSs.
Step 33500: Added 0 GSs. Now having 5000000 GSs.
Step 33600: Relocated 140135 GSs.
Step 33600: Added 0 GSs. Now having 5000000 GSs.
Step 33700: Relocated 136926 GSs.
Step 33700: Added 0 GSs. Now having 5000000 GSs.
Step 33800: Relocated 146204 GSs.
Step 33800: Added 0 GSs. Now having 5000000 GSs.
Step 33900: Relocated 143877 GSs.
Step 33900: Added 0 GSs. Now having 5000000 GSs.
Step 34000: Relocated 141660 GSs.
Step 34000: Added 0 GSs. Now having 5000000 GSs.
[34000] loss 0.0902 l1 0.0363 ssim 0.8506 N 5000000
Step 34100: Relocated 140831 GSs.
Step 34100: Added 0 GSs. Now having 5000000 GSs.
Step 34200: Relocated 131062 GSs.
Step 34200: Added 0 GSs. Now having 5000000 GSs.
Step 34300: Relocated 126334 GSs.
Step 34300: Added 0 GSs. Now having 5000000 GSs.
Step 34400: Relocated 131457 GSs.
Step 34400: Added 0 GSs. Now having 5000000 GSs.
Step 34500: Relocated 130516 GSs.
Step 34500: Added 0 GSs. Now having 5000000 GSs.
Step 34600: Relocated 135044 GSs.
Step 34600: Added 0 GSs. Now having 5000000 GSs.
Step 34700: Relocated 131564 GSs.
Step 34700: Added 0 GSs. Now having 5000000 GSs.
Step 34800: Relocated 122120 GSs.
Step 34800: Added 0 GSs. Now having 5000000 GSs.
Step 34900: Relocated 117743 GSs.
Step 34900: Added 0 GSs. Now having 5000000 GSs.
Step 35000: Relocated 118264 GSs.
Step 35000: Added 0 GSs. Now having 5000000 GSs.
[35000] loss 0.0501 l1 0.0219 ssim 0.9345 N 5000000
Step 35100: Relocated 118663 GSs.
Step 35100: Added 0 GSs. Now having 5000000 GSs.
Step 35200: Relocated 119032 GSs.
Step 35200: Added 0 GSs. Now having 5000000 GSs.
Step 35300: Relocated 120731 GSs.
Step 35300: Added 0 GSs. Now having 5000000 GSs.
Step 35400: Relocated 128215 GSs.
Step 35400: Added 0 GSs. Now having 5000000 GSs.
Step 35500: Relocated 128231 GSs.
Step 35500: Added 0 GSs. Now having 5000000 GSs.
Step 35600: Relocated 126569 GSs.
Step 35600: Added 0 GSs. Now having 5000000 GSs.
Step 35700: Relocated 120756 GSs.
Step 35700: Added 0 GSs. Now having 5000000 GSs.
Step 35800: Relocated 120935 GSs.
Step 35800: Added 0 GSs. Now having 5000000 GSs.
Step 35900: Relocated 113663 GSs.
Step 35900: Added 0 GSs. Now having 5000000 GSs.
Step 36000: Relocated 108857 GSs.
Step 36000: Added 0 GSs. Now having 5000000 GSs.
[36000] loss 0.0655 l1 0.0315 ssim 0.9249 N 5000000
Step 36100: Relocated 107730 GSs.
Step 36100: Added 0 GSs. Now having 5000000 GSs.
Step 36200: Relocated 120921 GSs.
Step 36200: Added 0 GSs. Now having 5000000 GSs.
Step 36300: Relocated 114316 GSs.
Step 36300: Added 0 GSs. Now having 5000000 GSs.
Step 36400: Relocated 123228 GSs.
Step 36400: Added 0 GSs. Now having 5000000 GSs.
Step 36500: Relocated 125023 GSs.
Step 36500: Added 0 GSs. Now having 5000000 GSs.
Step 36600: Relocated 110633 GSs.
Step 36600: Added 0 GSs. Now having 5000000 GSs.
Step 36700: Relocated 120815 GSs.
Step 36700: Added 0 GSs. Now having 5000000 GSs.
Step 36800: Relocated 116178 GSs.
Step 36800: Added 0 GSs. Now having 5000000 GSs.
Step 36900: Relocated 112551 GSs.
Step 36900: Added 0 GSs. Now having 5000000 GSs.
Step 37000: Relocated 110935 GSs.
Step 37000: Added 0 GSs. Now having 5000000 GSs.
[37000] loss 0.0408 l1 0.0162 ssim 0.9519 N 5000000
Step 37100: Relocated 108149 GSs.
Step 37100: Added 0 GSs. Now having 5000000 GSs.
Step 37200: Relocated 113327 GSs.
Step 37200: Added 0 GSs. Now having 5000000 GSs.
Step 37300: Relocated 111871 GSs.
Step 37300: Added 0 GSs. Now having 5000000 GSs.
Step 37400: Relocated 105397 GSs.
Step 37400: Added 0 GSs. Now having 5000000 GSs.
Step 37500: Relocated 108378 GSs.
Step 37500: Added 0 GSs. Now having 5000000 GSs.
Step 37600: Relocated 111094 GSs.
Step 37600: Added 0 GSs. Now having 5000000 GSs.
Step 37700: Relocated 117194 GSs.
Step 37700: Added 0 GSs. Now having 5000000 GSs.
Step 37800: Relocated 109224 GSs.
Step 37800: Added 0 GSs. Now having 5000000 GSs.
Step 37900: Relocated 103439 GSs.
Step 37900: Added 0 GSs. Now having 5000000 GSs.
[38000] loss 0.0483 l1 0.0184 ssim 0.9330 N 5000000
[39000] loss 0.0536 l1 0.0212 ssim 0.9073 N 5000000
[40000] loss 0.0893 l1 0.0314 ssim 0.8061 N 5000000
[41000] loss 0.0359 l1 0.0146 ssim 0.9653 N 5000000
[42000] loss 0.0751 l1 0.0267 ssim 0.8273 N 5000000
[43000] loss 0.0645 l1 0.0275 ssim 0.9029 N 5000000
[44000] loss 0.0319 l1 0.0133 ssim 0.9704 N 5000000
[44999] loss 0.0624 l1 0.0227 ssim 0.8691 N 5000000
Saved 5000000 gaussians to /mnt/d/avv/r45_prod/s42/ckpt.pt
